
nofdb	workloads/workloadc_zipfian.spec	32
# Load duration (sec): 22.6588
# Loading records:	1000000
# Load throughput (KOPS): 44.1329
Count: 1000000  Average: 721.2453  StdDev: 14405.34
Percentiles(us): P50: 270.05 P90: 379.56 P99: 17052.06 P99.9: 23203.79 P99.99: 35652.17
------------------------------------------------------
[      35,      40 )       4   0.000%   0.000% 
[      40,      45 )      71   0.007%   0.008% 
[      45,      50 )     434   0.043%   0.051% 
[      50,      60 )    1393   0.139%   0.190% 
[      60,      70 )    1958   0.196%   0.386% 
[      70,      80 )    2807   0.281%   0.667% 
[      80,      90 )    4238   0.424%   1.091% 
[      90,     100 )    5795   0.580%   1.670% 
[     100,     120 )   17738   1.774%   3.444% 
[     120,     140 )   28905   2.891%   6.334% #
[     140,     160 )   43747   4.375%  10.709% #
[     160,     180 )   59204   5.920%  16.629% #
[     180,     200 )   67744   6.774%  23.404% #
[     200,     250 )  180294  18.029%  41.433% ####
[     250,     300 )  213618  21.362%  62.795% ####
[     300,     350 )  217421  21.742%  84.537% ####
[     350,     400 )   92419   9.242%  93.779% ##
[     400,     450 )   21341   2.134%  95.913% 
[     450,     500 )    4901   0.490%  96.403% 
[     500,     600 )    1959   0.196%  96.599% 
[     600,     700 )     460   0.046%  96.645% 
[     700,     800 )     271   0.027%  96.672% 
[     800,     900 )     212   0.021%  96.693% 
[     900,    1000 )     211   0.021%  96.715% 
[    1000,    1200 )     287   0.029%  96.743% 
[    1200,    1400 )     237   0.024%  96.767% 
[    1400,    1600 )     225   0.023%  96.789% 
[    1600,    1800 )     207   0.021%  96.810% 
[    1800,    2000 )     154   0.015%  96.826% 
[    2000,    2500 )     453   0.045%  96.871% 
[    2500,    3000 )     964   0.096%  96.967% 
[    3000,    3500 )    2986   0.299%  97.266% 
[    3500,    4000 )    2392   0.239%  97.505% 
[    4000,    4500 )    1998   0.200%  97.705% 
[    4500,    5000 )    1107   0.111%  97.816% 
[    5000,    6000 )    1516   0.152%  97.967% 
[    6000,    7000 )     113   0.011%  97.978% 
[    7000,    8000 )     133   0.013%  97.992% 
[    8000,    9000 )     348   0.035%  98.026% 
[    9000,   10000 )      72   0.007%  98.034% 
[   10000,   12000 )     114   0.011%  98.045% 
[   12000,   14000 )     541   0.054%  98.099% 
[   14000,   16000 )    2016   0.202%  98.301% 
[   16000,   18000 )   13292   1.329%  99.630% 
[   18000,   20000 )    1414   0.141%  99.771% 
[   20000,   25000 )    2007   0.201%  99.972% 
[   25000,   30000 )     116   0.012%  99.984% 
[   30000,   35000 )      60   0.006%  99.990% 
[   35000,   40000 )      23   0.002%  99.992% 
[   40000,   45000 )      10   0.001%  99.993% 
[   45000,   50000 )      22   0.002%  99.995% 
[  200000,  250000 )       8   0.001%  99.996% 
[  350000,  400000 )       8   0.001%  99.997% 
[ 2000000, 2500000 )      16   0.002%  99.998% 
[ 2500000, 3000000 )      16   0.002% 100.000% 


# Run duration (sec): 56.6382
# Run operations:	1000000
# Run throughput (KOPS): 17.6559
Count: 1000000  Average: 1804.9557  StdDev: 4013.05
Percentiles(us): P50: 515.67 P90: 2923.43 P99: 19305.50 P99.9: 20736.25 P99.99: 32706.42
------------------------------------------------------
[      25,      30 )       1   0.000%   0.000% 
[      30,      35 )     734   0.073%   0.074% 
[      35,      40 )    1498   0.150%   0.223% 
[      40,      45 )     769   0.077%   0.300% 
[      45,      50 )     232   0.023%   0.323% 
[      50,      60 )     439   0.044%   0.367% 
[      60,      70 )    3610   0.361%   0.728% 
[      70,      80 )    6520   0.652%   1.380% 
[      80,      90 )    2958   0.296%   1.676% 
[      90,     100 )    4276   0.428%   2.104% 
[     100,     120 )   36710   3.671%   5.775% #
[     120,     140 )   54523   5.452%  11.227% #
[     140,     160 )   28779   2.878%  14.105% #
[     160,     180 )   30111   3.011%  17.116% #
[     180,     200 )   33962   3.396%  20.512% #
[     200,     250 )   65824   6.582%  27.095% #
[     250,     300 )   60877   6.088%  33.182% #
[     300,     350 )   47089   4.709%  37.891% #
[     350,     400 )   43972   4.397%  42.288% #
[     400,     450 )   36151   3.615%  45.904% #
[     450,     500 )   32642   3.264%  49.168% #
[     500,     600 )   53119   5.312%  54.480% #
[     600,     700 )   42153   4.215%  58.695% #
[     700,     800 )   34245   3.425%  62.119% #
[     800,     900 )   28512   2.851%  64.971% #
[     900,    1000 )   24082   2.408%  67.379% 
[    1000,    1200 )   39289   3.929%  71.308% #
[    1200,    1400 )   31108   3.111%  74.419% #
[    1400,    1600 )   26582   2.658%  77.077% #
[    1600,    1800 )   23265   2.327%  79.403% 
[    1800,    2000 )   21849   2.185%  81.588% 
[    2000,    2500 )   49444   4.944%  86.532% #
[    2500,    3000 )   40945   4.095%  90.627% #
[    3000,    3500 )   26000   2.600%  93.227% #
[    3500,    4000 )    9229   0.923%  94.150% 
[    4000,    4500 )    1879   0.188%  94.338% 
[    4500,    5000 )     220   0.022%  94.360% 
[    5000,    6000 )     150   0.015%  94.375% 
[    6000,    7000 )     164   0.016%  94.391% 
[    7000,    8000 )      71   0.007%  94.398% 
[    8000,    9000 )      24   0.002%  94.401% 
[    9000,   10000 )      41   0.004%  94.405% 
[   10000,   12000 )     139   0.014%  94.419% 
[   12000,   14000 )     720   0.072%  94.491% 
[   14000,   16000 )    5165   0.517%  95.007% 
[   16000,   18000 )   23181   2.318%  97.325% 
[   18000,   20000 )   25656   2.566%  99.891% #
[   20000,   25000 )     618   0.062%  99.953% 
[   25000,   30000 )     255   0.026%  99.978% 
[   30000,   35000 )     218   0.022% 100.000% 

Read info: 
Count: 1000000  Average: 1804.9557  StdDev: 4013.05
Percentiles(us): P50: 515.67 P90: 2923.43 P99: 19305.50 P99.9: 20736.25 P99.99: 32706.42
------------------------------------------------------
[      25,      30 )       1   0.000%   0.000% 
[      30,      35 )     734   0.073%   0.074% 
[      35,      40 )    1498   0.150%   0.223% 
[      40,      45 )     769   0.077%   0.300% 
[      45,      50 )     232   0.023%   0.323% 
[      50,      60 )     439   0.044%   0.367% 
[      60,      70 )    3610   0.361%   0.728% 
[      70,      80 )    6520   0.652%   1.380% 
[      80,      90 )    2958   0.296%   1.676% 
[      90,     100 )    4276   0.428%   2.104% 
[     100,     120 )   36710   3.671%   5.775% #
[     120,     140 )   54523   5.452%  11.227% #
[     140,     160 )   28779   2.878%  14.105% #
[     160,     180 )   30111   3.011%  17.116% #
[     180,     200 )   33962   3.396%  20.512% #
[     200,     250 )   65824   6.582%  27.095% #
[     250,     300 )   60877   6.088%  33.182% #
[     300,     350 )   47089   4.709%  37.891% #
[     350,     400 )   43972   4.397%  42.288% #
[     400,     450 )   36151   3.615%  45.904% #
[     450,     500 )   32642   3.264%  49.168% #
[     500,     600 )   53119   5.312%  54.480% #
[     600,     700 )   42153   4.215%  58.695% #
[     700,     800 )   34245   3.425%  62.119% #
[     800,     900 )   28512   2.851%  64.971% #
[     900,    1000 )   24082   2.408%  67.379% 
[    1000,    1200 )   39289   3.929%  71.308% #
[    1200,    1400 )   31108   3.111%  74.419% #
[    1400,    1600 )   26582   2.658%  77.077% #
[    1600,    1800 )   23265   2.327%  79.403% 
[    1800,    2000 )   21849   2.185%  81.588% 
[    2000,    2500 )   49444   4.944%  86.532% #
[    2500,    3000 )   40945   4.095%  90.627% #
[    3000,    3500 )   26000   2.600%  93.227% #
[    3500,    4000 )    9229   0.923%  94.150% 
[    4000,    4500 )    1879   0.188%  94.338% 
[    4500,    5000 )     220   0.022%  94.360% 
[    5000,    6000 )     150   0.015%  94.375% 
[    6000,    7000 )     164   0.016%  94.391% 
[    7000,    8000 )      71   0.007%  94.398% 
[    8000,    9000 )      24   0.002%  94.401% 
[    9000,   10000 )      41   0.004%  94.405% 
[   10000,   12000 )     139   0.014%  94.419% 
[   12000,   14000 )     720   0.072%  94.491% 
[   14000,   16000 )    5165   0.517%  95.007% 
[   16000,   18000 )   23181   2.318%  97.325% 
[   18000,   20000 )   25656   2.566%  99.891% #
[   20000,   25000 )     618   0.062%  99.953% 
[   25000,   30000 )     255   0.026%  99.978% 
[   30000,   35000 )     218   0.022% 100.000% 

Write info: 
Count: 0  Average: 0.0000  StdDev: 0.00
Percentiles(us): P50: -nan P90: -nan P99: -nan P99.9: -nan P99.99: -nan
------------------------------------------------------


