
nofdb	workloads/workloadg_zipfian.spec	32
# Load duration (sec): 23.4841
# Loading records:	1000000
# Load throughput (KOPS): 42.5819
Count: 1000000  Average: 746.7935  StdDev: 14752.68
Percentiles(us): P50: 274.35 P90: 387.39 P99: 17043.18 P99.9: 22933.16 P99.99: 36250.00
------------------------------------------------------
[      35,      40 )       7   0.001%   0.001% 
[      40,      45 )     165   0.017%   0.017% 
[      45,      50 )     506   0.051%   0.068% 
[      50,      60 )    1149   0.115%   0.183% 
[      60,      70 )    2035   0.204%   0.386% 
[      70,      80 )    3194   0.319%   0.706% 
[      80,      90 )    5032   0.503%   1.209% 
[      90,     100 )    7300   0.730%   1.939% 
[     100,     120 )   23039   2.304%   4.243% 
[     120,     140 )   35579   3.558%   7.801% #
[     140,     160 )   46459   4.646%  12.447% #
[     160,     180 )   53556   5.356%  17.802% #
[     180,     200 )   58878   5.888%  23.690% #
[     200,     250 )  167084  16.708%  40.398% ###
[     250,     300 )  197198  19.720%  60.118% ####
[     300,     350 )  216281  21.628%  81.746% ####
[     350,     400 )  110376  11.038%  92.784% ##
[     400,     450 )   27392   2.739%  95.523% #
[     450,     500 )    5763   0.576%  96.099% 
[     500,     600 )    1974   0.197%  96.297% 
[     600,     700 )     381   0.038%  96.335% 
[     700,     800 )     226   0.023%  96.357% 
[     800,     900 )     169   0.017%  96.374% 
[     900,    1000 )     168   0.017%  96.391% 
[    1000,    1200 )     226   0.023%  96.414% 
[    1200,    1400 )     145   0.015%  96.428% 
[    1400,    1600 )     130   0.013%  96.441% 
[    1600,    1800 )     125   0.013%  96.454% 
[    1800,    2000 )     131   0.013%  96.467% 
[    2000,    2500 )     421   0.042%  96.509% 
[    2500,    3000 )    1018   0.102%  96.611% 
[    3000,    3500 )    3858   0.386%  96.997% 
[    3500,    4000 )    2141   0.214%  97.211% 
[    4000,    4500 )    2438   0.244%  97.454% 
[    4500,    5000 )    1635   0.164%  97.618% 
[    5000,    6000 )    2551   0.255%  97.873% 
[    6000,    7000 )      60   0.006%  97.879% 
[    7000,    8000 )     231   0.023%  97.902% 
[    8000,    9000 )     359   0.036%  97.938% 
[    9000,   10000 )     141   0.014%  97.952% 
[   10000,   12000 )     311   0.031%  97.983% 
[   12000,   14000 )    1211   0.121%  98.104% 
[   14000,   16000 )    2676   0.268%  98.372% 
[   16000,   18000 )   12042   1.204%  99.576% 
[   18000,   20000 )    2335   0.234%  99.810% 
[   20000,   25000 )    1541   0.154%  99.964% 
[   25000,   30000 )     160   0.016%  99.980% 
[   30000,   35000 )      95   0.009%  99.989% 
[   35000,   40000 )      32   0.003%  99.992% 
[   50000,   60000 )      21   0.002%  99.995% 
[   60000,   70000 )      11   0.001%  99.996% 
[  160000,  180000 )      12   0.001%  99.997% 
[ 2000000, 2500000 )      12   0.001%  99.998% 
[ 2500000, 3000000 )      20   0.002% 100.000% 


# Run duration (sec): 17.1418
# Run operations:	1000000
# Run throughput (KOPS): 58.337
Count: 1000000  Average: 544.8048  StdDev: 2239.93
Percentiles(us): P50: 210.05 P90: 290.41 P99: 16758.54 P99.9: 23594.50 P99.99: 31583.33
------------------------------------------------------
[      35,      40 )      16   0.002%   0.002% 
[      40,      45 )     233   0.023%   0.025% 
[      45,      50 )     566   0.057%   0.082% 
[      50,      60 )    1504   0.150%   0.232% 
[      60,      70 )    2687   0.269%   0.501% 
[      70,      80 )    4481   0.448%   0.949% 
[      80,      90 )    7219   0.722%   1.671% 
[      90,     100 )   10565   1.056%   2.727% 
[     100,     120 )   36796   3.680%   6.407% #
[     120,     140 )   65684   6.568%  12.975% #
[     140,     160 )   93351   9.335%  22.310% ##
[     160,     180 )  104923  10.492%  32.803% ##
[     180,     200 )  109189  10.919%  43.721% ##
[     200,     250 )  312285  31.229%  74.950% ######
[     250,     300 )  186199  18.620%  93.570% ####
[     300,     350 )   27429   2.743%  96.313% #
[     350,     400 )    4060   0.406%  96.719% 
[     400,     450 )    1406   0.141%  96.859% 
[     450,     500 )     515   0.052%  96.911% 
[     500,     600 )     343   0.034%  96.945% 
[     600,     700 )     206   0.021%  96.966% 
[     700,     800 )     161   0.016%  96.982% 
[     800,     900 )     135   0.013%  96.995% 
[     900,    1000 )     106   0.011%  97.006% 
[    1000,    1200 )     194   0.019%  97.025% 
[    1200,    1400 )     165   0.017%  97.042% 
[    1400,    1600 )     178   0.018%  97.060% 
[    1600,    1800 )     232   0.023%  97.083% 
[    1800,    2000 )     184   0.018%  97.101% 
[    2000,    2500 )     421   0.042%  97.143% 
[    2500,    3000 )     293   0.029%  97.173% 
[    3000,    3500 )     534   0.053%  97.226% 
[    3500,    4000 )    1931   0.193%  97.419% 
[    4000,    4500 )    2627   0.263%  97.682% 
[    4500,    5000 )    1188   0.119%  97.801% 
[    5000,    6000 )    2733   0.273%  98.074% 
[    6000,    7000 )    2000   0.200%  98.274% 
[    7000,    8000 )     174   0.017%  98.291% 
[    8000,    9000 )     211   0.021%  98.312% 
[    9000,   10000 )      54   0.005%  98.318% 
[   10000,   12000 )     434   0.043%  98.361% 
[   12000,   14000 )     593   0.059%  98.421% 
[   14000,   16000 )    1686   0.169%  98.589% 
[   16000,   18000 )   10834   1.083%  99.672% 
[   18000,   20000 )     339   0.034%  99.706% 
[   20000,   25000 )    2693   0.269%  99.976% 
[   25000,   30000 )     124   0.012%  99.988% 
[   30000,   35000 )      60   0.006%  99.994% 
[   35000,   40000 )      59   0.006% 100.000% 

Read info: 
Count: 0  Average: 0.0000  StdDev: 0.00
Percentiles(us): P50: -nan P90: -nan P99: -nan P99.9: -nan P99.99: -nan
------------------------------------------------------

Write info: 
Count: 1000000  Average: 544.8048  StdDev: 2239.93
Percentiles(us): P50: 210.05 P90: 290.41 P99: 16758.54 P99.9: 23594.50 P99.99: 31583.33
------------------------------------------------------
[      35,      40 )      16   0.002%   0.002% 
[      40,      45 )     233   0.023%   0.025% 
[      45,      50 )     566   0.057%   0.082% 
[      50,      60 )    1504   0.150%   0.232% 
[      60,      70 )    2687   0.269%   0.501% 
[      70,      80 )    4481   0.448%   0.949% 
[      80,      90 )    7219   0.722%   1.671% 
[      90,     100 )   10565   1.056%   2.727% 
[     100,     120 )   36796   3.680%   6.407% #
[     120,     140 )   65684   6.568%  12.975% #
[     140,     160 )   93351   9.335%  22.310% ##
[     160,     180 )  104923  10.492%  32.803% ##
[     180,     200 )  109189  10.919%  43.721% ##
[     200,     250 )  312285  31.229%  74.950% ######
[     250,     300 )  186199  18.620%  93.570% ####
[     300,     350 )   27429   2.743%  96.313% #
[     350,     400 )    4060   0.406%  96.719% 
[     400,     450 )    1406   0.141%  96.859% 
[     450,     500 )     515   0.052%  96.911% 
[     500,     600 )     343   0.034%  96.945% 
[     600,     700 )     206   0.021%  96.966% 
[     700,     800 )     161   0.016%  96.982% 
[     800,     900 )     135   0.013%  96.995% 
[     900,    1000 )     106   0.011%  97.006% 
[    1000,    1200 )     194   0.019%  97.025% 
[    1200,    1400 )     165   0.017%  97.042% 
[    1400,    1600 )     178   0.018%  97.060% 
[    1600,    1800 )     232   0.023%  97.083% 
[    1800,    2000 )     184   0.018%  97.101% 
[    2000,    2500 )     421   0.042%  97.143% 
[    2500,    3000 )     293   0.029%  97.173% 
[    3000,    3500 )     534   0.053%  97.226% 
[    3500,    4000 )    1931   0.193%  97.419% 
[    4000,    4500 )    2627   0.263%  97.682% 
[    4500,    5000 )    1188   0.119%  97.801% 
[    5000,    6000 )    2733   0.273%  98.074% 
[    6000,    7000 )    2000   0.200%  98.274% 
[    7000,    8000 )     174   0.017%  98.291% 
[    8000,    9000 )     211   0.021%  98.312% 
[    9000,   10000 )      54   0.005%  98.318% 
[   10000,   12000 )     434   0.043%  98.361% 
[   12000,   14000 )     593   0.059%  98.421% 
[   14000,   16000 )    1686   0.169%  98.589% 
[   16000,   18000 )   10834   1.083%  99.672% 
[   18000,   20000 )     339   0.034%  99.706% 
[   20000,   25000 )    2693   0.269%  99.976% 
[   25000,   30000 )     124   0.012%  99.988% 
[   30000,   35000 )      60   0.006%  99.994% 
[   35000,   40000 )      59   0.006% 100.000% 


