
nofdb	workloads/workloadc_uniform.spec	32
# Load duration (sec): 23.4378
# Loading records:	1000000
# Load throughput (KOPS): 42.6661
Count: 1000000  Average: 746.5606  StdDev: 14556.48
Percentiles(us): P50: 273.22 P90: 385.11 P99: 17113.97 P99.9: 23255.09 P99.99: 32903.23
------------------------------------------------------
[      35,      40 )       2   0.000%   0.000% 
[      40,      45 )      78   0.008%   0.008% 
[      45,      50 )     339   0.034%   0.042% 
[      50,      60 )    1036   0.104%   0.146% 
[      60,      70 )    1766   0.177%   0.322% 
[      70,      80 )    2778   0.278%   0.600% 
[      80,      90 )    3963   0.396%   0.996% 
[      90,     100 )    5553   0.555%   1.552% 
[     100,     120 )   17504   1.750%   3.302% 
[     120,     140 )   28970   2.897%   6.199% #
[     140,     160 )   43550   4.355%  10.554% #
[     160,     180 )   57266   5.727%  16.280% #
[     180,     200 )   66021   6.602%  22.883% #
[     200,     250 )  176043  17.604%  40.487% ####
[     250,     300 )  204881  20.488%  60.975% ####
[     300,     350 )  218901  21.890%  82.865% ####
[     350,     400 )  101615  10.162%  93.027% ##
[     400,     450 )   25078   2.508%  95.534% #
[     450,     500 )    5447   0.545%  96.079% 
[     500,     600 )    1959   0.196%  96.275% 
[     600,     700 )     404   0.040%  96.315% 
[     700,     800 )     235   0.024%  96.339% 
[     800,     900 )     196   0.020%  96.359% 
[     900,    1000 )     175   0.018%  96.376% 
[    1000,    1200 )     235   0.024%  96.400% 
[    1200,    1400 )     184   0.018%  96.418% 
[    1400,    1600 )     185   0.019%  96.436% 
[    1600,    1800 )     203   0.020%  96.457% 
[    1800,    2000 )     166   0.017%  96.473% 
[    2000,    2500 )     347   0.035%  96.508% 
[    2500,    3000 )    1027   0.103%  96.611% 
[    3000,    3500 )    3985   0.399%  97.009% 
[    3500,    4000 )    2559   0.256%  97.265% 
[    4000,    4500 )    2154   0.215%  97.481% 
[    4500,    5000 )    1536   0.154%  97.634% 
[    5000,    6000 )    2469   0.247%  97.881% 
[    6000,    7000 )      43   0.004%  97.885% 
[    7000,    8000 )     248   0.025%  97.910% 
[    8000,    9000 )     221   0.022%  97.932% 
[    9000,   10000 )     279   0.028%  97.960% 
[   10000,   12000 )     308   0.031%  97.991% 
[   12000,   14000 )     947   0.095%  98.086% 
[   14000,   16000 )    2038   0.204%  98.289% 
[   16000,   18000 )   12758   1.276%  99.565% 
[   18000,   20000 )    2100   0.210%  99.775% 
[   20000,   25000 )    1917   0.192%  99.967% 
[   25000,   30000 )     213   0.021%  99.988% 
[   30000,   35000 )      31   0.003%  99.991% 
[   35000,   40000 )      14   0.001%  99.993% 
[   40000,   45000 )      12   0.001%  99.994% 
[   45000,   50000 )      20   0.002%  99.996% 
[  160000,  180000 )       7   0.001%  99.997% 
[  400000,  450000 )       2   0.000%  99.997% 
[ 2000000, 2500000 )       9   0.001%  99.998% 
[ 2500000, 3000000 )      23   0.002% 100.000% 


# Run duration (sec): 60.2167
# Run operations:	1000000
# Run throughput (KOPS): 16.6067
Count: 1000000  Average: 1917.9654  StdDev: 4094.02
Percentiles(us): P50: 590.40 P90: 3216.70 P99: 19358.80 P99.9: 23671.01 P99.99: 33171.64
------------------------------------------------------
[      25,      30 )       3   0.000%   0.000% 
[      30,      35 )     713   0.071%   0.072% 
[      35,      40 )    1744   0.174%   0.246% 
[      40,      45 )     930   0.093%   0.339% 
[      45,      50 )     260   0.026%   0.365% 
[      50,      60 )     335   0.034%   0.399% 
[      60,      70 )     335   0.034%   0.432% 
[      70,      80 )     396   0.040%   0.472% 
[      80,      90 )     497   0.050%   0.521% 
[      90,     100 )    1478   0.148%   0.669% 
[     100,     120 )   28217   2.822%   3.491% #
[     120,     140 )   51627   5.163%   8.654% #
[     140,     160 )   24220   2.422%  11.075% 
[     160,     180 )   24337   2.434%  13.509% 
[     180,     200 )   33508   3.351%  16.860% #
[     200,     250 )   61413   6.141%  23.001% #
[     250,     300 )   58863   5.886%  28.888% #
[     300,     350 )   44058   4.406%  33.293% #
[     350,     400 )   45793   4.579%  37.873% #
[     400,     450 )   34727   3.473%  41.345% #
[     450,     500 )   35305   3.530%  44.876% #
[     500,     600 )   56680   5.668%  50.544% #
[     600,     700 )   46829   4.683%  55.227% #
[     700,     800 )   39272   3.927%  59.154% #
[     800,     900 )   33322   3.332%  62.486% #
[     900,    1000 )   28140   2.814%  65.300% #
[    1000,    1200 )   45227   4.523%  69.823% #
[    1200,    1400 )   35364   3.536%  73.359% #
[    1400,    1600 )   29119   2.912%  76.271% #
[    1600,    1800 )   24108   2.411%  78.682% 
[    1800,    2000 )   21213   2.121%  80.803% 
[    2000,    2500 )   44203   4.420%  85.224% #
[    2500,    3000 )   35690   3.569%  88.793% #
[    3000,    3500 )   27859   2.786%  91.579% #
[    3500,    4000 )   16935   1.694%  93.272% 
[    4000,    4500 )    6187   0.619%  93.891% 
[    4500,    5000 )    1125   0.113%  94.003% 
[    5000,    6000 )     241   0.024%  94.027% 
[    6000,    7000 )     173   0.017%  94.045% 
[    7000,    8000 )      84   0.008%  94.053% 
[    8000,    9000 )      28   0.003%  94.056% 
[    9000,   10000 )      18   0.002%  94.058% 
[   10000,   12000 )     216   0.022%  94.079% 
[   12000,   14000 )    1708   0.171%  94.250% 
[   14000,   16000 )    7378   0.738%  94.988% 
[   16000,   18000 )   23438   2.344%  97.332% 
[   18000,   20000 )   24557   2.456%  99.787% 
[   20000,   25000 )    1535   0.153%  99.941% 
[   25000,   30000 )     322   0.032%  99.973% 
[   30000,   35000 )     268   0.027% 100.000% 
[   35000,   40000 )       2   0.000% 100.000% 

Read info: 
Count: 1000000  Average: 1917.9654  StdDev: 4094.02
Percentiles(us): P50: 590.40 P90: 3216.70 P99: 19358.80 P99.9: 23671.01 P99.99: 33171.64
------------------------------------------------------
[      25,      30 )       3   0.000%   0.000% 
[      30,      35 )     713   0.071%   0.072% 
[      35,      40 )    1744   0.174%   0.246% 
[      40,      45 )     930   0.093%   0.339% 
[      45,      50 )     260   0.026%   0.365% 
[      50,      60 )     335   0.034%   0.399% 
[      60,      70 )     335   0.034%   0.432% 
[      70,      80 )     396   0.040%   0.472% 
[      80,      90 )     497   0.050%   0.521% 
[      90,     100 )    1478   0.148%   0.669% 
[     100,     120 )   28217   2.822%   3.491% #
[     120,     140 )   51627   5.163%   8.654% #
[     140,     160 )   24220   2.422%  11.075% 
[     160,     180 )   24337   2.434%  13.509% 
[     180,     200 )   33508   3.351%  16.860% #
[     200,     250 )   61413   6.141%  23.001% #
[     250,     300 )   58863   5.886%  28.888% #
[     300,     350 )   44058   4.406%  33.293% #
[     350,     400 )   45793   4.579%  37.873% #
[     400,     450 )   34727   3.473%  41.345% #
[     450,     500 )   35305   3.530%  44.876% #
[     500,     600 )   56680   5.668%  50.544% #
[     600,     700 )   46829   4.683%  55.227% #
[     700,     800 )   39272   3.927%  59.154% #
[     800,     900 )   33322   3.332%  62.486% #
[     900,    1000 )   28140   2.814%  65.300% #
[    1000,    1200 )   45227   4.523%  69.823% #
[    1200,    1400 )   35364   3.536%  73.359% #
[    1400,    1600 )   29119   2.912%  76.271% #
[    1600,    1800 )   24108   2.411%  78.682% 
[    1800,    2000 )   21213   2.121%  80.803% 
[    2000,    2500 )   44203   4.420%  85.224% #
[    2500,    3000 )   35690   3.569%  88.793% #
[    3000,    3500 )   27859   2.786%  91.579% #
[    3500,    4000 )   16935   1.694%  93.272% 
[    4000,    4500 )    6187   0.619%  93.891% 
[    4500,    5000 )    1125   0.113%  94.003% 
[    5000,    6000 )     241   0.024%  94.027% 
[    6000,    7000 )     173   0.017%  94.045% 
[    7000,    8000 )      84   0.008%  94.053% 
[    8000,    9000 )      28   0.003%  94.056% 
[    9000,   10000 )      18   0.002%  94.058% 
[   10000,   12000 )     216   0.022%  94.079% 
[   12000,   14000 )    1708   0.171%  94.250% 
[   14000,   16000 )    7378   0.738%  94.988% 
[   16000,   18000 )   23438   2.344%  97.332% 
[   18000,   20000 )   24557   2.456%  99.787% 
[   20000,   25000 )    1535   0.153%  99.941% 
[   25000,   30000 )     322   0.032%  99.973% 
[   30000,   35000 )     268   0.027% 100.000% 
[   35000,   40000 )       2   0.000% 100.000% 

Write info: 
Count: 0  Average: 0.0000  StdDev: 0.00
Percentiles(us): P50: -nan P90: -nan P99: -nan P99.9: -nan P99.99: -nan
------------------------------------------------------


