
nofdb	workloads/workloadg_uniform.spec	32
# Load duration (sec): 23.5854
# Loading records:	1000000
# Load throughput (KOPS): 42.3991
Count: 1000000  Average: 750.4683  StdDev: 14497.72
Percentiles(us): P50: 271.79 P90: 383.39 P99: 17118.99 P99.9: 23071.79 P99.99: 32903.23
------------------------------------------------------
[      35,      40 )       3   0.000%   0.000% 
[      40,      45 )      76   0.008%   0.008% 
[      45,      50 )     323   0.032%   0.040% 
[      50,      60 )    1013   0.101%   0.142% 
[      60,      70 )    1609   0.161%   0.302% 
[      70,      80 )    2666   0.267%   0.569% 
[      80,      90 )    3920   0.392%   0.961% 
[      90,     100 )    5359   0.536%   1.497% 
[     100,     120 )   15975   1.598%   3.094% 
[     120,     140 )   25499   2.550%   5.644% #
[     140,     160 )   38724   3.872%   9.517% #
[     160,     180 )   54354   5.435%  14.952% #
[     180,     200 )   67111   6.711%  21.663% #
[     200,     250 )  190453  19.045%  40.709% ####
[     250,     300 )  213222  21.322%  62.031% ####
[     300,     350 )  215661  21.566%  83.597% ####
[     350,     400 )   95879   9.588%  93.185% ##
[     400,     450 )   22793   2.279%  95.464% 
[     450,     500 )    5372   0.537%  96.001% 
[     500,     600 )    2056   0.206%  96.207% 
[     600,     700 )     379   0.038%  96.245% 
[     700,     800 )     223   0.022%  96.267% 
[     800,     900 )     159   0.016%  96.283% 
[     900,    1000 )     139   0.014%  96.297% 
[    1000,    1200 )     185   0.019%  96.315% 
[    1200,    1400 )     182   0.018%  96.334% 
[    1400,    1600 )     230   0.023%  96.357% 
[    1600,    1800 )     213   0.021%  96.378% 
[    1800,    2000 )     155   0.015%  96.393% 
[    2000,    2500 )     503   0.050%  96.444% 
[    2500,    3000 )    1276   0.128%  96.571% 
[    3000,    3500 )    4235   0.424%  96.995% 
[    3500,    4000 )    2551   0.255%  97.250% 
[    4000,    4500 )    2304   0.230%  97.480% 
[    4500,    5000 )    1363   0.136%  97.617% 
[    5000,    6000 )    2321   0.232%  97.849% 
[    6000,    7000 )      91   0.009%  97.858% 
[    7000,    8000 )     198   0.020%  97.877% 
[    8000,    9000 )     475   0.048%  97.925% 
[    9000,   10000 )     223   0.022%  97.947% 
[   10000,   12000 )     229   0.023%  97.970% 
[   12000,   14000 )    1056   0.106%  98.076% 
[   14000,   16000 )    1921   0.192%  98.268% 
[   16000,   18000 )   13085   1.308%  99.576% 
[   18000,   20000 )    2038   0.204%  99.780% 
[   20000,   25000 )    1950   0.195%  99.975% 
[   25000,   30000 )     112   0.011%  99.986% 
[   30000,   35000 )      62   0.006%  99.993% 
[   35000,   40000 )       1   0.000%  99.993% 
[   50000,   60000 )      13   0.001%  99.994% 
[   60000,   70000 )      19   0.002%  99.996% 
[  200000,  250000 )       6   0.001%  99.997% 
[  450000,  500000 )       3   0.000%  99.997% 
[ 2000000, 2500000 )       9   0.001%  99.998% 
[ 2500000, 3000000 )      23   0.002% 100.000% 


# Run duration (sec): 20.6599
# Run operations:	1000000
# Run throughput (KOPS): 48.4029
Count: 1000000  Average: 657.4668  StdDev: 2405.18
Percentiles(us): P50: 265.76 P90: 368.42 P99: 17096.26 P99.9: 22907.03 P99.99: 24988.44
------------------------------------------------------
[      40,      45 )      41   0.004%   0.004% 
[      45,      50 )     225   0.023%   0.027% 
[      50,      60 )    1074   0.107%   0.134% 
[      60,      70 )    1754   0.175%   0.309% 
[      70,      80 )    2519   0.252%   0.561% 
[      80,      90 )    3826   0.383%   0.944% 
[      90,     100 )    5208   0.521%   1.465% 
[     100,     120 )   15854   1.585%   3.050% 
[     120,     140 )   25830   2.583%   5.633% #
[     140,     160 )   40194   4.019%   9.652% #
[     160,     180 )   58789   5.879%  15.531% #
[     180,     200 )   72821   7.282%  22.814% #
[     200,     250 )  200489  20.049%  42.862% ####
[     250,     300 )  226423  22.642%  65.505% #####
[     300,     350 )  217174  21.717%  87.222% ####
[     350,     400 )   75411   7.541%  94.763% ##
[     400,     450 )   11714   1.171%  95.935% 
[     450,     500 )    2278   0.228%  96.162% 
[     500,     600 )    1069   0.107%  96.269% 
[     600,     700 )     320   0.032%  96.301% 
[     700,     800 )     191   0.019%  96.320% 
[     800,     900 )     172   0.017%  96.338% 
[     900,    1000 )     147   0.015%  96.352% 
[    1000,    1200 )     186   0.019%  96.371% 
[    1200,    1400 )     155   0.015%  96.386% 
[    1400,    1600 )     127   0.013%  96.399% 
[    1600,    1800 )     131   0.013%  96.412% 
[    1800,    2000 )     147   0.015%  96.427% 
[    2000,    2500 )     413   0.041%  96.468% 
[    2500,    3000 )     865   0.087%  96.555% 
[    3000,    3500 )    4063   0.406%  96.961% 
[    3500,    4000 )    2206   0.221%  97.182% 
[    4000,    4500 )    2224   0.222%  97.404% 
[    4500,    5000 )    1648   0.165%  97.569% 
[    5000,    6000 )    3066   0.307%  97.875% 
[    6000,    7000 )     113   0.011%  97.887% 
[    7000,    8000 )     325   0.033%  97.919% 
[    8000,    9000 )     150   0.015%  97.934% 
[    9000,   10000 )     197   0.020%  97.954% 
[   10000,   12000 )     298   0.030%  97.984% 
[   12000,   14000 )    1151   0.115%  98.099% 
[   14000,   16000 )    1769   0.177%  98.276% 
[   16000,   18000 )   13214   1.321%  99.597% 
[   18000,   20000 )    1772   0.177%  99.774% 
[   20000,   25000 )    2162   0.216%  99.991% 
[   25000,   30000 )      72   0.007%  99.998% 
[   40000,   45000 )       5   0.001%  99.998% 
[   45000,   50000 )      18   0.002% 100.000% 

Read info: 
Count: 0  Average: 0.0000  StdDev: 0.00
Percentiles(us): P50: -nan P90: -nan P99: -nan P99.9: -nan P99.99: -nan
------------------------------------------------------

Write info: 
Count: 1000000  Average: 657.4668  StdDev: 2405.18
Percentiles(us): P50: 265.76 P90: 368.42 P99: 17096.26 P99.9: 22907.03 P99.99: 24988.44
------------------------------------------------------
[      40,      45 )      41   0.004%   0.004% 
[      45,      50 )     225   0.023%   0.027% 
[      50,      60 )    1074   0.107%   0.134% 
[      60,      70 )    1754   0.175%   0.309% 
[      70,      80 )    2519   0.252%   0.561% 
[      80,      90 )    3826   0.383%   0.944% 
[      90,     100 )    5208   0.521%   1.465% 
[     100,     120 )   15854   1.585%   3.050% 
[     120,     140 )   25830   2.583%   5.633% #
[     140,     160 )   40194   4.019%   9.652% #
[     160,     180 )   58789   5.879%  15.531% #
[     180,     200 )   72821   7.282%  22.814% #
[     200,     250 )  200489  20.049%  42.862% ####
[     250,     300 )  226423  22.642%  65.505% #####
[     300,     350 )  217174  21.717%  87.222% ####
[     350,     400 )   75411   7.541%  94.763% ##
[     400,     450 )   11714   1.171%  95.935% 
[     450,     500 )    2278   0.228%  96.162% 
[     500,     600 )    1069   0.107%  96.269% 
[     600,     700 )     320   0.032%  96.301% 
[     700,     800 )     191   0.019%  96.320% 
[     800,     900 )     172   0.017%  96.338% 
[     900,    1000 )     147   0.015%  96.352% 
[    1000,    1200 )     186   0.019%  96.371% 
[    1200,    1400 )     155   0.015%  96.386% 
[    1400,    1600 )     127   0.013%  96.399% 
[    1600,    1800 )     131   0.013%  96.412% 
[    1800,    2000 )     147   0.015%  96.427% 
[    2000,    2500 )     413   0.041%  96.468% 
[    2500,    3000 )     865   0.087%  96.555% 
[    3000,    3500 )    4063   0.406%  96.961% 
[    3500,    4000 )    2206   0.221%  97.182% 
[    4000,    4500 )    2224   0.222%  97.404% 
[    4500,    5000 )    1648   0.165%  97.569% 
[    5000,    6000 )    3066   0.307%  97.875% 
[    6000,    7000 )     113   0.011%  97.887% 
[    7000,    8000 )     325   0.033%  97.919% 
[    8000,    9000 )     150   0.015%  97.934% 
[    9000,   10000 )     197   0.020%  97.954% 
[   10000,   12000 )     298   0.030%  97.984% 
[   12000,   14000 )    1151   0.115%  98.099% 
[   14000,   16000 )    1769   0.177%  98.276% 
[   16000,   18000 )   13214   1.321%  99.597% 
[   18000,   20000 )    1772   0.177%  99.774% 
[   20000,   25000 )    2162   0.216%  99.991% 
[   25000,   30000 )      72   0.007%  99.998% 
[   40000,   45000 )       5   0.001%  99.998% 
[   45000,   50000 )      18   0.002% 100.000% 


