
Node Configure: 
    Node ID: 1
    Node IP: 10.10.1.3
    Listen IP: 0.0.0.0
    Ports: 50051,50052,50053,50054,50055,50056,50057,50058,50059,50060,50061,50062,50063,50064,50065,50066
    KVDB num (at start): 1
    Server thread num (of each KVDB): 16
    CPU cores num: 35
    KVDB base path: /mnt/nofdb/rocksdb

[INFO] Using RPC to make replicas
[INFO] CPU monitor is enabled
[INFO] Stats recorder is enabled

[INFO] RocksDB opened at: /mnt/nofdb/rocksdb0
[INFO] NoFDBKVS No.0 initialized, belongs to node_id: 1
[INFO] Tagged worker 0 is bound to core 3
[INFO] Tagged worker 1 is bound to core 5
[INFO] Tagged worker 2 is bound to core 7
[INFO] Tagged worker 3 is bound to core 9
[INFO] Tagged worker 5 is bound to core 11
[INFO] Tagged worker 6 is bound to core 13
[INFO] Tagged worker 7 is bound to core 15
[INFO] Tagged worker 8 is bound to core 17
[INFO] Tagged worker 9 is bound to core 19
[INFO] Tagged worker 10 is bound to core 21
[INFO] Tagged worker 4 is bound to core 23
[INFO] Tagged worker 11 is bound to core 25
[INFO] Tagged worker 12 is bound to core 27
[INFO] Tagged worker 13 is bound to core 29
[INFO] Tagged worker 14 is bound to core 31
[INFO] Tagged worker 15 is bound to core 33
[INFO] Tagged worker 16 is bound to core 35
[INFO] NoFDBKVS No.0 -- Server No.13 is listening on 0.0.0.0:50064
[INFO] NoFDBKVS No.0 -- Server No.3 is listening on 0.0.0.0:50054
[INFO] NoFDBKVS No.0 -- Server No.7 is listening on 0.0.0.0:50058
[INFO] NoFDBKVS No.0 -- Server No.14 is listening on 0.0.0.0:50065
[INFO] NoFDBKVS No.0 -- Server No.4 is listening on 0.0.0.0:50055
[INFO] NoFDBKVS No.0 -- Server No.5 is listening on 0.0.0.0:50056
[INFO] NoFDBKVS No.0 -- Server No.1 is listening on 0.0.0.0:50052
[INFO] NoFDBKVS No.0 -- Server No.0 is listening on 0.0.0.0:50051
[INFO] NoFDBKVS No.0 -- Server No.15 is listening on 0.0.0.0:50066
[INFO] NoFDBKVS No.0 -- Server No.6 is listening on 0.0.0.0:50057
[INFO] NoFDBKVS No.0 -- Server No.12 is listening on 0.0.0.0:50063
[INFO] NoFDBKVS No.0 -- Server No.10 is listening on 0.0.0.0:50061
[INFO] NoFDBKVS No.0 -- Server No.11 is listening on 0.0.0.0:50062
[INFO] NoFDBKVS No.0 -- Server No.8 is listening on 0.0.0.0:50059
[INFO] NoFDBKVS No.0 -- Server No.9 is listening on 0.0.0.0:50060
[INFO] NoFDBKVS No.0 -- Server No.2 is listening on 0.0.0.0:50053
[INFO] Node No.1 Configure Table is generated
[INFO] Maintainer is listening on 0.0.0.0:50050

Maintainer received PAUSE signal

===== Load Statistics: 
Total requests: 7999998
Total bytes: 8191997952
Avg DB latency (us): 27.57, P90 (us): 29.48, P99 (us): 34.31, P99.9 (us): 559.49
Avg process latency (us): 128.31, P90 (us): 325.14, P99 (us): 463.94, P99.9 (us): 4023.93
Avg CPU utilization (percent): 1778.14
Eplased time (sec): 470.22
Throughput (MB/s): 16.61
QPS (k): 17.01

---------- RPC REPLICA STATISTICS ----------
Avg all replicas latency (us): 330.40, P90 (us): 386.09, P99 (us): 2793.48, P99.9 (us): 4312.88
Avg local DB latency (us): 28.31, P90 (us): 30.21, P99 (us): 35.04, P99.9 (us): 516.47
Avg send latency (us): 9163508982807942.00, P90 (us): 9223372036853736.00, P99 (us): 9223372036853804.00, P99.9 (us): 9223372036854280.00
Avg receive latency (us): 1352.56, P90 (us): 1462.79, P99 (us): 1599.66, P99.9 (us): 4928.17
Avg remote process latency (us): 27.36


===== Stage End =====

Maintainer received STOP signal

===== Transaction Statistics: 
Total requests: 3618
Total bytes: 3704832
Avg DB latency (us): 201.06, P90 (us): 365.32, P99 (us): 461.80, P99.9 (us): 900.11
Avg process latency (us): 201.11, P90 (us): 365.38, P99 (us): 461.86, P99.9 (us): 900.22
Avg CPU utilization (percent): 1743.00
Eplased time (sec): 1.20
Throughput (MB/s): 2.94
QPS (k): 3.01

===== Stage End =====

[INFO] Stats recorder is shutting down......
[INFO] NoFDBKVS No.0 -- Server No.1 is shutting down......
[INFO] NoFDBKVS No.0 -- Server No.14 is shutting down......
[INFO] NoFDBKVS No.0 -- Server No.9 is shutting down......
[INFO] NoFDBKVS No.0 -- Server No.6 is shutting down......
[INFO] NoFDBKVS No.0 -- Server No.0 is shutting down......
[INFO] NoFDBKVS No.0 -- Server No.8 is shutting down......
[INFO] NoFDBKVS No.0 -- Server No.7 is shutting down......
[INFO] NoFDBKVS No.0 -- Server No.3 is shutting down......
[INFO] NoFDBKVS No.0 -- Server No.5 is shutting down......
[INFO] NoFDBKVS No.0 -- Server No.13 is shutting down......
[INFO] NoFDBKVS No.0 -- Server No.2 is shutting down......
[INFO] NoFDBKVS No.0 -- Server No.15 is shutting down......
[INFO] NoFDBKVS No.0 -- Server No.4 is shutting down......
[INFO] NoFDBKVS No.0 -- Server No.10 is shutting down......
[INFO] NoFDBKVS No.0 -- Server No.11 is shutting down......
[INFO] NoFDBKVS No.0 -- Server No.12 is shutting down......
[INFO] NoFDBKVS No.0 is shutting down......
[INFO] CPU Monitor is shutting down......
[INFO] Maintainer is shutting down......
