
nofdb	workloads/workloadc_zipfian.spec	32
# Load duration (sec): 10.7624
# Loading records:	1000000
# Load throughput (KOPS): 92.9164
Count: 1000000  Average: 336.8912  StdDev: 1496.70
Percentiles(us): P50: 148.29 P90: 333.70 P99: 10420.96 P99.9: 17410.26 P99.99: 28025.21
------------------------------------------------------
[      45,      50 )     222   0.022%   0.022% 
[      50,      60 )   25601   2.560%   2.582% #
[      60,      70 )   50157   5.016%   7.598% #
[      70,      80 )   59757   5.976%  13.574% #
[      80,      90 )   59804   5.980%  19.554% #
[      90,     100 )   55862   5.586%  25.140% #
[     100,     120 )  102219  10.222%  35.362% ##
[     120,     140 )  107003  10.700%  46.062% ##
[     140,     160 )   95028   9.503%  55.565% ##
[     160,     180 )   77980   7.798%  63.363% ##
[     180,     200 )   63654   6.365%  69.729% #
[     200,     250 )  109449  10.945%  80.674% ##
[     250,     300 )   65673   6.567%  87.241% #
[     300,     350 )   40937   4.094%  91.335% #
[     350,     400 )   26769   2.677%  94.011% #
[     400,     450 )   17004   1.700%  95.712% 
[     450,     500 )   11356   1.136%  96.848% 
[     500,     600 )   11756   1.176%  98.023% 
[     600,     700 )    4355   0.435%  98.459% 
[     700,     800 )    1457   0.146%  98.604% 
[     800,     900 )     401   0.040%  98.644% 
[     900,    1000 )     188   0.019%  98.663% 
[    1000,    1200 )     183   0.018%  98.681% 
[    1200,    1400 )     132   0.013%  98.695% 
[    1400,    1600 )     103   0.010%  98.705% 
[    1600,    1800 )      99   0.010%  98.715% 
[    1800,    2000 )      77   0.008%  98.723% 
[    2000,    2500 )     186   0.019%  98.741% 
[    2500,    3000 )     261   0.026%  98.767% 
[    3000,    3500 )     198   0.020%  98.787% 
[    3500,    4000 )     165   0.017%  98.804% 
[    4000,    4500 )      68   0.007%  98.810% 
[    4500,    5000 )      76   0.008%  98.818% 
[    5000,    6000 )     103   0.010%  98.828% 
[    6000,    7000 )     130   0.013%  98.841% 
[    7000,    8000 )     195   0.019%  98.861% 
[    8000,    9000 )     375   0.037%  98.898% 
[    9000,   10000 )     551   0.055%  98.953% 
[   10000,   12000 )    2214   0.221%  99.175% 
[   12000,   14000 )    3277   0.328%  99.502% 
[   14000,   16000 )    3315   0.332%  99.834% 
[   16000,   18000 )     936   0.094%  99.928% 
[   18000,   20000 )     352   0.035%  99.963% 
[   20000,   25000 )     200   0.020%  99.983% 
[   25000,   30000 )     119   0.012%  99.995% 
[   30000,   35000 )      48   0.005% 100.000% 
[   35000,   40000 )       5   0.001% 100.000% 


# Run duration (sec): 13.8292
# Run operations:	1000000
# Run throughput (KOPS): 72.3106
Count: 1000000  Average: 431.6033  StdDev: 1092.39
Percentiles(us): P50: 176.97 P90: 600.84 P99: 4543.54 P99.9: 15765.22 P99.99: 20312.50
------------------------------------------------------
[      35,      40 )     186   0.019%   0.019% 
[      40,      45 )    7422   0.742%   0.761% 
[      45,      50 )    9959   0.996%   1.757% 
[      50,      60 )    5393   0.539%   2.296% 
[      60,      70 )     638   0.064%   2.360% 
[      70,      80 )    3056   0.306%   2.665% 
[      80,      90 )   13834   1.383%   4.049% 
[      90,     100 )   11884   1.188%   5.237% 
[     100,     120 )   54320   5.432%  10.669% #
[     120,     140 )  154538  15.454%  26.123% ###
[     140,     160 )  154337  15.434%  41.557% ###
[     160,     180 )   99522   9.952%  51.509% ##
[     180,     200 )   62327   6.233%  57.742% #
[     200,     250 )  108318  10.832%  68.573% ##
[     250,     300 )   70685   7.069%  75.642% #
[     300,     350 )   53133   5.313%  80.955% #
[     350,     400 )   34863   3.486%  84.442% #
[     400,     450 )   23481   2.348%  86.790% 
[     450,     500 )   14441   1.444%  88.234% 
[     500,     600 )   17571   1.757%  89.991% 
[     600,     700 )   10891   1.089%  91.080% 
[     700,     800 )    7219   0.722%  91.802% 
[     800,     900 )    5359   0.536%  92.338% 
[     900,    1000 )    4355   0.435%  92.773% 
[    1000,    1200 )    7102   0.710%  93.483% 
[    1200,    1400 )    6179   0.618%  94.101% 
[    1400,    1600 )    5467   0.547%  94.648% 
[    1600,    1800 )    5034   0.503%  95.151% 
[    1800,    2000 )    4638   0.464%  95.615% 
[    2000,    2500 )   10059   1.006%  96.621% 
[    2500,    3000 )    8268   0.827%  97.448% 
[    3000,    3500 )    6662   0.666%  98.114% 
[    3500,    4000 )    5052   0.505%  98.619% 
[    4000,    4500 )    3594   0.359%  98.979% 
[    4500,    5000 )    2446   0.245%  99.223% 
[    5000,    6000 )    2497   0.250%  99.473% 
[    6000,    7000 )     885   0.089%  99.562% 
[    7000,    8000 )     486   0.049%  99.610% 
[    8000,    9000 )     403   0.040%  99.650% 
[    9000,   10000 )     385   0.038%  99.689% 
[   10000,   12000 )     758   0.076%  99.765% 
[   12000,   14000 )     744   0.074%  99.839% 
[   14000,   16000 )     690   0.069%  99.908% 
[   16000,   18000 )     608   0.061%  99.969% 
[   18000,   20000 )     207   0.021%  99.990% 
[   20000,   25000 )      64   0.006%  99.996% 
[   25000,   30000 )      31   0.003%  99.999% 
[   30000,   35000 )       7   0.001% 100.000% 
[   35000,   40000 )       2   0.000% 100.000% 

Read info: 
Count: 1000000  Average: 431.6033  StdDev: 1092.39
Percentiles(us): P50: 176.97 P90: 600.84 P99: 4543.54 P99.9: 15765.22 P99.99: 20312.50
------------------------------------------------------
[      35,      40 )     186   0.019%   0.019% 
[      40,      45 )    7422   0.742%   0.761% 
[      45,      50 )    9959   0.996%   1.757% 
[      50,      60 )    5393   0.539%   2.296% 
[      60,      70 )     638   0.064%   2.360% 
[      70,      80 )    3056   0.306%   2.665% 
[      80,      90 )   13834   1.383%   4.049% 
[      90,     100 )   11884   1.188%   5.237% 
[     100,     120 )   54320   5.432%  10.669% #
[     120,     140 )  154538  15.454%  26.123% ###
[     140,     160 )  154337  15.434%  41.557% ###
[     160,     180 )   99522   9.952%  51.509% ##
[     180,     200 )   62327   6.233%  57.742% #
[     200,     250 )  108318  10.832%  68.573% ##
[     250,     300 )   70685   7.069%  75.642% #
[     300,     350 )   53133   5.313%  80.955% #
[     350,     400 )   34863   3.486%  84.442% #
[     400,     450 )   23481   2.348%  86.790% 
[     450,     500 )   14441   1.444%  88.234% 
[     500,     600 )   17571   1.757%  89.991% 
[     600,     700 )   10891   1.089%  91.080% 
[     700,     800 )    7219   0.722%  91.802% 
[     800,     900 )    5359   0.536%  92.338% 
[     900,    1000 )    4355   0.435%  92.773% 
[    1000,    1200 )    7102   0.710%  93.483% 
[    1200,    1400 )    6179   0.618%  94.101% 
[    1400,    1600 )    5467   0.547%  94.648% 
[    1600,    1800 )    5034   0.503%  95.151% 
[    1800,    2000 )    4638   0.464%  95.615% 
[    2000,    2500 )   10059   1.006%  96.621% 
[    2500,    3000 )    8268   0.827%  97.448% 
[    3000,    3500 )    6662   0.666%  98.114% 
[    3500,    4000 )    5052   0.505%  98.619% 
[    4000,    4500 )    3594   0.359%  98.979% 
[    4500,    5000 )    2446   0.245%  99.223% 
[    5000,    6000 )    2497   0.250%  99.473% 
[    6000,    7000 )     885   0.089%  99.562% 
[    7000,    8000 )     486   0.049%  99.610% 
[    8000,    9000 )     403   0.040%  99.650% 
[    9000,   10000 )     385   0.038%  99.689% 
[   10000,   12000 )     758   0.076%  99.765% 
[   12000,   14000 )     744   0.074%  99.839% 
[   14000,   16000 )     690   0.069%  99.908% 
[   16000,   18000 )     608   0.061%  99.969% 
[   18000,   20000 )     207   0.021%  99.990% 
[   20000,   25000 )      64   0.006%  99.996% 
[   25000,   30000 )      31   0.003%  99.999% 
[   30000,   35000 )       7   0.001% 100.000% 
[   35000,   40000 )       2   0.000% 100.000% 

Write info: 
Count: 0  Average: 0.0000  StdDev: 0.00
Percentiles(us): P50: -nan P90: -nan P99: -nan P99.9: -nan P99.99: -nan
------------------------------------------------------


