
nofdb	workloads/workloadc_uniform.spec	32
# Load duration (sec): 10.4318
# Loading records:	1000000
# Load throughput (KOPS): 95.8605
Count: 1000000  Average: 326.0975  StdDev: 1513.97
Percentiles(us): P50: 142.93 P90: 298.46 P99: 10198.88 P99.9: 17644.58 P99.99: 29487.95
------------------------------------------------------
[      45,      50 )     142   0.014%   0.014% 
[      50,      60 )   19669   1.967%   1.981% 
[      60,      70 )   44144   4.414%   6.396% #
[      70,      80 )   59754   5.975%  12.371% #
[      80,      90 )   67127   6.713%  19.084% #
[      90,     100 )   64599   6.460%  25.544% #
[     100,     120 )  114392  11.439%  36.983% ##
[     120,     140 )  114817  11.482%  48.464% ##
[     140,     160 )  104867  10.487%  58.951% ##
[     160,     180 )   81964   8.196%  67.148% ##
[     180,     200 )   64244   6.424%  73.572% #
[     200,     250 )  106453  10.645%  84.217% ##
[     250,     300 )   59668   5.967%  90.184% #
[     300,     350 )   34705   3.471%  93.654% #
[     350,     400 )   20872   2.087%  95.742% 
[     400,     450 )   12423   1.242%  96.984% 
[     450,     500 )    7238   0.724%  97.708% 
[     500,     600 )    6600   0.660%  98.368% 
[     600,     700 )    2177   0.218%  98.586% 
[     700,     800 )     696   0.070%  98.655% 
[     800,     900 )     273   0.027%  98.682% 
[     900,    1000 )     141   0.014%  98.697% 
[    1000,    1200 )     188   0.019%  98.715% 
[    1200,    1400 )     145   0.015%  98.730% 
[    1400,    1600 )     106   0.011%  98.740% 
[    1600,    1800 )     100   0.010%  98.750% 
[    1800,    2000 )      64   0.006%  98.757% 
[    2000,    2500 )     169   0.017%  98.774% 
[    2500,    3000 )     183   0.018%  98.792% 
[    3000,    3500 )     147   0.015%  98.807% 
[    3500,    4000 )      92   0.009%  98.816% 
[    4000,    4500 )     102   0.010%  98.826% 
[    4500,    5000 )      59   0.006%  98.832% 
[    5000,    6000 )     134   0.013%  98.845% 
[    6000,    7000 )     185   0.019%  98.864% 
[    7000,    8000 )     224   0.022%  98.886% 
[    8000,    9000 )     330   0.033%  98.919% 
[    9000,   10000 )     612   0.061%  98.981% 
[   10000,   12000 )    1961   0.196%  99.177% 
[   12000,   14000 )    3117   0.312%  99.488% 
[   14000,   16000 )    3335   0.334%  99.822% 
[   16000,   18000 )     951   0.095%  99.917% 
[   18000,   20000 )     260   0.026%  99.943% 
[   20000,   25000 )     322   0.032%  99.975% 
[   25000,   30000 )     166   0.017%  99.992% 
[   30000,   35000 )      75   0.008%  99.999% 
[   35000,   40000 )       8   0.001% 100.000% 


# Run duration (sec): 7.98569
# Run operations:	1000000
# Run throughput (KOPS): 125.224
Count: 1000000  Average: 246.6737  StdDev: 999.40
Percentiles(us): P50: 146.52 P90: 246.54 P99: 764.46 P99.9: 15585.92 P99.99: 24436.62
------------------------------------------------------
[      35,      40 )     332   0.033%   0.033% 
[      40,      45 )    9466   0.947%   0.980% 
[      45,      50 )   10391   1.039%   2.019% 
[      50,      60 )    6374   0.637%   2.656% 
[      60,      70 )    1379   0.138%   2.794% 
[      70,      80 )    1155   0.116%   2.910% 
[      80,      90 )    1321   0.132%   3.042% 
[      90,     100 )    1168   0.117%   3.159% 
[     100,     120 )   67298   6.730%   9.888% #
[     120,     140 )  325633  32.563%  42.452% #######
[     140,     160 )  231405  23.140%  65.592% #####
[     160,     180 )   89852   8.985%  74.577% ##
[     180,     200 )   63703   6.370%  80.948% #
[     200,     250 )   97252   9.725%  90.673% ##
[     250,     300 )   34275   3.428%  94.100% #
[     300,     350 )   23503   2.350%  96.451% 
[     350,     400 )   11453   1.145%  97.596% 
[     400,     450 )    6033   0.603%  98.199% 
[     450,     500 )    3282   0.328%  98.528% 
[     500,     600 )    3147   0.315%  98.842% 
[     600,     700 )    1208   0.121%  98.963% 
[     700,     800 )     574   0.057%  99.020% 
[     800,     900 )     340   0.034%  99.054% 
[     900,    1000 )     232   0.023%  99.078% 
[    1000,    1200 )     307   0.031%  99.108% 
[    1200,    1400 )     220   0.022%  99.130% 
[    1400,    1600 )     204   0.020%  99.151% 
[    1600,    1800 )     169   0.017%  99.168% 
[    1800,    2000 )     185   0.019%  99.186% 
[    2000,    2500 )     403   0.040%  99.226% 
[    2500,    3000 )     350   0.035%  99.261% 
[    3000,    3500 )     258   0.026%  99.287% 
[    3500,    4000 )     204   0.020%  99.308% 
[    4000,    4500 )     215   0.022%  99.329% 
[    4500,    5000 )     222   0.022%  99.351% 
[    5000,    6000 )     428   0.043%  99.394% 
[    6000,    7000 )     419   0.042%  99.436% 
[    7000,    8000 )     495   0.050%  99.486% 
[    8000,    9000 )     491   0.049%  99.535% 
[    9000,   10000 )     541   0.054%  99.589% 
[   10000,   12000 )    1138   0.114%  99.703% 
[   12000,   14000 )    1209   0.121%  99.823% 
[   14000,   16000 )     966   0.097%  99.920% 
[   16000,   18000 )     482   0.048%  99.968% 
[   18000,   20000 )     155   0.015%  99.984% 
[   20000,   25000 )      71   0.007%  99.991% 
[   25000,   30000 )      66   0.007%  99.997% 
[   30000,   35000 )      26   0.003% 100.000% 

Read info: 
Count: 1000000  Average: 246.6737  StdDev: 999.40
Percentiles(us): P50: 146.52 P90: 246.54 P99: 764.46 P99.9: 15585.92 P99.99: 24436.62
------------------------------------------------------
[      35,      40 )     332   0.033%   0.033% 
[      40,      45 )    9466   0.947%   0.980% 
[      45,      50 )   10391   1.039%   2.019% 
[      50,      60 )    6374   0.637%   2.656% 
[      60,      70 )    1379   0.138%   2.794% 
[      70,      80 )    1155   0.116%   2.910% 
[      80,      90 )    1321   0.132%   3.042% 
[      90,     100 )    1168   0.117%   3.159% 
[     100,     120 )   67298   6.730%   9.888% #
[     120,     140 )  325633  32.563%  42.452% #######
[     140,     160 )  231405  23.140%  65.592% #####
[     160,     180 )   89852   8.985%  74.577% ##
[     180,     200 )   63703   6.370%  80.948% #
[     200,     250 )   97252   9.725%  90.673% ##
[     250,     300 )   34275   3.428%  94.100% #
[     300,     350 )   23503   2.350%  96.451% 
[     350,     400 )   11453   1.145%  97.596% 
[     400,     450 )    6033   0.603%  98.199% 
[     450,     500 )    3282   0.328%  98.528% 
[     500,     600 )    3147   0.315%  98.842% 
[     600,     700 )    1208   0.121%  98.963% 
[     700,     800 )     574   0.057%  99.020% 
[     800,     900 )     340   0.034%  99.054% 
[     900,    1000 )     232   0.023%  99.078% 
[    1000,    1200 )     307   0.031%  99.108% 
[    1200,    1400 )     220   0.022%  99.130% 
[    1400,    1600 )     204   0.020%  99.151% 
[    1600,    1800 )     169   0.017%  99.168% 
[    1800,    2000 )     185   0.019%  99.186% 
[    2000,    2500 )     403   0.040%  99.226% 
[    2500,    3000 )     350   0.035%  99.261% 
[    3000,    3500 )     258   0.026%  99.287% 
[    3500,    4000 )     204   0.020%  99.308% 
[    4000,    4500 )     215   0.022%  99.329% 
[    4500,    5000 )     222   0.022%  99.351% 
[    5000,    6000 )     428   0.043%  99.394% 
[    6000,    7000 )     419   0.042%  99.436% 
[    7000,    8000 )     495   0.050%  99.486% 
[    8000,    9000 )     491   0.049%  99.535% 
[    9000,   10000 )     541   0.054%  99.589% 
[   10000,   12000 )    1138   0.114%  99.703% 
[   12000,   14000 )    1209   0.121%  99.823% 
[   14000,   16000 )     966   0.097%  99.920% 
[   16000,   18000 )     482   0.048%  99.968% 
[   18000,   20000 )     155   0.015%  99.984% 
[   20000,   25000 )      71   0.007%  99.991% 
[   25000,   30000 )      66   0.007%  99.997% 
[   30000,   35000 )      26   0.003% 100.000% 

Write info: 
Count: 0  Average: 0.0000  StdDev: 0.00
Percentiles(us): P50: -nan P90: -nan P99: -nan P99.9: -nan P99.99: -nan
------------------------------------------------------


