
nofdb	workloads/workloadg_zipfian.spec	32
# Load duration (sec): 11.5186
# Loading records:	1000000
# Load throughput (KOPS): 86.816
Count: 1000000  Average: 362.3865  StdDev: 1547.93
Percentiles(us): P50: 161.93 P90: 360.14 P99: 11021.74 P99.9: 17742.74 P99.99: 26764.71
------------------------------------------------------
[      45,      50 )      51   0.005%   0.005% 
[      50,      60 )   13063   1.306%   1.311% 
[      60,      70 )   38305   3.831%   5.142% #
[      70,      80 )   46536   4.654%   9.796% #
[      80,      90 )   52369   5.237%  15.032% #
[      90,     100 )   53100   5.310%  20.342% #
[     100,     120 )   95603   9.560%  29.903% ##
[     120,     140 )   97041   9.704%  39.607% ##
[     140,     160 )   95793   9.579%  49.186% ##
[     160,     180 )   84299   8.430%  57.616% ##
[     180,     200 )   70676   7.068%  64.684% #
[     200,     250 )  124052  12.405%  77.089% ##
[     250,     300 )   74493   7.449%  84.538% #
[     300,     350 )   48143   4.814%  89.352% #
[     350,     400 )   31946   3.195%  92.547% #
[     400,     450 )   21451   2.145%  94.692% 
[     450,     500 )   14191   1.419%  96.111% 
[     500,     600 )   15368   1.537%  97.648% 
[     600,     700 )    6191   0.619%  98.267% 
[     700,     800 )    2220   0.222%  98.489% 
[     800,     900 )     725   0.073%  98.562% 
[     900,    1000 )     237   0.024%  98.585% 
[    1000,    1200 )     197   0.020%  98.605% 
[    1200,    1400 )     181   0.018%  98.623% 
[    1400,    1600 )     130   0.013%  98.636% 
[    1600,    1800 )      99   0.010%  98.646% 
[    1800,    2000 )      82   0.008%  98.654% 
[    2000,    2500 )     214   0.021%  98.676% 
[    2500,    3000 )     172   0.017%  98.693% 
[    3000,    3500 )     151   0.015%  98.708% 
[    3500,    4000 )     142   0.014%  98.722% 
[    4000,    4500 )      87   0.009%  98.731% 
[    4500,    5000 )      96   0.010%  98.740% 
[    5000,    6000 )     120   0.012%  98.752% 
[    6000,    7000 )     164   0.016%  98.769% 
[    7000,    8000 )     276   0.028%  98.796% 
[    8000,    9000 )     355   0.036%  98.832% 
[    9000,   10000 )     647   0.065%  98.897% 
[   10000,   12000 )    2024   0.202%  99.099% 
[   12000,   14000 )    3401   0.340%  99.439% 
[   14000,   16000 )    3559   0.356%  99.795% 
[   16000,   18000 )    1205   0.121%  99.916% 
[   18000,   20000 )     394   0.039%  99.955% 
[   20000,   25000 )     309   0.031%  99.986% 
[   25000,   30000 )     119   0.012%  99.998% 
[   30000,   35000 )      18   0.002% 100.000% 
[   35000,   40000 )       3   0.000% 100.000% 
[   40000,   45000 )       2   0.000% 100.000% 


# Run duration (sec): 13.9958
# Run operations:	1000000
# Run throughput (KOPS): 71.4499
Count: 1000000  Average: 438.2096  StdDev: 1817.37
Percentiles(us): P50: 158.67 P90: 390.18 P99: 12006.38 P99.9: 19163.46 P99.99: 38611.11
------------------------------------------------------
[      45,      50 )     105   0.011%   0.011% 
[      50,      60 )   26010   2.601%   2.611% #
[      60,      70 )   63578   6.358%   8.969% #
[      70,      80 )   60842   6.084%  15.054% #
[      80,      90 )   53510   5.351%  20.405% #
[      90,     100 )   47868   4.787%  25.191% #
[     100,     120 )   82931   8.293%  33.484% ##
[     120,     140 )   90104   9.010%  42.495% ##
[     140,     160 )   80402   8.040%  50.535% ##
[     160,     180 )   68168   6.817%  57.352% #
[     180,     200 )   59488   5.949%  63.301% #
[     200,     250 )  112191  11.219%  74.520% ##
[     250,     300 )   75557   7.556%  82.075% ##
[     300,     350 )   50992   5.099%  87.175% #
[     350,     400 )   35155   3.516%  90.690% #
[     400,     450 )   23961   2.396%  93.086% 
[     450,     500 )   16025   1.603%  94.689% 
[     500,     600 )   17425   1.743%  96.431% 
[     600,     700 )    7303   0.730%  97.162% 
[     700,     800 )    2951   0.295%  97.457% 
[     800,     900 )    1145   0.115%  97.571% 
[     900,    1000 )     454   0.045%  97.617% 
[    1000,    1200 )     391   0.039%  97.656% 
[    1200,    1400 )     240   0.024%  97.680% 
[    1400,    1600 )     203   0.020%  97.700% 
[    1600,    1800 )     178   0.018%  97.718% 
[    1800,    2000 )     183   0.018%  97.736% 
[    2000,    2500 )     569   0.057%  97.793% 
[    2500,    3000 )     614   0.061%  97.854% 
[    3000,    3500 )     581   0.058%  97.912% 
[    3500,    4000 )     530   0.053%  97.965% 
[    4000,    4500 )     547   0.055%  98.020% 
[    4500,    5000 )     630   0.063%  98.083% 
[    5000,    6000 )     905   0.091%  98.174% 
[    6000,    7000 )     855   0.086%  98.259% 
[    7000,    8000 )    1088   0.109%  98.368% 
[    8000,    9000 )    1269   0.127%  98.495% 
[    9000,   10000 )    1552   0.155%  98.650% 
[   10000,   12000 )    3488   0.349%  98.999% 
[   12000,   14000 )    3759   0.376%  99.375% 
[   14000,   16000 )    3872   0.387%  99.762% 
[   16000,   18000 )    1018   0.102%  99.864% 
[   18000,   20000 )     624   0.062%  99.926% 
[   20000,   25000 )     458   0.046%  99.972% 
[   25000,   30000 )     134   0.013%  99.985% 
[   30000,   35000 )       8   0.001%  99.986% 
[   35000,   40000 )      54   0.005%  99.992% 
[   40000,   45000 )      33   0.003%  99.995% 
[   45000,   50000 )      32   0.003%  99.998% 
[   50000,   60000 )      20   0.002% 100.000% 

Read info: 
Count: 0  Average: 0.0000  StdDev: 0.00
Percentiles(us): P50: -nan P90: -nan P99: -nan P99.9: -nan P99.99: -nan
------------------------------------------------------

Write info: 
Count: 1000000  Average: 438.2096  StdDev: 1817.37
Percentiles(us): P50: 158.67 P90: 390.18 P99: 12006.38 P99.9: 19163.46 P99.99: 38611.11
------------------------------------------------------
[      45,      50 )     105   0.011%   0.011% 
[      50,      60 )   26010   2.601%   2.611% #
[      60,      70 )   63578   6.358%   8.969% #
[      70,      80 )   60842   6.084%  15.054% #
[      80,      90 )   53510   5.351%  20.405% #
[      90,     100 )   47868   4.787%  25.191% #
[     100,     120 )   82931   8.293%  33.484% ##
[     120,     140 )   90104   9.010%  42.495% ##
[     140,     160 )   80402   8.040%  50.535% ##
[     160,     180 )   68168   6.817%  57.352% #
[     180,     200 )   59488   5.949%  63.301% #
[     200,     250 )  112191  11.219%  74.520% ##
[     250,     300 )   75557   7.556%  82.075% ##
[     300,     350 )   50992   5.099%  87.175% #
[     350,     400 )   35155   3.516%  90.690% #
[     400,     450 )   23961   2.396%  93.086% 
[     450,     500 )   16025   1.603%  94.689% 
[     500,     600 )   17425   1.743%  96.431% 
[     600,     700 )    7303   0.730%  97.162% 
[     700,     800 )    2951   0.295%  97.457% 
[     800,     900 )    1145   0.115%  97.571% 
[     900,    1000 )     454   0.045%  97.617% 
[    1000,    1200 )     391   0.039%  97.656% 
[    1200,    1400 )     240   0.024%  97.680% 
[    1400,    1600 )     203   0.020%  97.700% 
[    1600,    1800 )     178   0.018%  97.718% 
[    1800,    2000 )     183   0.018%  97.736% 
[    2000,    2500 )     569   0.057%  97.793% 
[    2500,    3000 )     614   0.061%  97.854% 
[    3000,    3500 )     581   0.058%  97.912% 
[    3500,    4000 )     530   0.053%  97.965% 
[    4000,    4500 )     547   0.055%  98.020% 
[    4500,    5000 )     630   0.063%  98.083% 
[    5000,    6000 )     905   0.091%  98.174% 
[    6000,    7000 )     855   0.086%  98.259% 
[    7000,    8000 )    1088   0.109%  98.368% 
[    8000,    9000 )    1269   0.127%  98.495% 
[    9000,   10000 )    1552   0.155%  98.650% 
[   10000,   12000 )    3488   0.349%  98.999% 
[   12000,   14000 )    3759   0.376%  99.375% 
[   14000,   16000 )    3872   0.387%  99.762% 
[   16000,   18000 )    1018   0.102%  99.864% 
[   18000,   20000 )     624   0.062%  99.926% 
[   20000,   25000 )     458   0.046%  99.972% 
[   25000,   30000 )     134   0.013%  99.985% 
[   30000,   35000 )       8   0.001%  99.986% 
[   35000,   40000 )      54   0.005%  99.992% 
[   40000,   45000 )      33   0.003%  99.995% 
[   45000,   50000 )      32   0.003%  99.998% 
[   50000,   60000 )      20   0.002% 100.000% 


