
nofdb	workloads/workloadg_uniform.spec	32
# Load duration (sec): 10.3627
# Loading records:	1000000
# Load throughput (KOPS): 96.5001
Count: 1000000  Average: 325.5361  StdDev: 1481.39
Percentiles(us): P50: 147.39 P90: 304.39 P99: 9696.31 P99.9: 17915.67 P99.99: 24896.55
------------------------------------------------------
[      45,      50 )      18   0.002%   0.002% 
[      50,      60 )   12434   1.243%   1.245% 
[      60,      70 )   34176   3.418%   4.663% #
[      70,      80 )   48835   4.884%   9.546% #
[      80,      90 )   63517   6.352%  15.898% #
[      90,     100 )   68655   6.865%  22.764% #
[     100,     120 )  123087  12.309%  35.072% ##
[     120,     140 )  110713  11.071%  46.144% ##
[     140,     160 )  104307  10.431%  56.574% ##
[     160,     180 )   86771   8.677%  65.251% ##
[     180,     200 )   68332   6.833%  72.085% #
[     200,     250 )  112583  11.258%  83.343% ##
[     250,     300 )   63291   6.329%  89.672% #
[     300,     350 )   37351   3.735%  93.407% #
[     350,     400 )   22128   2.213%  95.620% 
[     400,     450 )   13356   1.336%  96.955% 
[     450,     500 )    7559   0.756%  97.711% 
[     500,     600 )    6922   0.692%  98.404% 
[     600,     700 )    2099   0.210%  98.613% 
[     700,     800 )     615   0.062%  98.675% 
[     800,     900 )     246   0.025%  98.700% 
[     900,    1000 )     150   0.015%  98.715% 
[    1000,    1200 )     175   0.018%  98.732% 
[    1200,    1400 )     186   0.019%  98.751% 
[    1400,    1600 )     109   0.011%  98.761% 
[    1600,    1800 )      98   0.010%  98.771% 
[    1800,    2000 )      85   0.009%  98.780% 
[    2000,    2500 )     210   0.021%  98.801% 
[    2500,    3000 )     261   0.026%  98.827% 
[    3000,    3500 )     160   0.016%  98.843% 
[    3500,    4000 )      97   0.010%  98.853% 
[    4000,    4500 )     111   0.011%  98.864% 
[    4500,    5000 )     114   0.011%  98.875% 
[    5000,    6000 )     171   0.017%  98.892% 
[    6000,    7000 )     253   0.025%  98.918% 
[    7000,    8000 )     207   0.021%  98.938% 
[    8000,    9000 )     203   0.020%  98.959% 
[    9000,   10000 )     596   0.060%  99.018% 
[   10000,   12000 )    1697   0.170%  99.188% 
[   12000,   14000 )    2947   0.295%  99.483% 
[   14000,   16000 )    2971   0.297%  99.780% 
[   16000,   18000 )    1257   0.126%  99.905% 
[   18000,   20000 )     563   0.056%  99.962% 
[   20000,   25000 )     290   0.029%  99.991% 
[   25000,   30000 )      64   0.006%  99.997% 
[   30000,   35000 )       6   0.001%  99.998% 
[   35000,   40000 )      20   0.002% 100.000% 
[   40000,   45000 )       4   0.000% 100.000% 


# Run duration (sec): 10.5738
# Run operations:	1000000
# Run throughput (KOPS): 94.5733
Count: 1000000  Average: 331.8548  StdDev: 1515.45
Percentiles(us): P50: 149.00 P90: 302.71 P99: 10184.53 P99.9: 17925.61 P99.99: 27924.53
------------------------------------------------------
[      45,      50 )       4   0.000%   0.000% 
[      50,      60 )    8913   0.891%   0.892% 
[      60,      70 )   30941   3.094%   3.986% #
[      70,      80 )   43499   4.350%   8.336% #
[      80,      90 )   59343   5.934%  14.270% #
[      90,     100 )   69218   6.922%  21.192% #
[     100,     120 )  128517  12.852%  34.044% ###
[     120,     140 )  112365  11.237%  45.280% ##
[     140,     160 )  104833  10.483%  55.763% ##
[     160,     180 )   90259   9.026%  64.789% ##
[     180,     200 )   70931   7.093%  71.882% #
[     200,     250 )  115854  11.585%  83.468% ##
[     250,     300 )   63317   6.332%  89.799% #
[     300,     350 )   37063   3.706%  93.506% #
[     350,     400 )   21862   2.186%  95.692% 
[     400,     450 )   12651   1.265%  96.957% 
[     450,     500 )    7622   0.762%  97.719% 
[     500,     600 )    6737   0.674%  98.393% 
[     600,     700 )    2049   0.205%  98.598% 
[     700,     800 )     596   0.060%  98.657% 
[     800,     900 )     196   0.020%  98.677% 
[     900,    1000 )     116   0.012%  98.689% 
[    1000,    1200 )     138   0.014%  98.702% 
[    1200,    1400 )     154   0.015%  98.718% 
[    1400,    1600 )     107   0.011%  98.729% 
[    1600,    1800 )      86   0.009%  98.737% 
[    1800,    2000 )      89   0.009%  98.746% 
[    2000,    2500 )     193   0.019%  98.765% 
[    2500,    3000 )     167   0.017%  98.782% 
[    3000,    3500 )     181   0.018%  98.800% 
[    3500,    4000 )     164   0.016%  98.817% 
[    4000,    4500 )     130   0.013%  98.830% 
[    4500,    5000 )     124   0.012%  98.842% 
[    5000,    6000 )     238   0.024%  98.866% 
[    6000,    7000 )     231   0.023%  98.889% 
[    7000,    8000 )     195   0.019%  98.908% 
[    8000,    9000 )     267   0.027%  98.935% 
[    9000,   10000 )     477   0.048%  98.983% 
[   10000,   12000 )    1875   0.188%  99.170% 
[   12000,   14000 )    2833   0.283%  99.454% 
[   14000,   16000 )    3093   0.309%  99.763% 
[   16000,   18000 )    1425   0.143%  99.905% 
[   18000,   20000 )     454   0.045%  99.951% 
[   20000,   25000 )     300   0.030%  99.981% 
[   25000,   30000 )     159   0.016%  99.997% 
[   30000,   35000 )      28   0.003%  99.999% 
[   35000,   40000 )       4   0.000% 100.000% 
[   40000,   45000 )       2   0.000% 100.000% 

Read info: 
Count: 0  Average: 0.0000  StdDev: 0.00
Percentiles(us): P50: -nan P90: -nan P99: -nan P99.9: -nan P99.99: -nan
------------------------------------------------------

Write info: 
Count: 1000000  Average: 331.8548  StdDev: 1515.45
Percentiles(us): P50: 149.00 P90: 302.71 P99: 10184.53 P99.9: 17925.61 P99.99: 27924.53
------------------------------------------------------
[      45,      50 )       4   0.000%   0.000% 
[      50,      60 )    8913   0.891%   0.892% 
[      60,      70 )   30941   3.094%   3.986% #
[      70,      80 )   43499   4.350%   8.336% #
[      80,      90 )   59343   5.934%  14.270% #
[      90,     100 )   69218   6.922%  21.192% #
[     100,     120 )  128517  12.852%  34.044% ###
[     120,     140 )  112365  11.237%  45.280% ##
[     140,     160 )  104833  10.483%  55.763% ##
[     160,     180 )   90259   9.026%  64.789% ##
[     180,     200 )   70931   7.093%  71.882% #
[     200,     250 )  115854  11.585%  83.468% ##
[     250,     300 )   63317   6.332%  89.799% #
[     300,     350 )   37063   3.706%  93.506% #
[     350,     400 )   21862   2.186%  95.692% 
[     400,     450 )   12651   1.265%  96.957% 
[     450,     500 )    7622   0.762%  97.719% 
[     500,     600 )    6737   0.674%  98.393% 
[     600,     700 )    2049   0.205%  98.598% 
[     700,     800 )     596   0.060%  98.657% 
[     800,     900 )     196   0.020%  98.677% 
[     900,    1000 )     116   0.012%  98.689% 
[    1000,    1200 )     138   0.014%  98.702% 
[    1200,    1400 )     154   0.015%  98.718% 
[    1400,    1600 )     107   0.011%  98.729% 
[    1600,    1800 )      86   0.009%  98.737% 
[    1800,    2000 )      89   0.009%  98.746% 
[    2000,    2500 )     193   0.019%  98.765% 
[    2500,    3000 )     167   0.017%  98.782% 
[    3000,    3500 )     181   0.018%  98.800% 
[    3500,    4000 )     164   0.016%  98.817% 
[    4000,    4500 )     130   0.013%  98.830% 
[    4500,    5000 )     124   0.012%  98.842% 
[    5000,    6000 )     238   0.024%  98.866% 
[    6000,    7000 )     231   0.023%  98.889% 
[    7000,    8000 )     195   0.019%  98.908% 
[    8000,    9000 )     267   0.027%  98.935% 
[    9000,   10000 )     477   0.048%  98.983% 
[   10000,   12000 )    1875   0.188%  99.170% 
[   12000,   14000 )    2833   0.283%  99.454% 
[   14000,   16000 )    3093   0.309%  99.763% 
[   16000,   18000 )    1425   0.143%  99.905% 
[   18000,   20000 )     454   0.045%  99.951% 
[   20000,   25000 )     300   0.030%  99.981% 
[   25000,   30000 )     159   0.016%  99.997% 
[   30000,   35000 )      28   0.003%  99.999% 
[   35000,   40000 )       4   0.000% 100.000% 
[   40000,   45000 )       2   0.000% 100.000% 


