
nofdb	workloads/workloadg_zipfian.spec	32
# Load duration (sec): 34.6106
# Loading records:	3000000
# Load throughput (KOPS): 86.6786
Count: 3000000  Average: 365.4624  StdDev: 5916.97
Percentiles(us): P50: 243.38 P90: 462.20 P99: 999.18 P99.9: 12816.02 P99.99: 23793.10
------------------------------------------------------
[     160,     180 )     347   0.012%   0.012% 
[     180,     200 )    4184   0.139%   0.151% 
[     200,     250 ) 1723596  57.453%  57.604% ###########
[     250,     300 )  374872  12.496%  70.100% ##
[     300,     350 )  260238   8.675%  78.775% ##
[     350,     400 )  226439   7.548%  86.323% ##
[     400,     450 )   98453   3.282%  89.604% #
[     450,     500 )   48657   1.622%  91.226% 
[     500,     600 )  139950   4.665%  95.891% #
[     600,     700 )   39215   1.307%  97.198% 
[     700,     800 )   33846   1.128%  98.327% 
[     800,     900 )   10675   0.356%  98.682% 
[     900,    1000 )    9607   0.320%  99.003% 
[    1000,    1200 )    6836   0.228%  99.231% 
[    1200,    1400 )    2953   0.098%  99.329% 
[    1400,    1600 )    1562   0.052%  99.381% 
[    1600,    1800 )    1118   0.037%  99.418% 
[    1800,    2000 )     857   0.029%  99.447% 
[    2000,    2500 )    1756   0.059%  99.505% 
[    2500,    3000 )    1219   0.041%  99.546% 
[    3000,    3500 )     938   0.031%  99.577% 
[    3500,    4000 )     798   0.027%  99.604% 
[    4000,    4500 )     620   0.021%  99.625% 
[    4500,    5000 )     534   0.018%  99.642% 
[    5000,    6000 )     938   0.031%  99.674% 
[    6000,    7000 )     879   0.029%  99.703% 
[    7000,    8000 )     895   0.030%  99.733% 
[    8000,    9000 )     982   0.033%  99.765% 
[    9000,   10000 )    1087   0.036%  99.802% 
[   10000,   12000 )    2246   0.075%  99.877% 
[   12000,   14000 )    1723   0.057%  99.934% 
[   14000,   16000 )     957   0.032%  99.966% 
[   16000,   18000 )     438   0.015%  99.981% 
[   18000,   20000 )     175   0.006%  99.986% 
[   20000,   25000 )     145   0.005%  99.991% 
[   25000,   30000 )      61   0.002%  99.993% 
[   30000,   35000 )      45   0.002%  99.995% 
[   35000,   40000 )      36   0.001%  99.996% 
[   40000,   45000 )      15   0.001%  99.996% 
[   45000,   50000 )      11   0.000%  99.997% 
[   50000,   60000 )       1   0.000%  99.997% 
[  100000,  120000 )       3   0.000%  99.997% 
[  120000,  140000 )      29   0.001%  99.998% 
[  200000,  250000 )      32   0.001%  99.999% 
[ 1600000, 1800000 )      32   0.001% 100.000% 


---------- RPC REPLICA STATISTICS -----------
Avg send latency (us):	6.14891e+12
Avg receive latency (us):	1.34528e+06

# Run duration (sec): 53.0005
# Run operations:	3000000
# Run throughput (KOPS): 56.6032
Count: 3000000  Average: 555.3978  StdDev: 1295.89
Percentiles(us): P50: 237.17 P90: 561.08 P99: 6714.60 P99.9: 13148.55 P99.99: 21765.68
------------------------------------------------------
[     160,     180 )     619   0.021%   0.021% 
[     180,     200 )    5765   0.192%   0.213% 
[     200,     250 ) 2009036  66.968%  67.181% #############
[     250,     300 )  247722   8.257%  75.438% ##
[     300,     350 )  155972   5.199%  80.637% #
[     350,     400 )  155011   5.167%  85.804% #
[     400,     450 )   59889   1.996%  87.800% 
[     450,     500 )   23391   0.780%  88.580% 
[     500,     600 )   69742   2.325%  90.905% 
[     600,     700 )   17604   0.587%  91.492% 
[     700,     800 )   18061   0.602%  92.094% 
[     800,     900 )    7783   0.259%  92.353% 
[     900,    1000 )    9218   0.307%  92.660% 
[    1000,    1200 )   11953   0.398%  93.059% 
[    1200,    1400 )   10159   0.339%  93.398% 
[    1400,    1600 )    9166   0.306%  93.703% 
[    1600,    1800 )    8648   0.288%  93.991% 
[    1800,    2000 )    8397   0.280%  94.271% 
[    2000,    2500 )   21033   0.701%  94.972% 
[    2500,    3000 )   19165   0.639%  95.611% 
[    3000,    3500 )   17725   0.591%  96.202% 
[    3500,    4000 )   17141   0.571%  96.773% 
[    4000,    4500 )   16091   0.536%  97.310% 
[    4500,    5000 )   14422   0.481%  97.790% 
[    5000,    6000 )   24101   0.803%  98.594% 
[    6000,    7000 )   17053   0.568%  99.162% 
[    7000,    8000 )    9764   0.325%  99.488% 
[    8000,    9000 )    4700   0.157%  99.644% 
[    9000,   10000 )    2651   0.088%  99.733% 
[   10000,   12000 )    3692   0.123%  99.856% 
[   12000,   14000 )    2309   0.077%  99.933% 
[   14000,   16000 )     968   0.032%  99.965% 
[   16000,   18000 )     393   0.013%  99.978% 
[   18000,   20000 )     249   0.008%  99.986% 
[   20000,   25000 )     303   0.010%  99.997% 
[   25000,   30000 )      36   0.001%  99.998% 
[   30000,   35000 )      17   0.001%  99.998% 
[   35000,   40000 )       7   0.000%  99.999% 
[   40000,   45000 )       9   0.000%  99.999% 
[   45000,   50000 )       3   0.000%  99.999% 
[   90000,  100000 )      26   0.001% 100.000% 
[  100000,  120000 )       6   0.000% 100.000% 

Read info: 
Count: 0  Average: 0.0000  StdDev: 0.00
Percentiles(us): P50: -nan P90: -nan P99: -nan P99.9: -nan P99.99: -nan
------------------------------------------------------

Write info: 
Count: 3000000  Average: 555.3978  StdDev: 1295.89
Percentiles(us): P50: 237.17 P90: 561.08 P99: 6714.60 P99.9: 13148.55 P99.99: 21765.68
------------------------------------------------------
[     160,     180 )     619   0.021%   0.021% 
[     180,     200 )    5765   0.192%   0.213% 
[     200,     250 ) 2009036  66.968%  67.181% #############
[     250,     300 )  247722   8.257%  75.438% ##
[     300,     350 )  155972   5.199%  80.637% #
[     350,     400 )  155011   5.167%  85.804% #
[     400,     450 )   59889   1.996%  87.800% 
[     450,     500 )   23391   0.780%  88.580% 
[     500,     600 )   69742   2.325%  90.905% 
[     600,     700 )   17604   0.587%  91.492% 
[     700,     800 )   18061   0.602%  92.094% 
[     800,     900 )    7783   0.259%  92.353% 
[     900,    1000 )    9218   0.307%  92.660% 
[    1000,    1200 )   11953   0.398%  93.059% 
[    1200,    1400 )   10159   0.339%  93.398% 
[    1400,    1600 )    9166   0.306%  93.703% 
[    1600,    1800 )    8648   0.288%  93.991% 
[    1800,    2000 )    8397   0.280%  94.271% 
[    2000,    2500 )   21033   0.701%  94.972% 
[    2500,    3000 )   19165   0.639%  95.611% 
[    3000,    3500 )   17725   0.591%  96.202% 
[    3500,    4000 )   17141   0.571%  96.773% 
[    4000,    4500 )   16091   0.536%  97.310% 
[    4500,    5000 )   14422   0.481%  97.790% 
[    5000,    6000 )   24101   0.803%  98.594% 
[    6000,    7000 )   17053   0.568%  99.162% 
[    7000,    8000 )    9764   0.325%  99.488% 
[    8000,    9000 )    4700   0.157%  99.644% 
[    9000,   10000 )    2651   0.088%  99.733% 
[   10000,   12000 )    3692   0.123%  99.856% 
[   12000,   14000 )    2309   0.077%  99.933% 
[   14000,   16000 )     968   0.032%  99.965% 
[   16000,   18000 )     393   0.013%  99.978% 
[   18000,   20000 )     249   0.008%  99.986% 
[   20000,   25000 )     303   0.010%  99.997% 
[   25000,   30000 )      36   0.001%  99.998% 
[   30000,   35000 )      17   0.001%  99.998% 
[   35000,   40000 )       7   0.000%  99.999% 
[   40000,   45000 )       9   0.000%  99.999% 
[   45000,   50000 )       3   0.000%  99.999% 
[   90000,  100000 )      26   0.001% 100.000% 
[  100000,  120000 )       6   0.000% 100.000% 


