
nofdb	workloads/workloadc_uniform.spec	32
# Load duration (sec): 34.4353
# Loading records:	3000000
# Load throughput (KOPS): 87.12
Count: 3000000  Average: 363.7794  StdDev: 5736.05
Percentiles(us): P50: 243.41 P90: 463.60 P99: 1001.89 P99.9: 12586.02 P99.99: 20573.77
------------------------------------------------------
[     160,     180 )     378   0.013%   0.013% 
[     180,     200 )    4204   0.140%   0.153% 
[     200,     250 ) 1722345  57.412%  57.564% ###########
[     250,     300 )  375204  12.507%  70.071% ###
[     300,     350 )  258068   8.602%  78.673% ##
[     350,     400 )  225541   7.518%  86.191% ##
[     400,     450 )  101179   3.373%  89.564% #
[     450,     500 )   48100   1.603%  91.167% 
[     500,     600 )  139042   4.635%  95.802% #
[     600,     700 )   40928   1.364%  97.166% 
[     700,     800 )   34124   1.137%  98.304% 
[     800,     900 )   11229   0.374%  98.678% 
[     900,    1000 )    9592   0.320%  98.998% 
[    1000,    1200 )    6992   0.233%  99.231% 
[    1200,    1400 )    3026   0.101%  99.332% 
[    1400,    1600 )    1623   0.054%  99.386% 
[    1600,    1800 )    1151   0.038%  99.424% 
[    1800,    2000 )     839   0.028%  99.452% 
[    2000,    2500 )    1826   0.061%  99.513% 
[    2500,    3000 )    1397   0.047%  99.560% 
[    3000,    3500 )     999   0.033%  99.593% 
[    3500,    4000 )     800   0.027%  99.620% 
[    4000,    4500 )     606   0.020%  99.640% 
[    4500,    5000 )     533   0.018%  99.658% 
[    5000,    6000 )     935   0.031%  99.689% 
[    6000,    7000 )     888   0.030%  99.718% 
[    7000,    8000 )     901   0.030%  99.748% 
[    8000,    9000 )     928   0.031%  99.779% 
[    9000,   10000 )     944   0.031%  99.811% 
[   10000,   12000 )    2242   0.075%  99.885% 
[   12000,   14000 )    1488   0.050%  99.935% 
[   14000,   16000 )     866   0.029%  99.964% 
[   16000,   18000 )     491   0.016%  99.980% 
[   18000,   20000 )     277   0.009%  99.990% 
[   20000,   25000 )     122   0.004%  99.994% 
[   25000,   30000 )      20   0.001%  99.994% 
[   30000,   35000 )      27   0.001%  99.995% 
[   35000,   40000 )      16   0.001%  99.996% 
[   45000,   50000 )       1   0.000%  99.996% 
[   90000,  100000 )       1   0.000%  99.996% 
[  100000,  120000 )      31   0.001%  99.997% 
[  120000,  140000 )      32   0.001%  99.998% 
[  140000,  160000 )      27   0.001%  99.999% 
[  160000,  180000 )       5   0.000%  99.999% 
[ 1600000, 1800000 )      32   0.001% 100.000% 


---------- RPC REPLICA STATISTICS -----------
Avg send latency (us):	6.14891e+12
Avg receive latency (us):	1.24935e+06

# Run duration (sec): 32.7775
# Run operations:	3000000
# Run throughput (KOPS): 91.5262
Count: 3000000  Average: 345.0887  StdDev: 678.71
Percentiles(us): P50: 273.45 P90: 474.13 P99: 1113.65 P99.9: 11952.17 P99.99: 15874.51
------------------------------------------------------
[     100,     120 )       2   0.000%   0.000% 
[     120,     140 )    1437   0.048%   0.048% 
[     140,     160 )    2395   0.080%   0.128% 
[     160,     180 )  642821  21.427%  21.555% ####
[     180,     200 )  117797   3.927%  25.482% #
[     200,     250 )  198518   6.617%  32.099% #
[     250,     300 ) 1144828  38.161%  70.260% ########
[     300,     350 )  252480   8.416%  78.676% ##
[     350,     400 )  182283   6.076%  84.752% #
[     400,     450 )  113352   3.778%  88.530% #
[     450,     500 )   91369   3.046%  91.576% #
[     500,     600 )   93735   3.125%  94.701% #
[     600,     700 )   66069   2.202%  96.903% 
[     700,     800 )   31459   1.049%  97.952% 
[     800,     900 )   16670   0.556%  98.507% 
[     900,    1000 )    9956   0.332%  98.839% 
[    1000,    1200 )    8498   0.283%  99.122% 
[    1200,    1400 )    3481   0.116%  99.238% 
[    1400,    1600 )    1836   0.061%  99.300% 
[    1600,    1800 )    1154   0.038%  99.338% 
[    1800,    2000 )     837   0.028%  99.366% 
[    2000,    2500 )    1528   0.051%  99.417% 
[    2500,    3000 )    1277   0.043%  99.459% 
[    3000,    3500 )    1170   0.039%  99.498% 
[    3500,    4000 )    1007   0.034%  99.532% 
[    4000,    4500 )     877   0.029%  99.561% 
[    4500,    5000 )     760   0.025%  99.587% 
[    5000,    6000 )    1324   0.044%  99.631% 
[    6000,    7000 )    1234   0.041%  99.672% 
[    7000,    8000 )    1234   0.041%  99.713% 
[    8000,    9000 )    1345   0.045%  99.758% 
[    9000,   10000 )    1451   0.048%  99.806% 
[   10000,   12000 )    2885   0.096%  99.902% 
[   12000,   14000 )    1914   0.064%  99.966% 
[   14000,   16000 )     765   0.026%  99.992% 
[   16000,   18000 )     158   0.005%  99.997% 
[   18000,   20000 )      34   0.001%  99.998% 
[   20000,   25000 )      17   0.001%  99.999% 
[   25000,   30000 )      28   0.001% 100.000% 
[   30000,   35000 )       7   0.000% 100.000% 
[   35000,   40000 )       7   0.000% 100.000% 
[   40000,   45000 )       1   0.000% 100.000% 

Read info: 
Count: 3000000  Average: 345.0887  StdDev: 678.71
Percentiles(us): P50: 273.45 P90: 474.13 P99: 1113.65 P99.9: 11952.17 P99.99: 15874.51
------------------------------------------------------
[     100,     120 )       2   0.000%   0.000% 
[     120,     140 )    1437   0.048%   0.048% 
[     140,     160 )    2395   0.080%   0.128% 
[     160,     180 )  642821  21.427%  21.555% ####
[     180,     200 )  117797   3.927%  25.482% #
[     200,     250 )  198518   6.617%  32.099% #
[     250,     300 ) 1144828  38.161%  70.260% ########
[     300,     350 )  252480   8.416%  78.676% ##
[     350,     400 )  182283   6.076%  84.752% #
[     400,     450 )  113352   3.778%  88.530% #
[     450,     500 )   91369   3.046%  91.576% #
[     500,     600 )   93735   3.125%  94.701% #
[     600,     700 )   66069   2.202%  96.903% 
[     700,     800 )   31459   1.049%  97.952% 
[     800,     900 )   16670   0.556%  98.507% 
[     900,    1000 )    9956   0.332%  98.839% 
[    1000,    1200 )    8498   0.283%  99.122% 
[    1200,    1400 )    3481   0.116%  99.238% 
[    1400,    1600 )    1836   0.061%  99.300% 
[    1600,    1800 )    1154   0.038%  99.338% 
[    1800,    2000 )     837   0.028%  99.366% 
[    2000,    2500 )    1528   0.051%  99.417% 
[    2500,    3000 )    1277   0.043%  99.459% 
[    3000,    3500 )    1170   0.039%  99.498% 
[    3500,    4000 )    1007   0.034%  99.532% 
[    4000,    4500 )     877   0.029%  99.561% 
[    4500,    5000 )     760   0.025%  99.587% 
[    5000,    6000 )    1324   0.044%  99.631% 
[    6000,    7000 )    1234   0.041%  99.672% 
[    7000,    8000 )    1234   0.041%  99.713% 
[    8000,    9000 )    1345   0.045%  99.758% 
[    9000,   10000 )    1451   0.048%  99.806% 
[   10000,   12000 )    2885   0.096%  99.902% 
[   12000,   14000 )    1914   0.064%  99.966% 
[   14000,   16000 )     765   0.026%  99.992% 
[   16000,   18000 )     158   0.005%  99.997% 
[   18000,   20000 )      34   0.001%  99.998% 
[   20000,   25000 )      17   0.001%  99.999% 
[   25000,   30000 )      28   0.001% 100.000% 
[   30000,   35000 )       7   0.000% 100.000% 
[   35000,   40000 )       7   0.000% 100.000% 
[   40000,   45000 )       1   0.000% 100.000% 

Write info: 
Count: 0  Average: 0.0000  StdDev: 0.00
Percentiles(us): P50: -nan P90: -nan P99: -nan P99.9: -nan P99.99: -nan
------------------------------------------------------


