
nofdb	workloads/workloadc_zipfian.spec	32
# Load duration (sec): 34.4719
# Loading records:	3000000
# Load throughput (KOPS): 87.0274
Count: 3000000  Average: 364.5828  StdDev: 5743.88
Percentiles(us): P50: 243.64 P90: 460.88 P99: 1000.35 P99.9: 12752.37 P99.99: 24603.17
------------------------------------------------------
[     160,     180 )     320   0.011%   0.011% 
[     180,     200 )    4117   0.137%   0.148% 
[     200,     250 ) 1713374  57.112%  57.260% ###########
[     250,     300 )  376952  12.565%  69.825% ###
[     300,     350 )  265814   8.860%  78.686% ##
[     350,     400 )  226986   7.566%  86.252% ##
[     400,     450 )  101915   3.397%  89.649% #
[     450,     500 )   48356   1.612%  91.261% 
[     500,     600 )  137512   4.584%  95.845% #
[     600,     700 )   40778   1.359%  97.204% 
[     700,     800 )   33419   1.114%  98.318% 
[     800,     900 )   10947   0.365%  98.683% 
[     900,    1000 )    9498   0.317%  99.000% 
[    1000,    1200 )    6826   0.228%  99.227% 
[    1200,    1400 )    2925   0.098%  99.325% 
[    1400,    1600 )    1644   0.055%  99.379% 
[    1600,    1800 )    1163   0.039%  99.418% 
[    1800,    2000 )     880   0.029%  99.448% 
[    2000,    2500 )    1776   0.059%  99.507% 
[    2500,    3000 )    1219   0.041%  99.547% 
[    3000,    3500 )     927   0.031%  99.578% 
[    3500,    4000 )     786   0.026%  99.604% 
[    4000,    4500 )     637   0.021%  99.626% 
[    4500,    5000 )     529   0.018%  99.643% 
[    5000,    6000 )     897   0.030%  99.673% 
[    6000,    7000 )     917   0.031%  99.704% 
[    7000,    8000 )     941   0.031%  99.735% 
[    8000,    9000 )     998   0.033%  99.768% 
[    9000,   10000 )    1159   0.039%  99.807% 
[   10000,   12000 )    2194   0.073%  99.880% 
[   12000,   14000 )    1579   0.053%  99.933% 
[   14000,   16000 )     855   0.029%  99.961% 
[   16000,   18000 )     420   0.014%  99.975% 
[   18000,   20000 )     266   0.009%  99.984% 
[   20000,   25000 )     189   0.006%  99.991% 
[   25000,   30000 )      88   0.003%  99.993% 
[   30000,   35000 )      28   0.001%  99.994% 
[   35000,   40000 )      47   0.002%  99.996% 
[   40000,   45000 )      23   0.001%  99.997% 
[   45000,   50000 )       3   0.000%  99.997% 
[  100000,  120000 )      32   0.001%  99.998% 
[  120000,  140000 )      32   0.001%  99.999% 
[ 1600000, 1800000 )      32   0.001% 100.000% 


---------- RPC REPLICA STATISTICS -----------
Avg send latency (us):	6.14891e+12
Avg receive latency (us):	1.1587e+06

# Run duration (sec): 37.5523
# Run operations:	3000000
# Run throughput (KOPS): 79.8886
Count: 3000000  Average: 396.1216  StdDev: 868.71
Percentiles(us): P50: 178.91 P90: 453.34 P99: 4177.22 P99.9: 11619.08 P99.99: 15242.49
------------------------------------------------------
[     100,     120 )      26   0.001%   0.001% 
[     120,     140 )    3385   0.113%   0.114% 
[     140,     160 )    5665   0.189%   0.303% 
[     160,     180 ) 1576876  52.563%  52.865% ###########
[     180,     200 )  207099   6.903%  59.768% #
[     200,     250 )  236298   7.877%  67.645% ##
[     250,     300 )  440352  14.678%  82.323% ###
[     300,     350 )   98054   3.268%  85.592% #
[     350,     400 )   76270   2.542%  88.134% #
[     400,     450 )   54003   1.800%  89.934% 
[     450,     500 )   29520   0.984%  90.918% 
[     500,     600 )   39292   1.310%  92.228% 
[     600,     700 )   21974   0.732%  92.960% 
[     700,     800 )   13431   0.448%  93.408% 
[     800,     900 )    9855   0.329%  93.737% 
[     900,    1000 )    9392   0.313%  94.050% 
[    1000,    1200 )   15041   0.501%  94.551% 
[    1200,    1400 )   13975   0.466%  95.017% 
[    1400,    1600 )   13256   0.442%  95.459% 
[    1600,    1800 )   11966   0.399%  95.858% 
[    1800,    2000 )   11432   0.381%  96.239% 
[    2000,    2500 )   26160   0.872%  97.111% 
[    2500,    3000 )   21958   0.732%  97.843% 
[    3000,    3500 )   17713   0.590%  98.433% 
[    3500,    4000 )   13570   0.452%  98.885% 
[    4000,    4500 )    9697   0.323%  99.209% 
[    4500,    5000 )    6222   0.207%  99.416% 
[    5000,    6000 )    5259   0.175%  99.591% 
[    6000,    7000 )    1911   0.064%  99.655% 
[    7000,    8000 )    1446   0.048%  99.703% 
[    8000,    9000 )    1551   0.052%  99.755% 
[    9000,   10000 )    1720   0.057%  99.812% 
[   10000,   12000 )    3250   0.108%  99.921% 
[   12000,   14000 )    1812   0.060%  99.981% 
[   14000,   16000 )     433   0.014%  99.995% 
[   16000,   18000 )      83   0.003%  99.998% 
[   18000,   20000 )      20   0.001%  99.999% 
[   20000,   25000 )      15   0.001%  99.999% 
[   25000,   30000 )      10   0.000% 100.000% 
[   30000,   35000 )       5   0.000% 100.000% 
[   35000,   40000 )       3   0.000% 100.000% 

Read info: 
Count: 3000000  Average: 396.1216  StdDev: 868.71
Percentiles(us): P50: 178.91 P90: 453.34 P99: 4177.22 P99.9: 11619.08 P99.99: 15242.49
------------------------------------------------------
[     100,     120 )      26   0.001%   0.001% 
[     120,     140 )    3385   0.113%   0.114% 
[     140,     160 )    5665   0.189%   0.303% 
[     160,     180 ) 1576876  52.563%  52.865% ###########
[     180,     200 )  207099   6.903%  59.768% #
[     200,     250 )  236298   7.877%  67.645% ##
[     250,     300 )  440352  14.678%  82.323% ###
[     300,     350 )   98054   3.268%  85.592% #
[     350,     400 )   76270   2.542%  88.134% #
[     400,     450 )   54003   1.800%  89.934% 
[     450,     500 )   29520   0.984%  90.918% 
[     500,     600 )   39292   1.310%  92.228% 
[     600,     700 )   21974   0.732%  92.960% 
[     700,     800 )   13431   0.448%  93.408% 
[     800,     900 )    9855   0.329%  93.737% 
[     900,    1000 )    9392   0.313%  94.050% 
[    1000,    1200 )   15041   0.501%  94.551% 
[    1200,    1400 )   13975   0.466%  95.017% 
[    1400,    1600 )   13256   0.442%  95.459% 
[    1600,    1800 )   11966   0.399%  95.858% 
[    1800,    2000 )   11432   0.381%  96.239% 
[    2000,    2500 )   26160   0.872%  97.111% 
[    2500,    3000 )   21958   0.732%  97.843% 
[    3000,    3500 )   17713   0.590%  98.433% 
[    3500,    4000 )   13570   0.452%  98.885% 
[    4000,    4500 )    9697   0.323%  99.209% 
[    4500,    5000 )    6222   0.207%  99.416% 
[    5000,    6000 )    5259   0.175%  99.591% 
[    6000,    7000 )    1911   0.064%  99.655% 
[    7000,    8000 )    1446   0.048%  99.703% 
[    8000,    9000 )    1551   0.052%  99.755% 
[    9000,   10000 )    1720   0.057%  99.812% 
[   10000,   12000 )    3250   0.108%  99.921% 
[   12000,   14000 )    1812   0.060%  99.981% 
[   14000,   16000 )     433   0.014%  99.995% 
[   16000,   18000 )      83   0.003%  99.998% 
[   18000,   20000 )      20   0.001%  99.999% 
[   20000,   25000 )      15   0.001%  99.999% 
[   25000,   30000 )      10   0.000% 100.000% 
[   30000,   35000 )       5   0.000% 100.000% 
[   35000,   40000 )       3   0.000% 100.000% 

Write info: 
Count: 0  Average: 0.0000  StdDev: 0.00
Percentiles(us): P50: -nan P90: -nan P99: -nan P99.9: -nan P99.99: -nan
------------------------------------------------------


