
nofdb	workloads/workloadc_uniform.spec	32
# Load duration (sec): 329.062
# Loading records:	30000000
# Load throughput (KOPS): 91.1683
Count: 30000000  Average: 349.2264  StdDev: 2637.69
Percentiles(us): P50: 238.60 P90: 428.47 P99: 1510.27 P99.9: 15615.34 P99.99: 34755.27
------------------------------------------------------
[     140,     160 )    2317   0.008%   0.008% 
[     160,     180 )   41261   0.138%   0.145% 
[     180,     200 )  594547   1.982%   2.127% 
[     200,     250 ) 18605146  62.017%  64.144% ############
[     250,     300 ) 3404092  11.347%  75.491% ##
[     300,     350 ) 2562821   8.543%  84.034% ##
[     350,     400 ) 1492437   4.975%  89.009% #
[     400,     450 )  522232   1.741%  90.750% 
[     450,     500 )  663060   2.210%  92.960% 
[     500,     600 ) 1007304   3.358%  96.317% #
[     600,     700 )  354164   1.181%  97.498% 
[     700,     800 )  172948   0.576%  98.074% 
[     800,     900 )  109213   0.364%  98.438% 
[     900,    1000 )   49503   0.165%  98.603% 
[    1000,    1200 )   65550   0.218%  98.822% 
[    1200,    1400 )   37320   0.124%  98.946% 
[    1400,    1600 )   29173   0.097%  99.044% 
[    1600,    1800 )   26305   0.088%  99.131% 
[    1800,    2000 )   21321   0.071%  99.202% 
[    2000,    2500 )   39154   0.131%  99.333% 
[    2500,    3000 )   23335   0.078%  99.411% 
[    3000,    3500 )   14785   0.049%  99.460% 
[    3500,    4000 )   10145   0.034%  99.494% 
[    4000,    4500 )    7653   0.026%  99.519% 
[    4500,    5000 )    6275   0.021%  99.540% 
[    5000,    6000 )   10462   0.035%  99.575% 
[    6000,    7000 )    9697   0.032%  99.607% 
[    7000,    8000 )   10046   0.033%  99.641% 
[    8000,    9000 )   11353   0.038%  99.679% 
[    9000,   10000 )   11870   0.040%  99.718% 
[   10000,   12000 )   23763   0.079%  99.798% 
[   12000,   14000 )   19082   0.064%  99.861% 
[   14000,   16000 )   14444   0.048%  99.909% 
[   16000,   18000 )    8896   0.030%  99.939% 
[   18000,   20000 )    5150   0.017%  99.956% 
[   20000,   25000 )    4583   0.015%  99.971% 
[   25000,   30000 )    4330   0.014%  99.986% 
[   30000,   35000 )    1328   0.004%  99.990% 
[   35000,   40000 )     750   0.003%  99.993% 
[   40000,   45000 )     503   0.002%  99.994% 
[   45000,   50000 )     395   0.001%  99.996% 
[   50000,   60000 )     292   0.001%  99.997% 
[   60000,   70000 )     161   0.001%  99.997% 
[   70000,   80000 )      92   0.000%  99.998% 
[   80000,   90000 )      81   0.000%  99.998% 
[   90000,  100000 )     111   0.000%  99.998% 
[  100000,  120000 )      28   0.000%  99.998% 
[  120000,  140000 )     106   0.000%  99.999% 
[  180000,  200000 )      64   0.000%  99.999% 
[  200000,  250000 )      62   0.000%  99.999% 
[  250000,  300000 )      35   0.000%  99.999% 
[  300000,  350000 )      63   0.000%  99.999% 
[  350000,  400000 )      96   0.000% 100.000% 
[  400000,  450000 )      32   0.000% 100.000% 
[  450000,  500000 )      32   0.000% 100.000% 
[ 2000000, 2500000 )      32   0.000% 100.000% 


---------- RPC REPLICA STATISTICS -----------
Avg send latency (us):	189075
Avg receive latency (us):	6.14891e+11

# Run duration (sec): 297.215
# Run operations:	30000000
# Run throughput (KOPS): 100.937
Count: 30000000  Average: 315.0693  StdDev: 671.35
Percentiles(us): P50: 235.13 P90: 420.09 P99: 950.53 P99.9: 11894.17 P99.99: 15382.74
------------------------------------------------------
[      90,     100 )      24   0.000%   0.000% 
[     100,     120 )   10962   0.037%   0.037% 
[     120,     140 )   23417   0.078%   0.115% 
[     140,     160 ) 5543657  18.479%  18.594% ####
[     160,     180 ) 1707681   5.692%  24.286% #
[     180,     200 )  516082   1.720%  26.006% 
[     200,     250 ) 10243993  34.147%  60.153% #######
[     250,     300 ) 4789824  15.966%  76.119% ###
[     300,     350 ) 2349606   7.832%  83.951% ##
[     350,     400 ) 1400422   4.668%  88.619% #
[     400,     450 ) 1031275   3.438%  92.056% #
[     450,     500 )  513210   1.711%  93.767% 
[     500,     600 )  842204   2.807%  96.575% #
[     600,     700 )  418250   1.394%  97.969% 
[     700,     800 )  184614   0.615%  98.584% 
[     800,     900 )   99700   0.332%  98.916% 
[     900,    1000 )   49629   0.165%  99.082% 
[    1000,    1200 )   45235   0.151%  99.233% 
[    1200,    1400 )   17932   0.060%  99.292% 
[    1400,    1600 )   10101   0.034%  99.326% 
[    1600,    1800 )    7144   0.024%  99.350% 
[    1800,    2000 )    6215   0.021%  99.371% 
[    2000,    2500 )   13227   0.044%  99.415% 
[    2500,    3000 )   11579   0.039%  99.453% 
[    3000,    3500 )   10620   0.035%  99.489% 
[    3500,    4000 )    9208   0.031%  99.519% 
[    4000,    4500 )    7874   0.026%  99.546% 
[    4500,    5000 )    6919   0.023%  99.569% 
[    5000,    6000 )   12960   0.043%  99.612% 
[    6000,    7000 )   13022   0.043%  99.655% 
[    7000,    8000 )   13134   0.044%  99.699% 
[    8000,    9000 )   14503   0.048%  99.747% 
[    9000,   10000 )   16030   0.053%  99.801% 
[   10000,   12000 )   31409   0.105%  99.906% 
[   12000,   14000 )   20338   0.068%  99.973% 
[   14000,   16000 )    7232   0.024%  99.997% 
[   16000,   18000 )     623   0.002% 100.000% 
[   18000,   20000 )      61   0.000% 100.000% 
[   20000,   25000 )      58   0.000% 100.000% 
[   25000,   30000 )      24   0.000% 100.000% 
[   30000,   35000 )       2   0.000% 100.000% 

Read info: 
Count: 30000000  Average: 315.0693  StdDev: 671.35
Percentiles(us): P50: 235.13 P90: 420.09 P99: 950.53 P99.9: 11894.17 P99.99: 15382.74
------------------------------------------------------
[      90,     100 )      24   0.000%   0.000% 
[     100,     120 )   10962   0.037%   0.037% 
[     120,     140 )   23417   0.078%   0.115% 
[     140,     160 ) 5543657  18.479%  18.594% ####
[     160,     180 ) 1707681   5.692%  24.286% #
[     180,     200 )  516082   1.720%  26.006% 
[     200,     250 ) 10243993  34.147%  60.153% #######
[     250,     300 ) 4789824  15.966%  76.119% ###
[     300,     350 ) 2349606   7.832%  83.951% ##
[     350,     400 ) 1400422   4.668%  88.619% #
[     400,     450 ) 1031275   3.438%  92.056% #
[     450,     500 )  513210   1.711%  93.767% 
[     500,     600 )  842204   2.807%  96.575% #
[     600,     700 )  418250   1.394%  97.969% 
[     700,     800 )  184614   0.615%  98.584% 
[     800,     900 )   99700   0.332%  98.916% 
[     900,    1000 )   49629   0.165%  99.082% 
[    1000,    1200 )   45235   0.151%  99.233% 
[    1200,    1400 )   17932   0.060%  99.292% 
[    1400,    1600 )   10101   0.034%  99.326% 
[    1600,    1800 )    7144   0.024%  99.350% 
[    1800,    2000 )    6215   0.021%  99.371% 
[    2000,    2500 )   13227   0.044%  99.415% 
[    2500,    3000 )   11579   0.039%  99.453% 
[    3000,    3500 )   10620   0.035%  99.489% 
[    3500,    4000 )    9208   0.031%  99.519% 
[    4000,    4500 )    7874   0.026%  99.546% 
[    4500,    5000 )    6919   0.023%  99.569% 
[    5000,    6000 )   12960   0.043%  99.612% 
[    6000,    7000 )   13022   0.043%  99.655% 
[    7000,    8000 )   13134   0.044%  99.699% 
[    8000,    9000 )   14503   0.048%  99.747% 
[    9000,   10000 )   16030   0.053%  99.801% 
[   10000,   12000 )   31409   0.105%  99.906% 
[   12000,   14000 )   20338   0.068%  99.973% 
[   14000,   16000 )    7232   0.024%  99.997% 
[   16000,   18000 )     623   0.002% 100.000% 
[   18000,   20000 )      61   0.000% 100.000% 
[   20000,   25000 )      58   0.000% 100.000% 
[   25000,   30000 )      24   0.000% 100.000% 
[   30000,   35000 )       2   0.000% 100.000% 

Write info: 
Count: 0  Average: 0.0000  StdDev: 0.00
Percentiles(us): P50: -nan P90: -nan P99: -nan P99.9: -nan P99.99: -nan
------------------------------------------------------


