
nofdb	workloads/workloadg_uniform.spec	32
# Load duration (sec): 332.51
# Loading records:	30000000
# Load throughput (KOPS): 90.223
Count: 30000000  Average: 352.7535  StdDev: 3386.58
Percentiles(us): P50: 238.39 P90: 426.59 P99: 1535.72 P99.9: 15570.34 P99.99: 34831.79
------------------------------------------------------
[     140,     160 )    1965   0.007%   0.007% 
[     160,     180 )   39879   0.133%   0.139% 
[     180,     200 )  681603   2.272%   2.411% 
[     200,     250 ) 18592352  61.975%  64.386% ############
[     250,     300 ) 3376071  11.254%  75.640% ##
[     300,     350 ) 2556991   8.523%  84.163% ##
[     350,     400 ) 1475484   4.918%  89.081% #
[     400,     450 )  518403   1.728%  90.809% 
[     450,     500 )  657925   2.193%  93.002% 
[     500,     600 )  997371   3.325%  96.327% #
[     600,     700 )  352732   1.176%  97.503% 
[     700,     800 )  170871   0.570%  98.072% 
[     800,     900 )  108716   0.362%  98.435% 
[     900,    1000 )   49036   0.163%  98.598% 
[    1000,    1200 )   64575   0.215%  98.813% 
[    1200,    1400 )   36547   0.122%  98.935% 
[    1400,    1600 )   28705   0.096%  99.031% 
[    1600,    1800 )   26032   0.087%  99.118% 
[    1800,    2000 )   20651   0.069%  99.186% 
[    2000,    2500 )   38280   0.128%  99.314% 
[    2500,    3000 )   23155   0.077%  99.391% 
[    3000,    3500 )   15593   0.052%  99.443% 
[    3500,    4000 )   10888   0.036%  99.479% 
[    4000,    4500 )    8085   0.027%  99.506% 
[    4500,    5000 )    6346   0.021%  99.528% 
[    5000,    6000 )   10560   0.035%  99.563% 
[    6000,    7000 )   10082   0.034%  99.596% 
[    7000,    8000 )   10303   0.034%  99.631% 
[    8000,    9000 )   11299   0.038%  99.668% 
[    9000,   10000 )   12016   0.040%  99.708% 
[   10000,   12000 )   25531   0.085%  99.793% 
[   12000,   14000 )   20729   0.069%  99.863% 
[   14000,   16000 )   14295   0.048%  99.910% 
[   16000,   18000 )    8714   0.029%  99.939% 
[   18000,   20000 )    5115   0.017%  99.956% 
[   20000,   25000 )    4194   0.014%  99.970% 
[   25000,   30000 )    4441   0.015%  99.985% 
[   30000,   35000 )    1516   0.005%  99.990% 
[   35000,   40000 )     730   0.002%  99.993% 
[   40000,   45000 )     481   0.002%  99.994% 
[   45000,   50000 )     278   0.001%  99.995% 
[   50000,   60000 )     407   0.001%  99.996% 
[   60000,   70000 )     162   0.001%  99.997% 
[   70000,   80000 )      93   0.000%  99.997% 
[   80000,   90000 )     120   0.000%  99.998% 
[   90000,  100000 )      88   0.000%  99.998% 
[  100000,  120000 )      14   0.000%  99.998% 
[  120000,  140000 )      78   0.000%  99.998% 
[  140000,  160000 )      79   0.000%  99.999% 
[  160000,  180000 )       3   0.000%  99.999% 
[  180000,  200000 )      64   0.000%  99.999% 
[  200000,  250000 )      96   0.000%  99.999% 
[  300000,  350000 )      32   0.000%  99.999% 
[  350000,  400000 )      45   0.000%  99.999% 
[  400000,  450000 )      51   0.000% 100.000% 
[  450000,  500000 )      32   0.000% 100.000% 
[ 1400000, 1600000 )      32   0.000% 100.000% 
[ 1600000, 1800000 )      32   0.000% 100.000% 
[ 1800000, 2000000 )      32   0.000% 100.000% 


---------- RPC REPLICA STATISTICS -----------
Avg send latency (us):	6.14891e+11
Avg receive latency (us):	812578

# Run duration (sec): 368.374
# Run operations:	30000000
# Run throughput (KOPS): 81.4389
Count: 30000000  Average: 391.1379  StdDev: 1524.54
Percentiles(us): P50: 238.87 P90: 451.47 P99: 2412.39 P99.9: 19912.97 P99.99: 48632.35
------------------------------------------------------
[     140,     160 )    1223   0.004%   0.004% 
[     160,     180 )   36448   0.121%   0.126% 
[     180,     200 )  448925   1.496%   1.622% 
[     200,     250 ) 18671065  62.237%  63.859% ############
[     250,     300 ) 3300977  11.003%  74.862% ##
[     300,     350 ) 2499331   8.331%  83.193% ##
[     350,     400 ) 1502786   5.009%  88.203% #
[     400,     450 )  520393   1.735%  89.937% 
[     450,     500 )  642690   2.142%  92.079% 
[     500,     600 )  999479   3.332%  95.411% #
[     600,     700 )  362285   1.208%  96.619% 
[     700,     800 )  192276   0.641%  97.260% 
[     800,     900 )  124291   0.414%  97.674% 
[     900,    1000 )   65656   0.219%  97.893% 
[    1000,    1200 )   91748   0.306%  98.199% 
[    1200,    1400 )   58978   0.197%  98.395% 
[    1400,    1600 )   47723   0.159%  98.554% 
[    1600,    1800 )   43097   0.144%  98.698% 
[    1800,    2000 )   34965   0.117%  98.814% 
[    2000,    2500 )   67490   0.225%  99.039% 
[    2500,    3000 )   37920   0.126%  99.166% 
[    3000,    3500 )   20900   0.070%  99.235% 
[    3500,    4000 )   13121   0.044%  99.279% 
[    4000,    4500 )    9512   0.032%  99.311% 
[    4500,    5000 )    7388   0.025%  99.336% 
[    5000,    6000 )   12410   0.041%  99.377% 
[    6000,    7000 )   11285   0.038%  99.415% 
[    7000,    8000 )   12134   0.040%  99.455% 
[    8000,    9000 )   13548   0.045%  99.500% 
[    9000,   10000 )   13130   0.044%  99.544% 
[   10000,   12000 )   29558   0.099%  99.642% 
[   12000,   14000 )   28614   0.095%  99.738% 
[   14000,   16000 )   24201   0.081%  99.818% 
[   16000,   18000 )   16078   0.054%  99.872% 
[   18000,   20000 )    8756   0.029%  99.901% 
[   20000,   25000 )    8819   0.029%  99.931% 
[   25000,   30000 )   11356   0.038%  99.969% 
[   30000,   35000 )    3170   0.011%  99.979% 
[   35000,   40000 )    1451   0.005%  99.984% 
[   40000,   45000 )    1082   0.004%  99.988% 
[   45000,   50000 )    1020   0.003%  99.991% 
[   50000,   60000 )     970   0.003%  99.994% 
[   60000,   70000 )     431   0.001%  99.996% 
[   70000,   80000 )     266   0.001%  99.996% 
[   80000,   90000 )     269   0.001%  99.997% 
[   90000,  100000 )      54   0.000%  99.998% 
[  100000,  120000 )     240   0.001%  99.998% 
[  120000,  140000 )     254   0.001%  99.999% 
[  140000,  160000 )     114   0.000% 100.000% 
[  160000,  180000 )      91   0.000% 100.000% 
[  180000,  200000 )      32   0.000% 100.000% 

Read info: 
Count: 0  Average: 0.0000  StdDev: 0.00
Percentiles(us): P50: -nan P90: -nan P99: -nan P99.9: -nan P99.99: -nan
------------------------------------------------------

Write info: 
Count: 30000000  Average: 391.1379  StdDev: 1524.54
Percentiles(us): P50: 238.87 P90: 451.47 P99: 2412.39 P99.9: 19912.97 P99.99: 48632.35
------------------------------------------------------
[     140,     160 )    1223   0.004%   0.004% 
[     160,     180 )   36448   0.121%   0.126% 
[     180,     200 )  448925   1.496%   1.622% 
[     200,     250 ) 18671065  62.237%  63.859% ############
[     250,     300 ) 3300977  11.003%  74.862% ##
[     300,     350 ) 2499331   8.331%  83.193% ##
[     350,     400 ) 1502786   5.009%  88.203% #
[     400,     450 )  520393   1.735%  89.937% 
[     450,     500 )  642690   2.142%  92.079% 
[     500,     600 )  999479   3.332%  95.411% #
[     600,     700 )  362285   1.208%  96.619% 
[     700,     800 )  192276   0.641%  97.260% 
[     800,     900 )  124291   0.414%  97.674% 
[     900,    1000 )   65656   0.219%  97.893% 
[    1000,    1200 )   91748   0.306%  98.199% 
[    1200,    1400 )   58978   0.197%  98.395% 
[    1400,    1600 )   47723   0.159%  98.554% 
[    1600,    1800 )   43097   0.144%  98.698% 
[    1800,    2000 )   34965   0.117%  98.814% 
[    2000,    2500 )   67490   0.225%  99.039% 
[    2500,    3000 )   37920   0.126%  99.166% 
[    3000,    3500 )   20900   0.070%  99.235% 
[    3500,    4000 )   13121   0.044%  99.279% 
[    4000,    4500 )    9512   0.032%  99.311% 
[    4500,    5000 )    7388   0.025%  99.336% 
[    5000,    6000 )   12410   0.041%  99.377% 
[    6000,    7000 )   11285   0.038%  99.415% 
[    7000,    8000 )   12134   0.040%  99.455% 
[    8000,    9000 )   13548   0.045%  99.500% 
[    9000,   10000 )   13130   0.044%  99.544% 
[   10000,   12000 )   29558   0.099%  99.642% 
[   12000,   14000 )   28614   0.095%  99.738% 
[   14000,   16000 )   24201   0.081%  99.818% 
[   16000,   18000 )   16078   0.054%  99.872% 
[   18000,   20000 )    8756   0.029%  99.901% 
[   20000,   25000 )    8819   0.029%  99.931% 
[   25000,   30000 )   11356   0.038%  99.969% 
[   30000,   35000 )    3170   0.011%  99.979% 
[   35000,   40000 )    1451   0.005%  99.984% 
[   40000,   45000 )    1082   0.004%  99.988% 
[   45000,   50000 )    1020   0.003%  99.991% 
[   50000,   60000 )     970   0.003%  99.994% 
[   60000,   70000 )     431   0.001%  99.996% 
[   70000,   80000 )     266   0.001%  99.996% 
[   80000,   90000 )     269   0.001%  99.997% 
[   90000,  100000 )      54   0.000%  99.998% 
[  100000,  120000 )     240   0.001%  99.998% 
[  120000,  140000 )     254   0.001%  99.999% 
[  140000,  160000 )     114   0.000% 100.000% 
[  160000,  180000 )      91   0.000% 100.000% 
[  180000,  200000 )      32   0.000% 100.000% 


