
nofdb	workloads/workloadc_zipfian.spec	32
# Load duration (sec): 332.222
# Loading records:	30000000
# Load throughput (KOPS): 90.3009
Count: 30000000  Average: 352.5677  StdDev: 2967.32
Percentiles(us): P50: 238.27 P90: 427.60 P99: 1611.58 P99.9: 15472.29 P99.99: 38378.55
------------------------------------------------------
[     140,     160 )    2426   0.008%   0.008% 
[     160,     180 )   40891   0.136%   0.144% 
[     180,     200 )  660873   2.203%   2.347% 
[     200,     250 ) 18677568  62.259%  64.606% ############
[     250,     300 ) 3335034  11.117%  75.723% ##
[     300,     350 ) 2533816   8.446%  84.169% ##
[     350,     400 ) 1467239   4.891%  89.059% #
[     400,     450 )  511200   1.704%  90.763% 
[     450,     500 )  659136   2.197%  92.961% 
[     500,     600 )  994837   3.316%  96.277% #
[     600,     700 )  352311   1.174%  97.451% 
[     700,     800 )  169982   0.567%  98.018% 
[     800,     900 )  109964   0.367%  98.384% 
[     900,    1000 )   49018   0.163%  98.548% 
[    1000,    1200 )   66851   0.223%  98.770% 
[    1200,    1400 )   37671   0.126%  98.896% 
[    1400,    1600 )   29635   0.099%  98.995% 
[    1600,    1800 )   26747   0.089%  99.084% 
[    1800,    2000 )   22315   0.074%  99.158% 
[    2000,    2500 )   42860   0.143%  99.301% 
[    2500,    3000 )   26272   0.088%  99.389% 
[    3000,    3500 )   16189   0.054%  99.443% 
[    3500,    4000 )   11170   0.037%  99.480% 
[    4000,    4500 )    8487   0.028%  99.508% 
[    4500,    5000 )    6667   0.022%  99.531% 
[    5000,    6000 )   11114   0.037%  99.568% 
[    6000,    7000 )   10360   0.035%  99.602% 
[    7000,    8000 )   10350   0.035%  99.637% 
[    8000,    9000 )   11739   0.039%  99.676% 
[    9000,   10000 )   12388   0.041%  99.717% 
[   10000,   12000 )   25145   0.084%  99.801% 
[   12000,   14000 )   19824   0.066%  99.867% 
[   14000,   16000 )   13477   0.045%  99.912% 
[   16000,   18000 )    8211   0.027%  99.939% 
[   18000,   20000 )    4704   0.016%  99.955% 
[   20000,   25000 )    4133   0.014%  99.969% 
[   25000,   30000 )    4224   0.014%  99.983% 
[   30000,   35000 )    1649   0.005%  99.988% 
[   35000,   40000 )     774   0.003%  99.991% 
[   40000,   45000 )     380   0.001%  99.992% 
[   45000,   50000 )     446   0.001%  99.994% 
[   50000,   60000 )     454   0.002%  99.995% 
[   60000,   70000 )     457   0.002%  99.997% 
[   70000,   80000 )     183   0.001%  99.997% 
[   80000,   90000 )     138   0.000%  99.998% 
[   90000,  100000 )      28   0.000%  99.998% 
[  100000,  120000 )      59   0.000%  99.998% 
[  120000,  140000 )      18   0.000%  99.998% 
[  140000,  160000 )      32   0.000%  99.998% 
[  160000,  180000 )      41   0.000%  99.998% 
[  180000,  200000 )     158   0.001%  99.999% 
[  200000,  250000 )      67   0.000%  99.999% 
[  250000,  300000 )      32   0.000%  99.999% 
[  350000,  400000 )      61   0.000%  99.999% 
[  400000,  450000 )      99   0.000% 100.000% 
[  450000,  500000 )      32   0.000% 100.000% 
[ 1400000, 1600000 )      32   0.000% 100.000% 
[ 1800000, 2000000 )      32   0.000% 100.000% 


---------- RPC REPLICA STATISTICS -----------
Avg send latency (us):	580911
Avg receive latency (us):	6.14891e+11

# Run duration (sec): 244.877
# Run operations:	30000000
# Run throughput (KOPS): 122.51
Count: 30000000  Average: 260.2788  StdDev: 255.61
Percentiles(us): P50: 174.15 P90: 409.11 P99: 1540.69 P99.9: 2575.82 P99.99: 3376.60
------------------------------------------------------
[      90,     100 )     134   0.000%   0.000% 
[     100,     120 )   24712   0.082%   0.083% 
[     120,     140 )   50413   0.168%   0.251% 
[     140,     160 ) 12982962  43.277%  43.527% #########
[     160,     180 ) 2744110   9.147%  52.674% ##
[     180,     200 ) 1367526   4.558%  57.233% #
[     200,     250 ) 5198170  17.327%  74.560% ###
[     250,     300 ) 2328825   7.763%  82.323% ##
[     300,     350 ) 1369041   4.563%  86.886% #
[     350,     400 )  827244   2.757%  89.644% #
[     400,     450 )  586244   1.954%  91.598% 
[     450,     500 )  416372   1.388%  92.986% 
[     500,     600 )  520905   1.736%  94.722% 
[     600,     700 )  312027   1.040%  95.762% 
[     700,     800 )  219153   0.731%  96.493% 
[     800,     900 )  168597   0.562%  97.055% 
[     900,    1000 )  133848   0.446%  97.501% 
[    1000,    1200 )  211070   0.704%  98.205% 
[    1200,    1400 )  155807   0.519%  98.724% 
[    1400,    1600 )  117759   0.393%  99.116% 
[    1600,    1800 )   85871   0.286%  99.403% 
[    1800,    2000 )   61690   0.206%  99.608% 
[    2000,    2500 )   83474   0.278%  99.887% 
[    2500,    3000 )   26682   0.089%  99.975% 
[    3000,    3500 )    5794   0.019%  99.995% 
[    3500,    4000 )     848   0.003%  99.998% 
[    4000,    4500 )     113   0.000%  99.998% 
[    4500,    5000 )      30   0.000%  99.998% 
[    5000,    6000 )      54   0.000%  99.998% 
[    6000,    7000 )      42   0.000%  99.998% 
[    7000,    8000 )      25   0.000%  99.998% 
[    8000,    9000 )      48   0.000%  99.999% 
[    9000,   10000 )      70   0.000%  99.999% 
[   10000,   12000 )     150   0.001%  99.999% 
[   12000,   14000 )      65   0.000% 100.000% 
[   14000,   16000 )      54   0.000% 100.000% 
[   16000,   18000 )      18   0.000% 100.000% 
[   18000,   20000 )      19   0.000% 100.000% 
[   20000,   25000 )      33   0.000% 100.000% 
[   25000,   30000 )       1   0.000% 100.000% 

Read info: 
Count: 30000000  Average: 260.2788  StdDev: 255.61
Percentiles(us): P50: 174.15 P90: 409.11 P99: 1540.69 P99.9: 2575.82 P99.99: 3376.60
------------------------------------------------------
[      90,     100 )     134   0.000%   0.000% 
[     100,     120 )   24712   0.082%   0.083% 
[     120,     140 )   50413   0.168%   0.251% 
[     140,     160 ) 12982962  43.277%  43.527% #########
[     160,     180 ) 2744110   9.147%  52.674% ##
[     180,     200 ) 1367526   4.558%  57.233% #
[     200,     250 ) 5198170  17.327%  74.560% ###
[     250,     300 ) 2328825   7.763%  82.323% ##
[     300,     350 ) 1369041   4.563%  86.886% #
[     350,     400 )  827244   2.757%  89.644% #
[     400,     450 )  586244   1.954%  91.598% 
[     450,     500 )  416372   1.388%  92.986% 
[     500,     600 )  520905   1.736%  94.722% 
[     600,     700 )  312027   1.040%  95.762% 
[     700,     800 )  219153   0.731%  96.493% 
[     800,     900 )  168597   0.562%  97.055% 
[     900,    1000 )  133848   0.446%  97.501% 
[    1000,    1200 )  211070   0.704%  98.205% 
[    1200,    1400 )  155807   0.519%  98.724% 
[    1400,    1600 )  117759   0.393%  99.116% 
[    1600,    1800 )   85871   0.286%  99.403% 
[    1800,    2000 )   61690   0.206%  99.608% 
[    2000,    2500 )   83474   0.278%  99.887% 
[    2500,    3000 )   26682   0.089%  99.975% 
[    3000,    3500 )    5794   0.019%  99.995% 
[    3500,    4000 )     848   0.003%  99.998% 
[    4000,    4500 )     113   0.000%  99.998% 
[    4500,    5000 )      30   0.000%  99.998% 
[    5000,    6000 )      54   0.000%  99.998% 
[    6000,    7000 )      42   0.000%  99.998% 
[    7000,    8000 )      25   0.000%  99.998% 
[    8000,    9000 )      48   0.000%  99.999% 
[    9000,   10000 )      70   0.000%  99.999% 
[   10000,   12000 )     150   0.001%  99.999% 
[   12000,   14000 )      65   0.000% 100.000% 
[   14000,   16000 )      54   0.000% 100.000% 
[   16000,   18000 )      18   0.000% 100.000% 
[   18000,   20000 )      19   0.000% 100.000% 
[   20000,   25000 )      33   0.000% 100.000% 
[   25000,   30000 )       1   0.000% 100.000% 

Write info: 
Count: 0  Average: 0.0000  StdDev: 0.00
Percentiles(us): P50: -nan P90: -nan P99: -nan P99.9: -nan P99.99: -nan
------------------------------------------------------


