
nofdb	workloads/workloadg_zipfian.spec	32
# Load duration (sec): 333.288
# Loading records:	30000000
# Load throughput (KOPS): 90.0122
Count: 30000000  Average: 353.5638  StdDev: 3187.53
Percentiles(us): P50: 238.53 P90: 428.06 P99: 1634.77 P99.9: 15309.48 P99.99: 33872.81
------------------------------------------------------
[     140,     160 )    2349   0.008%   0.008% 
[     160,     180 )   40821   0.136%   0.144% 
[     180,     200 )  545554   1.819%   1.962% 
[     200,     250 ) 18699213  62.331%  64.293% ############
[     250,     300 ) 3378150  11.261%  75.554% ##
[     300,     350 ) 2543278   8.478%  84.031% ##
[     350,     400 ) 1501086   5.004%  89.035% #
[     400,     450 )  516027   1.720%  90.755% 
[     450,     500 )  658467   2.195%  92.950% 
[     500,     600 )  995440   3.318%  96.268% #
[     600,     700 )  350769   1.169%  97.437% 
[     700,     800 )  170658   0.569%  98.006% 
[     800,     900 )  109277   0.364%  98.370% 
[     900,    1000 )   48927   0.163%  98.533% 
[    1000,    1200 )   66866   0.223%  98.756% 
[    1200,    1400 )   38259   0.128%  98.884% 
[    1400,    1600 )   30084   0.100%  98.984% 
[    1600,    1800 )   27467   0.092%  99.076% 
[    1800,    2000 )   22761   0.076%  99.152% 
[    2000,    2500 )   43085   0.144%  99.295% 
[    2500,    3000 )   26276   0.088%  99.383% 
[    3000,    3500 )   16143   0.054%  99.437% 
[    3500,    4000 )   11127   0.037%  99.474% 
[    4000,    4500 )    8334   0.028%  99.501% 
[    4500,    5000 )    6453   0.022%  99.523% 
[    5000,    6000 )   10967   0.037%  99.559% 
[    6000,    7000 )   10246   0.034%  99.594% 
[    7000,    8000 )   10531   0.035%  99.629% 
[    8000,    9000 )   12039   0.040%  99.669% 
[    9000,   10000 )   13256   0.044%  99.713% 
[   10000,   12000 )   26785   0.089%  99.802% 
[   12000,   14000 )   20576   0.069%  99.871% 
[   14000,   16000 )   13332   0.044%  99.915% 
[   16000,   18000 )    7931   0.026%  99.942% 
[   18000,   20000 )    4629   0.015%  99.957% 
[   20000,   25000 )    4254   0.014%  99.971% 
[   25000,   30000 )    4432   0.015%  99.986% 
[   30000,   35000 )    1486   0.005%  99.991% 
[   35000,   40000 )     584   0.002%  99.993% 
[   40000,   45000 )     372   0.001%  99.994% 
[   45000,   50000 )     335   0.001%  99.995% 
[   50000,   60000 )     329   0.001%  99.997% 
[   60000,   70000 )     219   0.001%  99.997% 
[   70000,   80000 )      74   0.000%  99.997% 
[   80000,   90000 )      33   0.000%  99.998% 
[   90000,  100000 )      17   0.000%  99.998% 
[  100000,  120000 )      90   0.000%  99.998% 
[  120000,  140000 )      77   0.000%  99.998% 
[  140000,  160000 )      49   0.000%  99.998% 
[  160000,  180000 )       6   0.000%  99.998% 
[  180000,  200000 )      64   0.000%  99.999% 
[  200000,  250000 )      64   0.000%  99.999% 
[  250000,  300000 )      64   0.000%  99.999% 
[  300000,  350000 )      32   0.000%  99.999% 
[  350000,  400000 )      32   0.000%  99.999% 
[  400000,  450000 )      65   0.000%  99.999% 
[  450000,  500000 )      31   0.000% 100.000% 
[  600000,  700000 )      32   0.000% 100.000% 
[  800000,  900000 )      32   0.000% 100.000% 
[ 1400000, 1600000 )      32   0.000% 100.000% 
[ 1800000, 2000000 )      32   0.000% 100.000% 


---------- RPC REPLICA STATISTICS -----------
Avg send latency (us):	6.14891e+11
Avg receive latency (us):	394443

# Run duration (sec): 441.674
# Run operations:	30000000
# Run throughput (KOPS): 67.9234
Count: 30000000  Average: 469.6908  StdDev: 1624.76
Percentiles(us): P50: 239.26 P90: 610.53 P99: 3987.59 P99.9: 19741.26 P99.99: 46854.75
------------------------------------------------------
[     140,     160 )    2296   0.008%   0.008% 
[     160,     180 )   40666   0.136%   0.143% 
[     180,     200 )  444438   1.481%   1.625% 
[     200,     250 ) 18483055  61.610%  63.235% ############
[     250,     300 ) 2856943   9.523%  72.758% ##
[     300,     350 ) 2045673   6.819%  79.577% #
[     350,     400 ) 1247638   4.159%  83.736% #
[     400,     450 )  488555   1.629%  85.364% 
[     450,     500 )  517407   1.725%  87.089% 
[     500,     600 )  823780   2.746%  89.835% #
[     600,     700 )  470666   1.569%  91.404% 
[     700,     800 )  276774   0.923%  92.326% 
[     800,     900 )  262941   0.876%  93.203% 
[     900,    1000 )  180833   0.603%  93.806% 
[    1000,    1200 )  316167   1.054%  94.859% 
[    1200,    1400 )  235272   0.784%  95.644% 
[    1400,    1600 )  192243   0.641%  96.284% 
[    1600,    1800 )  161677   0.539%  96.823% 
[    1800,    2000 )  134388   0.448%  97.271% 
[    2000,    2500 )  237886   0.793%  98.064% 
[    2500,    3000 )  144949   0.483%  98.547% 
[    3000,    3500 )   85952   0.287%  98.834% 
[    3500,    4000 )   51069   0.170%  99.004% 
[    4000,    4500 )   31198   0.104%  99.108% 
[    4500,    5000 )   20621   0.069%  99.177% 
[    5000,    6000 )   27462   0.092%  99.268% 
[    6000,    7000 )   20538   0.068%  99.337% 
[    7000,    8000 )   18405   0.061%  99.398% 
[    8000,    9000 )   19206   0.064%  99.462% 
[    9000,   10000 )   19247   0.064%  99.526% 
[   10000,   12000 )   37283   0.124%  99.651% 
[   12000,   14000 )   30603   0.102%  99.753% 
[   14000,   16000 )   22594   0.075%  99.828% 
[   16000,   18000 )   14778   0.049%  99.877% 
[   18000,   20000 )    7807   0.026%  99.903% 
[   20000,   25000 )    9238   0.031%  99.934% 
[   25000,   30000 )   11128   0.037%  99.971% 
[   30000,   35000 )    2878   0.010%  99.981% 
[   35000,   40000 )    1357   0.005%  99.985% 
[   40000,   45000 )    1057   0.004%  99.989% 
[   45000,   50000 )     895   0.003%  99.992% 
[   50000,   60000 )     985   0.003%  99.995% 
[   60000,   70000 )     373   0.001%  99.996% 
[   70000,   80000 )     194   0.001%  99.997% 
[   80000,   90000 )     126   0.000%  99.997% 
[   90000,  100000 )      98   0.000%  99.998% 
[  100000,  120000 )      82   0.000%  99.998% 
[  120000,  140000 )     130   0.000%  99.999% 
[  140000,  160000 )      99   0.000%  99.999% 
[  160000,  180000 )     136   0.000%  99.999% 
[  180000,  200000 )      82   0.000% 100.000% 
[  200000,  250000 )     100   0.000% 100.000% 
[  250000,  300000 )      32   0.000% 100.000% 

Read info: 
Count: 0  Average: 0.0000  StdDev: 0.00
Percentiles(us): P50: -nan P90: -nan P99: -nan P99.9: -nan P99.99: -nan
------------------------------------------------------

Write info: 
Count: 30000000  Average: 469.6908  StdDev: 1624.76
Percentiles(us): P50: 239.26 P90: 610.53 P99: 3987.59 P99.9: 19741.26 P99.99: 46854.75
------------------------------------------------------
[     140,     160 )    2296   0.008%   0.008% 
[     160,     180 )   40666   0.136%   0.143% 
[     180,     200 )  444438   1.481%   1.625% 
[     200,     250 ) 18483055  61.610%  63.235% ############
[     250,     300 ) 2856943   9.523%  72.758% ##
[     300,     350 ) 2045673   6.819%  79.577% #
[     350,     400 ) 1247638   4.159%  83.736% #
[     400,     450 )  488555   1.629%  85.364% 
[     450,     500 )  517407   1.725%  87.089% 
[     500,     600 )  823780   2.746%  89.835% #
[     600,     700 )  470666   1.569%  91.404% 
[     700,     800 )  276774   0.923%  92.326% 
[     800,     900 )  262941   0.876%  93.203% 
[     900,    1000 )  180833   0.603%  93.806% 
[    1000,    1200 )  316167   1.054%  94.859% 
[    1200,    1400 )  235272   0.784%  95.644% 
[    1400,    1600 )  192243   0.641%  96.284% 
[    1600,    1800 )  161677   0.539%  96.823% 
[    1800,    2000 )  134388   0.448%  97.271% 
[    2000,    2500 )  237886   0.793%  98.064% 
[    2500,    3000 )  144949   0.483%  98.547% 
[    3000,    3500 )   85952   0.287%  98.834% 
[    3500,    4000 )   51069   0.170%  99.004% 
[    4000,    4500 )   31198   0.104%  99.108% 
[    4500,    5000 )   20621   0.069%  99.177% 
[    5000,    6000 )   27462   0.092%  99.268% 
[    6000,    7000 )   20538   0.068%  99.337% 
[    7000,    8000 )   18405   0.061%  99.398% 
[    8000,    9000 )   19206   0.064%  99.462% 
[    9000,   10000 )   19247   0.064%  99.526% 
[   10000,   12000 )   37283   0.124%  99.651% 
[   12000,   14000 )   30603   0.102%  99.753% 
[   14000,   16000 )   22594   0.075%  99.828% 
[   16000,   18000 )   14778   0.049%  99.877% 
[   18000,   20000 )    7807   0.026%  99.903% 
[   20000,   25000 )    9238   0.031%  99.934% 
[   25000,   30000 )   11128   0.037%  99.971% 
[   30000,   35000 )    2878   0.010%  99.981% 
[   35000,   40000 )    1357   0.005%  99.985% 
[   40000,   45000 )    1057   0.004%  99.989% 
[   45000,   50000 )     895   0.003%  99.992% 
[   50000,   60000 )     985   0.003%  99.995% 
[   60000,   70000 )     373   0.001%  99.996% 
[   70000,   80000 )     194   0.001%  99.997% 
[   80000,   90000 )     126   0.000%  99.997% 
[   90000,  100000 )      98   0.000%  99.998% 
[  100000,  120000 )      82   0.000%  99.998% 
[  120000,  140000 )     130   0.000%  99.999% 
[  140000,  160000 )      99   0.000%  99.999% 
[  160000,  180000 )     136   0.000%  99.999% 
[  180000,  200000 )      82   0.000% 100.000% 
[  200000,  250000 )     100   0.000% 100.000% 
[  250000,  300000 )      32   0.000% 100.000% 


