
Node Configure: 
    Node ID: 1
    Node IP: 10.10.1.3
    Listen IP: 0.0.0.0
    Ports: 50051,50052,50053,50054,50055,50056,50057,50058,50059,50060,50061,50062,50063,50064,50065,50066
    KVDB num (at start): 1
    Server thread num (of each KVDB): 16
    CPU cores num: 35
    KVDB base path: /mnt/nofdb/rocksdb

[INFO] Using RPC to make replicas
[INFO] CPU monitor is enabled
[INFO] Stats recorder is enabled

NoFDBConfig::lba_capacity: 838860800
block_start: 838860800
Initiator is bound to core 2
recover: before head 838860800 before tail 838860800
recover: after_head 838860800 after_tail 838860800
recover: before head 838862848
recover: after_head 838862848
recover: before head 839059456
recover: after_head 839059456
recover: before head 839256064
recover: after_head 839256064
[INFO] NoFDB opened successfully
[INFO] NoFDBKVS No.0 initialized, belongs to node_id: 1
[INFO] Tagged worker 0 is bound to core 3
[INFO] Tagged worker 1 is bound to core 5
[INFO] Tagged worker 2 is bound to core 7
[INFO] Tagged worker 3 is bound to core 9
[INFO] Tagged worker 4 is bound to core 11
[INFO] Tagged worker 5 is bound to core 13
[INFO] Tagged worker 6 is bound to core 15
[INFO] Tagged worker 7 is bound to core 17
[INFO] Tagged worker 8 is bound to core 19
[INFO] Tagged worker 9 is bound to core 21
[INFO] Tagged worker 10 is bound to core 23
[INFO] Tagged worker 11 is bound to core 25
[INFO] Tagged worker 12 is bound to core 27
[INFO] Tagged worker 13 is bound to core 29
[INFO] Tagged worker 14 is bound to core 31
[INFO] Tagged worker 15 is bound to core 33
[INFO] Tagged worker 16 is bound to core 35
[INFO] NoFDBKVS No.0 -- Server No.3 is listening on 0.0.0.0:50054
[INFO] NoFDBKVS No.0 -- Server No.6 is listening on 0.0.0.0:50057
[INFO] NoFDBKVS No.0 -- Server No.9 is listening on 0.0.0.0:50060
[INFO] NoFDBKVS No.0 -- Server No.1 is listening on 0.0.0.0:50052
[INFO] NoFDBKVS No.0 -- Server No.15 is listening on 0.0.0.0:50066
[INFO] NoFDBKVS No.0 -- Server No.0 is listening on 0.0.0.0:50051
[INFO] NoFDBKVS No.0 -- Server No.8 is listening on 0.0.0.0:50059
[INFO] NoFDBKVS No.0 -- Server No.2 is listening on 0.0.0.0:50053
[INFO] NoFDBKVS No.0 -- Server No.5 is listening on 0.0.0.0:50056
[INFO] NoFDBKVS No.0 -- Server No.7 is listening on 0.0.0.0:50058
[INFO] NoFDBKVS No.0 -- Server No.11 is listening on 0.0.0.0:50062
[INFO] NoFDBKVS No.0 -- Server No.4 is listening on 0.0.0.0:50055
[INFO] NoFDBKVS No.0 -- Server No.13 is listening on 0.0.0.0:50064
[INFO] NoFDBKVS No.0 -- Server No.14 is listening on 0.0.0.0:50065
[INFO] NoFDBKVS No.0 -- Server No.10 is listening on 0.0.0.0:50061
[INFO] NoFDBKVS No.0 -- Server No.12 is listening on 0.0.0.0:50063
[INFO] Node No.1 Configure Table is generated
[INFO] Maintainer is listening on 0.0.0.0:50050

Maintainer received PAUSE signal

===== Load Statistics: 
Total requests: 29999998
Total bytes: 30719997952
Avg DB latency (us): 17.75, P90 (us): 11.37, P99 (us): 168.28, P99.9 (us): 1351.62
Avg process latency (us): 166.64, P90 (us): 119.49, P99 (us): 1868.37, P99.9 (us): 20325.10
Avg CPU utilization (percent): 1903.58
Eplased time (sec): 548.35
Throughput (MB/s): 53.43
QPS (k): 54.71

---------- RPC REPLICA STATISTICS ----------
Avg all replicas latency (us): 463.81, P90 (us): 275.38, P99 (us): 14245.73, P99.9 (us): 31487.95
Avg local DB latency (us): 17.33, P90 (us): 11.70, P99 (us): 176.95, P99.9 (us): 1308.01
Avg send latency (us): 402.89, P90 (us): 333.45, P99 (us): 6220.79, P99.9 (us): 13693.72
Avg receive latency (us): 9092862712778598.00, P90 (us): 9223372036854598.00, P99 (us): 9223372036854680.00, P99.9 (us): 9223372036854760.00
Avg remote process latency (us): 57.37


===== Stage End =====

Maintainer received STOP signal
[INFO] CPU Monitor is shutting down......

===== Transaction Statistics: 
Total requests: 29999998
Total bytes: 30719997952
Avg DB latency (us): 16.19, P90 (us): 10.96, P99 (us): 176.67, P99.9 (us): 1507.96
Avg process latency (us): 156.12, P90 (us): 103.95, P99 (us): 1821.86, P99.9 (us): 19906.39
Avg CPU utilization (percent): 1916.42
Eplased time (sec): 628.94
Throughput (MB/s): 46.58
QPS (k): 47.70

===== Stage End =====

[INFO] Stats recorder is shutting down......
[INFO] NoFDBKVS No.0 -- Server No.4 is shutting down......
[INFO] NoFDBKVS No.0 -- Server No.3 is shutting down......
[INFO] NoFDBKVS No.0 -- Server No.5 is shutting down......
[INFO] NoFDBKVS No.0 -- Server No.9 is shutting down......
[INFO] NoFDBKVS No.0 -- Server No.1 is shutting down......
[INFO] NoFDBKVS No.0 -- Server No.8 is shutting down......
[INFO] NoFDBKVS No.0 -- Server No.14 is shutting down......
[INFO] NoFDBKVS No.0 -- Server No.7 is shutting down......
[INFO] NoFDBKVS No.0 -- Server No.12 is shutting down......
[INFO] NoFDBKVS No.0 -- Server No.15 is shutting down......
[INFO] NoFDBKVS No.0 -- Server No.13 is shutting down......
[INFO] NoFDBKVS No.0 -- Server No.11 is shutting down......
[INFO] NoFDBKVS No.0 -- Server No.6 is shutting down......
[INFO] NoFDBKVS No.0 -- Server No.0 is shutting down......
[INFO] NoFDBKVS No.0 -- Server No.2 is shutting down......
[INFO] NoFDBKVS No.0 -- Server No.10 is shutting down......
[INFO] NoFDBKVS No.0 is shutting down......
[INFO] Maintainer is shutting down......
double free or corruption (fasttop)
