
nofdb	workloads/workloadc_zipfian.spec	32
# Load duration (sec): 636.707
# Loading records:	30000000
# Load throughput (KOPS): 47.1175
Count: 30000000  Average: 676.8354  StdDev: 4089.57
Percentiles(us): P50: 350.89 P90: 576.54 P99: 10790.40 P99.9: 14624.33 P99.99: 34513.68
------------------------------------------------------
[      30,      35 )       1   0.000%   0.000% 
[      35,      40 )     406   0.001%   0.001% 
[      40,      45 )    9764   0.033%   0.034% 
[      45,      50 )   54081   0.180%   0.214% 
[      50,      60 )  370430   1.235%   1.449% 
[      60,      70 )  533109   1.777%   3.226% 
[      70,      80 )  486671   1.622%   4.848% 
[      80,      90 )  463178   1.544%   6.392% 
[      90,     100 )  464261   1.548%   7.940% 
[     100,     120 )  944930   3.150%  11.089% #
[     120,     140 )  964637   3.215%  14.305% #
[     140,     160 )  983840   3.279%  17.584% #
[     160,     180 )  995688   3.319%  20.903% #
[     180,     200 ) 1007819   3.359%  24.263% #
[     200,     250 ) 2539770   8.466%  32.729% ##
[     250,     300 ) 2552371   8.508%  41.237% ##
[     300,     350 ) 2580536   8.602%  49.838% ##
[     350,     400 ) 2732330   9.108%  58.946% ##
[     400,     450 ) 3470594  11.569%  70.515% ##
[     450,     500 ) 3632997  12.110%  82.625% ##
[     500,     600 ) 2890806   9.636%  92.261% ##
[     600,     700 )  385827   1.286%  93.547% 
[     700,     800 )  146390   0.488%  94.035% 
[     800,     900 )  114007   0.380%  94.415% 
[     900,    1000 )  104333   0.348%  94.763% 
[    1000,    1200 )  159366   0.531%  95.294% 
[    1200,    1400 )  102973   0.343%  95.637% 
[    1400,    1600 )   85621   0.285%  95.922% 
[    1600,    1800 )   60458   0.202%  96.124% 
[    1800,    2000 )   38427   0.128%  96.252% 
[    2000,    2500 )   93457   0.312%  96.564% 
[    2500,    3000 )   72111   0.240%  96.804% 
[    3000,    3500 )   28506   0.095%  96.899% 
[    3500,    4000 )    8476   0.028%  96.927% 
[    4000,    4500 )    5177   0.017%  96.944% 
[    4500,    5000 )    5336   0.018%  96.962% 
[    5000,    6000 )    9805   0.033%  96.995% 
[    6000,    7000 )   10856   0.036%  97.031% 
[    7000,    8000 )   12154   0.041%  97.072% 
[    8000,    9000 )  151789   0.506%  97.578% 
[    9000,   10000 )  305381   1.018%  98.596% 
[   10000,   12000 )  307011   1.023%  99.619% 
[   12000,   14000 )   76092   0.254%  99.873% 
[   14000,   16000 )   26358   0.088%  99.960% 
[   16000,   18000 )    2770   0.009%  99.970% 
[   18000,   20000 )     761   0.003%  99.972% 
[   20000,   25000 )    1521   0.005%  99.977% 
[   25000,   30000 )    1674   0.006%  99.983% 
[   30000,   35000 )    2375   0.008%  99.991% 
[   35000,   40000 )     436   0.001%  99.992% 
[   40000,   45000 )     291   0.001%  99.993% 
[   45000,   50000 )     324   0.001%  99.994% 
[   50000,   60000 )     540   0.002%  99.996% 
[   60000,   70000 )     405   0.001%  99.997% 
[   70000,   80000 )     115   0.000%  99.998% 
[   80000,   90000 )      45   0.000%  99.998% 
[   90000,  100000 )      33   0.000%  99.998% 
[  100000,  120000 )      32   0.000%  99.998% 
[  120000,  140000 )      32   0.000%  99.998% 
[  140000,  160000 )      42   0.000%  99.998% 
[  160000,  180000 )      54   0.000%  99.999% 
[  200000,  250000 )      32   0.000%  99.999% 
[  250000,  300000 )      64   0.000%  99.999% 
[  300000,  350000 )      64   0.000%  99.999% 
[  350000,  400000 )      32   0.000%  99.999% 
[  400000,  450000 )      32   0.000%  99.999% 
[  450000,  500000 )      32   0.000%  99.999% 
[  500000,  600000 )      32   0.000% 100.000% 
[  600000,  700000 )     100   0.000% 100.000% 
[ 2500000, 3000000 )       4   0.000% 100.000% 
[ 3000000, 3500000 )      28   0.000% 100.000% 


# Run duration (sec): 1697.53
# Run operations:	30000000
# Run throughput (KOPS): 17.6727
Count: 30000000  Average: 1809.2823  StdDev: 3998.59
Percentiles(us): P50: 617.11 P90: 2748.42 P99: 18963.74 P99.9: 21640.16 P99.99: 49701.87
------------------------------------------------------
[      25,      30 )       1   0.000%   0.000% 
[      30,      35 )      12   0.000%   0.000% 
[      35,      40 )      78   0.000%   0.000% 
[      40,      45 )     122   0.000%   0.001% 
[      45,      50 )      38   0.000%   0.001% 
[      50,      60 )      70   0.000%   0.001% 
[      60,      70 )   23769   0.079%   0.080% 
[      70,      80 )  162079   0.540%   0.621% 
[      80,      90 )   78854   0.263%   0.883% 
[      90,     100 )   36583   0.122%   1.005% 
[     100,     120 )  362196   1.207%   2.213% 
[     120,     140 )  885334   2.951%   5.164% #
[     140,     160 )  467702   1.559%   6.723% 
[     160,     180 )  559622   1.865%   8.588% 
[     180,     200 )  625405   2.085%  10.673% 
[     200,     250 ) 1468083   4.894%  15.566% #
[     250,     300 ) 1704137   5.680%  21.247% #
[     300,     350 ) 1705609   5.685%  26.932% #
[     350,     400 ) 1775274   5.918%  32.850% #
[     400,     450 ) 1445821   4.819%  37.669% #
[     450,     500 ) 1315771   4.386%  42.055% #
[     500,     600 ) 2099455   6.998%  49.053% #
[     600,     700 ) 1659946   5.533%  54.587% #
[     700,     800 ) 1350149   4.500%  59.087% #
[     800,     900 ) 1119974   3.733%  62.820% #
[     900,    1000 )  948017   3.160%  65.980% #
[    1000,    1200 ) 1529356   5.098%  71.078% #
[    1200,    1400 ) 1195447   3.985%  75.063% #
[    1400,    1600 )  977327   3.258%  78.321% #
[    1600,    1800 )  826770   2.756%  81.077% #
[    1800,    2000 )  715979   2.387%  83.463% 
[    2000,    2500 ) 1447590   4.825%  88.289% #
[    2500,    3000 ) 1033390   3.445%  91.733% #
[    3000,    3500 )  556320   1.854%  93.588% 
[    3500,    4000 )  159062   0.530%  94.118% 
[    4000,    4500 )   21342   0.071%  94.189% 
[    4500,    5000 )    4008   0.013%  94.202% 
[    5000,    6000 )    6321   0.021%  94.223% 
[    6000,    7000 )    6282   0.021%  94.244% 
[    7000,    8000 )    7166   0.024%  94.268% 
[    8000,    9000 )    9376   0.031%  94.299% 
[    9000,   10000 )   13461   0.045%  94.344% 
[   10000,   12000 )   43895   0.146%  94.491% 
[   12000,   14000 )  105192   0.351%  94.841% 
[   14000,   16000 )  256333   0.854%  95.696% 
[   16000,   18000 )  745511   2.485%  98.181% 
[   18000,   20000 )  510038   1.700%  99.881% 
[   20000,   25000 )   17477   0.058%  99.939% 
[   25000,   30000 )    8619   0.029%  99.968% 
[   30000,   35000 )    3055   0.010%  99.978% 
[   35000,   40000 )    1286   0.004%  99.982% 
[   40000,   45000 )    1192   0.004%  99.986% 
[   45000,   50000 )    1174   0.004%  99.990% 
[   50000,   60000 )    1519   0.005%  99.995% 
[   60000,   70000 )     624   0.002%  99.997% 
[   70000,   80000 )     218   0.001%  99.998% 
[   80000,   90000 )     181   0.001%  99.999% 
[   90000,  100000 )     126   0.000%  99.999% 
[  100000,  120000 )      78   0.000%  99.999% 
[  120000,  140000 )       9   0.000%  99.999% 
[  140000,  160000 )      16   0.000%  99.999% 
[  160000,  180000 )      20   0.000% 100.000% 
[  180000,  200000 )      16   0.000% 100.000% 
[  200000,  250000 )      20   0.000% 100.000% 
[  250000,  300000 )      17   0.000% 100.000% 
[  300000,  350000 )      24   0.000% 100.000% 
[  350000,  400000 )       5   0.000% 100.000% 
[  400000,  450000 )       8   0.000% 100.000% 
[  450000,  500000 )      44   0.000% 100.000% 
[  500000,  600000 )       5   0.000% 100.000% 

Read info: 
Count: 30000000  Average: 1809.2823  StdDev: 3998.59
Percentiles(us): P50: 617.11 P90: 2748.42 P99: 18963.74 P99.9: 21640.16 P99.99: 49701.87
------------------------------------------------------
[      25,      30 )       1   0.000%   0.000% 
[      30,      35 )      12   0.000%   0.000% 
[      35,      40 )      78   0.000%   0.000% 
[      40,      45 )     122   0.000%   0.001% 
[      45,      50 )      38   0.000%   0.001% 
[      50,      60 )      70   0.000%   0.001% 
[      60,      70 )   23769   0.079%   0.080% 
[      70,      80 )  162079   0.540%   0.621% 
[      80,      90 )   78854   0.263%   0.883% 
[      90,     100 )   36583   0.122%   1.005% 
[     100,     120 )  362196   1.207%   2.213% 
[     120,     140 )  885334   2.951%   5.164% #
[     140,     160 )  467702   1.559%   6.723% 
[     160,     180 )  559622   1.865%   8.588% 
[     180,     200 )  625405   2.085%  10.673% 
[     200,     250 ) 1468083   4.894%  15.566% #
[     250,     300 ) 1704137   5.680%  21.247% #
[     300,     350 ) 1705609   5.685%  26.932% #
[     350,     400 ) 1775274   5.918%  32.850% #
[     400,     450 ) 1445821   4.819%  37.669% #
[     450,     500 ) 1315771   4.386%  42.055% #
[     500,     600 ) 2099455   6.998%  49.053% #
[     600,     700 ) 1659946   5.533%  54.587% #
[     700,     800 ) 1350149   4.500%  59.087% #
[     800,     900 ) 1119974   3.733%  62.820% #
[     900,    1000 )  948017   3.160%  65.980% #
[    1000,    1200 ) 1529356   5.098%  71.078% #
[    1200,    1400 ) 1195447   3.985%  75.063% #
[    1400,    1600 )  977327   3.258%  78.321% #
[    1600,    1800 )  826770   2.756%  81.077% #
[    1800,    2000 )  715979   2.387%  83.463% 
[    2000,    2500 ) 1447590   4.825%  88.289% #
[    2500,    3000 ) 1033390   3.445%  91.733% #
[    3000,    3500 )  556320   1.854%  93.588% 
[    3500,    4000 )  159062   0.530%  94.118% 
[    4000,    4500 )   21342   0.071%  94.189% 
[    4500,    5000 )    4008   0.013%  94.202% 
[    5000,    6000 )    6321   0.021%  94.223% 
[    6000,    7000 )    6282   0.021%  94.244% 
[    7000,    8000 )    7166   0.024%  94.268% 
[    8000,    9000 )    9376   0.031%  94.299% 
[    9000,   10000 )   13461   0.045%  94.344% 
[   10000,   12000 )   43895   0.146%  94.491% 
[   12000,   14000 )  105192   0.351%  94.841% 
[   14000,   16000 )  256333   0.854%  95.696% 
[   16000,   18000 )  745511   2.485%  98.181% 
[   18000,   20000 )  510038   1.700%  99.881% 
[   20000,   25000 )   17477   0.058%  99.939% 
[   25000,   30000 )    8619   0.029%  99.968% 
[   30000,   35000 )    3055   0.010%  99.978% 
[   35000,   40000 )    1286   0.004%  99.982% 
[   40000,   45000 )    1192   0.004%  99.986% 
[   45000,   50000 )    1174   0.004%  99.990% 
[   50000,   60000 )    1519   0.005%  99.995% 
[   60000,   70000 )     624   0.002%  99.997% 
[   70000,   80000 )     218   0.001%  99.998% 
[   80000,   90000 )     181   0.001%  99.999% 
[   90000,  100000 )     126   0.000%  99.999% 
[  100000,  120000 )      78   0.000%  99.999% 
[  120000,  140000 )       9   0.000%  99.999% 
[  140000,  160000 )      16   0.000%  99.999% 
[  160000,  180000 )      20   0.000% 100.000% 
[  180000,  200000 )      16   0.000% 100.000% 
[  200000,  250000 )      20   0.000% 100.000% 
[  250000,  300000 )      17   0.000% 100.000% 
[  300000,  350000 )      24   0.000% 100.000% 
[  350000,  400000 )       5   0.000% 100.000% 
[  400000,  450000 )       8   0.000% 100.000% 
[  450000,  500000 )      44   0.000% 100.000% 
[  500000,  600000 )       5   0.000% 100.000% 

Write info: 
Count: 0  Average: 0.0000  StdDev: 0.00
Percentiles(us): P50: -nan P90: -nan P99: -nan P99.9: -nan P99.99: -nan
------------------------------------------------------


