
nofdb	workloads/workloadg_zipfian.spec	32
# Load duration (sec): 628.916
# Loading records:	30000000
# Load throughput (KOPS): 47.7012
Count: 30000000  Average: 668.3077  StdDev: 3974.49
Percentiles(us): P50: 347.99 P90: 572.10 P99: 10795.40 P99.9: 14797.86 P99.99: 34512.64
------------------------------------------------------
[      30,      35 )       1   0.000%   0.000% 
[      35,      40 )     435   0.001%   0.001% 
[      40,      45 )   11675   0.039%   0.040% 
[      45,      50 )   60980   0.203%   0.244% 
[      50,      60 )  388960   1.297%   1.540% 
[      60,      70 )  538954   1.797%   3.337% 
[      70,      80 )  490841   1.636%   4.973% 
[      80,      90 )  471112   1.570%   6.543% 
[      90,     100 )  472144   1.574%   8.117% 
[     100,     120 )  955941   3.186%  11.303% #
[     120,     140 )  975157   3.251%  14.554% #
[     140,     160 )  992308   3.308%  17.862% #
[     160,     180 ) 1005233   3.351%  21.212% #
[     180,     200 ) 1021614   3.405%  24.618% #
[     200,     250 ) 2571623   8.572%  33.190% ##
[     250,     300 ) 2558205   8.527%  41.717% ##
[     300,     350 ) 2589029   8.630%  50.347% ##
[     350,     400 ) 2778169   9.261%  59.608% ##
[     400,     450 ) 3592109  11.974%  71.582% ##
[     450,     500 ) 3621905  12.073%  83.655% ##
[     500,     600 ) 2640242   8.801%  92.455% ##
[     600,     700 )  335306   1.118%  93.573% 
[     700,     800 )  136363   0.455%  94.028% 
[     800,     900 )  108254   0.361%  94.389% 
[     900,    1000 )   98221   0.327%  94.716% 
[    1000,    1200 )  153499   0.512%  95.228% 
[    1200,    1400 )  111556   0.372%  95.599% 
[    1400,    1600 )   90921   0.303%  95.903% 
[    1600,    1800 )   68950   0.230%  96.132% 
[    1800,    2000 )   59871   0.200%  96.332% 
[    2000,    2500 )  113136   0.377%  96.709% 
[    2500,    3000 )   60530   0.202%  96.911% 
[    3000,    3500 )   17610   0.059%  96.970% 
[    3500,    4000 )    6642   0.022%  96.992% 
[    4000,    4500 )    4020   0.013%  97.005% 
[    4500,    5000 )    3978   0.013%  97.018% 
[    5000,    6000 )   10419   0.035%  97.053% 
[    6000,    7000 )   12036   0.040%  97.093% 
[    7000,    8000 )   12918   0.043%  97.136% 
[    8000,    9000 )  167089   0.557%  97.693% 
[    9000,   10000 )  273224   0.911%  98.604% 
[   10000,   12000 )  298769   0.996%  99.600% 
[   12000,   14000 )   78997   0.263%  99.863% 
[   14000,   16000 )   27709   0.092%  99.956% 
[   16000,   18000 )    2702   0.009%  99.965% 
[   18000,   20000 )     840   0.003%  99.967% 
[   20000,   25000 )    1585   0.005%  99.973% 
[   25000,   30000 )    2218   0.007%  99.980% 
[   30000,   35000 )    3324   0.011%  99.991% 
[   35000,   40000 )     280   0.001%  99.992% 
[   40000,   45000 )     490   0.002%  99.994% 
[   45000,   50000 )     367   0.001%  99.995% 
[   50000,   60000 )     346   0.001%  99.996% 
[   60000,   70000 )     448   0.001%  99.998% 
[   70000,   80000 )      96   0.000%  99.998% 
[   80000,   90000 )      64   0.000%  99.998% 
[  100000,  120000 )      64   0.000%  99.998% 
[  120000,  140000 )      64   0.000%  99.998% 
[  140000,  160000 )      32   0.000%  99.999% 
[  200000,  250000 )     137   0.000%  99.999% 
[  250000,  300000 )      64   0.000%  99.999% 
[  300000,  350000 )      64   0.000%  99.999% 
[  400000,  450000 )      96   0.000% 100.000% 
[  900000, 1000000 )      32   0.000% 100.000% 
[ 2500000, 3000000 )       9   0.000% 100.000% 
[ 3000000, 3500000 )      23   0.000% 100.000% 


# Run duration (sec): 650.515
# Run operations:	30000000
# Run throughput (KOPS): 46.1173
Count: 30000000  Average: 691.4920  StdDev: 2151.89
Percentiles(us): P50: 350.10 P90: 579.36 P99: 10883.92 P99.9: 29734.31 P99.99: 59377.86
------------------------------------------------------
[      35,      40 )     155   0.001%   0.001% 
[      40,      45 )    6104   0.020%   0.021% 
[      45,      50 )   43145   0.144%   0.165% 
[      50,      60 )  342537   1.142%   1.306% 
[      60,      70 )  541392   1.805%   3.111% 
[      70,      80 )  503396   1.678%   4.789% 
[      80,      90 )  473070   1.577%   6.366% 
[      90,     100 )  467847   1.559%   7.925% 
[     100,     120 )  950629   3.169%  11.094% #
[     120,     140 )  968478   3.228%  14.323% #
[     140,     160 )  986472   3.288%  17.611% #
[     160,     180 ) 1001621   3.339%  20.949% #
[     180,     200 ) 1010662   3.369%  24.318% #
[     200,     250 ) 2544485   8.482%  32.800% ##
[     250,     300 ) 2564268   8.548%  41.348% ##
[     300,     350 ) 2590376   8.635%  49.982% ##
[     350,     400 ) 2775634   9.252%  59.234% ##
[     400,     450 ) 3653339  12.178%  71.412% ##
[     450,     500 ) 3591873  11.973%  83.385% ##
[     500,     600 ) 2500643   8.335%  91.720% ##
[     600,     700 )  381815   1.273%  92.993% 
[     700,     800 )  204775   0.683%  93.676% 
[     800,     900 )  178886   0.596%  94.272% 
[     900,    1000 )  160485   0.535%  94.807% 
[    1000,    1200 )  194887   0.650%  95.457% 
[    1200,    1400 )  115258   0.384%  95.841% 
[    1400,    1600 )   85201   0.284%  96.125% 
[    1600,    1800 )   59035   0.197%  96.322% 
[    1800,    2000 )   54344   0.181%  96.503% 
[    2000,    2500 )   76921   0.256%  96.759% 
[    2500,    3000 )   33225   0.111%  96.870% 
[    3000,    3500 )    8499   0.028%  96.898% 
[    3500,    4000 )    4848   0.016%  96.914% 
[    4000,    4500 )    3737   0.012%  96.927% 
[    4500,    5000 )    2876   0.010%  96.936% 
[    5000,    6000 )    8219   0.027%  96.964% 
[    6000,    7000 )   17986   0.060%  97.024% 
[    7000,    8000 )   10764   0.036%  97.060% 
[    8000,    9000 )  152166   0.507%  97.567% 
[    9000,   10000 )  302912   1.010%  98.577% 
[   10000,   12000 )  287435   0.958%  99.535% 
[   12000,   14000 )   71005   0.237%  99.771% 
[   14000,   16000 )   20477   0.068%  99.840% 
[   16000,   18000 )    2363   0.008%  99.847% 
[   18000,   20000 )     981   0.003%  99.851% 
[   20000,   25000 )    2978   0.010%  99.861% 
[   25000,   30000 )   12458   0.042%  99.902% 
[   30000,   35000 )   22814   0.076%  99.978% 
[   35000,   40000 )     831   0.003%  99.981% 
[   40000,   45000 )    1137   0.004%  99.985% 
[   45000,   50000 )     531   0.002%  99.987% 
[   50000,   60000 )    1093   0.004%  99.990% 
[   60000,   70000 )    2415   0.008%  99.998% 
[   70000,   80000 )     252   0.001%  99.999% 
[   80000,   90000 )     159   0.001% 100.000% 
[   90000,  100000 )      83   0.000% 100.000% 
[  120000,  140000 )      23   0.000% 100.000% 

Read info: 
Count: 0  Average: 0.0000  StdDev: 0.00
Percentiles(us): P50: -nan P90: -nan P99: -nan P99.9: -nan P99.99: -nan
------------------------------------------------------

Write info: 
Count: 30000000  Average: 691.4920  StdDev: 2151.89
Percentiles(us): P50: 350.10 P90: 579.36 P99: 10883.92 P99.9: 29734.31 P99.99: 59377.86
------------------------------------------------------
[      35,      40 )     155   0.001%   0.001% 
[      40,      45 )    6104   0.020%   0.021% 
[      45,      50 )   43145   0.144%   0.165% 
[      50,      60 )  342537   1.142%   1.306% 
[      60,      70 )  541392   1.805%   3.111% 
[      70,      80 )  503396   1.678%   4.789% 
[      80,      90 )  473070   1.577%   6.366% 
[      90,     100 )  467847   1.559%   7.925% 
[     100,     120 )  950629   3.169%  11.094% #
[     120,     140 )  968478   3.228%  14.323% #
[     140,     160 )  986472   3.288%  17.611% #
[     160,     180 ) 1001621   3.339%  20.949% #
[     180,     200 ) 1010662   3.369%  24.318% #
[     200,     250 ) 2544485   8.482%  32.800% ##
[     250,     300 ) 2564268   8.548%  41.348% ##
[     300,     350 ) 2590376   8.635%  49.982% ##
[     350,     400 ) 2775634   9.252%  59.234% ##
[     400,     450 ) 3653339  12.178%  71.412% ##
[     450,     500 ) 3591873  11.973%  83.385% ##
[     500,     600 ) 2500643   8.335%  91.720% ##
[     600,     700 )  381815   1.273%  92.993% 
[     700,     800 )  204775   0.683%  93.676% 
[     800,     900 )  178886   0.596%  94.272% 
[     900,    1000 )  160485   0.535%  94.807% 
[    1000,    1200 )  194887   0.650%  95.457% 
[    1200,    1400 )  115258   0.384%  95.841% 
[    1400,    1600 )   85201   0.284%  96.125% 
[    1600,    1800 )   59035   0.197%  96.322% 
[    1800,    2000 )   54344   0.181%  96.503% 
[    2000,    2500 )   76921   0.256%  96.759% 
[    2500,    3000 )   33225   0.111%  96.870% 
[    3000,    3500 )    8499   0.028%  96.898% 
[    3500,    4000 )    4848   0.016%  96.914% 
[    4000,    4500 )    3737   0.012%  96.927% 
[    4500,    5000 )    2876   0.010%  96.936% 
[    5000,    6000 )    8219   0.027%  96.964% 
[    6000,    7000 )   17986   0.060%  97.024% 
[    7000,    8000 )   10764   0.036%  97.060% 
[    8000,    9000 )  152166   0.507%  97.567% 
[    9000,   10000 )  302912   1.010%  98.577% 
[   10000,   12000 )  287435   0.958%  99.535% 
[   12000,   14000 )   71005   0.237%  99.771% 
[   14000,   16000 )   20477   0.068%  99.840% 
[   16000,   18000 )    2363   0.008%  99.847% 
[   18000,   20000 )     981   0.003%  99.851% 
[   20000,   25000 )    2978   0.010%  99.861% 
[   25000,   30000 )   12458   0.042%  99.902% 
[   30000,   35000 )   22814   0.076%  99.978% 
[   35000,   40000 )     831   0.003%  99.981% 
[   40000,   45000 )    1137   0.004%  99.985% 
[   45000,   50000 )     531   0.002%  99.987% 
[   50000,   60000 )    1093   0.004%  99.990% 
[   60000,   70000 )    2415   0.008%  99.998% 
[   70000,   80000 )     252   0.001%  99.999% 
[   80000,   90000 )     159   0.001% 100.000% 
[   90000,  100000 )      83   0.000% 100.000% 
[  120000,  140000 )      23   0.000% 100.000% 


