
nofdb	workloads/workloadc_uniform.spec	32
# Load duration (sec): 615.819
# Loading records:	30000000
# Load throughput (KOPS): 48.7156
Count: 30000000  Average: 654.1933  StdDev: 4125.08
Percentiles(us): P50: 314.49 P90: 575.00 P99: 11373.63 P99.9: 17932.27 P99.99: 35072.92
------------------------------------------------------
[      35,      40 )     303   0.001%   0.001% 
[      40,      45 )    8683   0.029%   0.030% 
[      45,      50 )   45351   0.151%   0.181% 
[      50,      60 )  291257   0.971%   1.152% 
[      60,      70 )  401325   1.338%   2.490% 
[      70,      80 )  377087   1.257%   3.747% 
[      80,      90 )  380042   1.267%   5.013% 
[      90,     100 )  399845   1.333%   6.346% 
[     100,     120 )  875701   2.919%   9.265% #
[     120,     140 )  990869   3.303%  12.568% #
[     140,     160 ) 1104473   3.682%  16.250% #
[     160,     180 ) 1216177   4.054%  20.304% #
[     180,     200 ) 1290580   4.302%  24.606% #
[     200,     250 ) 3261015  10.870%  35.476% ##
[     250,     300 ) 3385167  11.284%  46.760% ##
[     300,     350 ) 3355195  11.184%  57.944% ##
[     350,     400 ) 2647487   8.825%  66.769% ##
[     400,     450 ) 2622600   8.742%  75.511% ##
[     450,     500 ) 2583054   8.610%  84.121% ##
[     500,     600 ) 2351693   7.839%  91.960% ##
[     600,     700 )  524514   1.748%  93.708% 
[     700,     800 )  197335   0.658%  94.366% 
[     800,     900 )  132612   0.442%  94.808% 
[     900,    1000 )  108794   0.363%  95.171% 
[    1000,    1200 )  158262   0.528%  95.698% 
[    1200,    1400 )   90867   0.303%  96.001% 
[    1400,    1600 )   69237   0.231%  96.232% 
[    1600,    1800 )   59424   0.198%  96.430% 
[    1800,    2000 )   50936   0.170%  96.600% 
[    2000,    2500 )  113300   0.378%  96.977% 
[    2500,    3000 )   70900   0.236%  97.214% 
[    3000,    3500 )   23358   0.078%  97.291% 
[    3500,    4000 )    7121   0.024%  97.315% 
[    4000,    4500 )    4337   0.014%  97.330% 
[    4500,    5000 )    3720   0.012%  97.342% 
[    5000,    6000 )    8381   0.028%  97.370% 
[    6000,    7000 )    8972   0.030%  97.400% 
[    7000,    8000 )   13376   0.045%  97.445% 
[    8000,    9000 )  120884   0.403%  97.847% 
[    9000,   10000 )  188991   0.630%  98.477% 
[   10000,   12000 )  228263   0.761%  99.238% 
[   12000,   14000 )   83174   0.277%  99.516% 
[   14000,   16000 )   41852   0.140%  99.655% 
[   16000,   18000 )   76062   0.254%  99.909% 
[   18000,   20000 )   14436   0.048%  99.957% 
[   20000,   25000 )    4845   0.016%  99.973% 
[   25000,   30000 )    2886   0.010%  99.982% 
[   30000,   35000 )    2250   0.007%  99.990% 
[   35000,   40000 )     480   0.002%  99.992% 
[   40000,   45000 )     366   0.001%  99.993% 
[   45000,   50000 )     294   0.001%  99.994% 
[   50000,   60000 )     491   0.002%  99.995% 
[   60000,   70000 )     539   0.002%  99.997% 
[   70000,   80000 )     128   0.000%  99.998% 
[   90000,  100000 )      96   0.000%  99.998% 
[  100000,  120000 )      32   0.000%  99.998% 
[  120000,  140000 )      64   0.000%  99.998% 
[  160000,  180000 )      64   0.000%  99.998% 
[  180000,  200000 )      32   0.000%  99.999% 
[  200000,  250000 )      96   0.000%  99.999% 
[  250000,  300000 )      32   0.000%  99.999% 
[  300000,  350000 )      37   0.000%  99.999% 
[  350000,  400000 )      64   0.000%  99.999% 
[  400000,  450000 )      96   0.000% 100.000% 
[  600000,  700000 )      32   0.000% 100.000% 
[  800000,  900000 )      32   0.000% 100.000% 
[ 2500000, 3000000 )       5   0.000% 100.000% 
[ 3000000, 3500000 )      27   0.000% 100.000% 


# Run duration (sec): 1793.65
# Run operations:	30000000
# Run throughput (KOPS): 16.7257
Count: 30000000  Average: 1911.6854  StdDev: 4066.61
Percentiles(us): P50: 669.83 P90: 2977.73 P99: 19099.84 P99.9: 20554.07 P99.99: 30068.09
------------------------------------------------------
[      25,      30 )       2   0.000%   0.000% 
[      30,      35 )      15   0.000%   0.000% 
[      35,      40 )     367   0.001%   0.001% 
[      40,      45 )     274   0.001%   0.002% 
[      45,      50 )      64   0.000%   0.002% 
[      50,      60 )     102   0.000%   0.003% 
[      60,      70 )      90   0.000%   0.003% 
[      70,      80 )      89   0.000%   0.003% 
[      80,      90 )     156   0.001%   0.004% 
[      90,     100 )    2665   0.009%   0.013% 
[     100,     120 )  470934   1.570%   1.583% 
[     120,     140 ) 1154090   3.847%   5.429% #
[     140,     160 )  459487   1.532%   6.961% 
[     160,     180 )  602752   2.009%   8.970% 
[     180,     200 )  776373   2.588%  11.558% #
[     200,     250 ) 1306791   4.356%  15.914% #
[     250,     300 ) 1698007   5.660%  21.574% #
[     300,     350 ) 1362235   4.541%  26.115% #
[     350,     400 ) 1636807   5.456%  31.571% #
[     400,     450 ) 1198607   3.995%  35.566% #
[     450,     500 ) 1242534   4.142%  39.708% #
[     500,     600 ) 1958502   6.528%  46.236% #
[     600,     700 ) 1616858   5.390%  51.626% #
[     700,     800 ) 1363105   4.544%  56.170% #
[     800,     900 ) 1160787   3.869%  60.039% #
[     900,    1000 )  998183   3.327%  63.366% #
[    1000,    1200 ) 1623834   5.413%  68.779% #
[    1200,    1400 ) 1268730   4.229%  73.008% #
[    1400,    1600 ) 1027695   3.426%  76.434% #
[    1600,    1800 )  855768   2.853%  79.286% #
[    1800,    2000 )  730678   2.436%  81.722% 
[    2000,    2500 ) 1454091   4.847%  86.569% #
[    2500,    3000 ) 1077309   3.591%  90.160% #
[    3000,    3500 )  720632   2.402%  92.562% 
[    3500,    4000 )  317239   1.057%  93.620% 
[    4000,    4500 )   68897   0.230%  93.849% 
[    4500,    5000 )    8667   0.029%  93.878% 
[    5000,    6000 )    6245   0.021%  93.899% 
[    6000,    7000 )    6393   0.021%  93.920% 
[    7000,    8000 )    7208   0.024%  93.944% 
[    8000,    9000 )    9186   0.031%  93.975% 
[    9000,   10000 )   13699   0.046%  94.020% 
[   10000,   12000 )   46404   0.155%  94.175% 
[   12000,   14000 )  119402   0.398%  94.573% 
[   14000,   16000 )  269083   0.897%  95.470% 
[   16000,   18000 )  732164   2.441%  97.911% 
[   18000,   20000 )  594268   1.981%  99.892% 
[   20000,   25000 )   22849   0.076%  99.968% 
[   25000,   30000 )    6662   0.022%  99.990% 
[   30000,   35000 )    1542   0.005%  99.995% 
[   35000,   40000 )     197   0.001%  99.996% 
[   40000,   45000 )     261   0.001%  99.997% 
[   45000,   50000 )     556   0.002%  99.998% 
[   50000,   60000 )     237   0.001%  99.999% 
[   60000,   70000 )      45   0.000%  99.999% 
[   70000,   80000 )       8   0.000%  99.999% 
[   80000,   90000 )      15   0.000%  99.999% 
[   90000,  100000 )       4   0.000%  99.999% 
[  100000,  120000 )       3   0.000%  99.999% 
[  120000,  140000 )       4   0.000% 100.000% 
[  140000,  160000 )       5   0.000% 100.000% 
[  160000,  180000 )      33   0.000% 100.000% 
[  180000,  200000 )       2   0.000% 100.000% 
[  200000,  250000 )       8   0.000% 100.000% 
[  250000,  300000 )       8   0.000% 100.000% 
[  300000,  350000 )      10   0.000% 100.000% 
[  350000,  400000 )       6   0.000% 100.000% 
[  400000,  450000 )      12   0.000% 100.000% 
[  450000,  500000 )      13   0.000% 100.000% 
[  500000,  600000 )      32   0.000% 100.000% 
[  600000,  700000 )      20   0.000% 100.000% 

Read info: 
Count: 30000000  Average: 1911.6854  StdDev: 4066.61
Percentiles(us): P50: 669.83 P90: 2977.73 P99: 19099.84 P99.9: 20554.07 P99.99: 30068.09
------------------------------------------------------
[      25,      30 )       2   0.000%   0.000% 
[      30,      35 )      15   0.000%   0.000% 
[      35,      40 )     367   0.001%   0.001% 
[      40,      45 )     274   0.001%   0.002% 
[      45,      50 )      64   0.000%   0.002% 
[      50,      60 )     102   0.000%   0.003% 
[      60,      70 )      90   0.000%   0.003% 
[      70,      80 )      89   0.000%   0.003% 
[      80,      90 )     156   0.001%   0.004% 
[      90,     100 )    2665   0.009%   0.013% 
[     100,     120 )  470934   1.570%   1.583% 
[     120,     140 ) 1154090   3.847%   5.429% #
[     140,     160 )  459487   1.532%   6.961% 
[     160,     180 )  602752   2.009%   8.970% 
[     180,     200 )  776373   2.588%  11.558% #
[     200,     250 ) 1306791   4.356%  15.914% #
[     250,     300 ) 1698007   5.660%  21.574% #
[     300,     350 ) 1362235   4.541%  26.115% #
[     350,     400 ) 1636807   5.456%  31.571% #
[     400,     450 ) 1198607   3.995%  35.566% #
[     450,     500 ) 1242534   4.142%  39.708% #
[     500,     600 ) 1958502   6.528%  46.236% #
[     600,     700 ) 1616858   5.390%  51.626% #
[     700,     800 ) 1363105   4.544%  56.170% #
[     800,     900 ) 1160787   3.869%  60.039% #
[     900,    1000 )  998183   3.327%  63.366% #
[    1000,    1200 ) 1623834   5.413%  68.779% #
[    1200,    1400 ) 1268730   4.229%  73.008% #
[    1400,    1600 ) 1027695   3.426%  76.434% #
[    1600,    1800 )  855768   2.853%  79.286% #
[    1800,    2000 )  730678   2.436%  81.722% 
[    2000,    2500 ) 1454091   4.847%  86.569% #
[    2500,    3000 ) 1077309   3.591%  90.160% #
[    3000,    3500 )  720632   2.402%  92.562% 
[    3500,    4000 )  317239   1.057%  93.620% 
[    4000,    4500 )   68897   0.230%  93.849% 
[    4500,    5000 )    8667   0.029%  93.878% 
[    5000,    6000 )    6245   0.021%  93.899% 
[    6000,    7000 )    6393   0.021%  93.920% 
[    7000,    8000 )    7208   0.024%  93.944% 
[    8000,    9000 )    9186   0.031%  93.975% 
[    9000,   10000 )   13699   0.046%  94.020% 
[   10000,   12000 )   46404   0.155%  94.175% 
[   12000,   14000 )  119402   0.398%  94.573% 
[   14000,   16000 )  269083   0.897%  95.470% 
[   16000,   18000 )  732164   2.441%  97.911% 
[   18000,   20000 )  594268   1.981%  99.892% 
[   20000,   25000 )   22849   0.076%  99.968% 
[   25000,   30000 )    6662   0.022%  99.990% 
[   30000,   35000 )    1542   0.005%  99.995% 
[   35000,   40000 )     197   0.001%  99.996% 
[   40000,   45000 )     261   0.001%  99.997% 
[   45000,   50000 )     556   0.002%  99.998% 
[   50000,   60000 )     237   0.001%  99.999% 
[   60000,   70000 )      45   0.000%  99.999% 
[   70000,   80000 )       8   0.000%  99.999% 
[   80000,   90000 )      15   0.000%  99.999% 
[   90000,  100000 )       4   0.000%  99.999% 
[  100000,  120000 )       3   0.000%  99.999% 
[  120000,  140000 )       4   0.000% 100.000% 
[  140000,  160000 )       5   0.000% 100.000% 
[  160000,  180000 )      33   0.000% 100.000% 
[  180000,  200000 )       2   0.000% 100.000% 
[  200000,  250000 )       8   0.000% 100.000% 
[  250000,  300000 )       8   0.000% 100.000% 
[  300000,  350000 )      10   0.000% 100.000% 
[  350000,  400000 )       6   0.000% 100.000% 
[  400000,  450000 )      12   0.000% 100.000% 
[  450000,  500000 )      13   0.000% 100.000% 
[  500000,  600000 )      32   0.000% 100.000% 
[  600000,  700000 )      20   0.000% 100.000% 

Write info: 
Count: 0  Average: 0.0000  StdDev: 0.00
Percentiles(us): P50: -nan P90: -nan P99: -nan P99.9: -nan P99.99: -nan
------------------------------------------------------


