
nofdb	workloads/workloadg_uniform.spec	32
# Load duration (sec): 632.504
# Loading records:	30000000
# Load throughput (KOPS): 47.4306
Count: 30000000  Average: 672.4246  StdDev: 3998.19
Percentiles(us): P50: 340.14 P90: 578.78 P99: 10949.73 P99.9: 16811.06 P99.99: 36127.45
------------------------------------------------------
[      30,      35 )       1   0.000%   0.000% 
[      35,      40 )     304   0.001%   0.001% 
[      40,      45 )    8354   0.028%   0.029% 
[      45,      50 )   47685   0.159%   0.188% 
[      50,      60 )  331314   1.104%   1.292% 
[      60,      70 )  490686   1.636%   2.928% 
[      70,      80 )  458443   1.528%   4.456% 
[      80,      90 )  442533   1.475%   5.931% 
[      90,     100 )  448804   1.496%   7.427% 
[     100,     120 )  930118   3.100%  10.527% #
[     120,     140 )  979526   3.265%  13.793% #
[     140,     160 ) 1027203   3.424%  17.217% #
[     160,     180 ) 1054355   3.515%  20.731% #
[     180,     200 ) 1072337   3.574%  24.306% #
[     200,     250 ) 2695510   8.985%  33.291% ##
[     250,     300 ) 2756866   9.190%  42.480% ##
[     300,     350 ) 2810067   9.367%  51.847% ##
[     350,     400 ) 2718326   9.061%  60.908% ##
[     400,     450 ) 3204579  10.682%  71.590% ##
[     450,     500 ) 3323888  11.080%  82.670% ##
[     500,     600 ) 2791509   9.305%  91.975% ##
[     600,     700 )  443398   1.478%  93.453% 
[     700,     800 )  169795   0.566%  94.019% 
[     800,     900 )  122633   0.409%  94.427% 
[     900,    1000 )  106218   0.354%  94.782% 
[    1000,    1200 )  166469   0.555%  95.336% 
[    1200,    1400 )  105118   0.350%  95.687% 
[    1400,    1600 )   78183   0.261%  95.947% 
[    1600,    1800 )   59764   0.199%  96.147% 
[    1800,    2000 )   44933   0.150%  96.296% 
[    2000,    2500 )  113310   0.378%  96.674% 
[    2500,    3000 )   81261   0.271%  96.945% 
[    3000,    3500 )   25398   0.085%  97.030% 
[    3500,    4000 )    7779   0.026%  97.056% 
[    4000,    4500 )    4080   0.014%  97.069% 
[    4500,    5000 )    3105   0.010%  97.080% 
[    5000,    6000 )    9780   0.033%  97.112% 
[    6000,    7000 )    9288   0.031%  97.143% 
[    7000,    8000 )   13122   0.044%  97.187% 
[    8000,    9000 )  166314   0.554%  97.741% 
[    9000,   10000 )  248674   0.829%  98.570% 
[   10000,   12000 )  271594   0.905%  99.475% 
[   12000,   14000 )   86871   0.290%  99.765% 
[   14000,   16000 )   31265   0.104%  99.869% 
[   16000,   18000 )   22785   0.076%  99.945% 
[   18000,   20000 )    5568   0.019%  99.964% 
[   20000,   25000 )    2721   0.009%  99.973% 
[   25000,   30000 )    2337   0.008%  99.981% 
[   30000,   35000 )    2737   0.009%  99.990% 
[   35000,   40000 )     408   0.001%  99.991% 
[   40000,   45000 )     455   0.002%  99.993% 
[   45000,   50000 )     261   0.001%  99.993% 
[   50000,   60000 )     555   0.002%  99.995% 
[   60000,   70000 )     491   0.002%  99.997% 
[   70000,   80000 )     210   0.001%  99.998% 
[   80000,   90000 )      64   0.000%  99.998% 
[   90000,  100000 )      32   0.000%  99.998% 
[  100000,  120000 )      32   0.000%  99.998% 
[  120000,  140000 )      64   0.000%  99.998% 
[  140000,  160000 )      32   0.000%  99.998% 
[  160000,  180000 )      32   0.000%  99.998% 
[  180000,  200000 )      64   0.000%  99.999% 
[  200000,  250000 )      96   0.000%  99.999% 
[  250000,  300000 )      64   0.000%  99.999% 
[  300000,  350000 )      64   0.000%  99.999% 
[  350000,  400000 )      32   0.000% 100.000% 
[  400000,  450000 )      40   0.000% 100.000% 
[  600000,  700000 )      32   0.000% 100.000% 
[  900000, 1000000 )      32   0.000% 100.000% 
[ 2500000, 3000000 )       8   0.000% 100.000% 
[ 3000000, 3500000 )      24   0.000% 100.000% 


# Run duration (sec): 635.148
# Run operations:	30000000
# Run throughput (KOPS): 47.2331
Count: 30000000  Average: 674.6266  StdDev: 1905.67
Percentiles(us): P50: 357.39 P90: 582.86 P99: 10804.96 P99.9: 14791.47 P99.99: 42942.18
------------------------------------------------------
[      35,      40 )     181   0.001%   0.001% 
[      40,      45 )    6817   0.023%   0.023% 
[      45,      50 )   45780   0.153%   0.176% 
[      50,      60 )  355293   1.184%   1.360% 
[      60,      70 )  542937   1.810%   3.170% 
[      70,      80 )  489262   1.631%   4.801% 
[      80,      90 )  459089   1.530%   6.331% 
[      90,     100 )  455598   1.519%   7.850% 
[     100,     120 )  921069   3.070%  10.920% #
[     120,     140 )  938741   3.129%  14.049% #
[     140,     160 )  954885   3.183%  17.232% #
[     160,     180 )  967199   3.224%  20.456% #
[     180,     200 )  979036   3.263%  23.720% #
[     200,     250 ) 2476442   8.255%  31.974% ##
[     250,     300 ) 2491172   8.304%  40.278% ##
[     300,     350 ) 2524632   8.415%  48.694% ##
[     350,     400 ) 2649661   8.832%  57.526% ##
[     400,     450 ) 3316553  11.055%  68.581% ##
[     450,     500 ) 3694823  12.316%  80.897% ##
[     500,     600 ) 3295845  10.986%  91.883% ##
[     600,     700 )  443316   1.478%  93.361% 
[     700,     800 )  174542   0.582%  93.943% 
[     800,     900 )  144471   0.482%  94.424% 
[     900,    1000 )  132531   0.442%  94.866% 
[    1000,    1200 )  179043   0.597%  95.463% 
[    1200,    1400 )  116999   0.390%  95.853% 
[    1400,    1600 )  100303   0.334%  96.187% 
[    1600,    1800 )   73415   0.245%  96.432% 
[    1800,    2000 )   42251   0.141%  96.573% 
[    2000,    2500 )   63901   0.213%  96.786% 
[    2500,    3000 )   28002   0.093%  96.879% 
[    3000,    3500 )    5031   0.017%  96.896% 
[    3500,    4000 )    3166   0.011%  96.907% 
[    4000,    4500 )    2674   0.009%  96.916% 
[    4500,    5000 )    2518   0.008%  96.924% 
[    5000,    6000 )   10113   0.034%  96.958% 
[    6000,    7000 )   10304   0.034%  96.992% 
[    7000,    8000 )   13839   0.046%  97.038% 
[    8000,    9000 )  162701   0.542%  97.580% 
[    9000,   10000 )  305225   1.017%  98.598% 
[   10000,   12000 )  299743   0.999%  99.597% 
[   12000,   14000 )   81748   0.272%  99.870% 
[   14000,   16000 )   23119   0.077%  99.947% 
[   16000,   18000 )    2524   0.008%  99.955% 
[   18000,   20000 )     770   0.003%  99.958% 
[   20000,   25000 )    1429   0.005%  99.962% 
[   25000,   30000 )    2881   0.010%  99.972% 
[   30000,   35000 )    4716   0.016%  99.988% 
[   35000,   40000 )     364   0.001%  99.989% 
[   40000,   45000 )     588   0.002%  99.991% 
[   45000,   50000 )     270   0.001%  99.992% 
[   50000,   60000 )     304   0.001%  99.993% 
[   60000,   70000 )    1992   0.007%  99.999% 
[   70000,   80000 )     133   0.000% 100.000% 
[   80000,   90000 )      27   0.000% 100.000% 
[   90000,  100000 )      32   0.000% 100.000% 

Read info: 
Count: 0  Average: 0.0000  StdDev: 0.00
Percentiles(us): P50: -nan P90: -nan P99: -nan P99.9: -nan P99.99: -nan
------------------------------------------------------

Write info: 
Count: 30000000  Average: 674.6266  StdDev: 1905.67
Percentiles(us): P50: 357.39 P90: 582.86 P99: 10804.96 P99.9: 14791.47 P99.99: 42942.18
------------------------------------------------------
[      35,      40 )     181   0.001%   0.001% 
[      40,      45 )    6817   0.023%   0.023% 
[      45,      50 )   45780   0.153%   0.176% 
[      50,      60 )  355293   1.184%   1.360% 
[      60,      70 )  542937   1.810%   3.170% 
[      70,      80 )  489262   1.631%   4.801% 
[      80,      90 )  459089   1.530%   6.331% 
[      90,     100 )  455598   1.519%   7.850% 
[     100,     120 )  921069   3.070%  10.920% #
[     120,     140 )  938741   3.129%  14.049% #
[     140,     160 )  954885   3.183%  17.232% #
[     160,     180 )  967199   3.224%  20.456% #
[     180,     200 )  979036   3.263%  23.720% #
[     200,     250 ) 2476442   8.255%  31.974% ##
[     250,     300 ) 2491172   8.304%  40.278% ##
[     300,     350 ) 2524632   8.415%  48.694% ##
[     350,     400 ) 2649661   8.832%  57.526% ##
[     400,     450 ) 3316553  11.055%  68.581% ##
[     450,     500 ) 3694823  12.316%  80.897% ##
[     500,     600 ) 3295845  10.986%  91.883% ##
[     600,     700 )  443316   1.478%  93.361% 
[     700,     800 )  174542   0.582%  93.943% 
[     800,     900 )  144471   0.482%  94.424% 
[     900,    1000 )  132531   0.442%  94.866% 
[    1000,    1200 )  179043   0.597%  95.463% 
[    1200,    1400 )  116999   0.390%  95.853% 
[    1400,    1600 )  100303   0.334%  96.187% 
[    1600,    1800 )   73415   0.245%  96.432% 
[    1800,    2000 )   42251   0.141%  96.573% 
[    2000,    2500 )   63901   0.213%  96.786% 
[    2500,    3000 )   28002   0.093%  96.879% 
[    3000,    3500 )    5031   0.017%  96.896% 
[    3500,    4000 )    3166   0.011%  96.907% 
[    4000,    4500 )    2674   0.009%  96.916% 
[    4500,    5000 )    2518   0.008%  96.924% 
[    5000,    6000 )   10113   0.034%  96.958% 
[    6000,    7000 )   10304   0.034%  96.992% 
[    7000,    8000 )   13839   0.046%  97.038% 
[    8000,    9000 )  162701   0.542%  97.580% 
[    9000,   10000 )  305225   1.017%  98.598% 
[   10000,   12000 )  299743   0.999%  99.597% 
[   12000,   14000 )   81748   0.272%  99.870% 
[   14000,   16000 )   23119   0.077%  99.947% 
[   16000,   18000 )    2524   0.008%  99.955% 
[   18000,   20000 )     770   0.003%  99.958% 
[   20000,   25000 )    1429   0.005%  99.962% 
[   25000,   30000 )    2881   0.010%  99.972% 
[   30000,   35000 )    4716   0.016%  99.988% 
[   35000,   40000 )     364   0.001%  99.989% 
[   40000,   45000 )     588   0.002%  99.991% 
[   45000,   50000 )     270   0.001%  99.992% 
[   50000,   60000 )     304   0.001%  99.993% 
[   60000,   70000 )    1992   0.007%  99.999% 
[   70000,   80000 )     133   0.000% 100.000% 
[   80000,   90000 )      27   0.000% 100.000% 
[   90000,  100000 )      32   0.000% 100.000% 


