
nofdb	workloads/workloadc_zipfian.spec	32
# Load duration (sec): 22.7343
# Loading records:	1000000
# Load throughput (KOPS): 43.9864
Count: 1000000  Average: 722.7699  StdDev: 15364.96
Percentiles(us): P50: 271.80 P90: 384.05 P99: 16999.61 P99.9: 22947.72 P99.99: 50250.00
------------------------------------------------------
[      35,      40 )       5   0.001%   0.001% 
[      40,      45 )      93   0.009%   0.010% 
[      45,      50 )     328   0.033%   0.043% 
[      50,      60 )    1132   0.113%   0.156% 
[      60,      70 )    1955   0.196%   0.351% 
[      70,      80 )    3388   0.339%   0.690% 
[      80,      90 )    5061   0.506%   1.196% 
[      90,     100 )    7007   0.701%   1.897% 
[     100,     120 )   21472   2.147%   4.044% 
[     120,     140 )   33450   3.345%   7.389% #
[     140,     160 )   46665   4.667%  12.056% #
[     160,     180 )   56963   5.696%  17.752% #
[     180,     200 )   62623   6.262%  24.014% #
[     200,     250 )  170928  17.093%  41.107% ###
[     250,     300 )  203962  20.396%  61.503% ####
[     300,     350 )  215680  21.568%  83.071% ####
[     350,     400 )  101734  10.173%  93.245% ##
[     400,     450 )   26207   2.621%  95.865% #
[     450,     500 )    6074   0.607%  96.473% 
[     500,     600 )    2071   0.207%  96.680% 
[     600,     700 )     539   0.054%  96.734% 
[     700,     800 )     319   0.032%  96.766% 
[     800,     900 )     194   0.019%  96.785% 
[     900,    1000 )     146   0.015%  96.800% 
[    1000,    1200 )     146   0.015%  96.814% 
[    1200,    1400 )     178   0.018%  96.832% 
[    1400,    1600 )     177   0.018%  96.850% 
[    1600,    1800 )     150   0.015%  96.865% 
[    1800,    2000 )     188   0.019%  96.883% 
[    2000,    2500 )     513   0.051%  96.935% 
[    2500,    3000 )     796   0.080%  97.014% 
[    3000,    3500 )    2700   0.270%  97.284% 
[    3500,    4000 )    2114   0.211%  97.496% 
[    4000,    4500 )    1976   0.198%  97.693% 
[    4500,    5000 )    1072   0.107%  97.801% 
[    5000,    6000 )    1682   0.168%  97.969% 
[    6000,    7000 )     133   0.013%  97.982% 
[    7000,    8000 )     323   0.032%  98.014% 
[    8000,    9000 )     273   0.027%  98.042% 
[    9000,   10000 )      29   0.003%  98.045% 
[   10000,   12000 )     200   0.020%  98.065% 
[   12000,   14000 )     757   0.076%  98.140% 
[   14000,   16000 )    2159   0.216%  98.356% 
[   16000,   18000 )   12881   1.288%  99.644% 
[   18000,   20000 )    1497   0.150%  99.794% 
[   20000,   25000 )    1798   0.180%  99.974% 
[   25000,   30000 )     127   0.013%  99.987% 
[   30000,   35000 )      33   0.003%  99.990% 
[   35000,   40000 )       1   0.000%  99.990% 
[   50000,   60000 )      40   0.004%  99.994% 
[   60000,   70000 )      22   0.002%  99.996% 
[  300000,  350000 )       3   0.000%  99.996% 
[  450000,  500000 )       4   0.000%  99.997% 
[ 2000000, 2500000 )       7   0.001%  99.998% 
[ 2500000, 3000000 )      25   0.003% 100.000% 


# Run duration (sec): 58.2877
# Run operations:	1000000
# Run throughput (KOPS): 17.1563
Count: 1000000  Average: 1857.3273  StdDev: 4167.54
Percentiles(us): P50: 440.38 P90: 3189.79 P99: 19504.05 P99.9: 22844.88 P99.99: 32741.94
------------------------------------------------------
[      25,      30 )       4   0.000%   0.000% 
[      30,      35 )     871   0.087%   0.088% 
[      35,      40 )    1796   0.180%   0.267% 
[      40,      45 )     953   0.095%   0.362% 
[      45,      50 )     293   0.029%   0.392% 
[      50,      60 )     495   0.050%   0.441% 
[      60,      70 )    6379   0.638%   1.079% 
[      70,      80 )    9092   0.909%   1.988% 
[      80,      90 )    4042   0.404%   2.393% 
[      90,     100 )    4393   0.439%   2.832% 
[     100,     120 )   48031   4.803%   7.635% #
[     120,     140 )   66313   6.631%  14.266% #
[     140,     160 )   32534   3.253%  17.520% #
[     160,     180 )   35060   3.506%  21.026% #
[     180,     200 )   38888   3.889%  24.914% #
[     200,     250 )   70118   7.012%  31.926% #
[     250,     300 )   63553   6.355%  38.282% #
[     300,     350 )   47111   4.711%  42.993% #
[     350,     400 )   42958   4.296%  47.288% #
[     400,     450 )   33576   3.358%  50.646% #
[     450,     500 )   29576   2.958%  53.604% #
[     500,     600 )   46656   4.666%  58.269% #
[     600,     700 )   35071   3.507%  61.776% #
[     700,     800 )   27859   2.786%  64.562% #
[     800,     900 )   22307   2.231%  66.793% 
[     900,    1000 )   18473   1.847%  68.640% 
[    1000,    1200 )   29495   2.950%  71.590% #
[    1200,    1400 )   23623   2.362%  73.952% 
[    1400,    1600 )   21069   2.107%  76.059% 
[    1600,    1800 )   19413   1.941%  78.000% 
[    1800,    2000 )   18556   1.856%  79.856% 
[    2000,    2500 )   45528   4.553%  84.409% #
[    2500,    3000 )   43134   4.313%  88.722% #
[    3000,    3500 )   33669   3.367%  92.089% #
[    3500,    4000 )   16127   1.613%  93.702% 
[    4000,    4500 )    4231   0.423%  94.125% 
[    4500,    5000 )     617   0.062%  94.186% 
[    5000,    6000 )     136   0.014%  94.200% 
[    6000,    7000 )     107   0.011%  94.211% 
[    7000,    8000 )      74   0.007%  94.218% 
[    8000,    9000 )      28   0.003%  94.221% 
[    9000,   10000 )      35   0.004%  94.224% 
[   10000,   12000 )     128   0.013%  94.237% 
[   12000,   14000 )     314   0.031%  94.269% 
[   14000,   16000 )    3363   0.336%  94.605% 
[   16000,   18000 )   19371   1.937%  96.542% 
[   18000,   20000 )   32685   3.268%  99.811% #
[   20000,   25000 )    1573   0.157%  99.968% 
[   25000,   30000 )     103   0.010%  99.978% 
[   30000,   35000 )     217   0.022% 100.000% 
[   35000,   40000 )       2   0.000% 100.000% 

Read info: 
Count: 1000000  Average: 1857.3273  StdDev: 4167.54
Percentiles(us): P50: 440.38 P90: 3189.79 P99: 19504.05 P99.9: 22844.88 P99.99: 32741.94
------------------------------------------------------
[      25,      30 )       4   0.000%   0.000% 
[      30,      35 )     871   0.087%   0.088% 
[      35,      40 )    1796   0.180%   0.267% 
[      40,      45 )     953   0.095%   0.362% 
[      45,      50 )     293   0.029%   0.392% 
[      50,      60 )     495   0.050%   0.441% 
[      60,      70 )    6379   0.638%   1.079% 
[      70,      80 )    9092   0.909%   1.988% 
[      80,      90 )    4042   0.404%   2.393% 
[      90,     100 )    4393   0.439%   2.832% 
[     100,     120 )   48031   4.803%   7.635% #
[     120,     140 )   66313   6.631%  14.266% #
[     140,     160 )   32534   3.253%  17.520% #
[     160,     180 )   35060   3.506%  21.026% #
[     180,     200 )   38888   3.889%  24.914% #
[     200,     250 )   70118   7.012%  31.926% #
[     250,     300 )   63553   6.355%  38.282% #
[     300,     350 )   47111   4.711%  42.993% #
[     350,     400 )   42958   4.296%  47.288% #
[     400,     450 )   33576   3.358%  50.646% #
[     450,     500 )   29576   2.958%  53.604% #
[     500,     600 )   46656   4.666%  58.269% #
[     600,     700 )   35071   3.507%  61.776% #
[     700,     800 )   27859   2.786%  64.562% #
[     800,     900 )   22307   2.231%  66.793% 
[     900,    1000 )   18473   1.847%  68.640% 
[    1000,    1200 )   29495   2.950%  71.590% #
[    1200,    1400 )   23623   2.362%  73.952% 
[    1400,    1600 )   21069   2.107%  76.059% 
[    1600,    1800 )   19413   1.941%  78.000% 
[    1800,    2000 )   18556   1.856%  79.856% 
[    2000,    2500 )   45528   4.553%  84.409% #
[    2500,    3000 )   43134   4.313%  88.722% #
[    3000,    3500 )   33669   3.367%  92.089% #
[    3500,    4000 )   16127   1.613%  93.702% 
[    4000,    4500 )    4231   0.423%  94.125% 
[    4500,    5000 )     617   0.062%  94.186% 
[    5000,    6000 )     136   0.014%  94.200% 
[    6000,    7000 )     107   0.011%  94.211% 
[    7000,    8000 )      74   0.007%  94.218% 
[    8000,    9000 )      28   0.003%  94.221% 
[    9000,   10000 )      35   0.004%  94.224% 
[   10000,   12000 )     128   0.013%  94.237% 
[   12000,   14000 )     314   0.031%  94.269% 
[   14000,   16000 )    3363   0.336%  94.605% 
[   16000,   18000 )   19371   1.937%  96.542% 
[   18000,   20000 )   32685   3.268%  99.811% #
[   20000,   25000 )    1573   0.157%  99.968% 
[   25000,   30000 )     103   0.010%  99.978% 
[   30000,   35000 )     217   0.022% 100.000% 
[   35000,   40000 )       2   0.000% 100.000% 

Write info: 
Count: 0  Average: 0.0000  StdDev: 0.00
Percentiles(us): P50: -nan P90: -nan P99: -nan P99.9: -nan P99.99: -nan
------------------------------------------------------


