
nofdb	workloads/workloadc_uniform.spec	32
# Load duration (sec): 22.7492
# Loading records:	1000000
# Load throughput (KOPS): 43.9576
Count: 1000000  Average: 723.3579  StdDev: 14037.17
Percentiles(us): P50: 270.29 P90: 380.27 P99: 17062.05 P99.9: 23425.70 P99.99: 35943.40
------------------------------------------------------
[      40,      45 )      78   0.008%   0.008% 
[      45,      50 )     322   0.032%   0.040% 
[      50,      60 )    1032   0.103%   0.143% 
[      60,      70 )    1728   0.173%   0.316% 
[      70,      80 )    2881   0.288%   0.604% 
[      80,      90 )    4220   0.422%   1.026% 
[      90,     100 )    5900   0.590%   1.616% 
[     100,     120 )   18542   1.854%   3.470% 
[     120,     140 )   30164   3.016%   6.487% #
[     140,     160 )   44895   4.490%  10.976% #
[     160,     180 )   58973   5.897%  16.873% #
[     180,     200 )   66554   6.655%  23.529% #
[     200,     250 )  178148  17.815%  41.344% ####
[     250,     300 )  213366  21.337%  62.680% ####
[     300,     350 )  217242  21.724%  84.404% ####
[     350,     400 )   92415   9.242%  93.646% ##
[     400,     450 )   22260   2.226%  95.872% 
[     450,     500 )    5072   0.507%  96.379% 
[     500,     600 )    1799   0.180%  96.559% 
[     600,     700 )     398   0.040%  96.599% 
[     700,     800 )     252   0.025%  96.624% 
[     800,     900 )     159   0.016%  96.640% 
[     900,    1000 )     119   0.012%  96.652% 
[    1000,    1200 )     245   0.025%  96.676% 
[    1200,    1400 )     197   0.020%  96.696% 
[    1400,    1600 )     263   0.026%  96.722% 
[    1600,    1800 )     261   0.026%  96.749% 
[    1800,    2000 )     197   0.020%  96.768% 
[    2000,    2500 )     553   0.055%  96.824% 
[    2500,    3000 )     846   0.085%  96.908% 
[    3000,    3500 )    2664   0.266%  97.175% 
[    3500,    4000 )    2442   0.244%  97.419% 
[    4000,    4500 )    2045   0.205%  97.623% 
[    4500,    5000 )    1306   0.131%  97.754% 
[    5000,    6000 )    1828   0.183%  97.937% 
[    6000,    7000 )     206   0.021%  97.957% 
[    7000,    8000 )     192   0.019%  97.976% 
[    8000,    9000 )     305   0.031%  98.007% 
[    9000,   10000 )      54   0.005%  98.012% 
[   10000,   12000 )     180   0.018%  98.030% 
[   12000,   14000 )     836   0.084%  98.114% 
[   14000,   16000 )    1997   0.200%  98.314% 
[   16000,   18000 )   12926   1.293%  99.606% 
[   18000,   20000 )    1269   0.127%  99.733% 
[   20000,   25000 )    2436   0.244%  99.977% 
[   25000,   30000 )      92   0.009%  99.986% 
[   30000,   35000 )      31   0.003%  99.989% 
[   35000,   40000 )      53   0.005%  99.994% 
[   40000,   45000 )      11   0.001%  99.995% 
[  180000,  200000 )      11   0.001%  99.997% 
[  350000,  400000 )       3   0.000%  99.997% 
[ 2000000, 2500000 )      14   0.001%  99.998% 
[ 2500000, 3000000 )      18   0.002% 100.000% 


# Run duration (sec): 58.6346
# Run operations:	1000000
# Run throughput (KOPS): 17.0548
Count: 1000000  Average: 1868.6772  StdDev: 4013.56
Percentiles(us): P50: 587.54 P90: 3057.65 P99: 19247.05 P99.9: 21420.15 P99.99: 31444.44
------------------------------------------------------
[      30,      35 )     799   0.080%   0.080% 
[      35,      40 )    1729   0.173%   0.253% 
[      40,      45 )     746   0.075%   0.327% 
[      45,      50 )     238   0.024%   0.351% 
[      50,      60 )     357   0.036%   0.387% 
[      60,      70 )     352   0.035%   0.422% 
[      70,      80 )     378   0.038%   0.460% 
[      80,      90 )     546   0.055%   0.515% 
[      90,     100 )    1906   0.191%   0.705% 
[     100,     120 )   32571   3.257%   3.962% #
[     120,     140 )   48372   4.837%   8.799% #
[     140,     160 )   22461   2.246%  11.046% 
[     160,     180 )   26487   2.649%  13.694% #
[     180,     200 )   33688   3.369%  17.063% #
[     200,     250 )   58059   5.806%  22.869% #
[     250,     300 )   61034   6.103%  28.972% #
[     300,     350 )   43491   4.349%  33.321% #
[     350,     400 )   46153   4.615%  37.937% #
[     400,     450 )   35336   3.534%  41.470% #
[     450,     500 )   35087   3.509%  44.979% #
[     500,     600 )   57359   5.736%  50.715% #
[     600,     700 )   46951   4.695%  55.410% #
[     700,     800 )   39795   3.980%  59.390% #
[     800,     900 )   33443   3.344%  62.734% #
[     900,    1000 )   29014   2.901%  65.635% #
[    1000,    1200 )   46231   4.623%  70.258% #
[    1200,    1400 )   36264   3.626%  73.885% #
[    1400,    1600 )   29333   2.933%  76.818% #
[    1600,    1800 )   24907   2.491%  79.309% 
[    1800,    2000 )   21871   2.187%  81.496% 
[    2000,    2500 )   45844   4.584%  86.080% #
[    2500,    3000 )   36191   3.619%  89.699% #
[    3000,    3500 )   26079   2.608%  92.307% #
[    3500,    4000 )   13758   1.376%  93.683% 
[    4000,    4500 )    4043   0.404%  94.087% 
[    4500,    5000 )     668   0.067%  94.154% 
[    5000,    6000 )     101   0.010%  94.164% 
[    6000,    7000 )      96   0.010%  94.174% 
[    7000,    8000 )      49   0.005%  94.179% 
[    8000,    9000 )      31   0.003%  94.182% 
[    9000,   10000 )      62   0.006%  94.188% 
[   10000,   12000 )     283   0.028%  94.216% 
[   12000,   14000 )    1685   0.169%  94.385% 
[   14000,   16000 )    7483   0.748%  95.133% 
[   16000,   18000 )   24202   2.420%  97.553% 
[   18000,   20000 )   23202   2.320%  99.874% 
[   20000,   25000 )     933   0.093%  99.967% 
[   25000,   30000 )     193   0.019%  99.986% 
[   30000,   35000 )     135   0.013% 100.000% 
[   35000,   40000 )       4   0.000% 100.000% 

Read info: 
Count: 1000000  Average: 1868.6772  StdDev: 4013.56
Percentiles(us): P50: 587.54 P90: 3057.65 P99: 19247.05 P99.9: 21420.15 P99.99: 31444.44
------------------------------------------------------
[      30,      35 )     799   0.080%   0.080% 
[      35,      40 )    1729   0.173%   0.253% 
[      40,      45 )     746   0.075%   0.327% 
[      45,      50 )     238   0.024%   0.351% 
[      50,      60 )     357   0.036%   0.387% 
[      60,      70 )     352   0.035%   0.422% 
[      70,      80 )     378   0.038%   0.460% 
[      80,      90 )     546   0.055%   0.515% 
[      90,     100 )    1906   0.191%   0.705% 
[     100,     120 )   32571   3.257%   3.962% #
[     120,     140 )   48372   4.837%   8.799% #
[     140,     160 )   22461   2.246%  11.046% 
[     160,     180 )   26487   2.649%  13.694% #
[     180,     200 )   33688   3.369%  17.063% #
[     200,     250 )   58059   5.806%  22.869% #
[     250,     300 )   61034   6.103%  28.972% #
[     300,     350 )   43491   4.349%  33.321% #
[     350,     400 )   46153   4.615%  37.937% #
[     400,     450 )   35336   3.534%  41.470% #
[     450,     500 )   35087   3.509%  44.979% #
[     500,     600 )   57359   5.736%  50.715% #
[     600,     700 )   46951   4.695%  55.410% #
[     700,     800 )   39795   3.980%  59.390% #
[     800,     900 )   33443   3.344%  62.734% #
[     900,    1000 )   29014   2.901%  65.635% #
[    1000,    1200 )   46231   4.623%  70.258% #
[    1200,    1400 )   36264   3.626%  73.885% #
[    1400,    1600 )   29333   2.933%  76.818% #
[    1600,    1800 )   24907   2.491%  79.309% 
[    1800,    2000 )   21871   2.187%  81.496% 
[    2000,    2500 )   45844   4.584%  86.080% #
[    2500,    3000 )   36191   3.619%  89.699% #
[    3000,    3500 )   26079   2.608%  92.307% #
[    3500,    4000 )   13758   1.376%  93.683% 
[    4000,    4500 )    4043   0.404%  94.087% 
[    4500,    5000 )     668   0.067%  94.154% 
[    5000,    6000 )     101   0.010%  94.164% 
[    6000,    7000 )      96   0.010%  94.174% 
[    7000,    8000 )      49   0.005%  94.179% 
[    8000,    9000 )      31   0.003%  94.182% 
[    9000,   10000 )      62   0.006%  94.188% 
[   10000,   12000 )     283   0.028%  94.216% 
[   12000,   14000 )    1685   0.169%  94.385% 
[   14000,   16000 )    7483   0.748%  95.133% 
[   16000,   18000 )   24202   2.420%  97.553% 
[   18000,   20000 )   23202   2.320%  99.874% 
[   20000,   25000 )     933   0.093%  99.967% 
[   25000,   30000 )     193   0.019%  99.986% 
[   30000,   35000 )     135   0.013% 100.000% 
[   35000,   40000 )       4   0.000% 100.000% 

Write info: 
Count: 0  Average: 0.0000  StdDev: 0.00
Percentiles(us): P50: -nan P90: -nan P99: -nan P99.9: -nan P99.99: -nan
------------------------------------------------------


