
nofdb	workloads/workloadg_uniform.spec	32
# Load duration (sec): 14.6273
# Loading records:	1000000
# Load throughput (KOPS): 68.3652
Count: 1000000  Average: 465.3603  StdDev: 18662.75
Percentiles(us): P50: 274.67 P90: 380.71 P99: 4200.00 P99.9: 9862.19 P99.99: 29696.97
------------------------------------------------------
[      35,      40 )       3   0.000%   0.000% 
[      40,      45 )      63   0.006%   0.007% 
[      45,      50 )     312   0.031%   0.038% 
[      50,      60 )    1143   0.114%   0.152% 
[      60,      70 )    1978   0.198%   0.350% 
[      70,      80 )    3133   0.313%   0.663% 
[      80,      90 )    4585   0.459%   1.122% 
[      90,     100 )    6511   0.651%   1.773% 
[     100,     120 )   19335   1.933%   3.706% 
[     120,     140 )   29655   2.966%   6.672% #
[     140,     160 )   42427   4.243%  10.915% #
[     160,     180 )   55183   5.518%  16.433% #
[     180,     200 )   63399   6.340%  22.773% #
[     200,     250 )  170908  17.091%  39.864% ###
[     250,     300 )  205446  20.545%  60.408% ####
[     300,     350 )  227828  22.783%  83.191% #####
[     350,     400 )  110845  11.085%  94.275% ##
[     400,     450 )   27358   2.736%  97.011% #
[     450,     500 )    5888   0.589%  97.600% 
[     500,     600 )    2717   0.272%  97.872% 
[     600,     700 )    1113   0.111%  97.983% 
[     700,     800 )     718   0.072%  98.055% 
[     800,     900 )     552   0.055%  98.110% 
[     900,    1000 )     516   0.052%  98.162% 
[    1000,    1200 )     869   0.087%  98.249% 
[    1200,    1400 )     809   0.081%  98.329% 
[    1400,    1600 )     723   0.072%  98.402% 
[    1600,    1800 )     634   0.063%  98.465% 
[    1800,    2000 )     586   0.059%  98.524% 
[    2000,    2500 )    1337   0.134%  98.657% 
[    2500,    3000 )    1266   0.127%  98.784% 
[    3000,    3500 )    1008   0.101%  98.885% 
[    3500,    4000 )     846   0.085%  98.969% 
[    4000,    4500 )     765   0.076%  99.046% 
[    4500,    5000 )     725   0.073%  99.118% 
[    5000,    6000 )    1597   0.160%  99.278% 
[    6000,    7000 )    3095   0.309%  99.588% 
[    7000,    8000 )    1385   0.139%  99.726% 
[    8000,    9000 )    1007   0.101%  99.827% 
[    9000,   10000 )     849   0.085%  99.912% 
[   10000,   12000 )     415   0.042%  99.953% 
[   12000,   14000 )      90   0.009%  99.962% 
[   14000,   16000 )      33   0.003%  99.966% 
[   16000,   18000 )      43   0.004%  99.970% 
[   18000,   20000 )      71   0.007%  99.977% 
[   20000,   25000 )     100   0.010%  99.987% 
[   25000,   30000 )      33   0.003%  99.990% 
[   30000,   35000 )      27   0.003%  99.993% 
[   50000,   60000 )       8   0.001%  99.994% 
[   60000,   70000 )      24   0.002%  99.996% 
[  250000,  300000 )       7   0.001%  99.997% 
[ 3000000, 3500000 )      32   0.003% 100.000% 


# Run duration (sec): 11.1075
# Run operations:	1000000
# Run throughput (KOPS): 90.0296
Count: 1000000  Average: 353.0809  StdDev: 937.72
Percentiles(us): P50: 268.81 P90: 367.30 P99: 4419.16 P99.9: 9979.84 P99.99: 19652.17
------------------------------------------------------
[      35,      40 )       9   0.001%   0.001% 
[      40,      45 )      54   0.005%   0.006% 
[      45,      50 )     461   0.046%   0.052% 
[      50,      60 )    1485   0.149%   0.201% 
[      60,      70 )    2283   0.228%   0.429% 
[      70,      80 )    3621   0.362%   0.791% 
[      80,      90 )    5051   0.505%   1.296% 
[      90,     100 )    6697   0.670%   1.966% 
[     100,     120 )   19617   1.962%   3.928% 
[     120,     140 )   29851   2.985%   6.913% #
[     140,     160 )   43813   4.381%  11.294% #
[     160,     180 )   58303   5.830%  17.125% #
[     180,     200 )   67165   6.716%  23.841% #
[     200,     250 )  179715  17.972%  41.812% ####
[     250,     300 )  217616  21.762%  63.574% ####
[     300,     350 )  232306  23.231%  86.805% #####
[     350,     400 )   92345   9.235%  96.039% ##
[     400,     450 )   16138   1.614%  97.653% 
[     450,     500 )    2685   0.269%  97.922% 
[     500,     600 )    1761   0.176%  98.098% 
[     600,     700 )     818   0.082%  98.179% 
[     700,     800 )     473   0.047%  98.227% 
[     800,     900 )     349   0.035%  98.262% 
[     900,    1000 )     397   0.040%  98.301% 
[    1000,    1200 )     766   0.077%  98.378% 
[    1200,    1400 )     614   0.061%  98.439% 
[    1400,    1600 )     561   0.056%  98.495% 
[    1600,    1800 )     467   0.047%  98.542% 
[    1800,    2000 )     425   0.043%  98.585% 
[    2000,    2500 )    1065   0.107%  98.691% 
[    2500,    3000 )     975   0.098%  98.789% 
[    3000,    3500 )     819   0.082%  98.871% 
[    3500,    4000 )     735   0.074%  98.944% 
[    4000,    4500 )     668   0.067%  99.011% 
[    4500,    5000 )     698   0.070%  99.081% 
[    5000,    6000 )    1527   0.153%  99.233% 
[    6000,    7000 )    1764   0.176%  99.410% 
[    7000,    8000 )    2531   0.253%  99.663% 
[    8000,    9000 )    1157   0.116%  99.779% 
[    9000,   10000 )    1240   0.124%  99.903% 
[   10000,   12000 )     586   0.059%  99.961% 
[   12000,   14000 )      94   0.009%  99.971% 
[   14000,   16000 )     165   0.017%  99.987% 
[   16000,   18000 )      11   0.001%  99.988% 
[   18000,   20000 )      23   0.002%  99.990% 
[   20000,   25000 )      64   0.006%  99.997% 
[   80000,   90000 )      32   0.003% 100.000% 

Read info: 
Count: 0  Average: 0.0000  StdDev: 0.00
Percentiles(us): P50: -nan P90: -nan P99: -nan P99.9: -nan P99.99: -nan
------------------------------------------------------

Write info: 
Count: 1000000  Average: 353.0809  StdDev: 937.72
Percentiles(us): P50: 268.81 P90: 367.30 P99: 4419.16 P99.9: 9979.84 P99.99: 19652.17
------------------------------------------------------
[      35,      40 )       9   0.001%   0.001% 
[      40,      45 )      54   0.005%   0.006% 
[      45,      50 )     461   0.046%   0.052% 
[      50,      60 )    1485   0.149%   0.201% 
[      60,      70 )    2283   0.228%   0.429% 
[      70,      80 )    3621   0.362%   0.791% 
[      80,      90 )    5051   0.505%   1.296% 
[      90,     100 )    6697   0.670%   1.966% 
[     100,     120 )   19617   1.962%   3.928% 
[     120,     140 )   29851   2.985%   6.913% #
[     140,     160 )   43813   4.381%  11.294% #
[     160,     180 )   58303   5.830%  17.125% #
[     180,     200 )   67165   6.716%  23.841% #
[     200,     250 )  179715  17.972%  41.812% ####
[     250,     300 )  217616  21.762%  63.574% ####
[     300,     350 )  232306  23.231%  86.805% #####
[     350,     400 )   92345   9.235%  96.039% ##
[     400,     450 )   16138   1.614%  97.653% 
[     450,     500 )    2685   0.269%  97.922% 
[     500,     600 )    1761   0.176%  98.098% 
[     600,     700 )     818   0.082%  98.179% 
[     700,     800 )     473   0.047%  98.227% 
[     800,     900 )     349   0.035%  98.262% 
[     900,    1000 )     397   0.040%  98.301% 
[    1000,    1200 )     766   0.077%  98.378% 
[    1200,    1400 )     614   0.061%  98.439% 
[    1400,    1600 )     561   0.056%  98.495% 
[    1600,    1800 )     467   0.047%  98.542% 
[    1800,    2000 )     425   0.043%  98.585% 
[    2000,    2500 )    1065   0.107%  98.691% 
[    2500,    3000 )     975   0.098%  98.789% 
[    3000,    3500 )     819   0.082%  98.871% 
[    3500,    4000 )     735   0.074%  98.944% 
[    4000,    4500 )     668   0.067%  99.011% 
[    4500,    5000 )     698   0.070%  99.081% 
[    5000,    6000 )    1527   0.153%  99.233% 
[    6000,    7000 )    1764   0.176%  99.410% 
[    7000,    8000 )    2531   0.253%  99.663% 
[    8000,    9000 )    1157   0.116%  99.779% 
[    9000,   10000 )    1240   0.124%  99.903% 
[   10000,   12000 )     586   0.059%  99.961% 
[   12000,   14000 )      94   0.009%  99.971% 
[   14000,   16000 )     165   0.017%  99.987% 
[   16000,   18000 )      11   0.001%  99.988% 
[   18000,   20000 )      23   0.002%  99.990% 
[   20000,   25000 )      64   0.006%  99.997% 
[   80000,   90000 )      32   0.003% 100.000% 


