
nofdb	workloads/workloadg_zipfian.spec	32
# Load duration (sec): 23.3412
# Loading records:	1000000
# Load throughput (KOPS): 42.8426
Count: 1000000  Average: 742.7780  StdDev: 13972.33
Percentiles(us): P50: 270.59 P90: 383.43 P99: 17078.72 P99.9: 23103.53 P99.99: 31290.32
------------------------------------------------------
[      35,      40 )       6   0.001%   0.001% 
[      40,      45 )      89   0.009%   0.009% 
[      45,      50 )     312   0.031%   0.041% 
[      50,      60 )     941   0.094%   0.135% 
[      60,      70 )    1764   0.176%   0.311% 
[      70,      80 )    2989   0.299%   0.610% 
[      80,      90 )    4515   0.452%   1.062% 
[      90,     100 )    6300   0.630%   1.692% 
[     100,     120 )   19198   1.920%   3.611% 
[     120,     140 )   31023   3.102%   6.714% #
[     140,     160 )   46095   4.610%  11.323% #
[     160,     180 )   58943   5.894%  17.218% #
[     180,     200 )   65908   6.591%  23.808% #
[     200,     250 )  176684  17.668%  41.477% ####
[     250,     300 )  207021  20.702%  62.179% ####
[     300,     350 )  213462  21.346%  83.525% ####
[     350,     400 )   96837   9.684%  93.209% ##
[     400,     450 )   23270   2.327%  95.536% 
[     450,     500 )    5074   0.507%  96.043% 
[     500,     600 )    1809   0.181%  96.224% 
[     600,     700 )     395   0.040%  96.264% 
[     700,     800 )     244   0.024%  96.288% 
[     800,     900 )     170   0.017%  96.305% 
[     900,    1000 )     144   0.014%  96.319% 
[    1000,    1200 )     194   0.019%  96.339% 
[    1200,    1400 )     175   0.018%  96.356% 
[    1400,    1600 )     227   0.023%  96.379% 
[    1600,    1800 )     209   0.021%  96.400% 
[    1800,    2000 )     206   0.021%  96.420% 
[    2000,    2500 )     454   0.045%  96.466% 
[    2500,    3000 )     642   0.064%  96.530% 
[    3000,    3500 )    3904   0.390%  96.920% 
[    3500,    4000 )    2736   0.274%  97.194% 
[    4000,    4500 )    2341   0.234%  97.428% 
[    4500,    5000 )    1632   0.163%  97.591% 
[    5000,    6000 )    2859   0.286%  97.877% 
[    6000,    7000 )     144   0.014%  97.892% 
[    7000,    8000 )     208   0.021%  97.912% 
[    8000,    9000 )     268   0.027%  97.939% 
[    9000,   10000 )      66   0.007%  97.946% 
[   10000,   12000 )     228   0.023%  97.969% 
[   12000,   14000 )    1179   0.118%  98.087% 
[   14000,   16000 )    2290   0.229%  98.316% 
[   16000,   18000 )   12691   1.269%  99.585% 
[   18000,   20000 )    1907   0.191%  99.775% 
[   20000,   25000 )    2009   0.201%  99.976% 
[   25000,   30000 )     130   0.013%  99.989% 
[   30000,   35000 )      31   0.003%  99.992% 
[   40000,   45000 )      21   0.002%  99.994% 
[   45000,   50000 )      11   0.001%  99.996% 
[   80000,   90000 )       7   0.001%  99.996% 
[  300000,  350000 )       6   0.001%  99.997% 
[ 2000000, 2500000 )      13   0.001%  99.998% 
[ 2500000, 3000000 )      19   0.002% 100.000% 


# Run duration (sec): 17.303
# Run operations:	1000000
# Run throughput (KOPS): 57.7935
Count: 1000000  Average: 548.6866  StdDev: 2230.74
Percentiles(us): P50: 209.63 P90: 291.33 P99: 16754.73 P99.9: 23372.89 P99.99: 24991.01
------------------------------------------------------
[      30,      35 )       1   0.000%   0.000% 
[      35,      40 )      25   0.003%   0.003% 
[      40,      45 )     366   0.037%   0.039% 
[      45,      50 )     881   0.088%   0.127% 
[      50,      60 )    2467   0.247%   0.374% 
[      60,      70 )    4146   0.415%   0.789% 
[      70,      80 )    6380   0.638%   1.427% 
[      80,      90 )    9392   0.939%   2.366% 
[      90,     100 )   12788   1.279%   3.645% 
[     100,     120 )   39351   3.935%   7.580% #
[     120,     140 )   65826   6.583%  14.162% #
[     140,     160 )   90742   9.074%  23.236% ##
[     160,     180 )  102059  10.206%  33.442% ##
[     180,     200 )  106227  10.623%  44.065% ##
[     200,     250 )  308133  30.813%  74.878% ######
[     250,     300 )  182926  18.293%  93.171% ####
[     300,     350 )   28718   2.872%  96.043% #
[     350,     400 )    4818   0.482%  96.525% 
[     400,     450 )    1795   0.180%  96.704% 
[     450,     500 )     810   0.081%  96.785% 
[     500,     600 )     566   0.057%  96.842% 
[     600,     700 )     232   0.023%  96.865% 
[     700,     800 )     157   0.016%  96.881% 
[     800,     900 )     157   0.016%  96.896% 
[     900,    1000 )      93   0.009%  96.906% 
[    1000,    1200 )     175   0.018%  96.923% 
[    1200,    1400 )     135   0.013%  96.937% 
[    1400,    1600 )     125   0.013%  96.949% 
[    1600,    1800 )     159   0.016%  96.965% 
[    1800,    2000 )     134   0.013%  96.978% 
[    2000,    2500 )     452   0.045%  97.024% 
[    2500,    3000 )     418   0.042%  97.065% 
[    3000,    3500 )     723   0.072%  97.138% 
[    3500,    4000 )    2412   0.241%  97.379% 
[    4000,    4500 )    2381   0.238%  97.617% 
[    4500,    5000 )    1498   0.150%  97.767% 
[    5000,    6000 )    2871   0.287%  98.054% 
[    6000,    7000 )    1955   0.196%  98.249% 
[    7000,    8000 )      84   0.008%  98.258% 
[    8000,    9000 )     239   0.024%  98.282% 
[    9000,   10000 )     141   0.014%  98.296% 
[   10000,   12000 )     421   0.042%  98.338% 
[   12000,   14000 )     823   0.082%  98.420% 
[   14000,   16000 )    1610   0.161%  98.581% 
[   16000,   18000 )   11098   1.110%  99.691% 
[   18000,   20000 )     214   0.021%  99.712% 
[   20000,   25000 )    2781   0.278%  99.991% 
[   25000,   30000 )      64   0.006%  99.997% 
[   35000,   40000 )      31   0.003% 100.000% 

Read info: 
Count: 0  Average: 0.0000  StdDev: 0.00
Percentiles(us): P50: -nan P90: -nan P99: -nan P99.9: -nan P99.99: -nan
------------------------------------------------------

Write info: 
Count: 1000000  Average: 548.6866  StdDev: 2230.74
Percentiles(us): P50: 209.63 P90: 291.33 P99: 16754.73 P99.9: 23372.89 P99.99: 24991.01
------------------------------------------------------
[      30,      35 )       1   0.000%   0.000% 
[      35,      40 )      25   0.003%   0.003% 
[      40,      45 )     366   0.037%   0.039% 
[      45,      50 )     881   0.088%   0.127% 
[      50,      60 )    2467   0.247%   0.374% 
[      60,      70 )    4146   0.415%   0.789% 
[      70,      80 )    6380   0.638%   1.427% 
[      80,      90 )    9392   0.939%   2.366% 
[      90,     100 )   12788   1.279%   3.645% 
[     100,     120 )   39351   3.935%   7.580% #
[     120,     140 )   65826   6.583%  14.162% #
[     140,     160 )   90742   9.074%  23.236% ##
[     160,     180 )  102059  10.206%  33.442% ##
[     180,     200 )  106227  10.623%  44.065% ##
[     200,     250 )  308133  30.813%  74.878% ######
[     250,     300 )  182926  18.293%  93.171% ####
[     300,     350 )   28718   2.872%  96.043% #
[     350,     400 )    4818   0.482%  96.525% 
[     400,     450 )    1795   0.180%  96.704% 
[     450,     500 )     810   0.081%  96.785% 
[     500,     600 )     566   0.057%  96.842% 
[     600,     700 )     232   0.023%  96.865% 
[     700,     800 )     157   0.016%  96.881% 
[     800,     900 )     157   0.016%  96.896% 
[     900,    1000 )      93   0.009%  96.906% 
[    1000,    1200 )     175   0.018%  96.923% 
[    1200,    1400 )     135   0.013%  96.937% 
[    1400,    1600 )     125   0.013%  96.949% 
[    1600,    1800 )     159   0.016%  96.965% 
[    1800,    2000 )     134   0.013%  96.978% 
[    2000,    2500 )     452   0.045%  97.024% 
[    2500,    3000 )     418   0.042%  97.065% 
[    3000,    3500 )     723   0.072%  97.138% 
[    3500,    4000 )    2412   0.241%  97.379% 
[    4000,    4500 )    2381   0.238%  97.617% 
[    4500,    5000 )    1498   0.150%  97.767% 
[    5000,    6000 )    2871   0.287%  98.054% 
[    6000,    7000 )    1955   0.196%  98.249% 
[    7000,    8000 )      84   0.008%  98.258% 
[    8000,    9000 )     239   0.024%  98.282% 
[    9000,   10000 )     141   0.014%  98.296% 
[   10000,   12000 )     421   0.042%  98.338% 
[   12000,   14000 )     823   0.082%  98.420% 
[   14000,   16000 )    1610   0.161%  98.581% 
[   16000,   18000 )   11098   1.110%  99.691% 
[   18000,   20000 )     214   0.021%  99.712% 
[   20000,   25000 )    2781   0.278%  99.991% 
[   25000,   30000 )      64   0.006%  99.997% 
[   35000,   40000 )      31   0.003% 100.000% 


