
nofdb	workloads/workloadc_zipfian.spec	32
# Load duration (sec): 14.5633
# Loading records:	1000000
# Load throughput (KOPS): 68.6657
Count: 1000000  Average: 458.3698  StdDev: 22193.29
Percentiles(us): P50: 140.72 P90: 297.94 P99: 10322.72 P99.9: 17684.94 P99.99: 39107.14
------------------------------------------------------
[      45,      50 )      66   0.007%   0.007% 
[      50,      60 )   16457   1.646%   1.652% 
[      60,      70 )   44819   4.482%   6.134% #
[      70,      80 )   63833   6.383%  12.518% #
[      80,      90 )   70426   7.043%  19.560% #
[      90,     100 )   67108   6.711%  26.271% #
[     100,     120 )  118064  11.806%  38.077% ##
[     120,     140 )  115498  11.550%  49.627% ##
[     140,     160 )  103697  10.370%  59.997% ##
[     160,     180 )   79590   7.959%  67.956% ##
[     180,     200 )   61654   6.165%  74.121% #
[     200,     250 )  103103  10.310%  84.431% ##
[     250,     300 )   58082   5.808%  90.240% #
[     300,     350 )   33676   3.368%  93.607% #
[     350,     400 )   20266   2.027%  95.634% 
[     400,     450 )   12245   1.225%  96.858% 
[     450,     500 )    7418   0.742%  97.600% 
[     500,     600 )    6869   0.687%  98.287% 
[     600,     700 )    2326   0.233%  98.520% 
[     700,     800 )     871   0.087%  98.607% 
[     800,     900 )     406   0.041%  98.647% 
[     900,    1000 )     218   0.022%  98.669% 
[    1000,    1200 )     329   0.033%  98.702% 
[    1200,    1400 )     214   0.021%  98.724% 
[    1400,    1600 )     146   0.015%  98.738% 
[    1600,    1800 )     111   0.011%  98.749% 
[    1800,    2000 )     119   0.012%  98.761% 
[    2000,    2500 )     216   0.022%  98.783% 
[    2500,    3000 )     145   0.015%  98.797% 
[    3000,    3500 )     115   0.011%  98.809% 
[    3500,    4000 )      89   0.009%  98.818% 
[    4000,    4500 )      74   0.007%  98.825% 
[    4500,    5000 )      60   0.006%  98.831% 
[    5000,    6000 )     193   0.019%  98.850% 
[    6000,    7000 )     161   0.016%  98.866% 
[    7000,    8000 )     289   0.029%  98.895% 
[    8000,    9000 )     300   0.030%  98.925% 
[    9000,   10000 )     443   0.044%  98.970% 
[   10000,   12000 )    1884   0.188%  99.158% 
[   12000,   14000 )    3397   0.340%  99.498% 
[   14000,   16000 )    3055   0.305%  99.803% 
[   16000,   18000 )    1149   0.115%  99.918% 
[   18000,   20000 )     356   0.036%  99.954% 
[   20000,   25000 )     188   0.019%  99.973% 
[   25000,   30000 )      48   0.005%  99.977% 
[   30000,   35000 )      81   0.008%  99.985% 
[   35000,   40000 )      56   0.006%  99.991% 
[   40000,   45000 )      45   0.005%  99.996% 
[   45000,   50000 )       1   0.000%  99.996% 
[  100000,  120000 )       1   0.000%  99.996% 
[  700000,  800000 )       7   0.001%  99.996% 
[  900000, 1000000 )       4   0.000%  99.997% 
[ 3000000, 3500000 )      11   0.001%  99.998% 
[ 4000000, 4500000 )      21   0.002% 100.000% 


# Run duration (sec): 11.0865
# Run operations:	1000000
# Run throughput (KOPS): 90.1999
Count: 1000000  Average: 340.3953  StdDev: 1099.32
Percentiles(us): P50: 196.71 P90: 461.40 P99: 1596.85 P99.9: 17376.94 P99.99: 24744.32
------------------------------------------------------
[      35,      40 )     283   0.028%   0.028% 
[      40,      45 )    9070   0.907%   0.935% 
[      45,      50 )    9936   0.994%   1.929% 
[      50,      60 )    4244   0.424%   2.353% 
[      60,      70 )     920   0.092%   2.445% 
[      70,      80 )    1310   0.131%   2.576% 
[      80,      90 )    5211   0.521%   3.097% 
[      90,     100 )    6805   0.680%   3.778% 
[     100,     120 )   67682   6.768%  10.546% #
[     120,     140 )   98394   9.839%  20.386% ##
[     140,     160 )  126501  12.650%  33.036% ###
[     160,     180 )  109271  10.927%  43.963% ##
[     180,     200 )   72268   7.227%  51.190% #
[     200,     250 )  134982  13.498%  64.688% ###
[     250,     300 )   96038   9.604%  74.291% ##
[     300,     350 )   71840   7.184%  81.476% #
[     350,     400 )   47196   4.720%  86.195% #
[     400,     450 )   33091   3.309%  89.504% #
[     450,     500 )   21738   2.174%  91.678% 
[     500,     600 )   27171   2.717%  94.395% #
[     600,     700 )   16093   1.609%  96.004% 
[     700,     800 )    9919   0.992%  96.996% 
[     800,     900 )    6372   0.637%  97.633% 
[     900,    1000 )    4316   0.432%  98.065% 
[    1000,    1200 )    5120   0.512%  98.577% 
[    1200,    1400 )    2667   0.267%  98.844% 
[    1400,    1600 )    1587   0.159%  99.002% 
[    1600,    1800 )     910   0.091%  99.094% 
[    1800,    2000 )     571   0.057%  99.151% 
[    2000,    2500 )     772   0.077%  99.228% 
[    2500,    3000 )     399   0.040%  99.268% 
[    3000,    3500 )     285   0.029%  99.296% 
[    3500,    4000 )     237   0.024%  99.320% 
[    4000,    4500 )     196   0.020%  99.340% 
[    4500,    5000 )     174   0.017%  99.357% 
[    5000,    6000 )     373   0.037%  99.394% 
[    6000,    7000 )     366   0.037%  99.431% 
[    7000,    8000 )     418   0.042%  99.473% 
[    8000,    9000 )     386   0.039%  99.511% 
[    9000,   10000 )     452   0.045%  99.556% 
[   10000,   12000 )     885   0.089%  99.645% 
[   12000,   14000 )     968   0.097%  99.742% 
[   14000,   16000 )     962   0.096%  99.838% 
[   16000,   18000 )     902   0.090%  99.928% 
[   18000,   20000 )     452   0.045%  99.973% 
[   20000,   25000 )     176   0.018%  99.991% 
[   25000,   30000 )      59   0.006%  99.997% 
[   30000,   35000 )      17   0.002%  99.999% 
[   35000,   40000 )       9   0.001%  99.999% 
[   45000,   50000 )       1   0.000% 100.000% 
[   50000,   60000 )       1   0.000% 100.000% 
[   60000,   70000 )       4   0.000% 100.000% 

Read info: 
Count: 1000000  Average: 340.3953  StdDev: 1099.32
Percentiles(us): P50: 196.71 P90: 461.40 P99: 1596.85 P99.9: 17376.94 P99.99: 24744.32
------------------------------------------------------
[      35,      40 )     283   0.028%   0.028% 
[      40,      45 )    9070   0.907%   0.935% 
[      45,      50 )    9936   0.994%   1.929% 
[      50,      60 )    4244   0.424%   2.353% 
[      60,      70 )     920   0.092%   2.445% 
[      70,      80 )    1310   0.131%   2.576% 
[      80,      90 )    5211   0.521%   3.097% 
[      90,     100 )    6805   0.680%   3.778% 
[     100,     120 )   67682   6.768%  10.546% #
[     120,     140 )   98394   9.839%  20.386% ##
[     140,     160 )  126501  12.650%  33.036% ###
[     160,     180 )  109271  10.927%  43.963% ##
[     180,     200 )   72268   7.227%  51.190% #
[     200,     250 )  134982  13.498%  64.688% ###
[     250,     300 )   96038   9.604%  74.291% ##
[     300,     350 )   71840   7.184%  81.476% #
[     350,     400 )   47196   4.720%  86.195% #
[     400,     450 )   33091   3.309%  89.504% #
[     450,     500 )   21738   2.174%  91.678% 
[     500,     600 )   27171   2.717%  94.395% #
[     600,     700 )   16093   1.609%  96.004% 
[     700,     800 )    9919   0.992%  96.996% 
[     800,     900 )    6372   0.637%  97.633% 
[     900,    1000 )    4316   0.432%  98.065% 
[    1000,    1200 )    5120   0.512%  98.577% 
[    1200,    1400 )    2667   0.267%  98.844% 
[    1400,    1600 )    1587   0.159%  99.002% 
[    1600,    1800 )     910   0.091%  99.094% 
[    1800,    2000 )     571   0.057%  99.151% 
[    2000,    2500 )     772   0.077%  99.228% 
[    2500,    3000 )     399   0.040%  99.268% 
[    3000,    3500 )     285   0.029%  99.296% 
[    3500,    4000 )     237   0.024%  99.320% 
[    4000,    4500 )     196   0.020%  99.340% 
[    4500,    5000 )     174   0.017%  99.357% 
[    5000,    6000 )     373   0.037%  99.394% 
[    6000,    7000 )     366   0.037%  99.431% 
[    7000,    8000 )     418   0.042%  99.473% 
[    8000,    9000 )     386   0.039%  99.511% 
[    9000,   10000 )     452   0.045%  99.556% 
[   10000,   12000 )     885   0.089%  99.645% 
[   12000,   14000 )     968   0.097%  99.742% 
[   14000,   16000 )     962   0.096%  99.838% 
[   16000,   18000 )     902   0.090%  99.928% 
[   18000,   20000 )     452   0.045%  99.973% 
[   20000,   25000 )     176   0.018%  99.991% 
[   25000,   30000 )      59   0.006%  99.997% 
[   30000,   35000 )      17   0.002%  99.999% 
[   35000,   40000 )       9   0.001%  99.999% 
[   45000,   50000 )       1   0.000% 100.000% 
[   50000,   60000 )       1   0.000% 100.000% 
[   60000,   70000 )       4   0.000% 100.000% 

Write info: 
Count: 0  Average: 0.0000  StdDev: 0.00
Percentiles(us): P50: -nan P90: -nan P99: -nan P99.9: -nan P99.99: -nan
------------------------------------------------------


