
nofdb	workloads/workloadg_uniform.spec	32
# Load duration (sec): 14.8539
# Loading records:	1000000
# Load throughput (KOPS): 67.3224
Count: 1000000  Average: 467.9169  StdDev: 20481.12
Percentiles(us): P50: 155.40 P90: 348.22 P99: 10455.04 P99.9: 17755.47 P99.99: 28678.57
------------------------------------------------------
[      45,      50 )      45   0.005%   0.005% 
[      50,      60 )   18510   1.851%   1.856% 
[      60,      70 )   48500   4.850%   6.706% #
[      70,      80 )   57302   5.730%  12.436% #
[      80,      90 )   56207   5.621%  18.056% #
[      90,     100 )   51357   5.136%  23.192% #
[     100,     120 )   94656   9.466%  32.658% ##
[     120,     140 )  100936  10.094%  42.751% ##
[     140,     160 )   94156   9.416%  52.167% ##
[     160,     180 )   79455   7.946%  60.112% ##
[     180,     200 )   66710   6.671%  66.783% #
[     200,     250 )  116846  11.685%  78.468% ##
[     250,     300 )   71125   7.113%  85.581% #
[     300,     350 )   45823   4.582%  90.163% #
[     350,     400 )   30189   3.019%  93.182% #
[     400,     450 )   20057   2.006%  95.187% 
[     450,     500 )   13028   1.303%  96.490% 
[     500,     600 )   13689   1.369%  97.859% 
[     600,     700 )    5132   0.513%  98.372% 
[     700,     800 )    1785   0.179%  98.551% 
[     800,     900 )     560   0.056%  98.607% 
[     900,    1000 )     219   0.022%  98.629% 
[    1000,    1200 )     220   0.022%  98.651% 
[    1200,    1400 )     173   0.017%  98.668% 
[    1400,    1600 )     129   0.013%  98.681% 
[    1600,    1800 )     121   0.012%  98.693% 
[    1800,    2000 )     100   0.010%  98.703% 
[    2000,    2500 )     249   0.025%  98.728% 
[    2500,    3000 )     221   0.022%  98.750% 
[    3000,    3500 )     157   0.016%  98.766% 
[    3500,    4000 )     130   0.013%  98.779% 
[    4000,    4500 )      98   0.010%  98.788% 
[    4500,    5000 )      69   0.007%  98.795% 
[    5000,    6000 )     222   0.022%  98.818% 
[    6000,    7000 )     246   0.025%  98.842% 
[    7000,    8000 )     236   0.024%  98.866% 
[    8000,    9000 )     322   0.032%  98.898% 
[    9000,   10000 )     562   0.056%  98.954% 
[   10000,   12000 )    2013   0.201%  99.156% 
[   12000,   14000 )    3342   0.334%  99.490% 
[   14000,   16000 )    3019   0.302%  99.792% 
[   16000,   18000 )    1235   0.124%  99.915% 
[   18000,   20000 )     414   0.041%  99.957% 
[   20000,   25000 )     232   0.023%  99.980% 
[   25000,   30000 )     140   0.014%  99.994% 
[   30000,   35000 )       7   0.001%  99.994% 
[   35000,   40000 )       7   0.001%  99.995% 
[   40000,   45000 )       6   0.001%  99.996% 
[  500000,  600000 )       4   0.000%  99.996% 
[  600000,  700000 )       7   0.001%  99.997% 
[ 3000000, 3500000 )      11   0.001%  99.998% 
[ 3500000, 4000000 )      21   0.002% 100.000% 


# Run duration (sec): 11.4547
# Run operations:	1000000
# Run throughput (KOPS): 87.3002
Count: 1000000  Average: 355.3316  StdDev: 1689.81
Percentiles(us): P50: 156.00 P90: 343.36 P99: 10642.99 P99.9: 17805.08 P99.99: 38382.35
------------------------------------------------------
[      45,      50 )      11   0.001%   0.001% 
[      50,      60 )   16114   1.611%   1.613% 
[      60,      70 )   43571   4.357%   5.970% #
[      70,      80 )   52018   5.202%  11.171% #
[      80,      90 )   55898   5.590%  16.761% #
[      90,     100 )   54925   5.493%  22.254% #
[     100,     120 )   99166   9.917%  32.170% ##
[     120,     140 )  101716  10.172%  42.342% ##
[     140,     160 )   95715   9.572%  51.913% ##
[     160,     180 )   82122   8.212%  60.126% ##
[     180,     200 )   68578   6.858%  66.983% #
[     200,     250 )  119970  11.997%  78.980% ##
[     250,     300 )   71387   7.139%  86.119% #
[     300,     350 )   44755   4.476%  90.595% #
[     350,     400 )   29425   2.943%  93.537% #
[     400,     450 )   18931   1.893%  95.430% 
[     450,     500 )   12160   1.216%  96.646% 
[     500,     600 )   12657   1.266%  97.912% 
[     600,     700 )    4655   0.466%  98.377% 
[     700,     800 )    1540   0.154%  98.531% 
[     800,     900 )     465   0.046%  98.578% 
[     900,    1000 )     179   0.018%  98.596% 
[    1000,    1200 )     188   0.019%  98.615% 
[    1200,    1400 )     142   0.014%  98.629% 
[    1400,    1600 )     134   0.013%  98.642% 
[    1600,    1800 )     103   0.010%  98.653% 
[    1800,    2000 )      97   0.010%  98.662% 
[    2000,    2500 )     222   0.022%  98.684% 
[    2500,    3000 )     142   0.014%  98.699% 
[    3000,    3500 )     155   0.015%  98.714% 
[    3500,    4000 )     142   0.014%  98.728% 
[    4000,    4500 )     133   0.013%  98.742% 
[    4500,    5000 )     126   0.013%  98.754% 
[    5000,    6000 )     239   0.024%  98.778% 
[    6000,    7000 )     212   0.021%  98.799% 
[    7000,    8000 )     374   0.037%  98.837% 
[    8000,    9000 )     347   0.035%  98.871% 
[    9000,   10000 )     571   0.057%  98.928% 
[   10000,   12000 )    2224   0.222%  99.151% 
[   12000,   14000 )    3346   0.335%  99.486% 
[   14000,   16000 )    3256   0.326%  99.811% 
[   16000,   18000 )     985   0.099%  99.910% 
[   18000,   20000 )     440   0.044%  99.954% 
[   20000,   25000 )     203   0.020%  99.974% 
[   25000,   30000 )     107   0.011%  99.985% 
[   30000,   35000 )      31   0.003%  99.988% 
[   35000,   40000 )      34   0.003%  99.991% 
[   40000,   45000 )      41   0.004%  99.995% 
[   50000,   60000 )      16   0.002%  99.997% 
[  100000,  120000 )      15   0.002%  99.998% 
[  120000,  140000 )      17   0.002% 100.000% 

Read info: 
Count: 0  Average: 0.0000  StdDev: 0.00
Percentiles(us): P50: -nan P90: -nan P99: -nan P99.9: -nan P99.99: -nan
------------------------------------------------------

Write info: 
Count: 1000000  Average: 355.3316  StdDev: 1689.81
Percentiles(us): P50: 156.00 P90: 343.36 P99: 10642.99 P99.9: 17805.08 P99.99: 38382.35
------------------------------------------------------
[      45,      50 )      11   0.001%   0.001% 
[      50,      60 )   16114   1.611%   1.613% 
[      60,      70 )   43571   4.357%   5.970% #
[      70,      80 )   52018   5.202%  11.171% #
[      80,      90 )   55898   5.590%  16.761% #
[      90,     100 )   54925   5.493%  22.254% #
[     100,     120 )   99166   9.917%  32.170% ##
[     120,     140 )  101716  10.172%  42.342% ##
[     140,     160 )   95715   9.572%  51.913% ##
[     160,     180 )   82122   8.212%  60.126% ##
[     180,     200 )   68578   6.858%  66.983% #
[     200,     250 )  119970  11.997%  78.980% ##
[     250,     300 )   71387   7.139%  86.119% #
[     300,     350 )   44755   4.476%  90.595% #
[     350,     400 )   29425   2.943%  93.537% #
[     400,     450 )   18931   1.893%  95.430% 
[     450,     500 )   12160   1.216%  96.646% 
[     500,     600 )   12657   1.266%  97.912% 
[     600,     700 )    4655   0.466%  98.377% 
[     700,     800 )    1540   0.154%  98.531% 
[     800,     900 )     465   0.046%  98.578% 
[     900,    1000 )     179   0.018%  98.596% 
[    1000,    1200 )     188   0.019%  98.615% 
[    1200,    1400 )     142   0.014%  98.629% 
[    1400,    1600 )     134   0.013%  98.642% 
[    1600,    1800 )     103   0.010%  98.653% 
[    1800,    2000 )      97   0.010%  98.662% 
[    2000,    2500 )     222   0.022%  98.684% 
[    2500,    3000 )     142   0.014%  98.699% 
[    3000,    3500 )     155   0.015%  98.714% 
[    3500,    4000 )     142   0.014%  98.728% 
[    4000,    4500 )     133   0.013%  98.742% 
[    4500,    5000 )     126   0.013%  98.754% 
[    5000,    6000 )     239   0.024%  98.778% 
[    6000,    7000 )     212   0.021%  98.799% 
[    7000,    8000 )     374   0.037%  98.837% 
[    8000,    9000 )     347   0.035%  98.871% 
[    9000,   10000 )     571   0.057%  98.928% 
[   10000,   12000 )    2224   0.222%  99.151% 
[   12000,   14000 )    3346   0.335%  99.486% 
[   14000,   16000 )    3256   0.326%  99.811% 
[   16000,   18000 )     985   0.099%  99.910% 
[   18000,   20000 )     440   0.044%  99.954% 
[   20000,   25000 )     203   0.020%  99.974% 
[   25000,   30000 )     107   0.011%  99.985% 
[   30000,   35000 )      31   0.003%  99.988% 
[   35000,   40000 )      34   0.003%  99.991% 
[   40000,   45000 )      41   0.004%  99.995% 
[   50000,   60000 )      16   0.002%  99.997% 
[  100000,  120000 )      15   0.002%  99.998% 
[  120000,  140000 )      17   0.002% 100.000% 


