
nofdb	workloads/workloadc_uniform.spec	32
# Load duration (sec): 14.3938
# Loading records:	1000000
# Load throughput (KOPS): 69.4743
Count: 1000000  Average: 453.3485  StdDev: 20278.03
Percentiles(us): P50: 148.44 P90: 327.42 P99: 10434.41 P99.9: 17841.55 P99.99: 31956.52
------------------------------------------------------
[      45,      50 )      43   0.004%   0.004% 
[      50,      60 )   16323   1.632%   1.637% 
[      60,      70 )   47338   4.734%   6.370% #
[      70,      80 )   61646   6.165%  12.535% #
[      80,      90 )   62554   6.255%  18.790% #
[      90,     100 )   58424   5.842%  24.633% #
[     100,     120 )  104361  10.436%  35.069% ##
[     120,     140 )  107842  10.784%  45.853% ##
[     140,     160 )   98220   9.822%  55.675% ##
[     160,     180 )   78353   7.835%  63.510% ##
[     180,     200 )   64196   6.420%  69.930% #
[     200,     250 )  111441  11.144%  81.074% ##
[     250,     300 )   66716   6.672%  87.746% #
[     300,     350 )   41105   4.111%  91.856% #
[     350,     400 )   26134   2.613%  94.470% #
[     400,     450 )   16355   1.636%  96.105% 
[     450,     500 )   10213   1.021%  97.126% 
[     500,     600 )   10206   1.021%  98.147% 
[     600,     700 )    3574   0.357%  98.504% 
[     700,     800 )    1183   0.118%  98.623% 
[     800,     900 )     460   0.046%  98.669% 
[     900,    1000 )     228   0.023%  98.692% 
[    1000,    1200 )     208   0.021%  98.712% 
[    1200,    1400 )     128   0.013%  98.725% 
[    1400,    1600 )      94   0.009%  98.735% 
[    1600,    1800 )     110   0.011%  98.746% 
[    1800,    2000 )      93   0.009%  98.755% 
[    2000,    2500 )     172   0.017%  98.772% 
[    2500,    3000 )     156   0.016%  98.788% 
[    3000,    3500 )     130   0.013%  98.801% 
[    3500,    4000 )      91   0.009%  98.810% 
[    4000,    4500 )      72   0.007%  98.817% 
[    4500,    5000 )      80   0.008%  98.825% 
[    5000,    6000 )     165   0.017%  98.841% 
[    6000,    7000 )     192   0.019%  98.861% 
[    7000,    8000 )     179   0.018%  98.879% 
[    8000,    9000 )     320   0.032%  98.910% 
[    9000,   10000 )     443   0.044%  98.955% 
[   10000,   12000 )    2081   0.208%  99.163% 
[   12000,   14000 )    3006   0.301%  99.464% 
[   14000,   16000 )    3319   0.332%  99.795% 
[   16000,   18000 )    1136   0.114%  99.909% 
[   18000,   20000 )     384   0.038%  99.947% 
[   20000,   25000 )     311   0.031%  99.979% 
[   25000,   30000 )     106   0.011%  99.989% 
[   30000,   35000 )      23   0.002%  99.991% 
[   35000,   40000 )      20   0.002%  99.993% 
[   40000,   45000 )      28   0.003%  99.996% 
[  400000,  450000 )       3   0.000%  99.997% 
[  450000,  500000 )       3   0.000%  99.997% 
[ 3000000, 3500000 )       6   0.001%  99.997% 
[ 3500000, 4000000 )      26   0.003% 100.000% 


# Run duration (sec): 8.26914
# Run operations:	1000000
# Run throughput (KOPS): 120.932
Count: 1000000  Average: 256.2427  StdDev: 1051.33
Percentiles(us): P50: 151.40 P90: 257.66 P99: 714.81 P99.9: 16888.19 P99.99: 21729.32
------------------------------------------------------
[      35,      40 )     191   0.019%   0.019% 
[      40,      45 )    7105   0.711%   0.730% 
[      45,      50 )   10880   1.088%   1.818% 
[      50,      60 )    7673   0.767%   2.585% 
[      60,      70 )    1464   0.146%   2.731% 
[      70,      80 )    1091   0.109%   2.840% 
[      80,      90 )    1424   0.142%   2.983% 
[      90,     100 )    1286   0.129%   3.111% 
[     100,     120 )   46895   4.690%   7.801% #
[     120,     140 )  269430  26.943%  34.744% #####
[     140,     160 )  267593  26.759%  61.503% #####
[     160,     180 )  106450  10.645%  72.148% ##
[     180,     200 )   64916   6.492%  78.640% #
[     200,     250 )  107702  10.770%  89.410% ##
[     250,     300 )   38494   3.849%  93.259% #
[     300,     350 )   26331   2.633%  95.892% #
[     350,     400 )   13796   1.380%  97.272% 
[     400,     450 )    7443   0.744%  98.016% 
[     450,     500 )    4172   0.417%  98.434% 
[     500,     600 )    3987   0.399%  98.832% 
[     600,     700 )    1560   0.156%  98.988% 
[     700,     800 )     790   0.079%  99.067% 
[     800,     900 )     441   0.044%  99.111% 
[     900,    1000 )     269   0.027%  99.138% 
[    1000,    1200 )     290   0.029%  99.167% 
[    1200,    1400 )     212   0.021%  99.189% 
[    1400,    1600 )     162   0.016%  99.205% 
[    1600,    1800 )     143   0.014%  99.219% 
[    1800,    2000 )     159   0.016%  99.235% 
[    2000,    2500 )     313   0.031%  99.266% 
[    2500,    3000 )     266   0.027%  99.293% 
[    3000,    3500 )     186   0.019%  99.311% 
[    3500,    4000 )     131   0.013%  99.325% 
[    4000,    4500 )     148   0.015%  99.339% 
[    4500,    5000 )     156   0.016%  99.355% 
[    5000,    6000 )     325   0.033%  99.387% 
[    6000,    7000 )     333   0.033%  99.421% 
[    7000,    8000 )     395   0.040%  99.460% 
[    8000,    9000 )     402   0.040%  99.500% 
[    9000,   10000 )     410   0.041%  99.541% 
[   10000,   12000 )     933   0.093%  99.635% 
[   12000,   14000 )    1111   0.111%  99.746% 
[   14000,   16000 )    1121   0.112%  99.858% 
[   16000,   18000 )     948   0.095%  99.953% 
[   18000,   20000 )     327   0.033%  99.985% 
[   20000,   25000 )     133   0.013%  99.999% 
[   25000,   30000 )      12   0.001% 100.000% 
[   30000,   35000 )       1   0.000% 100.000% 

Read info: 
Count: 1000000  Average: 256.2427  StdDev: 1051.33
Percentiles(us): P50: 151.40 P90: 257.66 P99: 714.81 P99.9: 16888.19 P99.99: 21729.32
------------------------------------------------------
[      35,      40 )     191   0.019%   0.019% 
[      40,      45 )    7105   0.711%   0.730% 
[      45,      50 )   10880   1.088%   1.818% 
[      50,      60 )    7673   0.767%   2.585% 
[      60,      70 )    1464   0.146%   2.731% 
[      70,      80 )    1091   0.109%   2.840% 
[      80,      90 )    1424   0.142%   2.983% 
[      90,     100 )    1286   0.129%   3.111% 
[     100,     120 )   46895   4.690%   7.801% #
[     120,     140 )  269430  26.943%  34.744% #####
[     140,     160 )  267593  26.759%  61.503% #####
[     160,     180 )  106450  10.645%  72.148% ##
[     180,     200 )   64916   6.492%  78.640% #
[     200,     250 )  107702  10.770%  89.410% ##
[     250,     300 )   38494   3.849%  93.259% #
[     300,     350 )   26331   2.633%  95.892% #
[     350,     400 )   13796   1.380%  97.272% 
[     400,     450 )    7443   0.744%  98.016% 
[     450,     500 )    4172   0.417%  98.434% 
[     500,     600 )    3987   0.399%  98.832% 
[     600,     700 )    1560   0.156%  98.988% 
[     700,     800 )     790   0.079%  99.067% 
[     800,     900 )     441   0.044%  99.111% 
[     900,    1000 )     269   0.027%  99.138% 
[    1000,    1200 )     290   0.029%  99.167% 
[    1200,    1400 )     212   0.021%  99.189% 
[    1400,    1600 )     162   0.016%  99.205% 
[    1600,    1800 )     143   0.014%  99.219% 
[    1800,    2000 )     159   0.016%  99.235% 
[    2000,    2500 )     313   0.031%  99.266% 
[    2500,    3000 )     266   0.027%  99.293% 
[    3000,    3500 )     186   0.019%  99.311% 
[    3500,    4000 )     131   0.013%  99.325% 
[    4000,    4500 )     148   0.015%  99.339% 
[    4500,    5000 )     156   0.016%  99.355% 
[    5000,    6000 )     325   0.033%  99.387% 
[    6000,    7000 )     333   0.033%  99.421% 
[    7000,    8000 )     395   0.040%  99.460% 
[    8000,    9000 )     402   0.040%  99.500% 
[    9000,   10000 )     410   0.041%  99.541% 
[   10000,   12000 )     933   0.093%  99.635% 
[   12000,   14000 )    1111   0.111%  99.746% 
[   14000,   16000 )    1121   0.112%  99.858% 
[   16000,   18000 )     948   0.095%  99.953% 
[   18000,   20000 )     327   0.033%  99.985% 
[   20000,   25000 )     133   0.013%  99.999% 
[   25000,   30000 )      12   0.001% 100.000% 
[   30000,   35000 )       1   0.000% 100.000% 

Write info: 
Count: 0  Average: 0.0000  StdDev: 0.00
Percentiles(us): P50: -nan P90: -nan P99: -nan P99.9: -nan P99.99: -nan
------------------------------------------------------


