
nofdb	workloads/workloadg_zipfian.spec	32
# Load duration (sec): 14.9482
# Loading records:	1000000
# Load throughput (KOPS): 66.8978
Count: 1000000  Average: 469.6492  StdDev: 20374.53
Percentiles(us): P50: 149.00 P90: 346.81 P99: 11247.98 P99.9: 17982.93 P99.99: 34438.78
------------------------------------------------------
[      45,      50 )     267   0.027%   0.027% 
[      50,      60 )   25463   2.546%   2.573% #
[      60,      70 )   57676   5.768%   8.341% #
[      70,      80 )   64953   6.495%  14.836% #
[      80,      90 )   60981   6.098%  20.934% #
[      90,     100 )   54018   5.402%  26.336% #
[     100,     120 )   94495   9.450%  35.785% ##
[     120,     140 )  101234  10.123%  45.909% ##
[     140,     160 )   90875   9.088%  54.996% ##
[     160,     180 )   72905   7.291%  62.287% #
[     180,     200 )   59944   5.994%  68.281% #
[     200,     250 )  107477  10.748%  79.029% ##
[     250,     300 )   68113   6.811%  85.840% #
[     300,     350 )   44431   4.443%  90.283% #
[     350,     400 )   29619   2.962%  93.245% #
[     400,     450 )   19277   1.928%  95.173% 
[     450,     500 )   12518   1.252%  96.425% 
[     500,     600 )   13712   1.371%  97.796% 
[     600,     700 )    5475   0.547%  98.343% 
[     700,     800 )    2131   0.213%  98.556% 
[     800,     900 )     739   0.074%  98.630% 
[     900,    1000 )     318   0.032%  98.662% 
[    1000,    1200 )     281   0.028%  98.690% 
[    1200,    1400 )     142   0.014%  98.704% 
[    1400,    1600 )      98   0.010%  98.714% 
[    1600,    1800 )      83   0.008%  98.723% 
[    1800,    2000 )      77   0.008%  98.730% 
[    2000,    2500 )     200   0.020%  98.750% 
[    2500,    3000 )     112   0.011%  98.761% 
[    3000,    3500 )     141   0.014%  98.776% 
[    3500,    4000 )     120   0.012%  98.788% 
[    4000,    4500 )      98   0.010%  98.797% 
[    4500,    5000 )      60   0.006%  98.803% 
[    5000,    6000 )     100   0.010%  98.813% 
[    6000,    7000 )      96   0.010%  98.823% 
[    7000,    8000 )     212   0.021%  98.844% 
[    8000,    9000 )     181   0.018%  98.862% 
[    9000,   10000 )     374   0.037%  98.900% 
[   10000,   12000 )    1609   0.161%  99.061% 
[   12000,   14000 )    3092   0.309%  99.370% 
[   14000,   16000 )    3909   0.391%  99.761% 
[   16000,   18000 )    1406   0.141%  99.901% 
[   18000,   20000 )     323   0.032%  99.934% 
[   20000,   25000 )     212   0.021%  99.955% 
[   25000,   30000 )     266   0.027%  99.981% 
[   30000,   35000 )      98   0.010%  99.991% 
[   40000,   45000 )      30   0.003%  99.994% 
[   45000,   50000 )      17   0.002%  99.996% 
[   80000,   90000 )       1   0.000%  99.996% 
[  350000,  400000 )       8   0.001%  99.997% 
[  400000,  450000 )       1   0.000%  99.997% 
[ 3000000, 3500000 )       9   0.001%  99.998% 
[ 3500000, 4000000 )      23   0.002% 100.000% 


# Run duration (sec): 10.8024
# Run operations:	1000000
# Run throughput (KOPS): 92.572
Count: 1000000  Average: 338.4835  StdDev: 1413.73
Percentiles(us): P50: 147.14 P90: 412.91 P99: 9293.52 P99.9: 16752.81 P99.99: 22967.03
------------------------------------------------------
[      40,      45 )      13   0.001%   0.001% 
[      45,      50 )    4301   0.430%   0.431% 
[      50,      60 )   51132   5.113%   5.545% #
[      60,      70 )   75227   7.523%  13.067% ##
[      70,      80 )   67864   6.786%  19.854% #
[      80,      90 )   58403   5.840%  25.694% #
[      90,     100 )   48762   4.876%  30.570% #
[     100,     120 )   83538   8.354%  38.924% ##
[     120,     140 )   86033   8.603%  47.527% ##
[     140,     160 )   69270   6.927%  54.454% #
[     160,     180 )   55970   5.597%  60.051% #
[     180,     200 )   47909   4.791%  64.842% #
[     200,     250 )   92641   9.264%  74.106% ##
[     250,     300 )   66382   6.638%  80.745% #
[     300,     350 )   49157   4.916%  85.660% #
[     350,     400 )   36410   3.641%  89.301% #
[     400,     450 )   27063   2.706%  92.008% #
[     450,     500 )   20519   2.052%  94.059% 
[     500,     600 )   26036   2.604%  96.663% #
[     600,     700 )   12895   1.290%  97.953% 
[     700,     800 )    5663   0.566%  98.519% 
[     800,     900 )    2250   0.225%  98.744% 
[     900,    1000 )     804   0.080%  98.824% 
[    1000,    1200 )     428   0.043%  98.867% 
[    1200,    1400 )      88   0.009%  98.876% 
[    1400,    1600 )      42   0.004%  98.880% 
[    1600,    1800 )      29   0.003%  98.883% 
[    1800,    2000 )      26   0.003%  98.886% 
[    2000,    2500 )      83   0.008%  98.894% 
[    2500,    3000 )      55   0.006%  98.899% 
[    3000,    3500 )      50   0.005%  98.904% 
[    3500,    4000 )      36   0.004%  98.908% 
[    4000,    4500 )      18   0.002%  98.910% 
[    4500,    5000 )      35   0.004%  98.913% 
[    5000,    6000 )      66   0.007%  98.920% 
[    6000,    7000 )     152   0.015%  98.935% 
[    7000,    8000 )     227   0.023%  98.958% 
[    8000,    9000 )     278   0.028%  98.986% 
[    9000,   10000 )     494   0.049%  99.035% 
[   10000,   12000 )    1874   0.187%  99.222% 
[   12000,   14000 )    2776   0.278%  99.500% 
[   14000,   16000 )    3599   0.360%  99.860% 
[   16000,   18000 )    1068   0.107%  99.967% 
[   18000,   20000 )     180   0.018%  99.985% 
[   20000,   25000 )      91   0.009%  99.994% 
[   25000,   30000 )      61   0.006% 100.000% 
[   30000,   35000 )       2   0.000% 100.000% 

Read info: 
Count: 0  Average: 0.0000  StdDev: 0.00
Percentiles(us): P50: -nan P90: -nan P99: -nan P99.9: -nan P99.99: -nan
------------------------------------------------------

Write info: 
Count: 1000000  Average: 338.4835  StdDev: 1413.73
Percentiles(us): P50: 147.14 P90: 412.91 P99: 9293.52 P99.9: 16752.81 P99.99: 22967.03
------------------------------------------------------
[      40,      45 )      13   0.001%   0.001% 
[      45,      50 )    4301   0.430%   0.431% 
[      50,      60 )   51132   5.113%   5.545% #
[      60,      70 )   75227   7.523%  13.067% ##
[      70,      80 )   67864   6.786%  19.854% #
[      80,      90 )   58403   5.840%  25.694% #
[      90,     100 )   48762   4.876%  30.570% #
[     100,     120 )   83538   8.354%  38.924% ##
[     120,     140 )   86033   8.603%  47.527% ##
[     140,     160 )   69270   6.927%  54.454% #
[     160,     180 )   55970   5.597%  60.051% #
[     180,     200 )   47909   4.791%  64.842% #
[     200,     250 )   92641   9.264%  74.106% ##
[     250,     300 )   66382   6.638%  80.745% #
[     300,     350 )   49157   4.916%  85.660% #
[     350,     400 )   36410   3.641%  89.301% #
[     400,     450 )   27063   2.706%  92.008% #
[     450,     500 )   20519   2.052%  94.059% 
[     500,     600 )   26036   2.604%  96.663% #
[     600,     700 )   12895   1.290%  97.953% 
[     700,     800 )    5663   0.566%  98.519% 
[     800,     900 )    2250   0.225%  98.744% 
[     900,    1000 )     804   0.080%  98.824% 
[    1000,    1200 )     428   0.043%  98.867% 
[    1200,    1400 )      88   0.009%  98.876% 
[    1400,    1600 )      42   0.004%  98.880% 
[    1600,    1800 )      29   0.003%  98.883% 
[    1800,    2000 )      26   0.003%  98.886% 
[    2000,    2500 )      83   0.008%  98.894% 
[    2500,    3000 )      55   0.006%  98.899% 
[    3000,    3500 )      50   0.005%  98.904% 
[    3500,    4000 )      36   0.004%  98.908% 
[    4000,    4500 )      18   0.002%  98.910% 
[    4500,    5000 )      35   0.004%  98.913% 
[    5000,    6000 )      66   0.007%  98.920% 
[    6000,    7000 )     152   0.015%  98.935% 
[    7000,    8000 )     227   0.023%  98.958% 
[    8000,    9000 )     278   0.028%  98.986% 
[    9000,   10000 )     494   0.049%  99.035% 
[   10000,   12000 )    1874   0.187%  99.222% 
[   12000,   14000 )    2776   0.278%  99.500% 
[   14000,   16000 )    3599   0.360%  99.860% 
[   16000,   18000 )    1068   0.107%  99.967% 
[   18000,   20000 )     180   0.018%  99.985% 
[   20000,   25000 )      91   0.009%  99.994% 
[   25000,   30000 )      61   0.006% 100.000% 
[   30000,   35000 )       2   0.000% 100.000% 


