
nofdb	workloads/workloadg_uniform.spec	32
# Load duration (sec): 915.612
# Loading records:	50000000
# Load throughput (KOPS): 54.6083
Count: 50000000  Average: 584.9119  StdDev: 3851.13
Percentiles(us): P50: 150.68 P90: 424.90 P99: 14724.30 P99.9: 35214.67 P99.99: 67272.73
------------------------------------------------------
[      70,      80 )    4246   0.008%   0.008% 
[      80,      90 )  621173   1.242%   1.251% 
[      90,     100 ) 4051236   8.102%   9.353% ##
[     100,     120 ) 10506673  21.013%  30.367% ####
[     120,     140 ) 7216438  14.433%  44.800% ###
[     140,     160 ) 4869824   9.740%  54.539% ##
[     160,     180 ) 4202663   8.405%  62.945% ##
[     180,     200 ) 3154363   6.309%  69.253% #
[     200,     250 ) 4735446   9.471%  78.724% ##
[     250,     300 ) 2638530   5.277%  84.001% #
[     300,     350 ) 1627071   3.254%  87.255% #
[     350,     400 ) 1040068   2.080%  89.335% 
[     400,     450 )  667316   1.335%  90.670% 
[     450,     500 )  462447   0.925%  91.595% 
[     500,     600 )  622230   1.244%  92.839% 
[     600,     700 )  371268   0.743%  93.582% 
[     700,     800 )  289024   0.578%  94.160% 
[     800,     900 )  208278   0.417%  94.577% 
[     900,    1000 )  162460   0.325%  94.902% 
[    1000,    1200 )  276315   0.553%  95.454% 
[    1200,    1400 )  195016   0.390%  95.844% 
[    1400,    1600 )  170634   0.341%  96.185% 
[    1600,    1800 )  157628   0.315%  96.501% 
[    1800,    2000 )  129517   0.259%  96.760% 
[    2000,    2500 )  227866   0.456%  97.215% 
[    2500,    3000 )  137332   0.275%  97.490% 
[    3000,    3500 )   83086   0.166%  97.656% 
[    3500,    4000 )   59704   0.119%  97.776% 
[    4000,    4500 )   36644   0.073%  97.849% 
[    4500,    5000 )   27423   0.055%  97.904% 
[    5000,    6000 )   37853   0.076%  97.980% 
[    6000,    7000 )   26509   0.053%  98.033% 
[    7000,    8000 )   22393   0.045%  98.077% 
[    8000,    9000 )   28864   0.058%  98.135% 
[    9000,   10000 )   42073   0.084%  98.219% 
[   10000,   12000 )  112358   0.225%  98.444% 
[   12000,   14000 )  198531   0.397%  98.841% 
[   14000,   16000 )  219522   0.439%  99.280% 
[   16000,   18000 )  121074   0.242%  99.522% 
[   18000,   20000 )   59029   0.118%  99.640% 
[   20000,   25000 )   69117   0.138%  99.778% 
[   25000,   30000 )   36619   0.073%  99.852% 
[   30000,   35000 )   23389   0.047%  99.898% 
[   35000,   40000 )   17469   0.035%  99.933% 
[   40000,   45000 )   12286   0.025%  99.958% 
[   45000,   50000 )    7640   0.015%  99.973% 
[   50000,   60000 )    6267   0.013%  99.986% 
[   60000,   70000 )    2871   0.006%  99.992% 
[   70000,   80000 )    1626   0.003%  99.995% 
[   80000,   90000 )     840   0.002%  99.996% 
[   90000,  100000 )     497   0.001%  99.997% 
[  100000,  120000 )     529   0.001%  99.999% 
[  120000,  140000 )     225   0.000%  99.999% 
[  140000,  160000 )     114   0.000%  99.999% 
[  160000,  180000 )      62   0.000%  99.999% 
[  180000,  200000 )       3   0.000%  99.999% 
[  200000,  250000 )      30   0.000%  99.999% 
[  250000,  300000 )      71   0.000% 100.000% 
[  300000,  350000 )      70   0.000% 100.000% 
[  350000,  400000 )      22   0.000% 100.000% 
[  450000,  500000 )      32   0.000% 100.000% 
[  500000,  600000 )      32   0.000% 100.000% 
[  700000,  800000 )      28   0.000% 100.000% 
[  800000,  900000 )       4   0.000% 100.000% 
[ 2500000, 3000000 )       1   0.000% 100.000% 
[ 3000000, 3500000 )      31   0.000% 100.000% 


---------- RPC REPLICA STATISTICS -----------
Avg send latency (us):	3.68934e+11
Avg receive latency (us):	1.50878e+06

