
nofdb	workloads/workloadc_zipfian.spec	32
# Load duration (sec): 920.379
# Loading records:	50000000
# Load throughput (KOPS): 54.3254
Count: 50000000  Average: 587.6184  StdDev: 3916.92
Percentiles(us): P50: 151.81 P90: 420.38 P99: 14713.93 P99.9: 34193.76 P99.99: 78632.65
------------------------------------------------------
[      70,      80 )    2281   0.005%   0.005% 
[      80,      90 )  506930   1.014%   1.018% 
[      90,     100 ) 3893919   7.788%   8.806% ##
[     100,     120 ) 10455526  20.911%  29.717% ####
[     120,     140 ) 7225130  14.450%  44.168% ###
[     140,     160 ) 4938419   9.877%  54.044% ##
[     160,     180 ) 4236190   8.472%  62.517% ##
[     180,     200 ) 3215534   6.431%  68.948% #
[     200,     250 ) 4831155   9.662%  78.610% ##
[     250,     300 ) 2664132   5.328%  83.938% #
[     300,     350 ) 1658269   3.317%  87.255% #
[     350,     400 ) 1091261   2.183%  89.437% 
[     400,     450 )  690065   1.380%  90.818% 
[     450,     500 )  446682   0.893%  91.711% 
[     500,     600 )  555916   1.112%  92.823% 
[     600,     700 )  353873   0.708%  93.531% 
[     700,     800 )  293368   0.587%  94.117% 
[     800,     900 )  195405   0.391%  94.508% 
[     900,    1000 )  150607   0.301%  94.809% 
[    1000,    1200 )  279832   0.560%  95.369% 
[    1200,    1400 )  190367   0.381%  95.750% 
[    1400,    1600 )  171809   0.344%  96.093% 
[    1600,    1800 )  146673   0.293%  96.387% 
[    1800,    2000 )  127358   0.255%  96.641% 
[    2000,    2500 )  231968   0.464%  97.105% 
[    2500,    3000 )  151167   0.302%  97.408% 
[    3000,    3500 )   97688   0.195%  97.603% 
[    3500,    4000 )   68332   0.137%  97.740% 
[    4000,    4500 )   45126   0.090%  97.830% 
[    4500,    5000 )   33819   0.068%  97.898% 
[    5000,    6000 )   46940   0.094%  97.991% 
[    6000,    7000 )   32227   0.064%  98.056% 
[    7000,    8000 )   25796   0.052%  98.108% 
[    8000,    9000 )   29734   0.059%  98.167% 
[    9000,   10000 )   42275   0.085%  98.252% 
[   10000,   12000 )  107604   0.215%  98.467% 
[   12000,   14000 )  187964   0.376%  98.843% 
[   14000,   16000 )  220355   0.441%  99.283% 
[   16000,   18000 )  130606   0.261%  99.545% 
[   18000,   20000 )   57095   0.114%  99.659% 
[   20000,   25000 )   66547   0.133%  99.792% 
[   25000,   30000 )   37754   0.076%  99.867% 
[   30000,   35000 )   19436   0.039%  99.906% 
[   35000,   40000 )   14008   0.028%  99.934% 
[   40000,   45000 )   10027   0.020%  99.954% 
[   45000,   50000 )    6158   0.012%  99.967% 
[   50000,   60000 )    5960   0.012%  99.979% 
[   60000,   70000 )    3497   0.007%  99.986% 
[   70000,   80000 )    2567   0.005%  99.991% 
[   80000,   90000 )    1586   0.003%  99.994% 
[   90000,  100000 )    1005   0.002%  99.996% 
[  100000,  120000 )     802   0.002%  99.997% 
[  120000,  140000 )     331   0.001%  99.998% 
[  140000,  160000 )     105   0.000%  99.998% 
[  160000,  180000 )     173   0.000%  99.999% 
[  180000,  200000 )     160   0.000%  99.999% 
[  200000,  250000 )     186   0.000%  99.999% 
[  250000,  300000 )      60   0.000% 100.000% 
[  300000,  350000 )      40   0.000% 100.000% 
[  350000,  400000 )       9   0.000% 100.000% 
[  400000,  450000 )      15   0.000% 100.000% 
[  450000,  500000 )      18   0.000% 100.000% 
[  500000,  600000 )      63   0.000% 100.000% 
[  600000,  700000 )      32   0.000% 100.000% 
[  700000,  800000 )      15   0.000% 100.000% 
[  800000,  900000 )      17   0.000% 100.000% 
[ 3000000, 3500000 )      32   0.000% 100.000% 


---------- RPC REPLICA STATISTICS -----------
Avg send latency (us):	693320
Avg receive latency (us):	3.68934e+11

# Run duration (sec): 364.911
# Run operations:	50000000
# Run throughput (KOPS): 137.02
Count: 50000000  Average: 232.6209  StdDev: 1355.81
Percentiles(us): P50: 67.74 P90: 208.61 P99: 4085.82 P99.9: 16844.97 P99.99: 29959.24
------------------------------------------------------
[      35,      40 )    5661   0.011%   0.011% 
[      40,      45 ) 1520986   3.042%   3.053% #
[      45,      50 ) 6560069  13.120%  16.173% ###
[      50,      60 ) 13131795  26.264%  42.437% #####
[      60,      70 ) 4885827   9.772%  52.209% ##
[      70,      80 ) 1920932   3.842%  56.051% #
[      80,      90 ) 1400937   2.802%  58.852% #
[      90,     100 ) 1184160   2.368%  61.221% 
[     100,     120 ) 2045127   4.090%  65.311% #
[     120,     140 ) 4722940   9.446%  74.757% ##
[     140,     160 ) 4202589   8.405%  83.162% ##
[     160,     180 ) 1853937   3.708%  86.870% #
[     180,     200 ) 1224846   2.450%  89.320% 
[     200,     250 ) 1976473   3.953%  93.273% #
[     250,     300 )  934249   1.868%  95.141% 
[     300,     350 )  513069   1.026%  96.167% 
[     350,     400 )  312360   0.625%  96.792% 
[     400,     450 )  209258   0.419%  97.210% 
[     450,     500 )  146142   0.292%  97.503% 
[     500,     600 )  181342   0.363%  97.865% 
[     600,     700 )   99936   0.200%  98.065% 
[     700,     800 )   63152   0.126%  98.192% 
[     800,     900 )   43741   0.087%  98.279% 
[     900,    1000 )   32961   0.066%  98.345% 
[    1000,    1200 )   49152   0.098%  98.443% 
[    1200,    1400 )   37729   0.075%  98.519% 
[    1400,    1600 )   32124   0.064%  98.583% 
[    1600,    1800 )   28796   0.058%  98.641% 
[    1800,    2000 )   26560   0.053%  98.694% 
[    2000,    2500 )   51747   0.103%  98.797% 
[    2500,    3000 )   35615   0.071%  98.868% 
[    3000,    3500 )   30754   0.062%  98.930% 
[    3500,    4000 )   30111   0.060%  98.990% 
[    4000,    4500 )   28683   0.057%  99.048% 
[    4500,    5000 )   25197   0.050%  99.098% 
[    5000,    6000 )   36782   0.074%  99.171% 
[    6000,    7000 )   31954   0.064%  99.235% 
[    7000,    8000 )   31852   0.064%  99.299% 
[    8000,    9000 )   31989   0.064%  99.363% 
[    9000,   10000 )   35321   0.071%  99.434% 
[   10000,   12000 )   63630   0.127%  99.561% 
[   12000,   14000 )   71741   0.143%  99.704% 
[   14000,   16000 )   78698   0.157%  99.862% 
[   16000,   18000 )   45152   0.090%  99.952% 
[   18000,   20000 )    6579   0.013%  99.965% 
[   20000,   25000 )    8573   0.017%  99.982% 
[   25000,   30000 )    3803   0.008%  99.990% 
[   30000,   35000 )    2006   0.004%  99.994% 
[   35000,   40000 )     518   0.001%  99.995% 
[   40000,   45000 )     546   0.001%  99.996% 
[   45000,   50000 )     510   0.001%  99.997% 
[   50000,   60000 )     362   0.001%  99.998% 
[   60000,   70000 )     216   0.000%  99.998% 
[   70000,   80000 )     199   0.000%  99.999% 
[   80000,   90000 )     143   0.000%  99.999% 
[   90000,  100000 )      82   0.000%  99.999% 
[  100000,  120000 )      93   0.000%  99.999% 
[  120000,  140000 )      77   0.000% 100.000% 
[  140000,  160000 )      55   0.000% 100.000% 
[  160000,  180000 )      60   0.000% 100.000% 
[  180000,  200000 )      30   0.000% 100.000% 
[  200000,  250000 )      38   0.000% 100.000% 
[  250000,  300000 )      13   0.000% 100.000% 
[  300000,  350000 )      13   0.000% 100.000% 
[  350000,  400000 )       7   0.000% 100.000% 
[  400000,  450000 )       1   0.000% 100.000% 

Read info: 
Count: 50000000  Average: 232.6209  StdDev: 1355.81
Percentiles(us): P50: 67.74 P90: 208.61 P99: 4085.82 P99.9: 16844.97 P99.99: 29959.24
------------------------------------------------------
[      35,      40 )    5661   0.011%   0.011% 
[      40,      45 ) 1520986   3.042%   3.053% #
[      45,      50 ) 6560069  13.120%  16.173% ###
[      50,      60 ) 13131795  26.264%  42.437% #####
[      60,      70 ) 4885827   9.772%  52.209% ##
[      70,      80 ) 1920932   3.842%  56.051% #
[      80,      90 ) 1400937   2.802%  58.852% #
[      90,     100 ) 1184160   2.368%  61.221% 
[     100,     120 ) 2045127   4.090%  65.311% #
[     120,     140 ) 4722940   9.446%  74.757% ##
[     140,     160 ) 4202589   8.405%  83.162% ##
[     160,     180 ) 1853937   3.708%  86.870% #
[     180,     200 ) 1224846   2.450%  89.320% 
[     200,     250 ) 1976473   3.953%  93.273% #
[     250,     300 )  934249   1.868%  95.141% 
[     300,     350 )  513069   1.026%  96.167% 
[     350,     400 )  312360   0.625%  96.792% 
[     400,     450 )  209258   0.419%  97.210% 
[     450,     500 )  146142   0.292%  97.503% 
[     500,     600 )  181342   0.363%  97.865% 
[     600,     700 )   99936   0.200%  98.065% 
[     700,     800 )   63152   0.126%  98.192% 
[     800,     900 )   43741   0.087%  98.279% 
[     900,    1000 )   32961   0.066%  98.345% 
[    1000,    1200 )   49152   0.098%  98.443% 
[    1200,    1400 )   37729   0.075%  98.519% 
[    1400,    1600 )   32124   0.064%  98.583% 
[    1600,    1800 )   28796   0.058%  98.641% 
[    1800,    2000 )   26560   0.053%  98.694% 
[    2000,    2500 )   51747   0.103%  98.797% 
[    2500,    3000 )   35615   0.071%  98.868% 
[    3000,    3500 )   30754   0.062%  98.930% 
[    3500,    4000 )   30111   0.060%  98.990% 
[    4000,    4500 )   28683   0.057%  99.048% 
[    4500,    5000 )   25197   0.050%  99.098% 
[    5000,    6000 )   36782   0.074%  99.171% 
[    6000,    7000 )   31954   0.064%  99.235% 
[    7000,    8000 )   31852   0.064%  99.299% 
[    8000,    9000 )   31989   0.064%  99.363% 
[    9000,   10000 )   35321   0.071%  99.434% 
[   10000,   12000 )   63630   0.127%  99.561% 
[   12000,   14000 )   71741   0.143%  99.704% 
[   14000,   16000 )   78698   0.157%  99.862% 
[   16000,   18000 )   45152   0.090%  99.952% 
[   18000,   20000 )    6579   0.013%  99.965% 
[   20000,   25000 )    8573   0.017%  99.982% 
[   25000,   30000 )    3803   0.008%  99.990% 
[   30000,   35000 )    2006   0.004%  99.994% 
[   35000,   40000 )     518   0.001%  99.995% 
[   40000,   45000 )     546   0.001%  99.996% 
[   45000,   50000 )     510   0.001%  99.997% 
[   50000,   60000 )     362   0.001%  99.998% 
[   60000,   70000 )     216   0.000%  99.998% 
[   70000,   80000 )     199   0.000%  99.999% 
[   80000,   90000 )     143   0.000%  99.999% 
[   90000,  100000 )      82   0.000%  99.999% 
[  100000,  120000 )      93   0.000%  99.999% 
[  120000,  140000 )      77   0.000% 100.000% 
[  140000,  160000 )      55   0.000% 100.000% 
[  160000,  180000 )      60   0.000% 100.000% 
[  180000,  200000 )      30   0.000% 100.000% 
[  200000,  250000 )      38   0.000% 100.000% 
[  250000,  300000 )      13   0.000% 100.000% 
[  300000,  350000 )      13   0.000% 100.000% 
[  350000,  400000 )       7   0.000% 100.000% 
[  400000,  450000 )       1   0.000% 100.000% 

Write info: 
Count: 0  Average: 0.0000  StdDev: 0.00
Percentiles(us): P50: -nan P90: -nan P99: -nan P99.9: -nan P99.99: -nan
------------------------------------------------------


