
nofdb	workloads/workloadc_uniform.spec	32
# Load duration (sec): 936.132
# Loading records:	50000000
# Load throughput (KOPS): 53.4112
Count: 50000000  Average: 597.9151  StdDev: 3815.19
Percentiles(us): P50: 153.70 P90: 432.99 P99: 15020.44 P99.9: 37088.67 P99.99: 68618.58
------------------------------------------------------
[      70,      80 )    3924   0.008%   0.008% 
[      80,      90 )  716384   1.433%   1.441% 
[      90,     100 ) 4278476   8.557%   9.998% ##
[     100,     120 ) 9859657  19.719%  29.717% ####
[     120,     140 ) 6879464  13.759%  43.476% ###
[     140,     160 ) 4762812   9.526%  53.001% ##
[     160,     180 ) 4220379   8.441%  61.442% ##
[     180,     200 ) 3191410   6.383%  67.825% #
[     200,     250 ) 4947696   9.895%  77.720% ##
[     250,     300 ) 2851460   5.703%  83.423% #
[     300,     350 ) 1739190   3.478%  86.902% #
[     350,     400 ) 1084555   2.169%  89.071% 
[     400,     450 )  704236   1.408%  90.479% 
[     450,     500 )  503994   1.008%  91.487% 
[     500,     600 )  689241   1.378%  92.866% 
[     600,     700 )  367424   0.735%  93.601% 
[     700,     800 )  294455   0.589%  94.190% 
[     800,     900 )  213316   0.427%  94.616% 
[     900,    1000 )  166556   0.333%  94.949% 
[    1000,    1200 )  269986   0.540%  95.489% 
[    1200,    1400 )  200761   0.402%  95.891% 
[    1400,    1600 )  162701   0.325%  96.216% 
[    1600,    1800 )  150721   0.301%  96.518% 
[    1800,    2000 )  132365   0.265%  96.782% 
[    2000,    2500 )  250857   0.502%  97.284% 
[    2500,    3000 )  136883   0.274%  97.558% 
[    3000,    3500 )   72540   0.145%  97.703% 
[    3500,    4000 )   44583   0.089%  97.792% 
[    4000,    4500 )   30258   0.061%  97.853% 
[    4500,    5000 )   22298   0.045%  97.897% 
[    5000,    6000 )   32040   0.064%  97.961% 
[    6000,    7000 )   23724   0.047%  98.009% 
[    7000,    8000 )   21518   0.043%  98.052% 
[    8000,    9000 )   27521   0.055%  98.107% 
[    9000,   10000 )   39785   0.080%  98.186% 
[   10000,   12000 )  108644   0.217%  98.404% 
[   12000,   14000 )  182885   0.366%  98.769% 
[   14000,   16000 )  225984   0.452%  99.221% 
[   16000,   18000 )  128710   0.257%  99.479% 
[   18000,   20000 )   59019   0.118%  99.597% 
[   20000,   25000 )   72817   0.146%  99.742% 
[   25000,   30000 )   44542   0.089%  99.832% 
[   30000,   35000 )   25970   0.052%  99.883% 
[   35000,   40000 )   19771   0.040%  99.923% 
[   40000,   45000 )   14313   0.029%  99.952% 
[   45000,   50000 )    8853   0.018%  99.969% 
[   50000,   60000 )    7084   0.014%  99.984% 
[   60000,   70000 )    3757   0.008%  99.991% 
[   70000,   80000 )    1498   0.003%  99.994% 
[   80000,   90000 )     996   0.002%  99.996% 
[   90000,  100000 )     691   0.001%  99.997% 
[  100000,  120000 )     531   0.001%  99.998% 
[  120000,  140000 )     246   0.000%  99.999% 
[  140000,  160000 )      56   0.000%  99.999% 
[  160000,  180000 )      35   0.000%  99.999% 
[  180000,  200000 )     140   0.000%  99.999% 
[  200000,  250000 )      32   0.000%  99.999% 
[  250000,  300000 )      70   0.000% 100.000% 
[  300000,  350000 )      78   0.000% 100.000% 
[  350000,  400000 )      44   0.000% 100.000% 
[  400000,  450000 )      17   0.000% 100.000% 
[  450000,  500000 )      15   0.000% 100.000% 
[ 3000000, 3500000 )      32   0.000% 100.000% 


---------- RPC REPLICA STATISTICS -----------
Avg send latency (us):	3.68933e+11
Avg receive latency (us):	1.79108e+06

# Run duration (sec): 440.513
# Run operations:	50000000
# Run throughput (KOPS): 113.504
Count: 50000000  Average: 280.8611  StdDev: 1425.46
Percentiles(us): P50: 137.81 P90: 250.81 P99: 4673.93 P99.9: 17400.29 P99.99: 29011.79
------------------------------------------------------
[      35,      40 )     126   0.000%   0.000% 
[      40,      45 )  406014   0.812%   0.812% 
[      45,      50 ) 3233522   6.467%   7.279% #
[      50,      60 ) 6387746  12.775%  20.055% ###
[      60,      70 ) 1634760   3.270%  23.324% #
[      70,      80 )  621885   1.244%  24.568% 
[      80,      90 )  569403   1.139%  25.707% 
[      90,     100 )  522406   1.045%  26.752% 
[     100,     120 ) 1845680   3.691%  30.443% #
[     120,     140 ) 10982015  21.964%  52.407% ####
[     140,     160 ) 9101767  18.204%  70.611% ####
[     160,     180 ) 3254557   6.509%  77.120% #
[     180,     200 ) 2397045   4.794%  81.914% #
[     200,     250 ) 4018307   8.037%  89.950% ##
[     250,     300 ) 1530666   3.061%  93.012% #
[     300,     350 )  948785   1.898%  94.909% 
[     350,     400 )  497196   0.994%  95.904% 
[     400,     450 )  312339   0.625%  96.528% 
[     450,     500 )  206673   0.413%  96.942% 
[     500,     600 )  241620   0.483%  97.425% 
[     600,     700 )  136330   0.273%  97.698% 
[     700,     800 )   91205   0.182%  97.880% 
[     800,     900 )   64441   0.129%  98.009% 
[     900,    1000 )   49800   0.100%  98.109% 
[    1000,    1200 )   74760   0.150%  98.258% 
[    1200,    1400 )   56551   0.113%  98.371% 
[    1400,    1600 )   46216   0.092%  98.464% 
[    1600,    1800 )   39201   0.078%  98.542% 
[    1800,    2000 )   33585   0.067%  98.609% 
[    2000,    2500 )   61012   0.122%  98.731% 
[    2500,    3000 )   36234   0.072%  98.804% 
[    3000,    3500 )   29059   0.058%  98.862% 
[    3500,    4000 )   29283   0.059%  98.920% 
[    4000,    4500 )   30351   0.061%  98.981% 
[    4500,    5000 )   27195   0.054%  99.035% 
[    5000,    6000 )   43619   0.087%  99.123% 
[    6000,    7000 )   40481   0.081%  99.204% 
[    7000,    8000 )   38644   0.077%  99.281% 
[    8000,    9000 )   37639   0.075%  99.356% 
[    9000,   10000 )   40475   0.081%  99.437% 
[   10000,   12000 )   60408   0.121%  99.558% 
[   12000,   14000 )   62544   0.125%  99.683% 
[   14000,   16000 )   65357   0.131%  99.814% 
[   16000,   18000 )   61556   0.123%  99.937% 
[   18000,   20000 )   13501   0.027%  99.964% 
[   20000,   25000 )    9229   0.018%  99.982% 
[   25000,   30000 )    4751   0.010%  99.992% 
[   30000,   35000 )    1455   0.003%  99.995% 
[   35000,   40000 )     824   0.002%  99.996% 
[   40000,   45000 )     393   0.001%  99.997% 
[   45000,   50000 )     425   0.001%  99.998% 
[   50000,   60000 )     325   0.001%  99.999% 
[   60000,   70000 )     168   0.000%  99.999% 
[   70000,   80000 )      63   0.000%  99.999% 
[   80000,   90000 )      61   0.000%  99.999% 
[   90000,  100000 )      42   0.000%  99.999% 
[  100000,  120000 )      67   0.000% 100.000% 
[  120000,  140000 )      50   0.000% 100.000% 
[  140000,  160000 )      31   0.000% 100.000% 
[  160000,  180000 )      27   0.000% 100.000% 
[  180000,  200000 )      19   0.000% 100.000% 
[  200000,  250000 )      32   0.000% 100.000% 
[  250000,  300000 )      17   0.000% 100.000% 
[  300000,  350000 )      18   0.000% 100.000% 
[  350000,  400000 )       8   0.000% 100.000% 
[  400000,  450000 )      13   0.000% 100.000% 
[  450000,  500000 )      10   0.000% 100.000% 
[  500000,  600000 )       5   0.000% 100.000% 
[  600000,  700000 )       6   0.000% 100.000% 
[  700000,  800000 )       1   0.000% 100.000% 
[  800000,  900000 )       1   0.000% 100.000% 

Read info: 
Count: 50000000  Average: 280.8611  StdDev: 1425.46
Percentiles(us): P50: 137.81 P90: 250.81 P99: 4673.93 P99.9: 17400.29 P99.99: 29011.79
------------------------------------------------------
[      35,      40 )     126   0.000%   0.000% 
[      40,      45 )  406014   0.812%   0.812% 
[      45,      50 ) 3233522   6.467%   7.279% #
[      50,      60 ) 6387746  12.775%  20.055% ###
[      60,      70 ) 1634760   3.270%  23.324% #
[      70,      80 )  621885   1.244%  24.568% 
[      80,      90 )  569403   1.139%  25.707% 
[      90,     100 )  522406   1.045%  26.752% 
[     100,     120 ) 1845680   3.691%  30.443% #
[     120,     140 ) 10982015  21.964%  52.407% ####
[     140,     160 ) 9101767  18.204%  70.611% ####
[     160,     180 ) 3254557   6.509%  77.120% #
[     180,     200 ) 2397045   4.794%  81.914% #
[     200,     250 ) 4018307   8.037%  89.950% ##
[     250,     300 ) 1530666   3.061%  93.012% #
[     300,     350 )  948785   1.898%  94.909% 
[     350,     400 )  497196   0.994%  95.904% 
[     400,     450 )  312339   0.625%  96.528% 
[     450,     500 )  206673   0.413%  96.942% 
[     500,     600 )  241620   0.483%  97.425% 
[     600,     700 )  136330   0.273%  97.698% 
[     700,     800 )   91205   0.182%  97.880% 
[     800,     900 )   64441   0.129%  98.009% 
[     900,    1000 )   49800   0.100%  98.109% 
[    1000,    1200 )   74760   0.150%  98.258% 
[    1200,    1400 )   56551   0.113%  98.371% 
[    1400,    1600 )   46216   0.092%  98.464% 
[    1600,    1800 )   39201   0.078%  98.542% 
[    1800,    2000 )   33585   0.067%  98.609% 
[    2000,    2500 )   61012   0.122%  98.731% 
[    2500,    3000 )   36234   0.072%  98.804% 
[    3000,    3500 )   29059   0.058%  98.862% 
[    3500,    4000 )   29283   0.059%  98.920% 
[    4000,    4500 )   30351   0.061%  98.981% 
[    4500,    5000 )   27195   0.054%  99.035% 
[    5000,    6000 )   43619   0.087%  99.123% 
[    6000,    7000 )   40481   0.081%  99.204% 
[    7000,    8000 )   38644   0.077%  99.281% 
[    8000,    9000 )   37639   0.075%  99.356% 
[    9000,   10000 )   40475   0.081%  99.437% 
[   10000,   12000 )   60408   0.121%  99.558% 
[   12000,   14000 )   62544   0.125%  99.683% 
[   14000,   16000 )   65357   0.131%  99.814% 
[   16000,   18000 )   61556   0.123%  99.937% 
[   18000,   20000 )   13501   0.027%  99.964% 
[   20000,   25000 )    9229   0.018%  99.982% 
[   25000,   30000 )    4751   0.010%  99.992% 
[   30000,   35000 )    1455   0.003%  99.995% 
[   35000,   40000 )     824   0.002%  99.996% 
[   40000,   45000 )     393   0.001%  99.997% 
[   45000,   50000 )     425   0.001%  99.998% 
[   50000,   60000 )     325   0.001%  99.999% 
[   60000,   70000 )     168   0.000%  99.999% 
[   70000,   80000 )      63   0.000%  99.999% 
[   80000,   90000 )      61   0.000%  99.999% 
[   90000,  100000 )      42   0.000%  99.999% 
[  100000,  120000 )      67   0.000% 100.000% 
[  120000,  140000 )      50   0.000% 100.000% 
[  140000,  160000 )      31   0.000% 100.000% 
[  160000,  180000 )      27   0.000% 100.000% 
[  180000,  200000 )      19   0.000% 100.000% 
[  200000,  250000 )      32   0.000% 100.000% 
[  250000,  300000 )      17   0.000% 100.000% 
[  300000,  350000 )      18   0.000% 100.000% 
[  350000,  400000 )       8   0.000% 100.000% 
[  400000,  450000 )      13   0.000% 100.000% 
[  450000,  500000 )      10   0.000% 100.000% 
[  500000,  600000 )       5   0.000% 100.000% 
[  600000,  700000 )       6   0.000% 100.000% 
[  700000,  800000 )       1   0.000% 100.000% 
[  800000,  900000 )       1   0.000% 100.000% 

Write info: 
Count: 0  Average: 0.0000  StdDev: 0.00
Percentiles(us): P50: -nan P90: -nan P99: -nan P99.9: -nan P99.99: -nan
------------------------------------------------------


