
nofdb	workloads/workloadg_uniform.spec	32
# Load duration (sec): 31.4961
# Loading records:	3000000
# Load throughput (KOPS): 95.25
Count: 3000000  Average: 328.8908  StdDev: 1474.61
Percentiles(us): P50: 145.62 P90: 326.37 P99: 10048.30 P99.9: 17288.26 P99.99: 26877.73
------------------------------------------------------
[      45,      50 )     240   0.008%   0.008% 
[      50,      60 )   62286   2.076%   2.084% 
[      60,      70 )  166657   5.555%   7.639% #
[      70,      80 )  208958   6.965%  14.605% #
[      80,      90 )  201149   6.705%  21.310% #
[      90,     100 )  176776   5.893%  27.202% #
[     100,     120 )  298060   9.935%  37.138% ##
[     120,     140 )  308083  10.269%  47.407% ##
[     140,     160 )  276794   9.226%  56.633% ##
[     160,     180 )  219446   7.315%  63.948% #
[     180,     200 )  182066   6.069%  70.017% #
[     200,     250 )  328708  10.957%  80.974% ##
[     250,     300 )  203863   6.795%  87.770% #
[     300,     350 )  126863   4.229%  91.998% #
[     350,     400 )   79162   2.639%  94.637% #
[     400,     450 )   49273   1.642%  96.279% 
[     450,     500 )   29493   0.983%  97.263% 
[     500,     600 )   28640   0.955%  98.217% 
[     600,     700 )    9929   0.331%  98.548% 
[     700,     800 )    3375   0.113%  98.661% 
[     800,     900 )    1144   0.038%  98.699% 
[     900,    1000 )     554   0.018%  98.717% 
[    1000,    1200 )     548   0.018%  98.736% 
[    1200,    1400 )     335   0.011%  98.747% 
[    1400,    1600 )     276   0.009%  98.756% 
[    1600,    1800 )     235   0.008%  98.764% 
[    1800,    2000 )     215   0.007%  98.771% 
[    2000,    2500 )     417   0.014%  98.785% 
[    2500,    3000 )     316   0.011%  98.795% 
[    3000,    3500 )     346   0.012%  98.807% 
[    3500,    4000 )     277   0.009%  98.816% 
[    4000,    4500 )     194   0.006%  98.823% 
[    4500,    5000 )     256   0.009%  98.831% 
[    5000,    6000 )     455   0.015%  98.846% 
[    6000,    7000 )     553   0.018%  98.865% 
[    7000,    8000 )     735   0.025%  98.889% 
[    8000,    9000 )    1075   0.036%  98.925% 
[    9000,   10000 )    2099   0.070%  98.995% 
[   10000,   12000 )    6170   0.206%  99.201% 
[   12000,   14000 )    9814   0.327%  99.528% 
[   14000,   16000 )    9288   0.310%  99.837% 
[   16000,   18000 )    2914   0.097%  99.935% 
[   18000,   20000 )     940   0.031%  99.966% 
[   20000,   25000 )     637   0.021%  99.987% 
[   25000,   30000 )     229   0.008%  99.995% 
[   30000,   35000 )      61   0.002%  99.997% 
[   35000,   40000 )      32   0.001%  99.998% 
[   40000,   45000 )      53   0.002% 100.000% 
[   50000,   60000 )      11   0.000% 100.000% 


# Run duration (sec): 35.8197
# Run operations:	3000000
# Run throughput (KOPS): 83.7529
Count: 3000000  Average: 376.2932  StdDev: 3220.91
Percentiles(us): P50: 150.37 P90: 326.38 P99: 10966.45 P99.9: 18643.34 P99.99: 66415.09
------------------------------------------------------
[      45,      50 )      42   0.001%   0.001% 
[      50,      60 )   35688   1.190%   1.191% 
[      60,      70 )  120014   4.000%   5.191% #
[      70,      80 )  165605   5.520%  10.712% #
[      80,      90 )  192189   6.406%  17.118% #
[      90,     100 )  194078   6.469%  23.587% #
[     100,     120 )  328935  10.965%  34.552% ##
[     120,     140 )  310871  10.362%  44.914% ##
[     140,     160 )  294369   9.812%  54.726% ##
[     160,     180 )  243420   8.114%  62.840% ##
[     180,     200 )  195618   6.521%  69.361% #
[     200,     250 )  345668  11.522%  80.883% ##
[     250,     300 )  206588   6.886%  87.770% #
[     300,     350 )  126837   4.228%  91.997% #
[     350,     400 )   78111   2.604%  94.601% #
[     400,     450 )   48540   1.618%  96.219% 
[     450,     500 )   29688   0.990%  97.209% 
[     500,     600 )   28260   0.942%  98.151% 
[     600,     700 )    9605   0.320%  98.471% 
[     700,     800 )    3129   0.104%  98.575% 
[     800,     900 )    1087   0.036%  98.611% 
[     900,    1000 )     439   0.015%  98.626% 
[    1000,    1200 )     360   0.012%  98.638% 
[    1200,    1400 )     229   0.008%  98.646% 
[    1400,    1600 )     187   0.006%  98.652% 
[    1600,    1800 )     161   0.005%  98.657% 
[    1800,    2000 )     166   0.006%  98.663% 
[    2000,    2500 )     353   0.012%  98.675% 
[    2500,    3000 )     343   0.011%  98.686% 
[    3000,    3500 )     259   0.009%  98.695% 
[    3500,    4000 )     300   0.010%  98.705% 
[    4000,    4500 )     334   0.011%  98.716% 
[    4500,    5000 )     177   0.006%  98.722% 
[    5000,    6000 )     785   0.026%  98.748% 
[    6000,    7000 )     484   0.016%  98.764% 
[    7000,    8000 )     629   0.021%  98.785% 
[    8000,    9000 )    1083   0.036%  98.821% 
[    9000,   10000 )    2229   0.074%  98.895% 
[   10000,   12000 )    6498   0.217%  99.112% 
[   12000,   14000 )   10320   0.344%  99.456% 
[   14000,   16000 )   10107   0.337%  99.793% 
[   16000,   18000 )    2976   0.099%  99.892% 
[   18000,   20000 )     743   0.025%  99.917% 
[   20000,   25000 )     748   0.025%  99.942% 
[   25000,   30000 )     330   0.011%  99.953% 
[   30000,   35000 )     164   0.005%  99.958% 
[   35000,   40000 )     112   0.004%  99.962% 
[   40000,   45000 )     115   0.004%  99.966% 
[   45000,   50000 )     281   0.009%  99.975% 
[   50000,   60000 )     310   0.010%  99.985% 
[   60000,   70000 )     212   0.007%  99.993% 
[   70000,   80000 )      89   0.003%  99.996% 
[   80000,   90000 )      38   0.001%  99.997% 
[   90000,  100000 )       1   0.000%  99.997% 
[  300000,  350000 )      32   0.001%  99.998% 
[  450000,  500000 )      32   0.001%  99.999% 
[  500000,  600000 )      32   0.001% 100.000% 

Read info: 
Count: 0  Average: 0.0000  StdDev: 0.00
Percentiles(us): P50: -nan P90: -nan P99: -nan P99.9: -nan P99.99: -nan
------------------------------------------------------

Write info: 
Count: 3000000  Average: 376.2932  StdDev: 3220.91
Percentiles(us): P50: 150.37 P90: 326.38 P99: 10966.45 P99.9: 18643.34 P99.99: 66415.09
------------------------------------------------------
[      45,      50 )      42   0.001%   0.001% 
[      50,      60 )   35688   1.190%   1.191% 
[      60,      70 )  120014   4.000%   5.191% #
[      70,      80 )  165605   5.520%  10.712% #
[      80,      90 )  192189   6.406%  17.118% #
[      90,     100 )  194078   6.469%  23.587% #
[     100,     120 )  328935  10.965%  34.552% ##
[     120,     140 )  310871  10.362%  44.914% ##
[     140,     160 )  294369   9.812%  54.726% ##
[     160,     180 )  243420   8.114%  62.840% ##
[     180,     200 )  195618   6.521%  69.361% #
[     200,     250 )  345668  11.522%  80.883% ##
[     250,     300 )  206588   6.886%  87.770% #
[     300,     350 )  126837   4.228%  91.997% #
[     350,     400 )   78111   2.604%  94.601% #
[     400,     450 )   48540   1.618%  96.219% 
[     450,     500 )   29688   0.990%  97.209% 
[     500,     600 )   28260   0.942%  98.151% 
[     600,     700 )    9605   0.320%  98.471% 
[     700,     800 )    3129   0.104%  98.575% 
[     800,     900 )    1087   0.036%  98.611% 
[     900,    1000 )     439   0.015%  98.626% 
[    1000,    1200 )     360   0.012%  98.638% 
[    1200,    1400 )     229   0.008%  98.646% 
[    1400,    1600 )     187   0.006%  98.652% 
[    1600,    1800 )     161   0.005%  98.657% 
[    1800,    2000 )     166   0.006%  98.663% 
[    2000,    2500 )     353   0.012%  98.675% 
[    2500,    3000 )     343   0.011%  98.686% 
[    3000,    3500 )     259   0.009%  98.695% 
[    3500,    4000 )     300   0.010%  98.705% 
[    4000,    4500 )     334   0.011%  98.716% 
[    4500,    5000 )     177   0.006%  98.722% 
[    5000,    6000 )     785   0.026%  98.748% 
[    6000,    7000 )     484   0.016%  98.764% 
[    7000,    8000 )     629   0.021%  98.785% 
[    8000,    9000 )    1083   0.036%  98.821% 
[    9000,   10000 )    2229   0.074%  98.895% 
[   10000,   12000 )    6498   0.217%  99.112% 
[   12000,   14000 )   10320   0.344%  99.456% 
[   14000,   16000 )   10107   0.337%  99.793% 
[   16000,   18000 )    2976   0.099%  99.892% 
[   18000,   20000 )     743   0.025%  99.917% 
[   20000,   25000 )     748   0.025%  99.942% 
[   25000,   30000 )     330   0.011%  99.953% 
[   30000,   35000 )     164   0.005%  99.958% 
[   35000,   40000 )     112   0.004%  99.962% 
[   40000,   45000 )     115   0.004%  99.966% 
[   45000,   50000 )     281   0.009%  99.975% 
[   50000,   60000 )     310   0.010%  99.985% 
[   60000,   70000 )     212   0.007%  99.993% 
[   70000,   80000 )      89   0.003%  99.996% 
[   80000,   90000 )      38   0.001%  99.997% 
[   90000,  100000 )       1   0.000%  99.997% 
[  300000,  350000 )      32   0.001%  99.998% 
[  450000,  500000 )      32   0.001%  99.999% 
[  500000,  600000 )      32   0.001% 100.000% 


