
nofdb	workloads/workloadc_uniform.spec	32
# Load duration (sec): 31.1355
# Loading records:	3000000
# Load throughput (KOPS): 96.353
Count: 3000000  Average: 325.3413  StdDev: 2570.55
Percentiles(us): P50: 142.19 P90: 296.84 P99: 9601.72 P99.9: 17425.72 P99.99: 31520.62
------------------------------------------------------
[      45,      50 )     545   0.018%   0.018% 
[      50,      60 )   56248   1.875%   1.893% 
[      60,      70 )  139429   4.648%   6.541% #
[      70,      80 )  188991   6.300%  12.840% #
[      80,      90 )  204578   6.819%  19.660% #
[      90,     100 )  192203   6.407%  26.066% #
[     100,     120 )  339632  11.321%  37.388% ##
[     120,     140 )  344184  11.473%  48.860% ##
[     140,     160 )  312949  10.432%  59.292% ##
[     160,     180 )  244811   8.160%  67.452% ##
[     180,     200 )  193567   6.452%  73.905% #
[     200,     250 )  318041  10.601%  84.506% ##
[     250,     300 )  175951   5.865%  90.371% #
[     300,     350 )  100252   3.342%  93.713% #
[     350,     400 )   59329   1.978%  95.690% 
[     400,     450 )   35683   1.189%  96.880% 
[     450,     500 )   21728   0.724%  97.604% 
[     500,     600 )   21861   0.729%  98.333% 
[     600,     700 )    8200   0.273%  98.606% 
[     700,     800 )    3003   0.100%  98.706% 
[     800,     900 )    1247   0.042%  98.748% 
[     900,    1000 )     469   0.016%  98.763% 
[    1000,    1200 )     502   0.017%  98.780% 
[    1200,    1400 )     363   0.012%  98.792% 
[    1400,    1600 )     259   0.009%  98.801% 
[    1600,    1800 )     252   0.008%  98.809% 
[    1800,    2000 )     189   0.006%  98.816% 
[    2000,    2500 )     408   0.014%  98.829% 
[    2500,    3000 )     347   0.012%  98.841% 
[    3000,    3500 )     321   0.011%  98.851% 
[    3500,    4000 )     327   0.011%  98.862% 
[    4000,    4500 )     237   0.008%  98.870% 
[    4500,    5000 )     263   0.009%  98.879% 
[    5000,    6000 )     580   0.019%  98.898% 
[    6000,    7000 )     446   0.015%  98.913% 
[    7000,    8000 )     640   0.021%  98.934% 
[    8000,    9000 )     847   0.028%  98.963% 
[    9000,   10000 )    1858   0.062%  99.025% 
[   10000,   12000 )    5216   0.174%  99.199% 
[   12000,   14000 )    9270   0.309%  99.508% 
[   14000,   16000 )    9562   0.319%  99.826% 
[   16000,   18000 )    3103   0.103%  99.930% 
[   18000,   20000 )     907   0.030%  99.960% 
[   20000,   25000 )     524   0.017%  99.977% 
[   25000,   30000 )     319   0.011%  99.988% 
[   30000,   35000 )     194   0.006%  99.995% 
[   35000,   40000 )      37   0.001%  99.996% 
[   40000,   45000 )      66   0.002%  99.998% 
[   45000,   50000 )      30   0.001%  99.999% 
[  600000,  700000 )      32   0.001% 100.000% 


# Run duration (sec): 61.6588
# Run operations:	3000000
# Run throughput (KOPS): 48.6549
Count: 3000000  Average: 641.9427  StdDev: 2378.31
Percentiles(us): P50: 193.42 P90: 374.97 P99: 15117.54 P99.9: 19104.92 P99.99: 27229.86
------------------------------------------------------
[      35,      40 )     259   0.009%   0.009% 
[      40,      45 )    8721   0.291%   0.299% 
[      45,      50 )   11021   0.367%   0.667% 
[      50,      60 )    7344   0.245%   0.912% 
[      60,      70 )    3610   0.120%   1.032% 
[      70,      80 )    4238   0.141%   1.173% 
[      80,      90 )    1868   0.062%   1.235% 
[      90,     100 )    1016   0.034%   1.269% 
[     100,     120 )    7176   0.239%   1.508% 
[     120,     140 )    9949   0.332%   1.840% 
[     140,     160 )   29054   0.968%   2.809% 
[     160,     180 ) 1024859  34.162%  36.971% #######
[     180,     200 )  582494  19.416%  56.387% ####
[     200,     250 )  607897  20.263%  76.650% ####
[     250,     300 )  245690   8.190%  84.840% ##
[     300,     350 )  122837   4.095%  88.934% #
[     350,     400 )   64010   2.134%  91.068% 
[     400,     450 )   55055   1.835%  92.903% 
[     450,     500 )   28837   0.961%  93.865% 
[     500,     600 )   35042   1.168%  95.033% 
[     600,     700 )   15241   0.508%  95.541% 
[     700,     800 )    9271   0.309%  95.850% 
[     800,     900 )    5819   0.194%  96.044% 
[     900,    1000 )    4051   0.135%  96.179% 
[    1000,    1200 )    5634   0.188%  96.366% 
[    1200,    1400 )    3695   0.123%  96.490% 
[    1400,    1600 )    2737   0.091%  96.581% 
[    1600,    1800 )    2062   0.069%  96.650% 
[    1800,    2000 )    1649   0.055%  96.705% 
[    2000,    2500 )    2877   0.096%  96.800% 
[    2500,    3000 )    2241   0.075%  96.875% 
[    3000,    3500 )    1736   0.058%  96.933% 
[    3500,    4000 )    1418   0.047%  96.980% 
[    4000,    4500 )    1168   0.039%  97.019% 
[    4500,    5000 )     950   0.032%  97.051% 
[    5000,    6000 )    1844   0.061%  97.112% 
[    6000,    7000 )    1905   0.064%  97.176% 
[    7000,    8000 )    2015   0.067%  97.243% 
[    8000,    9000 )    2188   0.073%  97.316% 
[    9000,   10000 )    2213   0.074%  97.390% 
[   10000,   12000 )    6361   0.212%  97.602% 
[   12000,   14000 )   22239   0.741%  98.343% 
[   14000,   16000 )   35272   1.176%  99.519% 
[   16000,   18000 )    9594   0.320%  99.839% 
[   18000,   20000 )    3336   0.111%  99.950% 
[   20000,   25000 )     980   0.033%  99.982% 
[   25000,   30000 )     509   0.017%  99.999% 
[   30000,   35000 )      18   0.001% 100.000% 

Read info: 
Count: 3000000  Average: 641.9427  StdDev: 2378.31
Percentiles(us): P50: 193.42 P90: 374.97 P99: 15117.54 P99.9: 19104.92 P99.99: 27229.86
------------------------------------------------------
[      35,      40 )     259   0.009%   0.009% 
[      40,      45 )    8721   0.291%   0.299% 
[      45,      50 )   11021   0.367%   0.667% 
[      50,      60 )    7344   0.245%   0.912% 
[      60,      70 )    3610   0.120%   1.032% 
[      70,      80 )    4238   0.141%   1.173% 
[      80,      90 )    1868   0.062%   1.235% 
[      90,     100 )    1016   0.034%   1.269% 
[     100,     120 )    7176   0.239%   1.508% 
[     120,     140 )    9949   0.332%   1.840% 
[     140,     160 )   29054   0.968%   2.809% 
[     160,     180 ) 1024859  34.162%  36.971% #######
[     180,     200 )  582494  19.416%  56.387% ####
[     200,     250 )  607897  20.263%  76.650% ####
[     250,     300 )  245690   8.190%  84.840% ##
[     300,     350 )  122837   4.095%  88.934% #
[     350,     400 )   64010   2.134%  91.068% 
[     400,     450 )   55055   1.835%  92.903% 
[     450,     500 )   28837   0.961%  93.865% 
[     500,     600 )   35042   1.168%  95.033% 
[     600,     700 )   15241   0.508%  95.541% 
[     700,     800 )    9271   0.309%  95.850% 
[     800,     900 )    5819   0.194%  96.044% 
[     900,    1000 )    4051   0.135%  96.179% 
[    1000,    1200 )    5634   0.188%  96.366% 
[    1200,    1400 )    3695   0.123%  96.490% 
[    1400,    1600 )    2737   0.091%  96.581% 
[    1600,    1800 )    2062   0.069%  96.650% 
[    1800,    2000 )    1649   0.055%  96.705% 
[    2000,    2500 )    2877   0.096%  96.800% 
[    2500,    3000 )    2241   0.075%  96.875% 
[    3000,    3500 )    1736   0.058%  96.933% 
[    3500,    4000 )    1418   0.047%  96.980% 
[    4000,    4500 )    1168   0.039%  97.019% 
[    4500,    5000 )     950   0.032%  97.051% 
[    5000,    6000 )    1844   0.061%  97.112% 
[    6000,    7000 )    1905   0.064%  97.176% 
[    7000,    8000 )    2015   0.067%  97.243% 
[    8000,    9000 )    2188   0.073%  97.316% 
[    9000,   10000 )    2213   0.074%  97.390% 
[   10000,   12000 )    6361   0.212%  97.602% 
[   12000,   14000 )   22239   0.741%  98.343% 
[   14000,   16000 )   35272   1.176%  99.519% 
[   16000,   18000 )    9594   0.320%  99.839% 
[   18000,   20000 )    3336   0.111%  99.950% 
[   20000,   25000 )     980   0.033%  99.982% 
[   25000,   30000 )     509   0.017%  99.999% 
[   30000,   35000 )      18   0.001% 100.000% 

Write info: 
Count: 0  Average: 0.0000  StdDev: 0.00
Percentiles(us): P50: -nan P90: -nan P99: -nan P99.9: -nan P99.99: -nan
------------------------------------------------------


