
nofdb	workloads/workloadc_zipfian.spec	32
# Load duration (sec): 33.8461
# Loading records:	3000000
# Load throughput (KOPS): 88.6365
Count: 3000000  Average: 354.4038  StdDev: 1637.02
Percentiles(us): P50: 158.32 P90: 355.71 P99: 10473.66 P99.9: 17466.46 P99.99: 30819.21
------------------------------------------------------
[      45,      50 )     160   0.005%   0.005% 
[      50,      60 )   49502   1.650%   1.655% 
[      60,      70 )  135735   4.525%   6.180% #
[      70,      80 )  162953   5.432%  11.612% #
[      80,      90 )  164531   5.484%  17.096% #
[      90,     100 )  155833   5.194%  22.290% #
[     100,     120 )  281555   9.385%  31.676% ##
[     120,     140 )  298012   9.934%  41.609% ##
[     140,     160 )  274738   9.158%  50.767% ##
[     160,     180 )  232029   7.734%  58.502% ##
[     180,     200 )  198757   6.625%  65.127% #
[     200,     250 )  362326  12.078%  77.204% ##
[     250,     300 )  227276   7.576%  84.780% ##
[     300,     350 )  145690   4.856%  89.637% #
[     350,     400 )   95503   3.183%  92.820% #
[     400,     450 )   63562   2.119%  94.939% 
[     450,     500 )   41349   1.378%  96.317% 
[     500,     600 )   44206   1.474%  97.791% 
[     600,     700 )   17425   0.581%  98.371% 
[     700,     800 )    6003   0.200%  98.572% 
[     800,     900 )    1932   0.064%  98.636% 
[     900,    1000 )     518   0.017%  98.653% 
[    1000,    1200 )     417   0.014%  98.667% 
[    1200,    1400 )     287   0.010%  98.677% 
[    1400,    1600 )     237   0.008%  98.685% 
[    1600,    1800 )     185   0.006%  98.691% 
[    1800,    2000 )     199   0.007%  98.697% 
[    2000,    2500 )     540   0.018%  98.715% 
[    2500,    3000 )     410   0.014%  98.729% 
[    3000,    3500 )     394   0.013%  98.742% 
[    3500,    4000 )     304   0.010%  98.752% 
[    4000,    4500 )     322   0.011%  98.763% 
[    4500,    5000 )     236   0.008%  98.771% 
[    5000,    6000 )     597   0.020%  98.791% 
[    6000,    7000 )     607   0.020%  98.811% 
[    7000,    8000 )     860   0.029%  98.840% 
[    8000,    9000 )    1264   0.042%  98.882% 
[    9000,   10000 )    2022   0.067%  98.949% 
[   10000,   12000 )    6435   0.215%  99.164% 
[   12000,   14000 )   10055   0.335%  99.499% 
[   14000,   16000 )    9640   0.321%  99.820% 
[   16000,   18000 )    3265   0.109%  99.929% 
[   18000,   20000 )    1017   0.034%  99.963% 
[   20000,   25000 )     569   0.019%  99.982% 
[   25000,   30000 )     214   0.007%  99.989% 
[   30000,   35000 )     177   0.006%  99.995% 
[   35000,   40000 )      59   0.002%  99.997% 
[   40000,   45000 )      29   0.001%  99.998% 
[  120000,  140000 )      47   0.002%  99.999% 
[  140000,  160000 )      17   0.001% 100.000% 


# Run duration (sec): 56.9377
# Run operations:	3000000
# Run throughput (KOPS): 52.6892
Count: 3000000  Average: 592.3656  StdDev: 2268.35
Percentiles(us): P50: 189.86 P90: 387.81 P99: 14789.46 P99.9: 18232.80 P99.99: 26863.52
------------------------------------------------------
[      35,      40 )      72   0.002%   0.002% 
[      40,      45 )    5538   0.185%   0.187% 
[      45,      50 )    8037   0.268%   0.455% 
[      50,      60 )    6214   0.207%   0.662% 
[      60,      70 )    2858   0.095%   0.757% 
[      70,      80 )    3270   0.109%   0.866% 
[      80,      90 )    1646   0.055%   0.921% 
[      90,     100 )    1040   0.035%   0.956% 
[     100,     120 )  175708   5.857%   6.813% #
[     120,     140 )   47583   1.586%   8.399% 
[     140,     160 )   76080   2.536%  10.935% #
[     160,     180 )  920547  30.685%  41.620% ######
[     180,     200 )  510092  17.003%  58.623% ###
[     200,     250 )  544592  18.153%  76.776% ####
[     250,     300 )  221201   7.373%  84.149% #
[     300,     350 )  120737   4.025%  88.174% #
[     350,     400 )   72450   2.415%  90.589% 
[     400,     450 )   54116   1.804%  92.393% 
[     450,     500 )   32043   1.068%  93.461% 
[     500,     600 )   40409   1.347%  94.808% 
[     600,     700 )   20175   0.672%  95.480% 
[     700,     800 )   13031   0.434%  95.915% 
[     800,     900 )    8484   0.283%  96.197% 
[     900,    1000 )    5886   0.196%  96.394% 
[    1000,    1200 )    7827   0.261%  96.655% 
[    1200,    1400 )    4949   0.165%  96.820% 
[    1400,    1600 )    3152   0.105%  96.925% 
[    1600,    1800 )    2305   0.077%  97.001% 
[    1800,    2000 )    1748   0.058%  97.060% 
[    2000,    2500 )    3163   0.105%  97.165% 
[    2500,    3000 )    2060   0.069%  97.234% 
[    3000,    3500 )    1501   0.050%  97.284% 
[    3500,    4000 )    1093   0.036%  97.320% 
[    4000,    4500 )     886   0.030%  97.350% 
[    4500,    5000 )     793   0.026%  97.376% 
[    5000,    6000 )    1664   0.055%  97.432% 
[    6000,    7000 )    1707   0.057%  97.489% 
[    7000,    8000 )    1797   0.060%  97.548% 
[    8000,    9000 )    1864   0.062%  97.611% 
[    9000,   10000 )    1982   0.066%  97.677% 
[   10000,   12000 )    7394   0.246%  97.923% 
[   12000,   14000 )   21867   0.729%  98.652% 
[   14000,   16000 )   26446   0.882%  99.534% 
[   16000,   18000 )   10729   0.358%  99.891% 
[   18000,   20000 )    2268   0.076%  99.967% 
[   20000,   25000 )     554   0.018%  99.985% 
[   25000,   30000 )     381   0.013%  99.998% 
[   30000,   35000 )      29   0.001%  99.999% 
[  120000,  140000 )       1   0.000%  99.999% 
[  140000,  160000 )      31   0.001% 100.000% 

Read info: 
Count: 3000000  Average: 592.3656  StdDev: 2268.35
Percentiles(us): P50: 189.86 P90: 387.81 P99: 14789.46 P99.9: 18232.80 P99.99: 26863.52
------------------------------------------------------
[      35,      40 )      72   0.002%   0.002% 
[      40,      45 )    5538   0.185%   0.187% 
[      45,      50 )    8037   0.268%   0.455% 
[      50,      60 )    6214   0.207%   0.662% 
[      60,      70 )    2858   0.095%   0.757% 
[      70,      80 )    3270   0.109%   0.866% 
[      80,      90 )    1646   0.055%   0.921% 
[      90,     100 )    1040   0.035%   0.956% 
[     100,     120 )  175708   5.857%   6.813% #
[     120,     140 )   47583   1.586%   8.399% 
[     140,     160 )   76080   2.536%  10.935% #
[     160,     180 )  920547  30.685%  41.620% ######
[     180,     200 )  510092  17.003%  58.623% ###
[     200,     250 )  544592  18.153%  76.776% ####
[     250,     300 )  221201   7.373%  84.149% #
[     300,     350 )  120737   4.025%  88.174% #
[     350,     400 )   72450   2.415%  90.589% 
[     400,     450 )   54116   1.804%  92.393% 
[     450,     500 )   32043   1.068%  93.461% 
[     500,     600 )   40409   1.347%  94.808% 
[     600,     700 )   20175   0.672%  95.480% 
[     700,     800 )   13031   0.434%  95.915% 
[     800,     900 )    8484   0.283%  96.197% 
[     900,    1000 )    5886   0.196%  96.394% 
[    1000,    1200 )    7827   0.261%  96.655% 
[    1200,    1400 )    4949   0.165%  96.820% 
[    1400,    1600 )    3152   0.105%  96.925% 
[    1600,    1800 )    2305   0.077%  97.001% 
[    1800,    2000 )    1748   0.058%  97.060% 
[    2000,    2500 )    3163   0.105%  97.165% 
[    2500,    3000 )    2060   0.069%  97.234% 
[    3000,    3500 )    1501   0.050%  97.284% 
[    3500,    4000 )    1093   0.036%  97.320% 
[    4000,    4500 )     886   0.030%  97.350% 
[    4500,    5000 )     793   0.026%  97.376% 
[    5000,    6000 )    1664   0.055%  97.432% 
[    6000,    7000 )    1707   0.057%  97.489% 
[    7000,    8000 )    1797   0.060%  97.548% 
[    8000,    9000 )    1864   0.062%  97.611% 
[    9000,   10000 )    1982   0.066%  97.677% 
[   10000,   12000 )    7394   0.246%  97.923% 
[   12000,   14000 )   21867   0.729%  98.652% 
[   14000,   16000 )   26446   0.882%  99.534% 
[   16000,   18000 )   10729   0.358%  99.891% 
[   18000,   20000 )    2268   0.076%  99.967% 
[   20000,   25000 )     554   0.018%  99.985% 
[   25000,   30000 )     381   0.013%  99.998% 
[   30000,   35000 )      29   0.001%  99.999% 
[  120000,  140000 )       1   0.000%  99.999% 
[  140000,  160000 )      31   0.001% 100.000% 

Write info: 
Count: 0  Average: 0.0000  StdDev: 0.00
Percentiles(us): P50: -nan P90: -nan P99: -nan P99.9: -nan P99.99: -nan
------------------------------------------------------


