
nofdb	workloads/workloadg_zipfian.spec	32
# Load duration (sec): 31.23
# Loading records:	3000000
# Load throughput (KOPS): 96.0614
Count: 3000000  Average: 326.6754  StdDev: 1507.04
Percentiles(us): P50: 143.73 P90: 315.91 P99: 9959.48 P99.9: 17862.67 P99.99: 28385.09
------------------------------------------------------
[      45,      50 )     371   0.012%   0.012% 
[      50,      60 )   58020   1.934%   1.946% 
[      60,      70 )  152280   5.076%   7.022% #
[      70,      80 )  202805   6.760%  13.783% #
[      80,      90 )  209494   6.983%  20.766% #
[      90,     100 )  189723   6.324%  27.090% #
[     100,     120 )  318394  10.613%  37.703% ##
[     120,     140 )  315200  10.507%  48.210% ##
[     140,     160 )  287868   9.596%  57.805% ##
[     160,     180 )  227205   7.574%  65.379% ##
[     180,     200 )  185085   6.170%  71.548% #
[     200,     250 )  321925  10.731%  82.279% ##
[     250,     300 )  194349   6.478%  88.757% #
[     300,     350 )  117169   3.906%  92.663% #
[     350,     400 )   72340   2.411%  95.074% 
[     400,     450 )   44131   1.471%  96.545% 
[     450,     500 )   26699   0.890%  97.435% 
[     500,     600 )   25259   0.842%  98.277% 
[     600,     700 )    8592   0.286%  98.564% 
[     700,     800 )    2846   0.095%  98.659% 
[     800,     900 )    1063   0.035%  98.694% 
[     900,    1000 )     511   0.017%  98.711% 
[    1000,    1200 )     568   0.019%  98.730% 
[    1200,    1400 )     369   0.012%  98.742% 
[    1400,    1600 )     344   0.011%  98.754% 
[    1600,    1800 )     313   0.010%  98.764% 
[    1800,    2000 )     262   0.009%  98.773% 
[    2000,    2500 )     736   0.025%  98.797% 
[    2500,    3000 )     526   0.018%  98.815% 
[    3000,    3500 )     521   0.017%  98.832% 
[    3500,    4000 )     399   0.013%  98.846% 
[    4000,    4500 )     395   0.013%  98.859% 
[    4500,    5000 )     306   0.010%  98.869% 
[    5000,    6000 )     541   0.018%  98.887% 
[    6000,    7000 )     452   0.015%  98.902% 
[    7000,    8000 )     631   0.021%  98.923% 
[    8000,    9000 )     769   0.026%  98.949% 
[    9000,   10000 )    1604   0.053%  99.002% 
[   10000,   12000 )    5774   0.192%  99.195% 
[   12000,   14000 )    8866   0.296%  99.490% 
[   14000,   16000 )    9189   0.306%  99.796% 
[   16000,   18000 )    3335   0.111%  99.908% 
[   18000,   20000 )    1332   0.044%  99.952% 
[   20000,   25000 )     921   0.031%  99.983% 
[   25000,   30000 )     322   0.011%  99.993% 
[   30000,   35000 )      72   0.002%  99.996% 
[   35000,   40000 )      76   0.003%  99.998% 
[   40000,   45000 )       1   0.000%  99.998% 
[   45000,   50000 )      14   0.000%  99.999% 
[   50000,   60000 )      25   0.001% 100.000% 
[   60000,   70000 )       1   0.000% 100.000% 
[   70000,   80000 )       7   0.000% 100.000% 


# Run duration (sec): 41.4593
# Run operations:	3000000
# Run throughput (KOPS): 72.3601
Count: 3000000  Average: 436.3188  StdDev: 4598.08
Percentiles(us): P50: 151.06 P90: 359.67 P99: 11764.55 P99.9: 23255.81 P99.99: 67956.52
------------------------------------------------------
[      45,      50 )     100   0.003%   0.003% 
[      50,      60 )   55327   1.844%   1.848% 
[      60,      70 )  165256   5.509%   7.356% #
[      70,      80 )  188480   6.283%  13.639% #
[      80,      90 )  193166   6.439%  20.078% #
[      90,     100 )  181622   6.054%  26.132% #
[     100,     120 )  296265   9.876%  36.007% ##
[     120,     140 )  278391   9.280%  45.287% ##
[     140,     160 )  255628   8.521%  53.808% ##
[     160,     180 )  212907   7.097%  60.905% #
[     180,     200 )  176480   5.883%  66.787% #
[     200,     250 )  328664  10.955%  77.743% ##
[     250,     300 )  213341   7.111%  84.854% #
[     300,     350 )  136978   4.566%  89.420% #
[     350,     400 )   89919   2.997%  92.417% #
[     400,     450 )   59648   1.988%  94.406% 
[     450,     500 )   39442   1.315%  95.720% 
[     500,     600 )   42979   1.433%  97.153% 
[     600,     700 )   17950   0.598%  97.751% 
[     700,     800 )    7047   0.235%  97.986% 
[     800,     900 )    2651   0.088%  98.075% 
[     900,    1000 )    1066   0.036%  98.110% 
[    1000,    1200 )     879   0.029%  98.140% 
[    1200,    1400 )     530   0.018%  98.157% 
[    1400,    1600 )     526   0.018%  98.175% 
[    1600,    1800 )     461   0.015%  98.190% 
[    1800,    2000 )     461   0.015%  98.205% 
[    2000,    2500 )    1073   0.036%  98.241% 
[    2500,    3000 )     898   0.030%  98.271% 
[    3000,    3500 )     801   0.027%  98.298% 
[    3500,    4000 )     801   0.027%  98.325% 
[    4000,    4500 )     817   0.027%  98.352% 
[    4500,    5000 )     842   0.028%  98.380% 
[    5000,    6000 )    2034   0.068%  98.448% 
[    6000,    7000 )    2088   0.070%  98.517% 
[    7000,    8000 )    2466   0.082%  98.599% 
[    8000,    9000 )    2258   0.075%  98.675% 
[    9000,   10000 )    3193   0.106%  98.781% 
[   10000,   12000 )    7441   0.248%  99.029% 
[   12000,   14000 )    9256   0.309%  99.338% 
[   14000,   16000 )    9225   0.307%  99.645% 
[   16000,   18000 )    4076   0.136%  99.781% 
[   18000,   20000 )    2643   0.088%  99.869% 
[   20000,   25000 )    1419   0.047%  99.916% 
[   25000,   30000 )     503   0.017%  99.933% 
[   30000,   35000 )     171   0.006%  99.939% 
[   35000,   40000 )     223   0.007%  99.946% 
[   40000,   45000 )     302   0.010%  99.956% 
[   45000,   50000 )     253   0.008%  99.965% 
[   50000,   60000 )     570   0.019%  99.984% 
[   60000,   70000 )     230   0.008%  99.992% 
[   70000,   80000 )      94   0.003%  99.995% 
[   80000,   90000 )      37   0.001%  99.996% 
[   90000,  100000 )      26   0.001%  99.997% 
[  250000,  300000 )      14   0.000%  99.997% 
[  300000,  350000 )      50   0.002%  99.999% 
[ 1000000, 1200000 )      32   0.001% 100.000% 

Read info: 
Count: 0  Average: 0.0000  StdDev: 0.00
Percentiles(us): P50: -nan P90: -nan P99: -nan P99.9: -nan P99.99: -nan
------------------------------------------------------

Write info: 
Count: 3000000  Average: 436.3188  StdDev: 4598.08
Percentiles(us): P50: 151.06 P90: 359.67 P99: 11764.55 P99.9: 23255.81 P99.99: 67956.52
------------------------------------------------------
[      45,      50 )     100   0.003%   0.003% 
[      50,      60 )   55327   1.844%   1.848% 
[      60,      70 )  165256   5.509%   7.356% #
[      70,      80 )  188480   6.283%  13.639% #
[      80,      90 )  193166   6.439%  20.078% #
[      90,     100 )  181622   6.054%  26.132% #
[     100,     120 )  296265   9.876%  36.007% ##
[     120,     140 )  278391   9.280%  45.287% ##
[     140,     160 )  255628   8.521%  53.808% ##
[     160,     180 )  212907   7.097%  60.905% #
[     180,     200 )  176480   5.883%  66.787% #
[     200,     250 )  328664  10.955%  77.743% ##
[     250,     300 )  213341   7.111%  84.854% #
[     300,     350 )  136978   4.566%  89.420% #
[     350,     400 )   89919   2.997%  92.417% #
[     400,     450 )   59648   1.988%  94.406% 
[     450,     500 )   39442   1.315%  95.720% 
[     500,     600 )   42979   1.433%  97.153% 
[     600,     700 )   17950   0.598%  97.751% 
[     700,     800 )    7047   0.235%  97.986% 
[     800,     900 )    2651   0.088%  98.075% 
[     900,    1000 )    1066   0.036%  98.110% 
[    1000,    1200 )     879   0.029%  98.140% 
[    1200,    1400 )     530   0.018%  98.157% 
[    1400,    1600 )     526   0.018%  98.175% 
[    1600,    1800 )     461   0.015%  98.190% 
[    1800,    2000 )     461   0.015%  98.205% 
[    2000,    2500 )    1073   0.036%  98.241% 
[    2500,    3000 )     898   0.030%  98.271% 
[    3000,    3500 )     801   0.027%  98.298% 
[    3500,    4000 )     801   0.027%  98.325% 
[    4000,    4500 )     817   0.027%  98.352% 
[    4500,    5000 )     842   0.028%  98.380% 
[    5000,    6000 )    2034   0.068%  98.448% 
[    6000,    7000 )    2088   0.070%  98.517% 
[    7000,    8000 )    2466   0.082%  98.599% 
[    8000,    9000 )    2258   0.075%  98.675% 
[    9000,   10000 )    3193   0.106%  98.781% 
[   10000,   12000 )    7441   0.248%  99.029% 
[   12000,   14000 )    9256   0.309%  99.338% 
[   14000,   16000 )    9225   0.307%  99.645% 
[   16000,   18000 )    4076   0.136%  99.781% 
[   18000,   20000 )    2643   0.088%  99.869% 
[   20000,   25000 )    1419   0.047%  99.916% 
[   25000,   30000 )     503   0.017%  99.933% 
[   30000,   35000 )     171   0.006%  99.939% 
[   35000,   40000 )     223   0.007%  99.946% 
[   40000,   45000 )     302   0.010%  99.956% 
[   45000,   50000 )     253   0.008%  99.965% 
[   50000,   60000 )     570   0.019%  99.984% 
[   60000,   70000 )     230   0.008%  99.992% 
[   70000,   80000 )      94   0.003%  99.995% 
[   80000,   90000 )      37   0.001%  99.996% 
[   90000,  100000 )      26   0.001%  99.997% 
[  250000,  300000 )      14   0.000%  99.997% 
[  300000,  350000 )      50   0.002%  99.999% 
[ 1000000, 1200000 )      32   0.001% 100.000% 


