
nofdb	workloads/workloadc_uniform.spec	32
# Load duration (sec): 554.453
# Loading records:	30000000
# Load throughput (KOPS): 54.1074
Count: 30000000  Average: 590.0069  StdDev: 4343.34
Percentiles(us): P50: 147.85 P90: 428.40 P99: 14850.16 P99.9: 34776.08 P99.99: 67912.37
------------------------------------------------------
[      70,      80 )    5144   0.017%   0.017% 
[      80,      90 )  545614   1.819%   1.836% 
[      90,     100 ) 2795155   9.317%  11.153% ##
[     100,     120 ) 6328263  21.094%  32.247% ####
[     120,     140 ) 4212510  14.042%  46.289% ###
[     140,     160 ) 2835644   9.452%  55.741% ##
[     160,     180 ) 2495281   8.318%  64.059% ##
[     180,     200 ) 1829419   6.098%  70.157% #
[     200,     250 ) 2733516   9.112%  79.268% ##
[     250,     300 ) 1521017   5.070%  84.339% #
[     300,     350 )  912344   3.041%  87.380% #
[     350,     400 )  573933   1.913%  89.293% 
[     400,     450 )  373563   1.245%  90.538% 
[     450,     500 )  269824   0.899%  91.437% 
[     500,     600 )  372648   1.242%  92.680% 
[     600,     700 )  216673   0.722%  93.402% 
[     700,     800 )  186143   0.620%  94.022% 
[     800,     900 )  130392   0.435%  94.457% 
[     900,    1000 )  103041   0.343%  94.800% 
[    1000,    1200 )  173721   0.579%  95.379% 
[    1200,    1400 )  123948   0.413%  95.793% 
[    1400,    1600 )  101488   0.338%  96.131% 
[    1600,    1800 )   89715   0.299%  96.430% 
[    1800,    2000 )   78683   0.262%  96.692% 
[    2000,    2500 )  148405   0.495%  97.187% 
[    2500,    3000 )   89079   0.297%  97.484% 
[    3000,    3500 )   49384   0.165%  97.648% 
[    3500,    4000 )   32010   0.107%  97.755% 
[    4000,    4500 )   22062   0.074%  97.829% 
[    4500,    5000 )   16760   0.056%  97.885% 
[    5000,    6000 )   24097   0.080%  97.965% 
[    6000,    7000 )   16925   0.056%  98.021% 
[    7000,    8000 )   14463   0.048%  98.070% 
[    8000,    9000 )   18431   0.061%  98.131% 
[    9000,   10000 )   26281   0.088%  98.219% 
[   10000,   12000 )   67789   0.226%  98.445% 
[   12000,   14000 )  110906   0.370%  98.814% 
[   14000,   16000 )  131102   0.437%  99.251% 
[   16000,   18000 )   75914   0.253%  99.504% 
[   18000,   20000 )   34593   0.115%  99.620% 
[   20000,   25000 )   43376   0.145%  99.764% 
[   25000,   30000 )   26304   0.088%  99.852% 
[   30000,   35000 )   15117   0.050%  99.902% 
[   35000,   40000 )   10033   0.033%  99.936% 
[   40000,   45000 )    7161   0.024%  99.960% 
[   45000,   50000 )    4307   0.014%  99.974% 
[   50000,   60000 )    3594   0.012%  99.986% 
[   60000,   70000 )    1552   0.005%  99.991% 
[   70000,   80000 )     718   0.002%  99.993% 
[   80000,   90000 )     561   0.002%  99.995% 
[   90000,  100000 )     409   0.001%  99.997% 
[  100000,  120000 )     369   0.001%  99.998% 
[  120000,  140000 )     123   0.000%  99.998% 
[  140000,  160000 )      94   0.000%  99.999% 
[  160000,  180000 )      90   0.000%  99.999% 
[  180000,  200000 )      24   0.000%  99.999% 
[  250000,  300000 )      85   0.000%  99.999% 
[  300000,  350000 )      75   0.000% 100.000% 
[  350000,  400000 )      32   0.000% 100.000% 
[  400000,  450000 )      23   0.000% 100.000% 
[  450000,  500000 )      30   0.000% 100.000% 
[  500000,  600000 )      11   0.000% 100.000% 
[ 2500000, 3000000 )       4   0.000% 100.000% 
[ 3000000, 3500000 )      28   0.000% 100.000% 


# Run duration (sec): 279.302
# Run operations:	30000000
# Run throughput (KOPS): 107.411
Count: 30000000  Average: 295.7197  StdDev: 1561.97
Percentiles(us): P50: 148.46 P90: 267.48 P99: 2424.06 P99.9: 18400.52 P99.99: 38049.08
------------------------------------------------------
[      35,      40 )       1   0.000%   0.000% 
[      40,      45 )     781   0.003%   0.003% 
[      45,      50 )    3307   0.011%   0.014% 
[      50,      60 )    3780   0.013%   0.026% 
[      60,      70 )     584   0.002%   0.028% 
[      70,      80 )     327   0.001%   0.029% 
[      80,      90 )     522   0.002%   0.031% 
[      90,     100 )    1105   0.004%   0.035% 
[     100,     120 ) 1255641   4.185%   4.220% #
[     120,     140 ) 10672715  35.576%  39.796% #######
[     140,     160 ) 7235358  24.118%  63.914% #####
[     160,     180 ) 2356704   7.856%  71.769% ##
[     180,     200 ) 1949898   6.500%  78.269% #
[     200,     250 ) 3141734  10.472%  88.742% ##
[     250,     300 ) 1079653   3.599%  92.340% #
[     300,     350 )  818130   2.727%  95.067% #
[     350,     400 )  403095   1.344%  96.411% 
[     400,     450 )  242635   0.809%  97.220% 
[     450,     500 )  147149   0.490%  97.710% 
[     500,     600 )  156526   0.522%  98.232% 
[     600,     700 )   72302   0.241%  98.473% 
[     700,     800 )   38905   0.130%  98.603% 
[     800,     900 )   23667   0.079%  98.682% 
[     900,    1000 )   16199   0.054%  98.736% 
[    1000,    1200 )   21895   0.073%  98.809% 
[    1200,    1400 )   14786   0.049%  98.858% 
[    1400,    1600 )   11352   0.038%  98.896% 
[    1600,    1800 )    9260   0.031%  98.927% 
[    1800,    2000 )    8091   0.027%  98.954% 
[    2000,    2500 )   16387   0.055%  99.008% 
[    2500,    3000 )   12478   0.042%  99.050% 
[    3000,    3500 )    9892   0.033%  99.083% 
[    3500,    4000 )    8434   0.028%  99.111% 
[    4000,    4500 )    8929   0.030%  99.141% 
[    4500,    5000 )    9303   0.031%  99.172% 
[    5000,    6000 )   14811   0.049%  99.221% 
[    6000,    7000 )   13531   0.045%  99.266% 
[    7000,    8000 )   14904   0.050%  99.316% 
[    8000,    9000 )   14247   0.047%  99.363% 
[    9000,   10000 )   15044   0.050%  99.414% 
[   10000,   12000 )   31404   0.105%  99.518% 
[   12000,   14000 )   32890   0.110%  99.628% 
[   14000,   16000 )   36043   0.120%  99.748% 
[   16000,   18000 )   41436   0.138%  99.886% 
[   18000,   20000 )   20798   0.069%  99.955% 
[   20000,   25000 )    5830   0.019%  99.975% 
[   25000,   30000 )    2695   0.009%  99.984% 
[   30000,   35000 )    1345   0.004%  99.988% 
[   35000,   40000 )     815   0.003%  99.991% 
[   40000,   45000 )     709   0.002%  99.993% 
[   45000,   50000 )     777   0.003%  99.996% 
[   50000,   60000 )     400   0.001%  99.997% 
[   60000,   70000 )     162   0.001%  99.998% 
[   70000,   80000 )     110   0.000%  99.998% 
[   80000,   90000 )     187   0.001%  99.999% 
[   90000,  100000 )     106   0.000%  99.999% 
[  100000,  120000 )      46   0.000%  99.999% 
[  120000,  140000 )      30   0.000%  99.999% 
[  140000,  160000 )      54   0.000% 100.000% 
[  160000,  180000 )      17   0.000% 100.000% 
[  180000,  200000 )      19   0.000% 100.000% 
[  200000,  250000 )      20   0.000% 100.000% 
[  250000,  300000 )       8   0.000% 100.000% 
[  300000,  350000 )       3   0.000% 100.000% 
[  350000,  400000 )       8   0.000% 100.000% 
[  400000,  450000 )       3   0.000% 100.000% 
[  450000,  500000 )       2   0.000% 100.000% 
[  500000,  600000 )       8   0.000% 100.000% 
[  600000,  700000 )       4   0.000% 100.000% 
[  700000,  800000 )       3   0.000% 100.000% 
[  800000,  900000 )       6   0.000% 100.000% 

Read info: 
Count: 30000000  Average: 295.7197  StdDev: 1561.97
Percentiles(us): P50: 148.46 P90: 267.48 P99: 2424.06 P99.9: 18400.52 P99.99: 38049.08
------------------------------------------------------
[      35,      40 )       1   0.000%   0.000% 
[      40,      45 )     781   0.003%   0.003% 
[      45,      50 )    3307   0.011%   0.014% 
[      50,      60 )    3780   0.013%   0.026% 
[      60,      70 )     584   0.002%   0.028% 
[      70,      80 )     327   0.001%   0.029% 
[      80,      90 )     522   0.002%   0.031% 
[      90,     100 )    1105   0.004%   0.035% 
[     100,     120 ) 1255641   4.185%   4.220% #
[     120,     140 ) 10672715  35.576%  39.796% #######
[     140,     160 ) 7235358  24.118%  63.914% #####
[     160,     180 ) 2356704   7.856%  71.769% ##
[     180,     200 ) 1949898   6.500%  78.269% #
[     200,     250 ) 3141734  10.472%  88.742% ##
[     250,     300 ) 1079653   3.599%  92.340% #
[     300,     350 )  818130   2.727%  95.067% #
[     350,     400 )  403095   1.344%  96.411% 
[     400,     450 )  242635   0.809%  97.220% 
[     450,     500 )  147149   0.490%  97.710% 
[     500,     600 )  156526   0.522%  98.232% 
[     600,     700 )   72302   0.241%  98.473% 
[     700,     800 )   38905   0.130%  98.603% 
[     800,     900 )   23667   0.079%  98.682% 
[     900,    1000 )   16199   0.054%  98.736% 
[    1000,    1200 )   21895   0.073%  98.809% 
[    1200,    1400 )   14786   0.049%  98.858% 
[    1400,    1600 )   11352   0.038%  98.896% 
[    1600,    1800 )    9260   0.031%  98.927% 
[    1800,    2000 )    8091   0.027%  98.954% 
[    2000,    2500 )   16387   0.055%  99.008% 
[    2500,    3000 )   12478   0.042%  99.050% 
[    3000,    3500 )    9892   0.033%  99.083% 
[    3500,    4000 )    8434   0.028%  99.111% 
[    4000,    4500 )    8929   0.030%  99.141% 
[    4500,    5000 )    9303   0.031%  99.172% 
[    5000,    6000 )   14811   0.049%  99.221% 
[    6000,    7000 )   13531   0.045%  99.266% 
[    7000,    8000 )   14904   0.050%  99.316% 
[    8000,    9000 )   14247   0.047%  99.363% 
[    9000,   10000 )   15044   0.050%  99.414% 
[   10000,   12000 )   31404   0.105%  99.518% 
[   12000,   14000 )   32890   0.110%  99.628% 
[   14000,   16000 )   36043   0.120%  99.748% 
[   16000,   18000 )   41436   0.138%  99.886% 
[   18000,   20000 )   20798   0.069%  99.955% 
[   20000,   25000 )    5830   0.019%  99.975% 
[   25000,   30000 )    2695   0.009%  99.984% 
[   30000,   35000 )    1345   0.004%  99.988% 
[   35000,   40000 )     815   0.003%  99.991% 
[   40000,   45000 )     709   0.002%  99.993% 
[   45000,   50000 )     777   0.003%  99.996% 
[   50000,   60000 )     400   0.001%  99.997% 
[   60000,   70000 )     162   0.001%  99.998% 
[   70000,   80000 )     110   0.000%  99.998% 
[   80000,   90000 )     187   0.001%  99.999% 
[   90000,  100000 )     106   0.000%  99.999% 
[  100000,  120000 )      46   0.000%  99.999% 
[  120000,  140000 )      30   0.000%  99.999% 
[  140000,  160000 )      54   0.000% 100.000% 
[  160000,  180000 )      17   0.000% 100.000% 
[  180000,  200000 )      19   0.000% 100.000% 
[  200000,  250000 )      20   0.000% 100.000% 
[  250000,  300000 )       8   0.000% 100.000% 
[  300000,  350000 )       3   0.000% 100.000% 
[  350000,  400000 )       8   0.000% 100.000% 
[  400000,  450000 )       3   0.000% 100.000% 
[  450000,  500000 )       2   0.000% 100.000% 
[  500000,  600000 )       8   0.000% 100.000% 
[  600000,  700000 )       4   0.000% 100.000% 
[  700000,  800000 )       3   0.000% 100.000% 
[  800000,  900000 )       6   0.000% 100.000% 

Write info: 
Count: 0  Average: 0.0000  StdDev: 0.00
Percentiles(us): P50: -nan P90: -nan P99: -nan P99.9: -nan P99.99: -nan
------------------------------------------------------


