
nofdb	workloads/workloadc_zipfian.spec	32
# Load duration (sec): 541.956
# Loading records:	30000000
# Load throughput (KOPS): 55.355
Count: 30000000  Average: 576.8429  StdDev: 4396.54
Percentiles(us): P50: 148.73 P90: 438.86 P99: 14533.77 P99.9: 31465.63 P99.99: 60629.19
------------------------------------------------------
[      70,      80 )    3978   0.013%   0.013% 
[      80,      90 )  409371   1.365%   1.378% 
[      90,     100 ) 2648963   8.830%  10.208% ##
[     100,     120 ) 6474438  21.581%  31.789% ####
[     120,     140 ) 4236371  14.121%  45.910% ###
[     140,     160 ) 2812054   9.374%  55.284% ##
[     160,     180 ) 2457537   8.192%  63.476% ##
[     180,     200 ) 1827545   6.092%  69.568% #
[     200,     250 ) 2715674   9.052%  78.620% ##
[     250,     300 ) 1519511   5.065%  83.685% #
[     300,     350 )  948081   3.160%  86.845% #
[     350,     400 )  629436   2.098%  88.943% 
[     400,     450 )  407965   1.360%  90.303% 
[     450,     500 )  279207   0.931%  91.234% 
[     500,     600 )  367730   1.226%  92.460% 
[     600,     700 )  229026   0.763%  93.223% 
[     700,     800 )  198747   0.662%  93.885% 
[     800,     900 )  133689   0.446%  94.331% 
[     900,    1000 )  102982   0.343%  94.674% 
[    1000,    1200 )  185990   0.620%  95.294% 
[    1200,    1400 )  125462   0.418%  95.713% 
[    1400,    1600 )  111061   0.370%  96.083% 
[    1600,    1800 )   92850   0.309%  96.392% 
[    1800,    2000 )   81502   0.272%  96.664% 
[    2000,    2500 )  143741   0.479%  97.143% 
[    2500,    3000 )   91629   0.305%  97.448% 
[    3000,    3500 )   56250   0.188%  97.636% 
[    3500,    4000 )   40067   0.134%  97.770% 
[    4000,    4500 )   25775   0.086%  97.855% 
[    4500,    5000 )   18624   0.062%  97.918% 
[    5000,    6000 )   25033   0.083%  98.001% 
[    6000,    7000 )   17318   0.058%  98.059% 
[    7000,    8000 )   14213   0.047%  98.106% 
[    8000,    9000 )   17869   0.060%  98.166% 
[    9000,   10000 )   24485   0.082%  98.247% 
[   10000,   12000 )   68162   0.227%  98.474% 
[   12000,   14000 )  121611   0.405%  98.880% 
[   14000,   16000 )  135089   0.450%  99.330% 
[   16000,   18000 )   76550   0.255%  99.585% 
[   18000,   20000 )   33680   0.112%  99.698% 
[   20000,   25000 )   38283   0.128%  99.825% 
[   25000,   30000 )   19197   0.064%  99.889% 
[   30000,   35000 )   11101   0.037%  99.926% 
[   35000,   40000 )    7593   0.025%  99.951% 
[   40000,   45000 )    5442   0.018%  99.970% 
[   45000,   50000 )    3443   0.011%  99.981% 
[   50000,   60000 )    2600   0.009%  99.990% 
[   60000,   70000 )    1192   0.004%  99.994% 
[   70000,   80000 )     618   0.002%  99.996% 
[   80000,   90000 )     366   0.001%  99.997% 
[   90000,  100000 )     153   0.001%  99.998% 
[  100000,  120000 )     208   0.001%  99.998% 
[  120000,  140000 )      86   0.000%  99.998% 
[  140000,  160000 )      43   0.000%  99.999% 
[  200000,  250000 )      32   0.000%  99.999% 
[  250000,  300000 )      32   0.000%  99.999% 
[  300000,  350000 )      52   0.000%  99.999% 
[  350000,  400000 )      95   0.000%  99.999% 
[  400000,  450000 )      31   0.000%  99.999% 
[  450000,  500000 )       1   0.000%  99.999% 
[  500000,  600000 )      63   0.000% 100.000% 
[  600000,  700000 )       7   0.000% 100.000% 
[  700000,  800000 )      64   0.000% 100.000% 
[ 2500000, 3000000 )       8   0.000% 100.000% 
[ 3000000, 3500000 )      24   0.000% 100.000% 


# Run duration (sec): 305.16
# Run operations:	30000000
# Run throughput (KOPS): 98.3092
Count: 30000000  Average: 323.5480  StdDev: 1713.45
Percentiles(us): P50: 145.87 P90: 283.74 P99: 6859.39 P99.9: 17561.96 P99.99: 26174.43
------------------------------------------------------
[      40,      45 )     446   0.001%   0.001% 
[      45,      50 )    2233   0.007%   0.009% 
[      50,      60 )    2561   0.009%   0.017% 
[      60,      70 )    6007   0.020%   0.037% 
[      70,      80 )  425093   1.417%   1.454% 
[      80,      90 )  619369   2.065%   3.519% 
[      90,     100 )  387826   1.293%   4.812% 
[     100,     120 ) 1597046   5.323%  10.135% #
[     120,     140 ) 10040422  33.468%  43.603% #######
[     140,     160 ) 6540589  21.802%  65.405% ####
[     160,     180 ) 2201586   7.339%  72.744% #
[     180,     200 ) 1720620   5.735%  78.479% #
[     200,     250 ) 2718112   9.060%  87.540% ##
[     250,     300 ) 1093885   3.646%  91.186% #
[     300,     350 )  777056   2.590%  93.776% #
[     350,     400 )  422613   1.409%  95.185% 
[     400,     450 )  272907   0.910%  96.095% 
[     450,     500 )  183219   0.611%  96.705% 
[     500,     600 )  221572   0.739%  97.444% 
[     600,     700 )  121554   0.405%  97.849% 
[     700,     800 )   73380   0.245%  98.094% 
[     800,     900 )   46673   0.156%  98.249% 
[     900,    1000 )   32125   0.107%  98.356% 
[    1000,    1200 )   40276   0.134%  98.491% 
[    1200,    1400 )   24086   0.080%  98.571% 
[    1400,    1600 )   16465   0.055%  98.626% 
[    1600,    1800 )   12511   0.042%  98.667% 
[    1800,    2000 )   10295   0.034%  98.702% 
[    2000,    2500 )   19686   0.066%  98.767% 
[    2500,    3000 )   13044   0.043%  98.811% 
[    3000,    3500 )    8752   0.029%  98.840% 
[    3500,    4000 )    7403   0.025%  98.865% 
[    4000,    4500 )    7630   0.025%  98.890% 
[    4500,    5000 )    8081   0.027%  98.917% 
[    5000,    6000 )   13154   0.044%  98.961% 
[    6000,    7000 )   13641   0.045%  99.006% 
[    7000,    8000 )   15805   0.053%  99.059% 
[    8000,    9000 )   17764   0.059%  99.118% 
[    9000,   10000 )   20637   0.069%  99.187% 
[   10000,   12000 )   50668   0.169%  99.356% 
[   12000,   14000 )   60511   0.202%  99.558% 
[   14000,   16000 )   66037   0.220%  99.778% 
[   16000,   18000 )   46941   0.156%  99.934% 
[   18000,   20000 )   13627   0.045%  99.980% 
[   20000,   25000 )    2754   0.009%  99.989% 
[   25000,   30000 )    1439   0.005%  99.994% 
[   30000,   35000 )     712   0.002%  99.996% 
[   35000,   40000 )     233   0.001%  99.997% 
[   40000,   45000 )     306   0.001%  99.998% 
[   45000,   50000 )     236   0.001%  99.999% 
[   50000,   60000 )      91   0.000%  99.999% 
[   60000,   70000 )      66   0.000%  99.999% 
[   70000,   80000 )      35   0.000%  99.999% 
[   80000,   90000 )      20   0.000%  99.999% 
[   90000,  100000 )      14   0.000%  99.999% 
[  100000,  120000 )      27   0.000%  99.999% 
[  120000,  140000 )      20   0.000% 100.000% 
[  140000,  160000 )      13   0.000% 100.000% 
[  160000,  180000 )      13   0.000% 100.000% 
[  180000,  200000 )      10   0.000% 100.000% 
[  200000,  250000 )      23   0.000% 100.000% 
[  250000,  300000 )      12   0.000% 100.000% 
[  300000,  350000 )      21   0.000% 100.000% 
[  350000,  400000 )       8   0.000% 100.000% 
[  400000,  450000 )       4   0.000% 100.000% 
[  450000,  500000 )       6   0.000% 100.000% 
[  500000,  600000 )       5   0.000% 100.000% 
[  600000,  700000 )       3   0.000% 100.000% 
[  700000,  800000 )       2   0.000% 100.000% 
[  800000,  900000 )       7   0.000% 100.000% 
[  900000, 1000000 )      12   0.000% 100.000% 

Read info: 
Count: 30000000  Average: 323.5480  StdDev: 1713.45
Percentiles(us): P50: 145.87 P90: 283.74 P99: 6859.39 P99.9: 17561.96 P99.99: 26174.43
------------------------------------------------------
[      40,      45 )     446   0.001%   0.001% 
[      45,      50 )    2233   0.007%   0.009% 
[      50,      60 )    2561   0.009%   0.017% 
[      60,      70 )    6007   0.020%   0.037% 
[      70,      80 )  425093   1.417%   1.454% 
[      80,      90 )  619369   2.065%   3.519% 
[      90,     100 )  387826   1.293%   4.812% 
[     100,     120 ) 1597046   5.323%  10.135% #
[     120,     140 ) 10040422  33.468%  43.603% #######
[     140,     160 ) 6540589  21.802%  65.405% ####
[     160,     180 ) 2201586   7.339%  72.744% #
[     180,     200 ) 1720620   5.735%  78.479% #
[     200,     250 ) 2718112   9.060%  87.540% ##
[     250,     300 ) 1093885   3.646%  91.186% #
[     300,     350 )  777056   2.590%  93.776% #
[     350,     400 )  422613   1.409%  95.185% 
[     400,     450 )  272907   0.910%  96.095% 
[     450,     500 )  183219   0.611%  96.705% 
[     500,     600 )  221572   0.739%  97.444% 
[     600,     700 )  121554   0.405%  97.849% 
[     700,     800 )   73380   0.245%  98.094% 
[     800,     900 )   46673   0.156%  98.249% 
[     900,    1000 )   32125   0.107%  98.356% 
[    1000,    1200 )   40276   0.134%  98.491% 
[    1200,    1400 )   24086   0.080%  98.571% 
[    1400,    1600 )   16465   0.055%  98.626% 
[    1600,    1800 )   12511   0.042%  98.667% 
[    1800,    2000 )   10295   0.034%  98.702% 
[    2000,    2500 )   19686   0.066%  98.767% 
[    2500,    3000 )   13044   0.043%  98.811% 
[    3000,    3500 )    8752   0.029%  98.840% 
[    3500,    4000 )    7403   0.025%  98.865% 
[    4000,    4500 )    7630   0.025%  98.890% 
[    4500,    5000 )    8081   0.027%  98.917% 
[    5000,    6000 )   13154   0.044%  98.961% 
[    6000,    7000 )   13641   0.045%  99.006% 
[    7000,    8000 )   15805   0.053%  99.059% 
[    8000,    9000 )   17764   0.059%  99.118% 
[    9000,   10000 )   20637   0.069%  99.187% 
[   10000,   12000 )   50668   0.169%  99.356% 
[   12000,   14000 )   60511   0.202%  99.558% 
[   14000,   16000 )   66037   0.220%  99.778% 
[   16000,   18000 )   46941   0.156%  99.934% 
[   18000,   20000 )   13627   0.045%  99.980% 
[   20000,   25000 )    2754   0.009%  99.989% 
[   25000,   30000 )    1439   0.005%  99.994% 
[   30000,   35000 )     712   0.002%  99.996% 
[   35000,   40000 )     233   0.001%  99.997% 
[   40000,   45000 )     306   0.001%  99.998% 
[   45000,   50000 )     236   0.001%  99.999% 
[   50000,   60000 )      91   0.000%  99.999% 
[   60000,   70000 )      66   0.000%  99.999% 
[   70000,   80000 )      35   0.000%  99.999% 
[   80000,   90000 )      20   0.000%  99.999% 
[   90000,  100000 )      14   0.000%  99.999% 
[  100000,  120000 )      27   0.000%  99.999% 
[  120000,  140000 )      20   0.000% 100.000% 
[  140000,  160000 )      13   0.000% 100.000% 
[  160000,  180000 )      13   0.000% 100.000% 
[  180000,  200000 )      10   0.000% 100.000% 
[  200000,  250000 )      23   0.000% 100.000% 
[  250000,  300000 )      12   0.000% 100.000% 
[  300000,  350000 )      21   0.000% 100.000% 
[  350000,  400000 )       8   0.000% 100.000% 
[  400000,  450000 )       4   0.000% 100.000% 
[  450000,  500000 )       6   0.000% 100.000% 
[  500000,  600000 )       5   0.000% 100.000% 
[  600000,  700000 )       3   0.000% 100.000% 
[  700000,  800000 )       2   0.000% 100.000% 
[  800000,  900000 )       7   0.000% 100.000% 
[  900000, 1000000 )      12   0.000% 100.000% 

Write info: 
Count: 0  Average: 0.0000  StdDev: 0.00
Percentiles(us): P50: -nan P90: -nan P99: -nan P99.9: -nan P99.99: -nan
------------------------------------------------------


