
Node Configure: 
    Node ID: 1
    Node IP: 10.10.1.3
    Listen IP: 0.0.0.0
    Ports: 50051,50052,50053,50054,50055,50056,50057,50058,50059,50060,50061,50062,50063,50064,50065,50066
    KVDB num (at start): 1
    Server thread num (of each KVDB): 16
    CPU cores num: 35
    KVDB base path: /mnt/nofdb/rocksdb

[INFO] Using RPC to make replicas
[INFO] CPU monitor is enabled
[INFO] Stats recorder is enabled

Initiator is bound to core 2
recover: before head 608174080 before tail 608174080
recover: after_head 608174080 after_tail 608174080
recover: before head 608176128
recover: after_head 608176128
recover: before head 608372736
recover: after_head 608372736
recover: before head 608569344
recover: after_head 608569344
[INFO] NoFDB opened successfully
[INFO] NoFDBKVS No.0 initialized, belongs to node_id: 1
[INFO] Tagged worker 0 is bound to core 3
[INFO] Tagged worker 1 is bound to core 5
[INFO] Tagged worker 2 is bound to core 7
[INFO] Tagged worker 3 is bound to core 9
[INFO] Tagged worker 4 is bound to core 11
[INFO] Tagged worker 5 is bound to core 13
[INFO] Tagged worker 6 is bound to core 15
[INFO] Tagged worker 7 is bound to core 17
[INFO] Tagged worker 8 is bound to core 19
[INFO] Tagged worker 9 is bound to core 21
[INFO] Tagged worker 10 is bound to core 23
[INFO] Tagged worker 11 is bound to core 25
[INFO] Tagged worker 12 is bound to core 27
[INFO] Tagged worker 13 is bound to core 29
[INFO] Tagged worker 14 is bound to core 31
[INFO] Tagged worker 15 is bound to core 33
[INFO] Tagged worker 16 is bound to core 35
[INFO] NoFDBKVS No.0 -- Server No.0 is listening on 0.0.0.0:50051
[INFO] NoFDBKVS No.0 -- Server No.1 is listening on 0.0.0.0:50052
[INFO] NoFDBKVS No.0 -- Server No.6 is listening on 0.0.0.0:50057
[INFO] NoFDBKVS No.0 -- Server No.13 is listening on 0.0.0.0:50064
[INFO] NoFDBKVS No.0 -- Server No.14 is listening on 0.0.0.0:50065
[INFO] NoFDBKVS No.0 -- Server No.7 is listening on 0.0.0.0:50058
[INFO] NoFDBKVS No.0 -- Server No.3 is listening on 0.0.0.0:50054
[INFO] NoFDBKVS No.0 -- Server No.11 is listening on 0.0.0.0:50062
[INFO] NoFDBKVS No.0 -- Server No.9 is listening on 0.0.0.0:50060
[INFO] NoFDBKVS No.0 -- Server No.5 is listening on 0.0.0.0:50056
[INFO] NoFDBKVS No.0 -- Server No.10 is listening on 0.0.0.0:50061
[INFO] NoFDBKVS No.0 -- Server No.12 is listening on 0.0.0.0:50063
[INFO] NoFDBKVS No.0 -- Server No.4 is listening on 0.0.0.0:50055
[INFO] NoFDBKVS No.0 -- Server No.15 is listening on 0.0.0.0:50066
[INFO] NoFDBKVS No.0 -- Server No.8 is listening on 0.0.0.0:50059
[INFO] NoFDBKVS No.0 -- Server No.2 is listening on 0.0.0.0:50053
[INFO] Node No.1 Configure Table is generated
[INFO] Maintainer is listening on 0.0.0.0:50050

Maintainer received PAUSE signal

===== Load Statistics: 
Total requests: 29999998
Total bytes: 30719997952
Avg DB latency (us): 17.46, P90 (us): 11.34, P99 (us): 160.81, P99.9 (us): 1494.07
Avg process latency (us): 169.63, P90 (us): 119.97, P99 (us): 1927.20, P99.9 (us): 20466.76
Avg CPU utilization (percent): 1899.91
Eplased time (sec): 556.02
Throughput (MB/s): 52.69
QPS (k): 53.96

---------- RPC REPLICA STATISTICS ----------
Avg all replicas latency (us): 473.63, P90 (us): 281.67, P99 (us): 14209.36, P99.9 (us): 32610.24
Avg local DB latency (us): 17.31, P90 (us): 11.61, P99 (us): 164.92, P99.9 (us): 1486.28
Avg send latency (us): 8835608313321822.00, P90 (us): 9223372036854628.00, P99 (us): 9223372036854720.00, P99.9 (us): 9223372036854768.00
Avg receive latency (us): 313.31, P90 (us): 415.76, P99 (us): 686.37, P99.9 (us): 3031.50
Avg remote process latency (us): 56.49


===== Stage End =====

Maintainer received STOP signal
[INFO] CPU Monitor is shutting down......

===== Transaction Statistics: 
Total requests: 8584451
Total bytes: 8790477824
Avg DB latency (us): 98.54, P90 (us): 102.41, P99 (us): 166.10, P99.9 (us): 3364.36
Avg process latency (us): 98.59, P90 (us): 102.45, P99 (us): 166.15, P99.9 (us): 3364.41
Avg CPU utilization (percent): 1832.70
Eplased time (sec): 250.87
Throughput (MB/s): 33.42
QPS (k): 34.22

===== Stage End =====

[INFO] Stats recorder is shutting down......
[INFO] NoFDBKVS No.0 -- Server No.3 is shutting down......
[INFO] NoFDBKVS No.0 -- Server No.0 is shutting down......
[INFO] NoFDBKVS No.0 -- Server No.6 is shutting down......
[INFO] NoFDBKVS No.0 -- Server No.1 is shutting down......
[INFO] NoFDBKVS No.0 -- Server No.7 is shutting down......
[INFO] NoFDBKVS No.0 -- Server No.9 is shutting down......
[INFO] NoFDBKVS No.0 -- Server No.13 is shutting down......
[INFO] NoFDBKVS No.0 -- Server No.2 is shutting down......
[INFO] NoFDBKVS No.0 -- Server No.11 is shutting down......
[INFO] NoFDBKVS No.0 -- Server No.10 is shutting down......
[INFO] NoFDBKVS No.0 -- Server No.14 is shutting down......
[INFO] NoFDBKVS No.0 -- Server No.5 is shutting down......
[INFO] NoFDBKVS No.0 -- Server No.4 is shutting down......
[INFO] NoFDBKVS No.0 -- Server No.12 is shutting down......
[INFO] NoFDBKVS No.0 -- Server No.15 is shutting down......
[INFO] NoFDBKVS No.0 -- Server No.8 is shutting down......
[INFO] NoFDBKVS No.0 is shutting down......
[INFO] Maintainer is shutting down......
