
nofdb	workloads/workloadg_uniform.spec	32
# Load duration (sec): 557.392
# Loading records:	30000000
# Load throughput (KOPS): 53.8221
Count: 30000000  Average: 593.4809  StdDev: 4559.31
Percentiles(us): P50: 158.71 P90: 450.84 P99: 14785.05 P99.9: 32390.36 P99.99: 60235.51
------------------------------------------------------
[      70,      80 )     165   0.001%   0.001% 
[      80,      90 )   91563   0.305%   0.306% 
[      90,     100 ) 1214296   4.048%   4.353% #
[     100,     120 ) 5930015  19.767%  24.120% ####
[     120,     140 ) 4713093  15.710%  39.830% ###
[     140,     160 ) 3261936  10.873%  50.704% ##
[     160,     180 ) 2582401   8.608%  59.312% ##
[     180,     200 ) 2083339   6.944%  66.256% #
[     200,     250 ) 3173436  10.578%  76.834% ##
[     250,     300 ) 1757275   5.858%  82.692% #
[     300,     350 ) 1059597   3.532%  86.224% #
[     350,     400 )  676701   2.256%  88.479% 
[     400,     450 )  450814   1.503%  89.982% 
[     450,     500 )  320436   1.068%  91.050% 
[     500,     600 )  401463   1.338%  92.388% 
[     600,     700 )  225249   0.751%  93.139% 
[     700,     800 )  192703   0.642%  93.782% 
[     800,     900 )  144856   0.483%  94.264% 
[     900,    1000 )  114180   0.381%  94.645% 
[    1000,    1200 )  181977   0.607%  95.252% 
[    1200,    1400 )  135816   0.453%  95.704% 
[    1400,    1600 )  113291   0.378%  96.082% 
[    1600,    1800 )  100435   0.335%  96.417% 
[    1800,    2000 )   82352   0.275%  96.691% 
[    2000,    2500 )  145228   0.484%  97.175% 
[    2500,    3000 )   90718   0.302%  97.478% 
[    3000,    3500 )   54069   0.180%  97.658% 
[    3500,    4000 )   34393   0.115%  97.773% 
[    4000,    4500 )   23549   0.078%  97.851% 
[    4500,    5000 )   17657   0.059%  97.910% 
[    5000,    6000 )   23510   0.078%  97.988% 
[    6000,    7000 )   15926   0.053%  98.041% 
[    7000,    8000 )   12744   0.042%  98.084% 
[    8000,    9000 )   15620   0.052%  98.136% 
[    9000,   10000 )   23661   0.079%  98.215% 
[   10000,   12000 )   63930   0.213%  98.428% 
[   12000,   14000 )  118964   0.397%  98.825% 
[   14000,   16000 )  134111   0.447%  99.272% 
[   16000,   18000 )   76398   0.255%  99.526% 
[   18000,   20000 )   40030   0.133%  99.660% 
[   20000,   25000 )   43464   0.145%  99.805% 
[   25000,   30000 )   22458   0.075%  99.879% 
[   30000,   35000 )   12929   0.043%  99.922% 
[   35000,   40000 )    8720   0.029%  99.952% 
[   40000,   45000 )    5412   0.018%  99.970% 
[   45000,   50000 )    3083   0.010%  99.980% 
[   50000,   60000 )    3011   0.010%  99.990% 
[   60000,   70000 )    1104   0.004%  99.994% 
[   70000,   80000 )     587   0.002%  99.996% 
[   80000,   90000 )     318   0.001%  99.997% 
[   90000,  100000 )     171   0.001%  99.997% 
[  100000,  120000 )     188   0.001%  99.998% 
[  120000,  140000 )     126   0.000%  99.998% 
[  140000,  160000 )      68   0.000%  99.998% 
[  160000,  180000 )      61   0.000%  99.999% 
[  200000,  250000 )      73   0.000%  99.999% 
[  250000,  300000 )     133   0.000%  99.999% 
[  300000,  350000 )      27   0.000%  99.999% 
[  350000,  400000 )      96   0.000% 100.000% 
[  400000,  450000 )       5   0.000% 100.000% 
[  600000,  700000 )      29   0.000% 100.000% 
[  700000,  800000 )       8   0.000% 100.000% 
[ 2500000, 3000000 )       5   0.000% 100.000% 
[ 3000000, 3500000 )       5   0.000% 100.000% 
[ 3500000, 4000000 )      22   0.000% 100.000% 


---------- RPC REPLICA STATISTICS -----------
Avg send latency (us):	6.14891e+11
Avg receive latency (us):	801127

# Run duration (sec): 583.765
# Run operations:	30000000
# Run throughput (KOPS): 51.3905
Count: 30000000  Average: 621.4383  StdDev: 3076.83
Percentiles(us): P50: 160.47 P90: 430.48 P99: 14920.70 P99.9: 38825.07 P99.99: 88062.65
------------------------------------------------------
[      70,      80 )       3   0.000%   0.000% 
[      80,      90 )   22410   0.075%   0.075% 
[      90,     100 )  706750   2.356%   2.431% 
[     100,     120 ) 5666794  18.889%  21.320% ####
[     120,     140 ) 5027460  16.758%  38.078% ###
[     140,     160 ) 3513950  11.713%  49.791% ##
[     160,     180 ) 2682498   8.942%  58.733% ##
[     180,     200 ) 2219843   7.399%  66.132% #
[     200,     250 ) 3331485  11.105%  77.237% ##
[     250,     300 ) 1775512   5.918%  83.156% #
[     300,     350 ) 1079301   3.598%  86.753% #
[     350,     400 )  701388   2.338%  89.091% 
[     400,     450 )  447210   1.491%  90.582% 
[     450,     500 )  288235   0.961%  91.543% 
[     500,     600 )  334048   1.113%  92.656% 
[     600,     700 )  207517   0.692%  93.348% 
[     700,     800 )  169762   0.566%  93.914% 
[     800,     900 )  122843   0.409%  94.323% 
[     900,    1000 )   94833   0.316%  94.639% 
[    1000,    1200 )  169627   0.565%  95.205% 
[    1200,    1400 )  121949   0.406%  95.611% 
[    1400,    1600 )  104204   0.347%  95.959% 
[    1600,    1800 )   90552   0.302%  96.261% 
[    1800,    2000 )   76433   0.255%  96.515% 
[    2000,    2500 )  146524   0.488%  97.004% 
[    2500,    3000 )   97187   0.324%  97.328% 
[    3000,    3500 )   59310   0.198%  97.525% 
[    3500,    4000 )   38683   0.129%  97.654% 
[    4000,    4500 )   26602   0.089%  97.743% 
[    4500,    5000 )   19968   0.067%  97.810% 
[    5000,    6000 )   28053   0.094%  97.903% 
[    6000,    7000 )   19231   0.064%  97.967% 
[    7000,    8000 )   14908   0.050%  98.017% 
[    8000,    9000 )   17639   0.059%  98.076% 
[    9000,   10000 )   24789   0.083%  98.158% 
[   10000,   12000 )   68235   0.227%  98.386% 
[   12000,   14000 )  121710   0.406%  98.791% 
[   14000,   16000 )  135883   0.453%  99.244% 
[   16000,   18000 )   73539   0.245%  99.490% 
[   18000,   20000 )   37588   0.125%  99.615% 
[   20000,   25000 )   42918   0.143%  99.758% 
[   25000,   30000 )   22741   0.076%  99.834% 
[   30000,   35000 )   12726   0.042%  99.876% 
[   35000,   40000 )    9358   0.031%  99.907% 
[   40000,   45000 )    6555   0.022%  99.929% 
[   45000,   50000 )    4768   0.016%  99.945% 
[   50000,   60000 )    5473   0.018%  99.963% 
[   60000,   70000 )    3683   0.012%  99.976% 
[   70000,   80000 )    2932   0.010%  99.985% 
[   80000,   90000 )    1724   0.006%  99.991% 
[   90000,  100000 )    1098   0.004%  99.995% 
[  100000,  120000 )     750   0.003%  99.997% 
[  120000,  140000 )     391   0.001%  99.999% 
[  140000,  160000 )     189   0.001%  99.999% 
[  160000,  180000 )      61   0.000%  99.999% 
[  180000,  200000 )      66   0.000% 100.000% 
[  200000,  250000 )      68   0.000% 100.000% 
[  250000,  300000 )      11   0.000% 100.000% 
[  300000,  350000 )      18   0.000% 100.000% 
[  350000,  400000 )      14   0.000% 100.000% 

Read info: 
Count: 0  Average: 0.0000  StdDev: 0.00
Percentiles(us): P50: -nan P90: -nan P99: -nan P99.9: -nan P99.99: -nan
------------------------------------------------------

Write info: 
Count: 30000000  Average: 621.4383  StdDev: 3076.83
Percentiles(us): P50: 160.47 P90: 430.48 P99: 14920.70 P99.9: 38825.07 P99.99: 88062.65
------------------------------------------------------
[      70,      80 )       3   0.000%   0.000% 
[      80,      90 )   22410   0.075%   0.075% 
[      90,     100 )  706750   2.356%   2.431% 
[     100,     120 ) 5666794  18.889%  21.320% ####
[     120,     140 ) 5027460  16.758%  38.078% ###
[     140,     160 ) 3513950  11.713%  49.791% ##
[     160,     180 ) 2682498   8.942%  58.733% ##
[     180,     200 ) 2219843   7.399%  66.132% #
[     200,     250 ) 3331485  11.105%  77.237% ##
[     250,     300 ) 1775512   5.918%  83.156% #
[     300,     350 ) 1079301   3.598%  86.753% #
[     350,     400 )  701388   2.338%  89.091% 
[     400,     450 )  447210   1.491%  90.582% 
[     450,     500 )  288235   0.961%  91.543% 
[     500,     600 )  334048   1.113%  92.656% 
[     600,     700 )  207517   0.692%  93.348% 
[     700,     800 )  169762   0.566%  93.914% 
[     800,     900 )  122843   0.409%  94.323% 
[     900,    1000 )   94833   0.316%  94.639% 
[    1000,    1200 )  169627   0.565%  95.205% 
[    1200,    1400 )  121949   0.406%  95.611% 
[    1400,    1600 )  104204   0.347%  95.959% 
[    1600,    1800 )   90552   0.302%  96.261% 
[    1800,    2000 )   76433   0.255%  96.515% 
[    2000,    2500 )  146524   0.488%  97.004% 
[    2500,    3000 )   97187   0.324%  97.328% 
[    3000,    3500 )   59310   0.198%  97.525% 
[    3500,    4000 )   38683   0.129%  97.654% 
[    4000,    4500 )   26602   0.089%  97.743% 
[    4500,    5000 )   19968   0.067%  97.810% 
[    5000,    6000 )   28053   0.094%  97.903% 
[    6000,    7000 )   19231   0.064%  97.967% 
[    7000,    8000 )   14908   0.050%  98.017% 
[    8000,    9000 )   17639   0.059%  98.076% 
[    9000,   10000 )   24789   0.083%  98.158% 
[   10000,   12000 )   68235   0.227%  98.386% 
[   12000,   14000 )  121710   0.406%  98.791% 
[   14000,   16000 )  135883   0.453%  99.244% 
[   16000,   18000 )   73539   0.245%  99.490% 
[   18000,   20000 )   37588   0.125%  99.615% 
[   20000,   25000 )   42918   0.143%  99.758% 
[   25000,   30000 )   22741   0.076%  99.834% 
[   30000,   35000 )   12726   0.042%  99.876% 
[   35000,   40000 )    9358   0.031%  99.907% 
[   40000,   45000 )    6555   0.022%  99.929% 
[   45000,   50000 )    4768   0.016%  99.945% 
[   50000,   60000 )    5473   0.018%  99.963% 
[   60000,   70000 )    3683   0.012%  99.976% 
[   70000,   80000 )    2932   0.010%  99.985% 
[   80000,   90000 )    1724   0.006%  99.991% 
[   90000,  100000 )    1098   0.004%  99.995% 
[  100000,  120000 )     750   0.003%  99.997% 
[  120000,  140000 )     391   0.001%  99.999% 
[  140000,  160000 )     189   0.001%  99.999% 
[  160000,  180000 )      61   0.000%  99.999% 
[  180000,  200000 )      66   0.000% 100.000% 
[  200000,  250000 )      68   0.000% 100.000% 
[  250000,  300000 )      11   0.000% 100.000% 
[  300000,  350000 )      18   0.000% 100.000% 
[  350000,  400000 )      14   0.000% 100.000% 


