
nofdb	workloads/workloadg_zipfian.spec	32
# Load duration (sec): 577.7
# Loading records:	30000000
# Load throughput (KOPS): 51.9301
Count: 30000000  Average: 615.0843  StdDev: 4622.02
Percentiles(us): P50: 157.75 P90: 447.39 P99: 14934.92 P99.9: 36542.84 P99.99: 66293.42
------------------------------------------------------
[      70,      80 )     444   0.001%   0.001% 
[      80,      90 )  106120   0.354%   0.355% 
[      90,     100 ) 1301849   4.339%   4.695% #
[     100,     120 ) 5992216  19.974%  24.669% ####
[     120,     140 ) 4705446  15.685%  40.354% ###
[     140,     160 ) 3259970  10.867%  51.220% ##
[     160,     180 ) 2583850   8.613%  59.833% ##
[     180,     200 ) 2076441   6.921%  66.754% #
[     200,     250 ) 3131838  10.439%  77.194% ##
[     250,     300 ) 1730739   5.769%  82.963% #
[     300,     350 ) 1041803   3.473%  86.436% #
[     350,     400 )  659750   2.199%  88.635% 
[     400,     450 )  432060   1.440%  90.075% 
[     450,     500 )  306892   1.023%  91.098% 
[     500,     600 )  394389   1.315%  92.413% 
[     600,     700 )  231813   0.773%  93.185% 
[     700,     800 )  188636   0.629%  93.814% 
[     800,     900 )  139413   0.465%  94.279% 
[     900,    1000 )  111567   0.372%  94.651% 
[    1000,    1200 )  178284   0.594%  95.245% 
[    1200,    1400 )  128889   0.430%  95.675% 
[    1400,    1600 )  105726   0.352%  96.027% 
[    1600,    1800 )   94633   0.315%  96.343% 
[    1800,    2000 )   76602   0.255%  96.598% 
[    2000,    2500 )  143626   0.479%  97.077% 
[    2500,    3000 )  101817   0.339%  97.416% 
[    3000,    3500 )   54855   0.183%  97.599% 
[    3500,    4000 )   33123   0.110%  97.709% 
[    4000,    4500 )   22754   0.076%  97.785% 
[    4500,    5000 )   16870   0.056%  97.841% 
[    5000,    6000 )   22653   0.076%  97.917% 
[    6000,    7000 )   15655   0.052%  97.969% 
[    7000,    8000 )   12884   0.043%  98.012% 
[    8000,    9000 )   16577   0.055%  98.067% 
[    9000,   10000 )   26079   0.087%  98.154% 
[   10000,   12000 )   69605   0.232%  98.386% 
[   12000,   14000 )  121531   0.405%  98.791% 
[   14000,   16000 )  133918   0.446%  99.238% 
[   16000,   18000 )   68738   0.229%  99.467% 
[   18000,   20000 )   37067   0.124%  99.590% 
[   20000,   25000 )   46860   0.156%  99.747% 
[   25000,   30000 )   26285   0.088%  99.834% 
[   30000,   35000 )   16049   0.053%  99.888% 
[   35000,   40000 )   11939   0.040%  99.928% 
[   40000,   45000 )    7922   0.026%  99.954% 
[   45000,   50000 )    5164   0.017%  99.971% 
[   50000,   60000 )    4445   0.015%  99.986% 
[   60000,   70000 )    1929   0.006%  99.992% 
[   70000,   80000 )     507   0.002%  99.994% 
[   80000,   90000 )     396   0.001%  99.995% 
[   90000,  100000 )     250   0.001%  99.996% 
[  100000,  120000 )     370   0.001%  99.997% 
[  120000,  140000 )      73   0.000%  99.998% 
[  140000,  160000 )     119   0.000%  99.998% 
[  160000,  180000 )     107   0.000%  99.998% 
[  180000,  200000 )      51   0.000%  99.999% 
[  200000,  250000 )      74   0.000%  99.999% 
[  250000,  300000 )     131   0.000%  99.999% 
[  300000,  350000 )      64   0.000% 100.000% 
[  350000,  400000 )      57   0.000% 100.000% 
[  400000,  450000 )      39   0.000% 100.000% 
[  500000,  600000 )       8   0.000% 100.000% 
[  700000,  800000 )       7   0.000% 100.000% 
[ 2500000, 3000000 )       8   0.000% 100.000% 
[ 3000000, 3500000 )       7   0.000% 100.000% 
[ 3500000, 4000000 )      17   0.000% 100.000% 


---------- RPC REPLICA STATISTICS -----------
Avg send latency (us):	6.14891e+11
Avg receive latency (us):	408764

# Run duration (sec): 496.113
# Run operations:	30000000
# Run throughput (KOPS): 60.4701
Count: 30000000  Average: 527.8381  StdDev: 2397.15
Percentiles(us): P50: 156.31 P90: 427.76 P99: 13992.40 P99.9: 28221.93 P99.99: 58337.41
------------------------------------------------------
[      70,      80 )    1630   0.005%   0.005% 
[      80,      90 )  228915   0.763%   0.768% 
[      90,     100 ) 1548467   5.162%   5.930% #
[     100,     120 ) 6038483  20.128%  26.058% ####
[     120,     140 ) 4620967  15.403%  41.462% ###
[     140,     160 ) 3140235  10.467%  51.929% ##
[     160,     180 ) 2519846   8.399%  60.328% ##
[     180,     200 ) 2022174   6.741%  67.069% #
[     200,     250 ) 3078552  10.262%  77.331% ##
[     250,     300 ) 1743466   5.812%  83.142% #
[     300,     350 ) 1088736   3.629%  86.772% #
[     350,     400 )  712739   2.376%  89.147% 
[     400,     450 )  460748   1.536%  90.683% 
[     450,     500 )  304860   1.016%  91.699% 
[     500,     600 )  362442   1.208%  92.908% 
[     600,     700 )  218703   0.729%  93.637% 
[     700,     800 )  180691   0.602%  94.239% 
[     800,     900 )  128425   0.428%  94.667% 
[     900,    1000 )  102088   0.340%  95.007% 
[    1000,    1200 )  175364   0.585%  95.592% 
[    1200,    1400 )  126634   0.422%  96.014% 
[    1400,    1600 )  104279   0.348%  96.361% 
[    1600,    1800 )   94494   0.315%  96.676% 
[    1800,    2000 )   81747   0.272%  96.949% 
[    2000,    2500 )  153465   0.512%  97.460% 
[    2500,    3000 )   97250   0.324%  97.785% 
[    3000,    3500 )   55533   0.185%  97.970% 
[    3500,    4000 )   34470   0.115%  98.085% 
[    4000,    4500 )   23806   0.079%  98.164% 
[    4500,    5000 )   17553   0.059%  98.223% 
[    5000,    6000 )   23829   0.079%  98.302% 
[    6000,    7000 )   16199   0.054%  98.356% 
[    7000,    8000 )   14147   0.047%  98.403% 
[    8000,    9000 )   14392   0.048%  98.451% 
[    9000,   10000 )   16774   0.056%  98.507% 
[   10000,   12000 )   48846   0.163%  98.670% 
[   12000,   14000 )   99429   0.331%  99.001% 
[   14000,   16000 )  118202   0.394%  99.395% 
[   16000,   18000 )   68872   0.230%  99.625% 
[   18000,   20000 )   35017   0.117%  99.742% 
[   20000,   25000 )   36965   0.123%  99.865% 
[   25000,   30000 )   16397   0.055%  99.919% 
[   30000,   35000 )    8304   0.028%  99.947% 
[   35000,   40000 )    5453   0.018%  99.965% 
[   40000,   45000 )    3509   0.012%  99.977% 
[   45000,   50000 )    2198   0.007%  99.984% 
[   50000,   60000 )    2045   0.007%  99.991% 
[   60000,   70000 )     690   0.002%  99.993% 
[   70000,   80000 )     457   0.002%  99.995% 
[   80000,   90000 )     414   0.001%  99.996% 
[   90000,  100000 )     306   0.001%  99.997% 
[  100000,  120000 )     431   0.001%  99.999% 
[  120000,  140000 )     189   0.001%  99.999% 
[  140000,  160000 )      56   0.000% 100.000% 
[  160000,  180000 )      78   0.000% 100.000% 
[  180000,  200000 )      39   0.000% 100.000% 

Read info: 
Count: 0  Average: 0.0000  StdDev: 0.00
Percentiles(us): P50: -nan P90: -nan P99: -nan P99.9: -nan P99.99: -nan
------------------------------------------------------

Write info: 
Count: 30000000  Average: 527.8381  StdDev: 2397.15
Percentiles(us): P50: 156.31 P90: 427.76 P99: 13992.40 P99.9: 28221.93 P99.99: 58337.41
------------------------------------------------------
[      70,      80 )    1630   0.005%   0.005% 
[      80,      90 )  228915   0.763%   0.768% 
[      90,     100 ) 1548467   5.162%   5.930% #
[     100,     120 ) 6038483  20.128%  26.058% ####
[     120,     140 ) 4620967  15.403%  41.462% ###
[     140,     160 ) 3140235  10.467%  51.929% ##
[     160,     180 ) 2519846   8.399%  60.328% ##
[     180,     200 ) 2022174   6.741%  67.069% #
[     200,     250 ) 3078552  10.262%  77.331% ##
[     250,     300 ) 1743466   5.812%  83.142% #
[     300,     350 ) 1088736   3.629%  86.772% #
[     350,     400 )  712739   2.376%  89.147% 
[     400,     450 )  460748   1.536%  90.683% 
[     450,     500 )  304860   1.016%  91.699% 
[     500,     600 )  362442   1.208%  92.908% 
[     600,     700 )  218703   0.729%  93.637% 
[     700,     800 )  180691   0.602%  94.239% 
[     800,     900 )  128425   0.428%  94.667% 
[     900,    1000 )  102088   0.340%  95.007% 
[    1000,    1200 )  175364   0.585%  95.592% 
[    1200,    1400 )  126634   0.422%  96.014% 
[    1400,    1600 )  104279   0.348%  96.361% 
[    1600,    1800 )   94494   0.315%  96.676% 
[    1800,    2000 )   81747   0.272%  96.949% 
[    2000,    2500 )  153465   0.512%  97.460% 
[    2500,    3000 )   97250   0.324%  97.785% 
[    3000,    3500 )   55533   0.185%  97.970% 
[    3500,    4000 )   34470   0.115%  98.085% 
[    4000,    4500 )   23806   0.079%  98.164% 
[    4500,    5000 )   17553   0.059%  98.223% 
[    5000,    6000 )   23829   0.079%  98.302% 
[    6000,    7000 )   16199   0.054%  98.356% 
[    7000,    8000 )   14147   0.047%  98.403% 
[    8000,    9000 )   14392   0.048%  98.451% 
[    9000,   10000 )   16774   0.056%  98.507% 
[   10000,   12000 )   48846   0.163%  98.670% 
[   12000,   14000 )   99429   0.331%  99.001% 
[   14000,   16000 )  118202   0.394%  99.395% 
[   16000,   18000 )   68872   0.230%  99.625% 
[   18000,   20000 )   35017   0.117%  99.742% 
[   20000,   25000 )   36965   0.123%  99.865% 
[   25000,   30000 )   16397   0.055%  99.919% 
[   30000,   35000 )    8304   0.028%  99.947% 
[   35000,   40000 )    5453   0.018%  99.965% 
[   40000,   45000 )    3509   0.012%  99.977% 
[   45000,   50000 )    2198   0.007%  99.984% 
[   50000,   60000 )    2045   0.007%  99.991% 
[   60000,   70000 )     690   0.002%  99.993% 
[   70000,   80000 )     457   0.002%  99.995% 
[   80000,   90000 )     414   0.001%  99.996% 
[   90000,  100000 )     306   0.001%  99.997% 
[  100000,  120000 )     431   0.001%  99.999% 
[  120000,  140000 )     189   0.001%  99.999% 
[  140000,  160000 )      56   0.000% 100.000% 
[  160000,  180000 )      78   0.000% 100.000% 
[  180000,  200000 )      39   0.000% 100.000% 


