
nofdb	workloads/workloadc_zipfian.spec	32
# Load duration (sec): 578.658
# Loading records:	30000000
# Load throughput (KOPS): 51.8441
Count: 30000000  Average: 615.2100  StdDev: 4584.25
Percentiles(us): P50: 156.53 P90: 443.42 P99: 14899.42 P99.9: 36465.18 P99.99: 72313.28
------------------------------------------------------
[      70,      80 )     441   0.001%   0.001% 
[      80,      90 )  126910   0.423%   0.425% 
[      90,     100 ) 1376734   4.589%   5.014% #
[     100,     120 ) 6035393  20.118%  25.132% ####
[     120,     140 ) 4753630  15.845%  40.977% ###
[     140,     160 ) 3275691  10.919%  51.896% ##
[     160,     180 ) 2596962   8.657%  60.553% ##
[     180,     200 ) 2051388   6.838%  67.390% #
[     200,     250 ) 3079067  10.264%  77.654% ##
[     250,     300 ) 1681133   5.604%  83.258% #
[     300,     350 ) 1018062   3.394%  86.651% #
[     350,     400 )  649094   2.164%  88.815% 
[     400,     450 )  409325   1.364%  90.179% 
[     450,     500 )  276494   0.922%  91.101% 
[     500,     600 )  358434   1.195%  92.296% 
[     600,     700 )  233781   0.779%  93.075% 
[     700,     800 )  189650   0.632%  93.707% 
[     800,     900 )  138616   0.462%  94.169% 
[     900,    1000 )  110996   0.370%  94.539% 
[    1000,    1200 )  187711   0.626%  95.165% 
[    1200,    1400 )  132131   0.440%  95.605% 
[    1400,    1600 )  110573   0.369%  95.974% 
[    1600,    1800 )  100978   0.337%  96.311% 
[    1800,    2000 )   82325   0.274%  96.585% 
[    2000,    2500 )  145760   0.486%  97.071% 
[    2500,    3000 )   94308   0.314%  97.385% 
[    3000,    3500 )   55521   0.185%  97.570% 
[    3500,    4000 )   34802   0.116%  97.686% 
[    4000,    4500 )   23059   0.077%  97.763% 
[    4500,    5000 )   17402   0.058%  97.821% 
[    5000,    6000 )   23852   0.080%  97.901% 
[    6000,    7000 )   15943   0.053%  97.954% 
[    7000,    8000 )   13514   0.045%  97.999% 
[    8000,    9000 )   17794   0.059%  98.058% 
[    9000,   10000 )   25310   0.084%  98.143% 
[   10000,   12000 )   73590   0.245%  98.388% 
[   12000,   14000 )  123419   0.411%  98.799% 
[   14000,   16000 )  133879   0.446%  99.246% 
[   16000,   18000 )   72560   0.242%  99.487% 
[   18000,   20000 )   36802   0.123%  99.610% 
[   20000,   25000 )   44955   0.150%  99.760% 
[   25000,   30000 )   24458   0.082%  99.841% 
[   30000,   35000 )   14334   0.048%  99.889% 
[   35000,   40000 )   10985   0.037%  99.926% 
[   40000,   45000 )    7325   0.024%  99.950% 
[   45000,   50000 )    4534   0.015%  99.965% 
[   50000,   60000 )    4989   0.017%  99.982% 
[   60000,   70000 )    2163   0.007%  99.989% 
[   70000,   80000 )     964   0.003%  99.992% 
[   80000,   90000 )     675   0.002%  99.995% 
[   90000,  100000 )     468   0.002%  99.996% 
[  100000,  120000 )     529   0.002%  99.998% 
[  120000,  140000 )     171   0.001%  99.999% 
[  140000,  160000 )      51   0.000%  99.999% 
[  160000,  180000 )       1   0.000%  99.999% 
[  200000,  250000 )      13   0.000%  99.999% 
[  250000,  300000 )     143   0.000%  99.999% 
[  300000,  350000 )      48   0.000%  99.999% 
[  350000,  400000 )      64   0.000% 100.000% 
[  450000,  500000 )      32   0.000% 100.000% 
[ 1000000, 1200000 )      32   0.000% 100.000% 
[ 2500000, 3000000 )       4   0.000% 100.000% 
[ 3000000, 3500000 )      28   0.000% 100.000% 


---------- RPC REPLICA STATISTICS -----------
Avg send latency (us):	562561
Avg receive latency (us):	6.14891e+11

# Run duration (sec): 151.445
# Run operations:	30000000
# Run throughput (KOPS): 198.092
Count: 30000000  Average: 160.2455  StdDev: 871.15
Percentiles(us): P50: 67.60 P90: 191.91 P99: 461.86 P99.9: 14938.19 P99.99: 18585.34
------------------------------------------------------
[      35,      40 )    2570   0.009%   0.009% 
[      40,      45 )  334536   1.115%   1.124% 
[      45,      50 ) 2987706   9.959%  11.083% ##
[      50,      60 ) 9012128  30.040%  41.123% ######
[      60,      70 ) 3503823  11.679%  52.803% ##
[      70,      80 ) 1272972   4.243%  57.046% #
[      80,      90 )  893411   2.978%  60.024% #
[      90,     100 )  818428   2.728%  62.752% #
[     100,     120 ) 1282478   4.275%  67.027% #
[     120,     140 ) 2693044   8.977%  76.004% ##
[     140,     160 ) 2525330   8.418%  84.421% ##
[     160,     180 ) 1202689   4.009%  88.430% #
[     180,     200 )  790600   2.635%  91.066% #
[     200,     250 ) 1247850   4.160%  95.225% #
[     250,     300 )  572588   1.909%  97.134% 
[     300,     350 )  295672   0.986%  98.119% 
[     350,     400 )  161093   0.537%  98.656% 
[     400,     450 )   90673   0.302%  98.959% 
[     450,     500 )   52303   0.174%  99.133% 
[     500,     600 )   50096   0.167%  99.300% 
[     600,     700 )   19837   0.066%  99.366% 
[     700,     800 )    9451   0.032%  99.398% 
[     800,     900 )    5430   0.018%  99.416% 
[     900,    1000 )    3746   0.012%  99.428% 
[    1000,    1200 )    5155   0.017%  99.445% 
[    1200,    1400 )    3926   0.013%  99.458% 
[    1400,    1600 )    3030   0.010%  99.469% 
[    1600,    1800 )    2367   0.008%  99.476% 
[    1800,    2000 )    1802   0.006%  99.482% 
[    2000,    2500 )    2944   0.010%  99.492% 
[    2500,    3000 )    2389   0.008%  99.500% 
[    3000,    3500 )    2369   0.008%  99.508% 
[    3500,    4000 )    2615   0.009%  99.517% 
[    4000,    4500 )    2842   0.009%  99.526% 
[    4500,    5000 )    3014   0.010%  99.536% 
[    5000,    6000 )    6467   0.022%  99.558% 
[    6000,    7000 )    7029   0.023%  99.581% 
[    7000,    8000 )    8170   0.027%  99.609% 
[    8000,    9000 )    9327   0.031%  99.640% 
[    9000,   10000 )   10492   0.035%  99.675% 
[   10000,   12000 )   25273   0.084%  99.759% 
[   12000,   14000 )   29880   0.100%  99.858% 
[   14000,   16000 )   26551   0.089%  99.947% 
[   16000,   18000 )   12441   0.041%  99.988% 
[   18000,   20000 )    1582   0.005%  99.994% 
[   20000,   25000 )    1459   0.005%  99.999% 
[   25000,   30000 )     229   0.001%  99.999% 
[   30000,   35000 )       3   0.000%  99.999% 
[   35000,   40000 )      35   0.000%  99.999% 
[   40000,   45000 )      13   0.000% 100.000% 
[   45000,   50000 )       3   0.000% 100.000% 
[   50000,   60000 )      34   0.000% 100.000% 
[   60000,   70000 )      10   0.000% 100.000% 
[   70000,   80000 )      40   0.000% 100.000% 
[   80000,   90000 )       7   0.000% 100.000% 
[   90000,  100000 )       7   0.000% 100.000% 
[  100000,  120000 )      19   0.000% 100.000% 
[  120000,  140000 )      10   0.000% 100.000% 
[  140000,  160000 )       7   0.000% 100.000% 
[  160000,  180000 )       3   0.000% 100.000% 
[  180000,  200000 )       2   0.000% 100.000% 

Read info: 
Count: 30000000  Average: 160.2455  StdDev: 871.15
Percentiles(us): P50: 67.60 P90: 191.91 P99: 461.86 P99.9: 14938.19 P99.99: 18585.34
------------------------------------------------------
[      35,      40 )    2570   0.009%   0.009% 
[      40,      45 )  334536   1.115%   1.124% 
[      45,      50 ) 2987706   9.959%  11.083% ##
[      50,      60 ) 9012128  30.040%  41.123% ######
[      60,      70 ) 3503823  11.679%  52.803% ##
[      70,      80 ) 1272972   4.243%  57.046% #
[      80,      90 )  893411   2.978%  60.024% #
[      90,     100 )  818428   2.728%  62.752% #
[     100,     120 ) 1282478   4.275%  67.027% #
[     120,     140 ) 2693044   8.977%  76.004% ##
[     140,     160 ) 2525330   8.418%  84.421% ##
[     160,     180 ) 1202689   4.009%  88.430% #
[     180,     200 )  790600   2.635%  91.066% #
[     200,     250 ) 1247850   4.160%  95.225% #
[     250,     300 )  572588   1.909%  97.134% 
[     300,     350 )  295672   0.986%  98.119% 
[     350,     400 )  161093   0.537%  98.656% 
[     400,     450 )   90673   0.302%  98.959% 
[     450,     500 )   52303   0.174%  99.133% 
[     500,     600 )   50096   0.167%  99.300% 
[     600,     700 )   19837   0.066%  99.366% 
[     700,     800 )    9451   0.032%  99.398% 
[     800,     900 )    5430   0.018%  99.416% 
[     900,    1000 )    3746   0.012%  99.428% 
[    1000,    1200 )    5155   0.017%  99.445% 
[    1200,    1400 )    3926   0.013%  99.458% 
[    1400,    1600 )    3030   0.010%  99.469% 
[    1600,    1800 )    2367   0.008%  99.476% 
[    1800,    2000 )    1802   0.006%  99.482% 
[    2000,    2500 )    2944   0.010%  99.492% 
[    2500,    3000 )    2389   0.008%  99.500% 
[    3000,    3500 )    2369   0.008%  99.508% 
[    3500,    4000 )    2615   0.009%  99.517% 
[    4000,    4500 )    2842   0.009%  99.526% 
[    4500,    5000 )    3014   0.010%  99.536% 
[    5000,    6000 )    6467   0.022%  99.558% 
[    6000,    7000 )    7029   0.023%  99.581% 
[    7000,    8000 )    8170   0.027%  99.609% 
[    8000,    9000 )    9327   0.031%  99.640% 
[    9000,   10000 )   10492   0.035%  99.675% 
[   10000,   12000 )   25273   0.084%  99.759% 
[   12000,   14000 )   29880   0.100%  99.858% 
[   14000,   16000 )   26551   0.089%  99.947% 
[   16000,   18000 )   12441   0.041%  99.988% 
[   18000,   20000 )    1582   0.005%  99.994% 
[   20000,   25000 )    1459   0.005%  99.999% 
[   25000,   30000 )     229   0.001%  99.999% 
[   30000,   35000 )       3   0.000%  99.999% 
[   35000,   40000 )      35   0.000%  99.999% 
[   40000,   45000 )      13   0.000% 100.000% 
[   45000,   50000 )       3   0.000% 100.000% 
[   50000,   60000 )      34   0.000% 100.000% 
[   60000,   70000 )      10   0.000% 100.000% 
[   70000,   80000 )      40   0.000% 100.000% 
[   80000,   90000 )       7   0.000% 100.000% 
[   90000,  100000 )       7   0.000% 100.000% 
[  100000,  120000 )      19   0.000% 100.000% 
[  120000,  140000 )      10   0.000% 100.000% 
[  140000,  160000 )       7   0.000% 100.000% 
[  160000,  180000 )       3   0.000% 100.000% 
[  180000,  200000 )       2   0.000% 100.000% 

Write info: 
Count: 0  Average: 0.0000  StdDev: 0.00
Percentiles(us): P50: -nan P90: -nan P99: -nan P99.9: -nan P99.99: -nan
------------------------------------------------------


