
nofdb	workloads/workloadc_uniform.spec	32
# Load duration (sec): 548.215
# Loading records:	30000000
# Load throughput (KOPS): 54.7231
Count: 30000000  Average: 583.6668  StdDev: 4395.79
Percentiles(us): P50: 156.57 P90: 441.53 P99: 14692.21 P99.9: 31690.41 P99.99: 59803.09
------------------------------------------------------
[      70,      80 )     173   0.001%   0.001% 
[      80,      90 )  129312   0.431%   0.432% 
[      90,     100 ) 1480396   4.935%   5.366% #
[     100,     120 ) 6031627  20.105%  25.472% ####
[     120,     140 ) 4691503  15.638%  41.110% ###
[     140,     160 ) 3219022  10.730%  51.840% ##
[     160,     180 ) 2603225   8.677%  60.518% ##
[     180,     200 ) 2044579   6.815%  67.333% #
[     200,     250 ) 3084588  10.282%  77.615% ##
[     250,     300 ) 1698565   5.662%  83.277% #
[     300,     350 ) 1018993   3.397%  86.673% #
[     350,     400 )  645029   2.150%  88.823% 
[     400,     450 )  425023   1.417%  90.240% 
[     450,     500 )  302775   1.009%  91.249% 
[     500,     600 )  383814   1.279%  92.529% 
[     600,     700 )  219191   0.731%  93.259% 
[     700,     800 )  188220   0.627%  93.887% 
[     800,     900 )  139147   0.464%  94.351% 
[     900,    1000 )  110224   0.367%  94.718% 
[    1000,    1200 )  179069   0.597%  95.315% 
[    1200,    1400 )  133112   0.444%  95.759% 
[    1400,    1600 )  110661   0.369%  96.127% 
[    1600,    1800 )   96961   0.323%  96.451% 
[    1800,    2000 )   80805   0.269%  96.720% 
[    2000,    2500 )  143890   0.480%  97.200% 
[    2500,    3000 )   89757   0.299%  97.499% 
[    3000,    3500 )   53909   0.180%  97.679% 
[    3500,    4000 )   35340   0.118%  97.796% 
[    4000,    4500 )   24067   0.080%  97.877% 
[    4500,    5000 )   18040   0.060%  97.937% 
[    5000,    6000 )   23499   0.078%  98.015% 
[    6000,    7000 )   15634   0.052%  98.067% 
[    7000,    8000 )   11971   0.040%  98.107% 
[    8000,    9000 )   15200   0.051%  98.158% 
[    9000,   10000 )   22662   0.076%  98.233% 
[   10000,   12000 )   64320   0.214%  98.448% 
[   12000,   14000 )  119778   0.399%  98.847% 
[   14000,   16000 )  132673   0.442%  99.289% 
[   16000,   18000 )   74991   0.250%  99.539% 
[   18000,   20000 )   39537   0.132%  99.671% 
[   20000,   25000 )   44059   0.147%  99.818% 
[   25000,   30000 )   20743   0.069%  99.887% 
[   30000,   35000 )   11583   0.039%  99.926% 
[   35000,   40000 )    8040   0.027%  99.952% 
[   40000,   45000 )    5544   0.018%  99.971% 
[   45000,   50000 )    3210   0.011%  99.982% 
[   50000,   60000 )    2590   0.009%  99.990% 
[   60000,   70000 )     932   0.003%  99.993% 
[   70000,   80000 )     474   0.002%  99.995% 
[   80000,   90000 )     428   0.001%  99.996% 
[   90000,  100000 )     227   0.001%  99.997% 
[  100000,  120000 )     342   0.001%  99.998% 
[  120000,  140000 )     123   0.000%  99.999% 
[  140000,  160000 )      62   0.000%  99.999% 
[  160000,  180000 )      58   0.000%  99.999% 
[  180000,  200000 )      29   0.000%  99.999% 
[  250000,  300000 )      77   0.000%  99.999% 
[  300000,  350000 )      47   0.000%  99.999% 
[  350000,  400000 )      34   0.000% 100.000% 
[  400000,  450000 )      20   0.000% 100.000% 
[  500000,  600000 )      64   0.000% 100.000% 
[ 2500000, 3000000 )       3   0.000% 100.000% 
[ 3000000, 3500000 )      29   0.000% 100.000% 


---------- RPC REPLICA STATISTICS -----------
Avg send latency (us):	204687
Avg receive latency (us):	6.14891e+11

# Run duration (sec): 229.633
# Run operations:	30000000
# Run throughput (KOPS): 130.644
Count: 30000000  Average: 243.1719  StdDev: 1658.53
Percentiles(us): P50: 137.73 P90: 235.93 P99: 1286.57 P99.9: 17260.11 P99.99: 44490.98
------------------------------------------------------
[      35,      40 )      11   0.000%   0.000% 
[      40,      45 )  122329   0.408%   0.408% 
[      45,      50 ) 1503136   5.010%   5.418% #
[      50,      60 ) 4287902  14.293%  19.711% ###
[      60,      70 ) 1258612   4.195%  23.907% #
[      70,      80 )  432719   1.442%  25.349% 
[      80,      90 )  357207   1.191%  26.540% 
[      90,     100 )  330807   1.103%  27.642% 
[     100,     120 ) 1014501   3.382%  31.024% #
[     120,     140 ) 6420286  21.401%  52.425% ####
[     140,     160 ) 5960789  19.869%  72.294% ####
[     160,     180 ) 2118222   7.061%  79.355% #
[     180,     200 ) 1481061   4.937%  84.292% #
[     200,     250 ) 2383282   7.944%  92.236% ##
[     250,     300 )  840145   2.800%  95.037% #
[     300,     350 )  518181   1.727%  96.764% 
[     350,     400 )  250712   0.836%  97.600% 
[     400,     450 )  140565   0.469%  98.068% 
[     450,     500 )   80599   0.269%  98.337% 
[     500,     600 )   82799   0.276%  98.613% 
[     600,     700 )   40463   0.135%  98.748% 
[     700,     800 )   24351   0.081%  98.829% 
[     800,     900 )   15946   0.053%  98.882% 
[     900,    1000 )   12181   0.041%  98.923% 
[    1000,    1200 )   17560   0.059%  98.981% 
[    1200,    1400 )   13016   0.043%  99.025% 
[    1400,    1600 )   10457   0.035%  99.059% 
[    1600,    1800 )    8971   0.030%  99.089% 
[    1800,    2000 )    7596   0.025%  99.115% 
[    2000,    2500 )   14311   0.048%  99.162% 
[    2500,    3000 )    9708   0.032%  99.195% 
[    3000,    3500 )    7940   0.026%  99.221% 
[    3500,    4000 )    7505   0.025%  99.246% 
[    4000,    4500 )    7749   0.026%  99.272% 
[    4500,    5000 )    7882   0.026%  99.298% 
[    5000,    6000 )   13319   0.044%  99.343% 
[    6000,    7000 )   13177   0.044%  99.387% 
[    7000,    8000 )   13907   0.046%  99.433% 
[    8000,    9000 )   13819   0.046%  99.479% 
[    9000,   10000 )   14199   0.047%  99.526% 
[   10000,   12000 )   29592   0.099%  99.625% 
[   12000,   14000 )   35922   0.120%  99.745% 
[   14000,   16000 )   33249   0.111%  99.856% 
[   16000,   18000 )   21133   0.070%  99.926% 
[   18000,   20000 )    6842   0.023%  99.949% 
[   20000,   25000 )    6859   0.023%  99.972% 
[   25000,   30000 )    2382   0.008%  99.980% 
[   30000,   35000 )    1729   0.006%  99.985% 
[   35000,   40000 )     673   0.002%  99.988% 
[   40000,   45000 )     776   0.003%  99.990% 
[   45000,   50000 )    1140   0.004%  99.994% 
[   50000,   60000 )     955   0.003%  99.997% 
[   60000,   70000 )     286   0.001%  99.998% 
[   70000,   80000 )     194   0.001%  99.999% 
[   80000,   90000 )     106   0.000%  99.999% 
[   90000,  100000 )      50   0.000%  99.999% 
[  100000,  120000 )      49   0.000% 100.000% 
[  120000,  140000 )      20   0.000% 100.000% 
[  140000,  160000 )      15   0.000% 100.000% 
[  160000,  180000 )       8   0.000% 100.000% 
[  180000,  200000 )      10   0.000% 100.000% 
[  200000,  250000 )      19   0.000% 100.000% 
[  250000,  300000 )       7   0.000% 100.000% 
[  300000,  350000 )       5   0.000% 100.000% 
[  350000,  400000 )       3   0.000% 100.000% 
[  400000,  450000 )       4   0.000% 100.000% 
[  450000,  500000 )       3   0.000% 100.000% 
[  500000,  600000 )      12   0.000% 100.000% 
[  600000,  700000 )       5   0.000% 100.000% 
[  700000,  800000 )      13   0.000% 100.000% 
[  800000,  900000 )       5   0.000% 100.000% 
[  900000, 1000000 )       3   0.000% 100.000% 
[ 1000000, 1200000 )       9   0.000% 100.000% 

Read info: 
Count: 30000000  Average: 243.1719  StdDev: 1658.53
Percentiles(us): P50: 137.73 P90: 235.93 P99: 1286.57 P99.9: 17260.11 P99.99: 44490.98
------------------------------------------------------
[      35,      40 )      11   0.000%   0.000% 
[      40,      45 )  122329   0.408%   0.408% 
[      45,      50 ) 1503136   5.010%   5.418% #
[      50,      60 ) 4287902  14.293%  19.711% ###
[      60,      70 ) 1258612   4.195%  23.907% #
[      70,      80 )  432719   1.442%  25.349% 
[      80,      90 )  357207   1.191%  26.540% 
[      90,     100 )  330807   1.103%  27.642% 
[     100,     120 ) 1014501   3.382%  31.024% #
[     120,     140 ) 6420286  21.401%  52.425% ####
[     140,     160 ) 5960789  19.869%  72.294% ####
[     160,     180 ) 2118222   7.061%  79.355% #
[     180,     200 ) 1481061   4.937%  84.292% #
[     200,     250 ) 2383282   7.944%  92.236% ##
[     250,     300 )  840145   2.800%  95.037% #
[     300,     350 )  518181   1.727%  96.764% 
[     350,     400 )  250712   0.836%  97.600% 
[     400,     450 )  140565   0.469%  98.068% 
[     450,     500 )   80599   0.269%  98.337% 
[     500,     600 )   82799   0.276%  98.613% 
[     600,     700 )   40463   0.135%  98.748% 
[     700,     800 )   24351   0.081%  98.829% 
[     800,     900 )   15946   0.053%  98.882% 
[     900,    1000 )   12181   0.041%  98.923% 
[    1000,    1200 )   17560   0.059%  98.981% 
[    1200,    1400 )   13016   0.043%  99.025% 
[    1400,    1600 )   10457   0.035%  99.059% 
[    1600,    1800 )    8971   0.030%  99.089% 
[    1800,    2000 )    7596   0.025%  99.115% 
[    2000,    2500 )   14311   0.048%  99.162% 
[    2500,    3000 )    9708   0.032%  99.195% 
[    3000,    3500 )    7940   0.026%  99.221% 
[    3500,    4000 )    7505   0.025%  99.246% 
[    4000,    4500 )    7749   0.026%  99.272% 
[    4500,    5000 )    7882   0.026%  99.298% 
[    5000,    6000 )   13319   0.044%  99.343% 
[    6000,    7000 )   13177   0.044%  99.387% 
[    7000,    8000 )   13907   0.046%  99.433% 
[    8000,    9000 )   13819   0.046%  99.479% 
[    9000,   10000 )   14199   0.047%  99.526% 
[   10000,   12000 )   29592   0.099%  99.625% 
[   12000,   14000 )   35922   0.120%  99.745% 
[   14000,   16000 )   33249   0.111%  99.856% 
[   16000,   18000 )   21133   0.070%  99.926% 
[   18000,   20000 )    6842   0.023%  99.949% 
[   20000,   25000 )    6859   0.023%  99.972% 
[   25000,   30000 )    2382   0.008%  99.980% 
[   30000,   35000 )    1729   0.006%  99.985% 
[   35000,   40000 )     673   0.002%  99.988% 
[   40000,   45000 )     776   0.003%  99.990% 
[   45000,   50000 )    1140   0.004%  99.994% 
[   50000,   60000 )     955   0.003%  99.997% 
[   60000,   70000 )     286   0.001%  99.998% 
[   70000,   80000 )     194   0.001%  99.999% 
[   80000,   90000 )     106   0.000%  99.999% 
[   90000,  100000 )      50   0.000%  99.999% 
[  100000,  120000 )      49   0.000% 100.000% 
[  120000,  140000 )      20   0.000% 100.000% 
[  140000,  160000 )      15   0.000% 100.000% 
[  160000,  180000 )       8   0.000% 100.000% 
[  180000,  200000 )      10   0.000% 100.000% 
[  200000,  250000 )      19   0.000% 100.000% 
[  250000,  300000 )       7   0.000% 100.000% 
[  300000,  350000 )       5   0.000% 100.000% 
[  350000,  400000 )       3   0.000% 100.000% 
[  400000,  450000 )       4   0.000% 100.000% 
[  450000,  500000 )       3   0.000% 100.000% 
[  500000,  600000 )      12   0.000% 100.000% 
[  600000,  700000 )       5   0.000% 100.000% 
[  700000,  800000 )      13   0.000% 100.000% 
[  800000,  900000 )       5   0.000% 100.000% 
[  900000, 1000000 )       3   0.000% 100.000% 
[ 1000000, 1200000 )       9   0.000% 100.000% 

Write info: 
Count: 0  Average: 0.0000  StdDev: 0.00
Percentiles(us): P50: -nan P90: -nan P99: -nan P99.9: -nan P99.99: -nan
------------------------------------------------------


