
nofdb	workloads/workloadg_zipfian.spec	32
# Load duration (sec): 906.367
# Loading records:	50000000
# Load throughput (KOPS): 55.1653
Count: 50000000  Average: 578.9916  StdDev: 3835.15
Percentiles(us): P50: 154.95 P90: 441.29 P99: 14771.14 P99.9: 33032.07 P99.99: 69700.75
------------------------------------------------------
[      70,      80 )    2210   0.004%   0.004% 
[      80,      90 )  512100   1.024%   1.029% 
[      90,     100 ) 3589352   7.179%   8.207% #
[     100,     120 ) 10123931  20.248%  28.455% ####
[     120,     140 ) 7140097  14.280%  42.735% ###
[     140,     160 ) 4860655   9.721%  52.457% ##
[     160,     180 ) 4184620   8.369%  60.826% ##
[     180,     200 ) 3228053   6.456%  67.282% #
[     200,     250 ) 4936090   9.872%  77.154% ##
[     250,     300 ) 2827757   5.656%  82.810% #
[     300,     350 ) 1779684   3.559%  86.369% #
[     350,     400 ) 1167754   2.336%  88.705% 
[     400,     450 )  784239   1.568%  90.273% 
[     450,     500 )  553304   1.107%  91.380% 
[     500,     600 )  720379   1.441%  92.820% 
[     600,     700 )  396577   0.793%  93.614% 
[     700,     800 )  312421   0.625%  94.238% 
[     800,     900 )  216893   0.434%  94.672% 
[     900,    1000 )  168574   0.337%  95.009% 
[    1000,    1200 )  271217   0.542%  95.552% 
[    1200,    1400 )  196701   0.393%  95.945% 
[    1400,    1600 )  164307   0.329%  96.274% 
[    1600,    1800 )  143756   0.288%  96.561% 
[    1800,    2000 )  128901   0.258%  96.819% 
[    2000,    2500 )  240120   0.480%  97.299% 
[    2500,    3000 )  141512   0.283%  97.582% 
[    3000,    3500 )   80385   0.161%  97.743% 
[    3500,    4000 )   50424   0.101%  97.844% 
[    4000,    4500 )   35210   0.070%  97.914% 
[    4500,    5000 )   25360   0.051%  97.965% 
[    5000,    6000 )   35830   0.072%  98.037% 
[    6000,    7000 )   25234   0.050%  98.087% 
[    7000,    8000 )   21202   0.042%  98.130% 
[    8000,    9000 )   26854   0.054%  98.183% 
[    9000,   10000 )   38838   0.078%  98.261% 
[   10000,   12000 )  103640   0.207%  98.468% 
[   12000,   14000 )  179132   0.358%  98.827% 
[   14000,   16000 )  224828   0.450%  99.276% 
[   16000,   18000 )  132876   0.266%  99.542% 
[   18000,   20000 )   59993   0.120%  99.662% 
[   20000,   25000 )   68771   0.138%  99.800% 
[   25000,   30000 )   37756   0.076%  99.875% 
[   30000,   35000 )   20552   0.041%  99.916% 
[   35000,   40000 )   14075   0.028%  99.944% 
[   40000,   45000 )    9772   0.020%  99.964% 
[   45000,   50000 )    5165   0.010%  99.974% 
[   50000,   60000 )    5176   0.010%  99.985% 
[   60000,   70000 )    2807   0.006%  99.990% 
[   70000,   80000 )    1906   0.004%  99.994% 
[   80000,   90000 )    1040   0.002%  99.996% 
[   90000,  100000 )     617   0.001%  99.997% 
[  100000,  120000 )     431   0.001%  99.998% 
[  120000,  140000 )     196   0.000%  99.999% 
[  140000,  160000 )     178   0.000%  99.999% 
[  160000,  180000 )      91   0.000%  99.999% 
[  180000,  200000 )      36   0.000%  99.999% 
[  200000,  250000 )      73   0.000%  99.999% 
[  250000,  300000 )     156   0.000% 100.000% 
[  300000,  350000 )      15   0.000% 100.000% 
[  350000,  400000 )     113   0.000% 100.000% 
[  700000,  800000 )      22   0.000% 100.000% 
[  800000,  900000 )      10   0.000% 100.000% 
[ 3000000, 3500000 )      32   0.000% 100.000% 


---------- RPC REPLICA STATISTICS -----------
Avg send latency (us):	3.68931e+11
Avg receive latency (us):	3.58588e+06

