
nofdb	workloads/workloadg_uniform.spec	32
# Load duration (sec): 545.276
# Loading records:	30000000
# Load throughput (KOPS): 55.018
Count: 30000000  Average: 579.9335  StdDev: 4679.58
Percentiles(us): P50: 152.29 P90: 440.87 P99: 14726.25 P99.9: 31393.76 P99.99: 58478.92
------------------------------------------------------
[      70,      80 )    2187   0.007%   0.007% 
[      80,      90 )  346157   1.154%   1.161% 
[      90,     100 ) 2361094   7.870%   9.031% ##
[     100,     120 ) 6298816  20.996%  30.028% ####
[     120,     140 ) 4237069  14.124%  44.151% ###
[     140,     160 ) 2855496   9.518%  53.669% ##
[     160,     180 ) 2508651   8.362%  62.032% ##
[     180,     200 ) 1901281   6.338%  68.369% #
[     200,     250 ) 2872766   9.576%  77.945% ##
[     250,     300 ) 1622953   5.410%  83.355% #
[     300,     350 )  998060   3.327%  86.682% #
[     350,     400 )  645579   2.152%  88.834% 
[     400,     450 )  428002   1.427%  90.260% 
[     450,     500 )  302180   1.007%  91.268% 
[     500,     600 )  387935   1.293%  92.561% 
[     600,     700 )  228189   0.761%  93.321% 
[     700,     800 )  194546   0.648%  93.970% 
[     800,     900 )  136608   0.455%  94.425% 
[     900,    1000 )  106193   0.354%  94.779% 
[    1000,    1200 )  177965   0.593%  95.372% 
[    1200,    1400 )  127799   0.426%  95.798% 
[    1400,    1600 )  106417   0.355%  96.153% 
[    1600,    1800 )   91524   0.305%  96.458% 
[    1800,    2000 )   82417   0.275%  96.733% 
[    2000,    2500 )  150528   0.502%  97.235% 
[    2500,    3000 )   88429   0.295%  97.529% 
[    3000,    3500 )   51039   0.170%  97.700% 
[    3500,    4000 )   32830   0.109%  97.809% 
[    4000,    4500 )   22749   0.076%  97.885% 
[    4500,    5000 )   16996   0.057%  97.942% 
[    5000,    6000 )   24478   0.082%  98.023% 
[    6000,    7000 )   16905   0.056%  98.079% 
[    7000,    8000 )   13504   0.045%  98.124% 
[    8000,    9000 )   16724   0.056%  98.180% 
[    9000,   10000 )   23204   0.077%  98.258% 
[   10000,   12000 )   62376   0.208%  98.465% 
[   12000,   14000 )  110807   0.369%  98.835% 
[   14000,   16000 )  136447   0.455%  99.290% 
[   16000,   18000 )   78985   0.263%  99.553% 
[   18000,   20000 )   35926   0.120%  99.673% 
[   20000,   25000 )   41670   0.139%  99.812% 
[   25000,   30000 )   23167   0.077%  99.889% 
[   30000,   35000 )   12025   0.040%  99.929% 
[   35000,   40000 )    7871   0.026%  99.955% 
[   40000,   45000 )    5600   0.019%  99.974% 
[   45000,   50000 )    2905   0.010%  99.983% 
[   50000,   60000 )    2301   0.008%  99.991% 
[   60000,   70000 )     798   0.003%  99.994% 
[   70000,   80000 )     502   0.002%  99.995% 
[   80000,   90000 )     303   0.001%  99.997% 
[   90000,  100000 )     200   0.001%  99.997% 
[  100000,  120000 )     194   0.001%  99.998% 
[  120000,  140000 )      49   0.000%  99.998% 
[  140000,  160000 )      68   0.000%  99.998% 
[  160000,  180000 )      60   0.000%  99.998% 
[  180000,  200000 )      51   0.000%  99.999% 
[  200000,  250000 )      69   0.000%  99.999% 
[  250000,  300000 )      91   0.000%  99.999% 
[  300000,  350000 )      24   0.000%  99.999% 
[  350000,  400000 )      74   0.000%  99.999% 
[  400000,  450000 )       7   0.000%  99.999% 
[  700000,  800000 )      32   0.000% 100.000% 
[  800000,  900000 )      32   0.000% 100.000% 
[  900000, 1000000 )      32   0.000% 100.000% 
[ 1000000, 1200000 )      32   0.000% 100.000% 
[ 2500000, 3000000 )       3   0.000% 100.000% 
[ 3000000, 3500000 )      29   0.000% 100.000% 


---------- RPC REPLICA STATISTICS -----------
Avg send latency (us):	432414
Avg receive latency (us):	6.14891e+11

# Run duration (sec): 562.924
# Run operations:	30000000
# Run throughput (KOPS): 53.2932
Count: 30000000  Average: 599.1410  StdDev: 3007.72
Percentiles(us): P50: 153.71 P90: 410.66 P99: 14922.87 P99.9: 38952.76 P99.99: 86295.14
------------------------------------------------------
[      70,      80 )     167   0.001%   0.001% 
[      80,      90 )  133166   0.444%   0.444% 
[      90,     100 ) 1737557   5.792%   6.236% #
[     100,     120 ) 6423263  21.411%  27.647% ####
[     120,     140 ) 4575473  15.252%  42.899% ###
[     140,     160 ) 3107780  10.359%  53.258% ##
[     160,     180 ) 2600818   8.669%  61.927% ##
[     180,     200 ) 2034463   6.782%  68.709% #
[     200,     250 ) 3033132  10.110%  78.819% ##
[     250,     300 ) 1653164   5.511%  84.330% #
[     300,     350 )  990082   3.300%  87.630% #
[     350,     400 )  624027   2.080%  89.710% 
[     400,     450 )  407734   1.359%  91.069% 
[     450,     500 )  280436   0.935%  92.004% 
[     500,     600 )  356592   1.189%  93.193% 
[     600,     700 )  193072   0.644%  93.836% 
[     700,     800 )  159391   0.531%  94.368% 
[     800,     900 )  114973   0.383%  94.751% 
[     900,    1000 )   86054   0.287%  95.038% 
[    1000,    1200 )  150529   0.502%  95.540% 
[    1200,    1400 )  110066   0.367%  95.906% 
[    1400,    1600 )   91959   0.307%  96.213% 
[    1600,    1800 )   80852   0.270%  96.483% 
[    1800,    2000 )   72403   0.241%  96.724% 
[    2000,    2500 )  136768   0.456%  97.180% 
[    2500,    3000 )   89065   0.297%  97.477% 
[    3000,    3500 )   52116   0.174%  97.650% 
[    3500,    4000 )   32895   0.110%  97.760% 
[    4000,    4500 )   22653   0.076%  97.835% 
[    4500,    5000 )   16449   0.055%  97.890% 
[    5000,    6000 )   23579   0.079%  97.969% 
[    6000,    7000 )   16827   0.056%  98.025% 
[    7000,    8000 )   14227   0.047%  98.072% 
[    8000,    9000 )   17842   0.059%  98.132% 
[    9000,   10000 )   24125   0.080%  98.212% 
[   10000,   12000 )   65308   0.218%  98.430% 
[   12000,   14000 )  107974   0.360%  98.790% 
[   14000,   16000 )  136572   0.455%  99.245% 
[   16000,   18000 )   75507   0.252%  99.497% 
[   18000,   20000 )   35395   0.118%  99.615% 
[   20000,   25000 )   41322   0.138%  99.753% 
[   25000,   30000 )   23386   0.078%  99.831% 
[   30000,   35000 )   13239   0.044%  99.875% 
[   35000,   40000 )    9611   0.032%  99.907% 
[   40000,   45000 )    7244   0.024%  99.931% 
[   45000,   50000 )    4215   0.014%  99.945% 
[   50000,   60000 )    5998   0.020%  99.965% 
[   60000,   70000 )    3741   0.012%  99.977% 
[   70000,   80000 )    2778   0.009%  99.987% 
[   80000,   90000 )    1606   0.005%  99.992% 
[   90000,  100000 )    1097   0.004%  99.996% 
[  100000,  120000 )     821   0.003%  99.998% 
[  120000,  140000 )     135   0.000%  99.999% 
[  140000,  160000 )     143   0.000%  99.999% 
[  160000,  180000 )     124   0.000% 100.000% 
[  180000,  200000 )      70   0.000% 100.000% 
[  200000,  250000 )      15   0.000% 100.000% 

Read info: 
Count: 0  Average: 0.0000  StdDev: 0.00
Percentiles(us): P50: -nan P90: -nan P99: -nan P99.9: -nan P99.99: -nan
------------------------------------------------------

Write info: 
Count: 30000000  Average: 599.1410  StdDev: 3007.72
Percentiles(us): P50: 153.71 P90: 410.66 P99: 14922.87 P99.9: 38952.76 P99.99: 86295.14
------------------------------------------------------
[      70,      80 )     167   0.001%   0.001% 
[      80,      90 )  133166   0.444%   0.444% 
[      90,     100 ) 1737557   5.792%   6.236% #
[     100,     120 ) 6423263  21.411%  27.647% ####
[     120,     140 ) 4575473  15.252%  42.899% ###
[     140,     160 ) 3107780  10.359%  53.258% ##
[     160,     180 ) 2600818   8.669%  61.927% ##
[     180,     200 ) 2034463   6.782%  68.709% #
[     200,     250 ) 3033132  10.110%  78.819% ##
[     250,     300 ) 1653164   5.511%  84.330% #
[     300,     350 )  990082   3.300%  87.630% #
[     350,     400 )  624027   2.080%  89.710% 
[     400,     450 )  407734   1.359%  91.069% 
[     450,     500 )  280436   0.935%  92.004% 
[     500,     600 )  356592   1.189%  93.193% 
[     600,     700 )  193072   0.644%  93.836% 
[     700,     800 )  159391   0.531%  94.368% 
[     800,     900 )  114973   0.383%  94.751% 
[     900,    1000 )   86054   0.287%  95.038% 
[    1000,    1200 )  150529   0.502%  95.540% 
[    1200,    1400 )  110066   0.367%  95.906% 
[    1400,    1600 )   91959   0.307%  96.213% 
[    1600,    1800 )   80852   0.270%  96.483% 
[    1800,    2000 )   72403   0.241%  96.724% 
[    2000,    2500 )  136768   0.456%  97.180% 
[    2500,    3000 )   89065   0.297%  97.477% 
[    3000,    3500 )   52116   0.174%  97.650% 
[    3500,    4000 )   32895   0.110%  97.760% 
[    4000,    4500 )   22653   0.076%  97.835% 
[    4500,    5000 )   16449   0.055%  97.890% 
[    5000,    6000 )   23579   0.079%  97.969% 
[    6000,    7000 )   16827   0.056%  98.025% 
[    7000,    8000 )   14227   0.047%  98.072% 
[    8000,    9000 )   17842   0.059%  98.132% 
[    9000,   10000 )   24125   0.080%  98.212% 
[   10000,   12000 )   65308   0.218%  98.430% 
[   12000,   14000 )  107974   0.360%  98.790% 
[   14000,   16000 )  136572   0.455%  99.245% 
[   16000,   18000 )   75507   0.252%  99.497% 
[   18000,   20000 )   35395   0.118%  99.615% 
[   20000,   25000 )   41322   0.138%  99.753% 
[   25000,   30000 )   23386   0.078%  99.831% 
[   30000,   35000 )   13239   0.044%  99.875% 
[   35000,   40000 )    9611   0.032%  99.907% 
[   40000,   45000 )    7244   0.024%  99.931% 
[   45000,   50000 )    4215   0.014%  99.945% 
[   50000,   60000 )    5998   0.020%  99.965% 
[   60000,   70000 )    3741   0.012%  99.977% 
[   70000,   80000 )    2778   0.009%  99.987% 
[   80000,   90000 )    1606   0.005%  99.992% 
[   90000,  100000 )    1097   0.004%  99.996% 
[  100000,  120000 )     821   0.003%  99.998% 
[  120000,  140000 )     135   0.000%  99.999% 
[  140000,  160000 )     143   0.000%  99.999% 
[  160000,  180000 )     124   0.000% 100.000% 
[  180000,  200000 )      70   0.000% 100.000% 
[  200000,  250000 )      15   0.000% 100.000% 


