
nofdb	workloads/workloadc_zipfian.spec	32
# Load duration (sec): 535.603
# Loading records:	30000000
# Load throughput (KOPS): 56.0116
Count: 30000000  Average: 569.8790  StdDev: 4349.47
Percentiles(us): P50: 151.11 P90: 433.19 P99: 14597.64 P99.9: 30628.03 P99.99: 56659.45
------------------------------------------------------
[      70,      80 )    3391   0.011%   0.011% 
[      80,      90 )  411218   1.371%   1.382% 
[      90,     100 ) 2507471   8.358%   9.740% ##
[     100,     120 ) 6280701  20.936%  30.676% ####
[     120,     140 ) 4204581  14.015%  44.691% ###
[     140,     160 ) 2865861   9.553%  54.244% ##
[     160,     180 ) 2490547   8.302%  62.546% ##
[     180,     200 ) 1881137   6.270%  68.816% #
[     200,     250 ) 2847524   9.492%  78.308% ##
[     250,     300 ) 1593691   5.312%  83.620% #
[     300,     350 )  990220   3.301%  86.921% #
[     350,     400 )  648362   2.161%  89.082% 
[     400,     450 )  414745   1.382%  90.465% 
[     450,     500 )  280948   0.936%  91.401% 
[     500,     600 )  368360   1.228%  92.629% 
[     600,     700 )  229753   0.766%  93.395% 
[     700,     800 )  190421   0.635%  94.030% 
[     800,     900 )  129657   0.432%  94.462% 
[     900,    1000 )  101428   0.338%  94.800% 
[    1000,    1200 )  179987   0.600%  95.400% 
[    1200,    1400 )  122780   0.409%  95.809% 
[    1400,    1600 )  111333   0.371%  96.180% 
[    1600,    1800 )   96042   0.320%  96.501% 
[    1800,    2000 )   80835   0.269%  96.770% 
[    2000,    2500 )  139755   0.466%  97.236% 
[    2500,    3000 )   85086   0.284%  97.519% 
[    3000,    3500 )   52161   0.174%  97.693% 
[    3500,    4000 )   35107   0.117%  97.810% 
[    4000,    4500 )   24139   0.080%  97.891% 
[    4500,    5000 )   18181   0.061%  97.951% 
[    5000,    6000 )   25078   0.084%  98.035% 
[    6000,    7000 )   16844   0.056%  98.091% 
[    7000,    8000 )   14259   0.048%  98.139% 
[    8000,    9000 )   17853   0.060%  98.198% 
[    9000,   10000 )   24125   0.080%  98.279% 
[   10000,   12000 )   65598   0.219%  98.497% 
[   12000,   14000 )  110282   0.368%  98.865% 
[   14000,   16000 )  135663   0.452%  99.317% 
[   16000,   18000 )   77290   0.258%  99.575% 
[   18000,   20000 )   34568   0.115%  99.690% 
[   20000,   25000 )   40078   0.134%  99.824% 
[   25000,   30000 )   21516   0.072%  99.895% 
[   30000,   35000 )   11337   0.038%  99.933% 
[   35000,   40000 )    7604   0.025%  99.958% 
[   40000,   45000 )    5238   0.017%  99.976% 
[   45000,   50000 )    2706   0.009%  99.985% 
[   50000,   60000 )    2311   0.008%  99.993% 
[   60000,   70000 )     884   0.003%  99.996% 
[   70000,   80000 )     400   0.001%  99.997% 
[   80000,   90000 )     134   0.000%  99.997% 
[   90000,  100000 )     128   0.000%  99.998% 
[  100000,  120000 )     141   0.000%  99.998% 
[  120000,  140000 )      96   0.000%  99.999% 
[  140000,  160000 )      67   0.000%  99.999% 
[  180000,  200000 )       2   0.000%  99.999% 
[  200000,  250000 )      72   0.000%  99.999% 
[  250000,  300000 )       2   0.000%  99.999% 
[  300000,  350000 )     110   0.000%  99.999% 
[  350000,  400000 )      64   0.000% 100.000% 
[  400000,  450000 )       7   0.000% 100.000% 
[  450000,  500000 )       7   0.000% 100.000% 
[  500000,  600000 )      32   0.000% 100.000% 
[  700000,  800000 )      49   0.000% 100.000% 
[  800000,  900000 )       1   0.000% 100.000% 
[ 3000000, 3500000 )      32   0.000% 100.000% 


---------- RPC REPLICA STATISTICS -----------
Avg send latency (us):	319403
Avg receive latency (us):	6.14891e+11

# Run duration (sec): 244.049
# Run operations:	30000000
# Run throughput (KOPS): 122.926
Count: 30000000  Average: 258.0614  StdDev: 1301.66
Percentiles(us): P50: 145.02 P90: 275.11 P99: 972.44 P99.9: 17089.26 P99.99: 22705.05
------------------------------------------------------
[      35,      40 )       7   0.000%   0.000% 
[      40,      45 )     996   0.003%   0.003% 
[      45,      50 )    2258   0.008%   0.011% 
[      50,      60 )    1823   0.006%   0.017% 
[      60,      70 )    6117   0.020%   0.037% 
[      70,      80 )  301564   1.005%   1.043% 
[      80,      90 )  597593   1.992%   3.035% 
[      90,     100 )  346149   1.154%   4.188% 
[     100,     120 ) 1924360   6.415%  10.603% #
[     120,     140 ) 10304832  34.349%  44.952% #######
[     140,     160 ) 6028729  20.096%  65.048% ####
[     160,     180 ) 2232860   7.443%  72.491% #
[     180,     200 ) 1824497   6.082%  78.573% #
[     200,     250 ) 2841797   9.473%  88.045% ##
[     250,     300 ) 1167766   3.893%  91.938% #
[     300,     350 )  792233   2.641%  94.579% #
[     350,     400 )  432554   1.442%  96.020% 
[     400,     450 )  272244   0.907%  96.928% 
[     450,     500 )  178589   0.595%  97.523% 
[     500,     600 )  208584   0.695%  98.219% 
[     600,     700 )  110839   0.369%  98.588% 
[     700,     800 )   64496   0.215%  98.803% 
[     800,     900 )   39803   0.133%  98.936% 
[     900,    1000 )   26656   0.089%  99.024% 
[    1000,    1200 )   30900   0.103%  99.127% 
[    1200,    1400 )   16624   0.055%  99.183% 
[    1400,    1600 )   10539   0.035%  99.218% 
[    1600,    1800 )    7454   0.025%  99.243% 
[    1800,    2000 )    5840   0.019%  99.262% 
[    2000,    2500 )   11406   0.038%  99.300% 
[    2500,    3000 )    8038   0.027%  99.327% 
[    3000,    3500 )    5808   0.019%  99.347% 
[    3500,    4000 )    5120   0.017%  99.364% 
[    4000,    4500 )    5058   0.017%  99.380% 
[    4500,    5000 )    4913   0.016%  99.397% 
[    5000,    6000 )    9301   0.031%  99.428% 
[    6000,    7000 )    9585   0.032%  99.460% 
[    7000,    8000 )   10122   0.034%  99.494% 
[    8000,    9000 )   10419   0.035%  99.528% 
[    9000,   10000 )   11182   0.037%  99.566% 
[   10000,   12000 )   25752   0.086%  99.651% 
[   12000,   14000 )   26961   0.090%  99.741% 
[   14000,   16000 )   30108   0.100%  99.842% 
[   16000,   18000 )   32176   0.107%  99.949% 
[   18000,   20000 )   11319   0.038%  99.987% 
[   20000,   25000 )    1902   0.006%  99.993% 
[   25000,   30000 )    1166   0.004%  99.997% 
[   30000,   35000 )     294   0.001%  99.998% 
[   35000,   40000 )      98   0.000%  99.998% 
[   40000,   45000 )     162   0.001%  99.999% 
[   45000,   50000 )     120   0.000%  99.999% 
[   50000,   60000 )      78   0.000%  99.999% 
[   60000,   70000 )      32   0.000%  99.999% 
[   70000,   80000 )      19   0.000%  99.999% 
[   80000,   90000 )      15   0.000% 100.000% 
[   90000,  100000 )      11   0.000% 100.000% 
[  100000,  120000 )      46   0.000% 100.000% 
[  120000,  140000 )      11   0.000% 100.000% 
[  140000,  160000 )       4   0.000% 100.000% 
[  160000,  180000 )       3   0.000% 100.000% 
[  180000,  200000 )       6   0.000% 100.000% 
[  200000,  250000 )      10   0.000% 100.000% 
[  250000,  300000 )       7   0.000% 100.000% 
[  300000,  350000 )       5   0.000% 100.000% 
[  350000,  400000 )       7   0.000% 100.000% 
[  400000,  450000 )       5   0.000% 100.000% 
[  450000,  500000 )       2   0.000% 100.000% 
[  500000,  600000 )       9   0.000% 100.000% 
[  600000,  700000 )       8   0.000% 100.000% 
[  700000,  800000 )       2   0.000% 100.000% 
[  800000,  900000 )       7   0.000% 100.000% 

Read info: 
Count: 30000000  Average: 258.0614  StdDev: 1301.66
Percentiles(us): P50: 145.02 P90: 275.11 P99: 972.44 P99.9: 17089.26 P99.99: 22705.05
------------------------------------------------------
[      35,      40 )       7   0.000%   0.000% 
[      40,      45 )     996   0.003%   0.003% 
[      45,      50 )    2258   0.008%   0.011% 
[      50,      60 )    1823   0.006%   0.017% 
[      60,      70 )    6117   0.020%   0.037% 
[      70,      80 )  301564   1.005%   1.043% 
[      80,      90 )  597593   1.992%   3.035% 
[      90,     100 )  346149   1.154%   4.188% 
[     100,     120 ) 1924360   6.415%  10.603% #
[     120,     140 ) 10304832  34.349%  44.952% #######
[     140,     160 ) 6028729  20.096%  65.048% ####
[     160,     180 ) 2232860   7.443%  72.491% #
[     180,     200 ) 1824497   6.082%  78.573% #
[     200,     250 ) 2841797   9.473%  88.045% ##
[     250,     300 ) 1167766   3.893%  91.938% #
[     300,     350 )  792233   2.641%  94.579% #
[     350,     400 )  432554   1.442%  96.020% 
[     400,     450 )  272244   0.907%  96.928% 
[     450,     500 )  178589   0.595%  97.523% 
[     500,     600 )  208584   0.695%  98.219% 
[     600,     700 )  110839   0.369%  98.588% 
[     700,     800 )   64496   0.215%  98.803% 
[     800,     900 )   39803   0.133%  98.936% 
[     900,    1000 )   26656   0.089%  99.024% 
[    1000,    1200 )   30900   0.103%  99.127% 
[    1200,    1400 )   16624   0.055%  99.183% 
[    1400,    1600 )   10539   0.035%  99.218% 
[    1600,    1800 )    7454   0.025%  99.243% 
[    1800,    2000 )    5840   0.019%  99.262% 
[    2000,    2500 )   11406   0.038%  99.300% 
[    2500,    3000 )    8038   0.027%  99.327% 
[    3000,    3500 )    5808   0.019%  99.347% 
[    3500,    4000 )    5120   0.017%  99.364% 
[    4000,    4500 )    5058   0.017%  99.380% 
[    4500,    5000 )    4913   0.016%  99.397% 
[    5000,    6000 )    9301   0.031%  99.428% 
[    6000,    7000 )    9585   0.032%  99.460% 
[    7000,    8000 )   10122   0.034%  99.494% 
[    8000,    9000 )   10419   0.035%  99.528% 
[    9000,   10000 )   11182   0.037%  99.566% 
[   10000,   12000 )   25752   0.086%  99.651% 
[   12000,   14000 )   26961   0.090%  99.741% 
[   14000,   16000 )   30108   0.100%  99.842% 
[   16000,   18000 )   32176   0.107%  99.949% 
[   18000,   20000 )   11319   0.038%  99.987% 
[   20000,   25000 )    1902   0.006%  99.993% 
[   25000,   30000 )    1166   0.004%  99.997% 
[   30000,   35000 )     294   0.001%  99.998% 
[   35000,   40000 )      98   0.000%  99.998% 
[   40000,   45000 )     162   0.001%  99.999% 
[   45000,   50000 )     120   0.000%  99.999% 
[   50000,   60000 )      78   0.000%  99.999% 
[   60000,   70000 )      32   0.000%  99.999% 
[   70000,   80000 )      19   0.000%  99.999% 
[   80000,   90000 )      15   0.000% 100.000% 
[   90000,  100000 )      11   0.000% 100.000% 
[  100000,  120000 )      46   0.000% 100.000% 
[  120000,  140000 )      11   0.000% 100.000% 
[  140000,  160000 )       4   0.000% 100.000% 
[  160000,  180000 )       3   0.000% 100.000% 
[  180000,  200000 )       6   0.000% 100.000% 
[  200000,  250000 )      10   0.000% 100.000% 
[  250000,  300000 )       7   0.000% 100.000% 
[  300000,  350000 )       5   0.000% 100.000% 
[  350000,  400000 )       7   0.000% 100.000% 
[  400000,  450000 )       5   0.000% 100.000% 
[  450000,  500000 )       2   0.000% 100.000% 
[  500000,  600000 )       9   0.000% 100.000% 
[  600000,  700000 )       8   0.000% 100.000% 
[  700000,  800000 )       2   0.000% 100.000% 
[  800000,  900000 )       7   0.000% 100.000% 

Write info: 
Count: 0  Average: 0.0000  StdDev: 0.00
Percentiles(us): P50: -nan P90: -nan P99: -nan P99.9: -nan P99.99: -nan
------------------------------------------------------


