
nofdb	workloads/workloadg_zipfian.spec	32
# Load duration (sec): 548.353
# Loading records:	30000000
# Load throughput (KOPS): 54.7093
Count: 30000000  Average: 583.1199  StdDev: 4423.13
Percentiles(us): P50: 149.87 P90: 430.14 P99: 14864.84 P99.9: 33939.42 P99.99: 61773.50
------------------------------------------------------
[      70,      80 )    1291   0.004%   0.004% 
[      80,      90 )  351838   1.173%   1.177% 
[      90,     100 ) 2599811   8.666%   9.843% ##
[     100,     120 ) 6345531  21.152%  30.995% ####
[     120,     140 ) 4277034  14.257%  45.252% ###
[     140,     160 ) 2886290   9.621%  54.873% ##
[     160,     180 ) 2528171   8.427%  63.300% ##
[     180,     200 ) 1870219   6.234%  69.534% #
[     200,     250 ) 2809710   9.366%  78.900% ##
[     250,     300 ) 1575311   5.251%  84.151% #
[     300,     350 )  941922   3.140%  87.290% #
[     350,     400 )  582649   1.942%  89.233% 
[     400,     450 )  381883   1.273%  90.506% 
[     450,     500 )  277802   0.926%  91.432% 
[     500,     600 )  385112   1.284%  92.715% 
[     600,     700 )  220565   0.735%  93.450% 
[     700,     800 )  185002   0.617%  94.067% 
[     800,     900 )  134535   0.448%  94.516% 
[     900,    1000 )  106230   0.354%  94.870% 
[    1000,    1200 )  172589   0.575%  95.445% 
[    1200,    1400 )  126512   0.422%  95.867% 
[    1400,    1600 )  103131   0.344%  96.210% 
[    1600,    1800 )   92204   0.307%  96.518% 
[    1800,    2000 )   80325   0.268%  96.786% 
[    2000,    2500 )  147919   0.493%  97.279% 
[    2500,    3000 )   84974   0.283%  97.562% 
[    3000,    3500 )   47568   0.159%  97.720% 
[    3500,    4000 )   29500   0.098%  97.819% 
[    4000,    4500 )   19724   0.066%  97.885% 
[    4500,    5000 )   15225   0.051%  97.935% 
[    5000,    6000 )   21071   0.070%  98.005% 
[    6000,    7000 )   15025   0.050%  98.056% 
[    7000,    8000 )   13028   0.043%  98.099% 
[    8000,    9000 )   17024   0.057%  98.156% 
[    9000,   10000 )   23878   0.080%  98.235% 
[   10000,   12000 )   65133   0.217%  98.452% 
[   12000,   14000 )  105827   0.353%  98.805% 
[   14000,   16000 )  135139   0.450%  99.256% 
[   16000,   18000 )   77138   0.257%  99.513% 
[   18000,   20000 )   35541   0.118%  99.631% 
[   20000,   25000 )   44021   0.147%  99.778% 
[   25000,   30000 )   25700   0.086%  99.864% 
[   30000,   35000 )   13832   0.046%  99.910% 
[   35000,   40000 )    9779   0.033%  99.942% 
[   40000,   45000 )    6705   0.022%  99.965% 
[   45000,   50000 )    3885   0.013%  99.978% 
[   50000,   60000 )    3448   0.011%  99.989% 
[   60000,   70000 )    1404   0.005%  99.994% 
[   70000,   80000 )     541   0.002%  99.996% 
[   80000,   90000 )     341   0.001%  99.997% 
[   90000,  100000 )     216   0.001%  99.998% 
[  100000,  120000 )     202   0.001%  99.998% 
[  120000,  140000 )      38   0.000%  99.998% 
[  140000,  160000 )      78   0.000%  99.999% 
[  160000,  180000 )      83   0.000%  99.999% 
[  180000,  200000 )      32   0.000%  99.999% 
[  200000,  250000 )      58   0.000%  99.999% 
[  250000,  300000 )      70   0.000%  99.999% 
[  300000,  350000 )      26   0.000%  99.999% 
[  350000,  400000 )      18   0.000% 100.000% 
[  400000,  450000 )      46   0.000% 100.000% 
[  600000,  700000 )      32   0.000% 100.000% 
[  700000,  800000 )      32   0.000% 100.000% 
[ 3000000, 3500000 )      32   0.000% 100.000% 


---------- RPC REPLICA STATISTICS -----------
Avg send latency (us):	448067
Avg receive latency (us):	6.14891e+11

# Run duration (sec): 628.91
# Run operations:	30000000
# Run throughput (KOPS): 47.7016
Count: 30000000  Average: 669.3511  StdDev: 3306.27
Percentiles(us): P50: 153.32 P90: 499.28 P99: 15495.38 P99.9: 43743.41 P99.99: 91844.43
------------------------------------------------------
[      70,      80 )     148   0.000%   0.000% 
[      80,      90 )  166015   0.553%   0.554% 
[      90,     100 ) 2156981   7.190%   7.744% #
[     100,     120 ) 6589517  21.965%  29.709% ####
[     120,     140 ) 4225934  14.086%  43.795% ###
[     140,     160 ) 2795689   9.319%  53.114% ##
[     160,     180 ) 2418658   8.062%  61.176% ##
[     180,     200 ) 1834135   6.114%  67.290% #
[     200,     250 ) 2763904   9.213%  76.503% ##
[     250,     300 ) 1588502   5.295%  81.798% #
[     300,     350 ) 1004886   3.350%  85.148% #
[     350,     400 )  664825   2.216%  87.364% 
[     400,     450 )  458245   1.527%  88.891% 
[     450,     500 )  337443   1.125%  90.016% 
[     500,     600 )  467114   1.557%  91.573% 
[     600,     700 )  286258   0.954%  92.528% 
[     700,     800 )  220088   0.734%  93.261% 
[     800,     900 )  153871   0.513%  93.774% 
[     900,    1000 )  115820   0.386%  94.160% 
[    1000,    1200 )  186491   0.622%  94.782% 
[    1200,    1400 )  134252   0.448%  95.229% 
[    1400,    1600 )  110965   0.370%  95.599% 
[    1600,    1800 )   97936   0.326%  95.926% 
[    1800,    2000 )   88127   0.294%  96.219% 
[    2000,    2500 )  169374   0.565%  96.784% 
[    2500,    3000 )  104954   0.350%  97.134% 
[    3000,    3500 )   61687   0.206%  97.339% 
[    3500,    4000 )   39670   0.132%  97.472% 
[    4000,    4500 )   28164   0.094%  97.566% 
[    4500,    5000 )   21665   0.072%  97.638% 
[    5000,    6000 )   30522   0.102%  97.739% 
[    6000,    7000 )   22394   0.075%  97.814% 
[    7000,    8000 )   18894   0.063%  97.877% 
[    8000,    9000 )   21398   0.071%  97.948% 
[    9000,   10000 )   25839   0.086%  98.035% 
[   10000,   12000 )   64813   0.216%  98.251% 
[   12000,   14000 )  115958   0.387%  98.637% 
[   14000,   16000 )  145600   0.485%  99.122% 
[   16000,   18000 )   80282   0.268%  99.390% 
[   18000,   20000 )   41496   0.138%  99.528% 
[   20000,   25000 )   49315   0.164%  99.693% 
[   25000,   30000 )   28657   0.096%  99.788% 
[   30000,   35000 )   16094   0.054%  99.842% 
[   35000,   40000 )   11453   0.038%  99.880% 
[   40000,   45000 )    7970   0.027%  99.907% 
[   45000,   50000 )    5285   0.018%  99.924% 
[   50000,   60000 )    6516   0.022%  99.946% 
[   60000,   70000 )    5445   0.018%  99.964% 
[   70000,   80000 )    4498   0.015%  99.979% 
[   80000,   90000 )    2857   0.010%  99.989% 
[   90000,  100000 )    2147   0.007%  99.996% 
[  100000,  120000 )     877   0.003%  99.999% 
[  120000,  140000 )     220   0.001%  99.999% 
[  140000,  160000 )     109   0.000% 100.000% 
[  160000,  180000 )      15   0.000% 100.000% 
[  180000,  200000 )      28   0.000% 100.000% 

Read info: 
Count: 0  Average: 0.0000  StdDev: 0.00
Percentiles(us): P50: -nan P90: -nan P99: -nan P99.9: -nan P99.99: -nan
------------------------------------------------------

Write info: 
Count: 30000000  Average: 669.3511  StdDev: 3306.27
Percentiles(us): P50: 153.32 P90: 499.28 P99: 15495.38 P99.9: 43743.41 P99.99: 91844.43
------------------------------------------------------
[      70,      80 )     148   0.000%   0.000% 
[      80,      90 )  166015   0.553%   0.554% 
[      90,     100 ) 2156981   7.190%   7.744% #
[     100,     120 ) 6589517  21.965%  29.709% ####
[     120,     140 ) 4225934  14.086%  43.795% ###
[     140,     160 ) 2795689   9.319%  53.114% ##
[     160,     180 ) 2418658   8.062%  61.176% ##
[     180,     200 ) 1834135   6.114%  67.290% #
[     200,     250 ) 2763904   9.213%  76.503% ##
[     250,     300 ) 1588502   5.295%  81.798% #
[     300,     350 ) 1004886   3.350%  85.148% #
[     350,     400 )  664825   2.216%  87.364% 
[     400,     450 )  458245   1.527%  88.891% 
[     450,     500 )  337443   1.125%  90.016% 
[     500,     600 )  467114   1.557%  91.573% 
[     600,     700 )  286258   0.954%  92.528% 
[     700,     800 )  220088   0.734%  93.261% 
[     800,     900 )  153871   0.513%  93.774% 
[     900,    1000 )  115820   0.386%  94.160% 
[    1000,    1200 )  186491   0.622%  94.782% 
[    1200,    1400 )  134252   0.448%  95.229% 
[    1400,    1600 )  110965   0.370%  95.599% 
[    1600,    1800 )   97936   0.326%  95.926% 
[    1800,    2000 )   88127   0.294%  96.219% 
[    2000,    2500 )  169374   0.565%  96.784% 
[    2500,    3000 )  104954   0.350%  97.134% 
[    3000,    3500 )   61687   0.206%  97.339% 
[    3500,    4000 )   39670   0.132%  97.472% 
[    4000,    4500 )   28164   0.094%  97.566% 
[    4500,    5000 )   21665   0.072%  97.638% 
[    5000,    6000 )   30522   0.102%  97.739% 
[    6000,    7000 )   22394   0.075%  97.814% 
[    7000,    8000 )   18894   0.063%  97.877% 
[    8000,    9000 )   21398   0.071%  97.948% 
[    9000,   10000 )   25839   0.086%  98.035% 
[   10000,   12000 )   64813   0.216%  98.251% 
[   12000,   14000 )  115958   0.387%  98.637% 
[   14000,   16000 )  145600   0.485%  99.122% 
[   16000,   18000 )   80282   0.268%  99.390% 
[   18000,   20000 )   41496   0.138%  99.528% 
[   20000,   25000 )   49315   0.164%  99.693% 
[   25000,   30000 )   28657   0.096%  99.788% 
[   30000,   35000 )   16094   0.054%  99.842% 
[   35000,   40000 )   11453   0.038%  99.880% 
[   40000,   45000 )    7970   0.027%  99.907% 
[   45000,   50000 )    5285   0.018%  99.924% 
[   50000,   60000 )    6516   0.022%  99.946% 
[   60000,   70000 )    5445   0.018%  99.964% 
[   70000,   80000 )    4498   0.015%  99.979% 
[   80000,   90000 )    2857   0.010%  99.989% 
[   90000,  100000 )    2147   0.007%  99.996% 
[  100000,  120000 )     877   0.003%  99.999% 
[  120000,  140000 )     220   0.001%  99.999% 
[  140000,  160000 )     109   0.000% 100.000% 
[  160000,  180000 )      15   0.000% 100.000% 
[  180000,  200000 )      28   0.000% 100.000% 


