
nofdb	workloads/workloadc_uniform.spec	32
# Load duration (sec): 555.919
# Loading records:	30000000
# Load throughput (KOPS): 53.9647
Count: 30000000  Average: 591.1681  StdDev: 4463.77
Percentiles(us): P50: 149.42 P90: 449.35 P99: 14727.05 P99.9: 33380.86 P99.99: 62090.84
------------------------------------------------------
[      70,      80 )    2389   0.008%   0.008% 
[      80,      90 )  411782   1.373%   1.381% 
[      90,     100 ) 2678909   8.930%  10.310% ##
[     100,     120 ) 6501897  21.673%  31.983% ####
[     120,     140 ) 4121122  13.737%  45.720% ###
[     140,     160 ) 2726954   9.090%  54.810% ##
[     160,     180 ) 2408323   8.028%  62.838% ##
[     180,     200 ) 1793242   5.977%  68.815% #
[     200,     250 ) 2691546   8.972%  77.787% ##
[     250,     300 ) 1527558   5.092%  82.879% #
[     300,     350 )  997927   3.326%  86.205% #
[     350,     400 )  689123   2.297%  88.503% 
[     400,     450 )  455109   1.517%  90.020% 
[     450,     500 )  303291   1.011%  91.031% 
[     500,     600 )  385972   1.287%  92.317% 
[     600,     700 )  245553   0.819%  93.136% 
[     700,     800 )  201454   0.672%  93.807% 
[     800,     900 )  132917   0.443%  94.250% 
[     900,    1000 )  100442   0.335%  94.585% 
[    1000,    1200 )  188834   0.629%  95.214% 
[    1200,    1400 )  125383   0.418%  95.632% 
[    1400,    1600 )  112569   0.375%  96.008% 
[    1600,    1800 )   95384   0.318%  96.326% 
[    1800,    2000 )   80727   0.269%  96.595% 
[    2000,    2500 )  145318   0.484%  97.079% 
[    2500,    3000 )   90849   0.303%  97.382% 
[    3000,    3500 )   57090   0.190%  97.572% 
[    3500,    4000 )   42837   0.143%  97.715% 
[    4000,    4500 )   28382   0.095%  97.810% 
[    4500,    5000 )   20819   0.069%  97.879% 
[    5000,    6000 )   28909   0.096%  97.975% 
[    6000,    7000 )   20129   0.067%  98.042% 
[    7000,    8000 )   16182   0.054%  98.096% 
[    8000,    9000 )   18545   0.062%  98.158% 
[    9000,   10000 )   25147   0.084%  98.242% 
[   10000,   12000 )   69175   0.231%  98.473% 
[   12000,   14000 )  109539   0.365%  98.838% 
[   14000,   16000 )  133889   0.446%  99.284% 
[   16000,   18000 )   75704   0.252%  99.536% 
[   18000,   20000 )   33656   0.112%  99.649% 
[   20000,   25000 )   42241   0.141%  99.789% 
[   25000,   30000 )   24314   0.081%  99.870% 
[   30000,   35000 )   13115   0.044%  99.914% 
[   35000,   40000 )    9147   0.030%  99.945% 
[   40000,   45000 )    6521   0.022%  99.966% 
[   45000,   50000 )    3649   0.012%  99.979% 
[   50000,   60000 )    3146   0.010%  99.989% 
[   60000,   70000 )    1387   0.005%  99.994% 
[   70000,   80000 )     547   0.002%  99.995% 
[   80000,   90000 )     325   0.001%  99.997% 
[   90000,  100000 )     179   0.001%  99.997% 
[  100000,  120000 )     254   0.001%  99.998% 
[  120000,  140000 )     134   0.000%  99.998% 
[  140000,  160000 )      41   0.000%  99.999% 
[  160000,  180000 )       7   0.000%  99.999% 
[  180000,  200000 )      32   0.000%  99.999% 
[  200000,  250000 )       7   0.000%  99.999% 
[  250000,  300000 )      78   0.000%  99.999% 
[  300000,  350000 )     107   0.000%  99.999% 
[  400000,  450000 )      31   0.000%  99.999% 
[  450000,  500000 )      59   0.000% 100.000% 
[  500000,  600000 )       6   0.000% 100.000% 
[  700000,  800000 )      32   0.000% 100.000% 
[  900000, 1000000 )      32   0.000% 100.000% 
[ 2500000, 3000000 )       5   0.000% 100.000% 
[ 3000000, 3500000 )      27   0.000% 100.000% 


---------- RPC REPLICA STATISTICS -----------
Avg send latency (us):	481748
Avg receive latency (us):	6.14891e+11

# Run duration (sec): 261.13
# Run operations:	30000000
# Run throughput (KOPS): 114.886
Count: 30000000  Average: 276.8047  StdDev: 1282.73
Percentiles(us): P50: 147.95 P90: 260.99 P99: 1505.23 P99.9: 17588.94 P99.99: 20630.86
------------------------------------------------------
[      35,      40 )      11   0.000%   0.000% 
[      40,      45 )    1314   0.004%   0.004% 
[      45,      50 )    3129   0.010%   0.015% 
[      50,      60 )    3433   0.011%   0.026% 
[      60,      70 )     584   0.002%   0.028% 
[      70,      80 )     374   0.001%   0.029% 
[      80,      90 )     515   0.002%   0.031% 
[      90,     100 )    1677   0.006%   0.037% 
[     100,     120 ) 1402060   4.674%   4.710% #
[     120,     140 ) 10766926  35.890%  40.600% #######
[     140,     160 ) 7095171  23.651%  64.251% #####
[     160,     180 ) 2371643   7.905%  72.156% ##
[     180,     200 ) 1959127   6.530%  78.687% #
[     200,     250 ) 3151878  10.506%  89.193% ##
[     250,     300 ) 1101939   3.673%  92.866% #
[     300,     350 )  827191   2.757%  95.623% #
[     350,     400 )  395017   1.317%  96.940% 
[     400,     450 )  226014   0.753%  97.693% 
[     450,     500 )  129583   0.432%  98.125% 
[     500,     600 )  123377   0.411%  98.537% 
[     600,     700 )   50666   0.169%  98.705% 
[     700,     800 )   25998   0.087%  98.792% 
[     800,     900 )   15851   0.053%  98.845% 
[     900,    1000 )   11647   0.039%  98.884% 
[    1000,    1200 )   16928   0.056%  98.940% 
[    1200,    1400 )   12723   0.042%  98.983% 
[    1400,    1600 )    9929   0.033%  99.016% 
[    1600,    1800 )    8488   0.028%  99.044% 
[    1800,    2000 )    7420   0.025%  99.069% 
[    2000,    2500 )   14757   0.049%  99.118% 
[    2500,    3000 )   10932   0.036%  99.154% 
[    3000,    3500 )    8259   0.028%  99.182% 
[    3500,    4000 )    6875   0.023%  99.205% 
[    4000,    4500 )    6493   0.022%  99.226% 
[    4500,    5000 )    6272   0.021%  99.247% 
[    5000,    6000 )   12266   0.041%  99.288% 
[    6000,    7000 )   11372   0.038%  99.326% 
[    7000,    8000 )   13725   0.046%  99.372% 
[    8000,    9000 )   12756   0.043%  99.414% 
[    9000,   10000 )   13914   0.046%  99.461% 
[   10000,   12000 )   31655   0.106%  99.566% 
[   12000,   14000 )   30780   0.103%  99.669% 
[   14000,   16000 )   37592   0.125%  99.794% 
[   16000,   18000 )   39950   0.133%  99.927% 
[   18000,   20000 )   18614   0.062%  99.989% 
[   20000,   25000 )    1387   0.005%  99.994% 
[   25000,   30000 )     756   0.003%  99.997% 
[   30000,   35000 )     271   0.001%  99.997% 
[   35000,   40000 )      48   0.000%  99.998% 
[   40000,   45000 )     102   0.000%  99.998% 
[   45000,   50000 )     203   0.001%  99.999% 
[   50000,   60000 )      73   0.000%  99.999% 
[   60000,   70000 )      45   0.000%  99.999% 
[   70000,   80000 )      36   0.000%  99.999% 
[   80000,   90000 )      24   0.000%  99.999% 
[   90000,  100000 )      33   0.000%  99.999% 
[  100000,  120000 )      47   0.000%  99.999% 
[  120000,  140000 )      42   0.000% 100.000% 
[  140000,  160000 )      15   0.000% 100.000% 
[  160000,  180000 )      17   0.000% 100.000% 
[  180000,  200000 )      21   0.000% 100.000% 
[  200000,  250000 )      21   0.000% 100.000% 
[  250000,  300000 )      17   0.000% 100.000% 
[  300000,  350000 )      11   0.000% 100.000% 
[  350000,  400000 )       4   0.000% 100.000% 
[  450000,  500000 )       1   0.000% 100.000% 
[  500000,  600000 )       1   0.000% 100.000% 

Read info: 
Count: 30000000  Average: 276.8047  StdDev: 1282.73
Percentiles(us): P50: 147.95 P90: 260.99 P99: 1505.23 P99.9: 17588.94 P99.99: 20630.86
------------------------------------------------------
[      35,      40 )      11   0.000%   0.000% 
[      40,      45 )    1314   0.004%   0.004% 
[      45,      50 )    3129   0.010%   0.015% 
[      50,      60 )    3433   0.011%   0.026% 
[      60,      70 )     584   0.002%   0.028% 
[      70,      80 )     374   0.001%   0.029% 
[      80,      90 )     515   0.002%   0.031% 
[      90,     100 )    1677   0.006%   0.037% 
[     100,     120 ) 1402060   4.674%   4.710% #
[     120,     140 ) 10766926  35.890%  40.600% #######
[     140,     160 ) 7095171  23.651%  64.251% #####
[     160,     180 ) 2371643   7.905%  72.156% ##
[     180,     200 ) 1959127   6.530%  78.687% #
[     200,     250 ) 3151878  10.506%  89.193% ##
[     250,     300 ) 1101939   3.673%  92.866% #
[     300,     350 )  827191   2.757%  95.623% #
[     350,     400 )  395017   1.317%  96.940% 
[     400,     450 )  226014   0.753%  97.693% 
[     450,     500 )  129583   0.432%  98.125% 
[     500,     600 )  123377   0.411%  98.537% 
[     600,     700 )   50666   0.169%  98.705% 
[     700,     800 )   25998   0.087%  98.792% 
[     800,     900 )   15851   0.053%  98.845% 
[     900,    1000 )   11647   0.039%  98.884% 
[    1000,    1200 )   16928   0.056%  98.940% 
[    1200,    1400 )   12723   0.042%  98.983% 
[    1400,    1600 )    9929   0.033%  99.016% 
[    1600,    1800 )    8488   0.028%  99.044% 
[    1800,    2000 )    7420   0.025%  99.069% 
[    2000,    2500 )   14757   0.049%  99.118% 
[    2500,    3000 )   10932   0.036%  99.154% 
[    3000,    3500 )    8259   0.028%  99.182% 
[    3500,    4000 )    6875   0.023%  99.205% 
[    4000,    4500 )    6493   0.022%  99.226% 
[    4500,    5000 )    6272   0.021%  99.247% 
[    5000,    6000 )   12266   0.041%  99.288% 
[    6000,    7000 )   11372   0.038%  99.326% 
[    7000,    8000 )   13725   0.046%  99.372% 
[    8000,    9000 )   12756   0.043%  99.414% 
[    9000,   10000 )   13914   0.046%  99.461% 
[   10000,   12000 )   31655   0.106%  99.566% 
[   12000,   14000 )   30780   0.103%  99.669% 
[   14000,   16000 )   37592   0.125%  99.794% 
[   16000,   18000 )   39950   0.133%  99.927% 
[   18000,   20000 )   18614   0.062%  99.989% 
[   20000,   25000 )    1387   0.005%  99.994% 
[   25000,   30000 )     756   0.003%  99.997% 
[   30000,   35000 )     271   0.001%  99.997% 
[   35000,   40000 )      48   0.000%  99.998% 
[   40000,   45000 )     102   0.000%  99.998% 
[   45000,   50000 )     203   0.001%  99.999% 
[   50000,   60000 )      73   0.000%  99.999% 
[   60000,   70000 )      45   0.000%  99.999% 
[   70000,   80000 )      36   0.000%  99.999% 
[   80000,   90000 )      24   0.000%  99.999% 
[   90000,  100000 )      33   0.000%  99.999% 
[  100000,  120000 )      47   0.000%  99.999% 
[  120000,  140000 )      42   0.000% 100.000% 
[  140000,  160000 )      15   0.000% 100.000% 
[  160000,  180000 )      17   0.000% 100.000% 
[  180000,  200000 )      21   0.000% 100.000% 
[  200000,  250000 )      21   0.000% 100.000% 
[  250000,  300000 )      17   0.000% 100.000% 
[  300000,  350000 )      11   0.000% 100.000% 
[  350000,  400000 )       4   0.000% 100.000% 
[  450000,  500000 )       1   0.000% 100.000% 
[  500000,  600000 )       1   0.000% 100.000% 

Write info: 
Count: 0  Average: 0.0000  StdDev: 0.00
Percentiles(us): P50: -nan P90: -nan P99: -nan P99.9: -nan P99.99: -nan
------------------------------------------------------


