
nofdb	workloads/workloadc_zipfian.spec	32
# Load duration (sec): 537.722
# Loading records:	30000000
# Load throughput (KOPS): 55.7909
Count: 30000000  Average: 572.3450  StdDev: 4389.35
Percentiles(us): P50: 151.52 P90: 444.67 P99: 14561.64 P99.9: 30309.02 P99.99: 58996.45
------------------------------------------------------
[      70,      80 )    2478   0.008%   0.008% 
[      80,      90 )  379364   1.265%   1.273% 
[      90,     100 ) 2538885   8.463%   9.736% ##
[     100,     120 ) 6247691  20.826%  30.561% ####
[     120,     140 ) 4192316  13.974%  44.536% ###
[     140,     160 ) 2845292   9.484%  54.020% ##
[     160,     180 ) 2488916   8.296%  62.316% ##
[     180,     200 ) 1850557   6.169%  68.485% #
[     200,     250 ) 2813679   9.379%  77.864% ##
[     250,     300 ) 1596511   5.322%  83.186% #
[     300,     350 )  996591   3.322%  86.508% #
[     350,     400 )  658760   2.196%  88.703% 
[     400,     450 )  435335   1.451%  90.155% 
[     450,     500 )  302368   1.008%  91.162% 
[     500,     600 )  397484   1.325%  92.487% 
[     600,     700 )  237548   0.792%  93.279% 
[     700,     800 )  197349   0.658%  93.937% 
[     800,     900 )  133935   0.446%  94.384% 
[     900,    1000 )  102481   0.342%  94.725% 
[    1000,    1200 )  182305   0.608%  95.333% 
[    1200,    1400 )  127247   0.424%  95.757% 
[    1400,    1600 )  111783   0.373%  96.130% 
[    1600,    1800 )   96357   0.321%  96.451% 
[    1800,    2000 )   83761   0.279%  96.730% 
[    2000,    2500 )  147750   0.492%  97.222% 
[    2500,    3000 )   90246   0.301%  97.523% 
[    3000,    3500 )   53445   0.178%  97.701% 
[    3500,    4000 )   35822   0.119%  97.821% 
[    4000,    4500 )   24414   0.081%  97.902% 
[    4500,    5000 )   18143   0.060%  97.963% 
[    5000,    6000 )   24640   0.082%  98.045% 
[    6000,    7000 )   16518   0.055%  98.100% 
[    7000,    8000 )   13408   0.045%  98.145% 
[    8000,    9000 )   15985   0.053%  98.198% 
[    9000,   10000 )   22844   0.076%  98.274% 
[   10000,   12000 )   62581   0.209%  98.483% 
[   12000,   14000 )  117237   0.391%  98.873% 
[   14000,   16000 )  135226   0.451%  99.324% 
[   16000,   18000 )   78073   0.260%  99.584% 
[   18000,   20000 )   35983   0.120%  99.704% 
[   20000,   25000 )   38844   0.129%  99.834% 
[   25000,   30000 )   19194   0.064%  99.898% 
[   30000,   35000 )   10582   0.035%  99.933% 
[   35000,   40000 )    7768   0.026%  99.959% 
[   40000,   45000 )    4604   0.015%  99.974% 
[   45000,   50000 )    2674   0.009%  99.983% 
[   50000,   60000 )    2252   0.008%  99.991% 
[   60000,   70000 )     953   0.003%  99.994% 
[   70000,   80000 )     544   0.002%  99.996% 
[   80000,   90000 )     301   0.001%  99.997% 
[   90000,  100000 )     170   0.001%  99.997% 
[  100000,  120000 )     105   0.000%  99.998% 
[  120000,  140000 )      41   0.000%  99.998% 
[  140000,  160000 )     120   0.000%  99.998% 
[  160000,  180000 )      56   0.000%  99.998% 
[  180000,  200000 )      28   0.000%  99.998% 
[  200000,  250000 )      72   0.000%  99.999% 
[  250000,  300000 )      20   0.000%  99.999% 
[  300000,  350000 )     148   0.000%  99.999% 
[  350000,  400000 )      56   0.000%  99.999% 
[  450000,  500000 )      44   0.000% 100.000% 
[  500000,  600000 )      20   0.000% 100.000% 
[  700000,  800000 )      32   0.000% 100.000% 
[  800000,  900000 )      32   0.000% 100.000% 
[ 2500000, 3000000 )       1   0.000% 100.000% 
[ 3000000, 3500000 )      31   0.000% 100.000% 


# Run duration (sec): 298.969
# Run operations:	30000000
# Run throughput (KOPS): 100.345
Count: 30000000  Average: 316.4143  StdDev: 1648.90
Percentiles(us): P50: 145.72 P90: 289.92 P99: 4586.30 P99.9: 18351.02 P99.99: 26560.39
------------------------------------------------------
[      40,      45 )     374   0.001%   0.001% 
[      45,      50 )    2374   0.008%   0.009% 
[      50,      60 )    2677   0.009%   0.018% 
[      60,      70 )     632   0.002%   0.020% 
[      70,      80 )  177505   0.592%   0.612% 
[      80,      90 )  714009   2.380%   2.992% 
[      90,     100 )  294951   0.983%   3.975% 
[     100,     120 ) 1757380   5.858%   9.833% #
[     120,     140 ) 10169528  33.898%  43.731% #######
[     140,     160 ) 6580864  21.936%  65.668% ####
[     160,     180 ) 2102973   7.010%  72.678% #
[     180,     200 ) 1684195   5.614%  78.292% #
[     200,     250 ) 2648448   8.828%  87.120% ##
[     250,     300 ) 1082174   3.607%  90.727% #
[     300,     350 )  783792   2.613%  93.340% #
[     350,     400 )  446040   1.487%  94.826% 
[     400,     450 )  297336   0.991%  95.818% 
[     450,     500 )  207303   0.691%  96.509% 
[     500,     600 )  258586   0.862%  97.370% 
[     600,     700 )  145095   0.484%  97.854% 
[     700,     800 )   86079   0.287%  98.141% 
[     800,     900 )   53549   0.178%  98.320% 
[     900,    1000 )   35732   0.119%  98.439% 
[    1000,    1200 )   42992   0.143%  98.582% 
[    1200,    1400 )   23818   0.079%  98.661% 
[    1400,    1600 )   15822   0.053%  98.714% 
[    1600,    1800 )   12264   0.041%  98.755% 
[    1800,    2000 )    9994   0.033%  98.788% 
[    2000,    2500 )   19226   0.064%  98.852% 
[    2500,    3000 )   14581   0.049%  98.901% 
[    3000,    3500 )   10782   0.036%  98.937% 
[    3500,    4000 )    8816   0.029%  98.966% 
[    4000,    4500 )    8558   0.029%  98.995% 
[    4500,    5000 )    8986   0.030%  99.025% 
[    5000,    6000 )   14472   0.048%  99.073% 
[    6000,    7000 )   14017   0.047%  99.120% 
[    7000,    8000 )   16382   0.055%  99.174% 
[    8000,    9000 )   14907   0.050%  99.224% 
[    9000,   10000 )   16720   0.056%  99.280% 
[   10000,   12000 )   37683   0.126%  99.405% 
[   12000,   14000 )   40141   0.134%  99.539% 
[   14000,   16000 )   49089   0.164%  99.703% 
[   16000,   18000 )   54152   0.181%  99.883% 
[   18000,   20000 )   28500   0.095%  99.978% 
[   20000,   25000 )    2900   0.010%  99.988% 
[   25000,   30000 )    1929   0.006%  99.994% 
[   30000,   35000 )     643   0.002%  99.997% 
[   35000,   40000 )     141   0.000%  99.997% 
[   40000,   45000 )     186   0.001%  99.998% 
[   45000,   50000 )     236   0.001%  99.998% 
[   50000,   60000 )     126   0.000%  99.999% 
[   60000,   70000 )      36   0.000%  99.999% 
[   70000,   80000 )      65   0.000%  99.999% 
[   80000,   90000 )      27   0.000%  99.999% 
[   90000,  100000 )      11   0.000%  99.999% 
[  100000,  120000 )      64   0.000% 100.000% 
[  120000,  140000 )      23   0.000% 100.000% 
[  140000,  160000 )      13   0.000% 100.000% 
[  160000,  180000 )      11   0.000% 100.000% 
[  180000,  200000 )       7   0.000% 100.000% 
[  200000,  250000 )      22   0.000% 100.000% 
[  250000,  300000 )       9   0.000% 100.000% 
[  300000,  350000 )      17   0.000% 100.000% 
[  350000,  400000 )       4   0.000% 100.000% 
[  400000,  450000 )       2   0.000% 100.000% 
[  450000,  500000 )       3   0.000% 100.000% 
[  500000,  600000 )       4   0.000% 100.000% 
[  600000,  700000 )       5   0.000% 100.000% 
[  700000,  800000 )       2   0.000% 100.000% 
[  800000,  900000 )       4   0.000% 100.000% 
[  900000, 1000000 )      12   0.000% 100.000% 

Read info: 
Count: 30000000  Average: 316.4143  StdDev: 1648.90
Percentiles(us): P50: 145.72 P90: 289.92 P99: 4586.30 P99.9: 18351.02 P99.99: 26560.39
------------------------------------------------------
[      40,      45 )     374   0.001%   0.001% 
[      45,      50 )    2374   0.008%   0.009% 
[      50,      60 )    2677   0.009%   0.018% 
[      60,      70 )     632   0.002%   0.020% 
[      70,      80 )  177505   0.592%   0.612% 
[      80,      90 )  714009   2.380%   2.992% 
[      90,     100 )  294951   0.983%   3.975% 
[     100,     120 ) 1757380   5.858%   9.833% #
[     120,     140 ) 10169528  33.898%  43.731% #######
[     140,     160 ) 6580864  21.936%  65.668% ####
[     160,     180 ) 2102973   7.010%  72.678% #
[     180,     200 ) 1684195   5.614%  78.292% #
[     200,     250 ) 2648448   8.828%  87.120% ##
[     250,     300 ) 1082174   3.607%  90.727% #
[     300,     350 )  783792   2.613%  93.340% #
[     350,     400 )  446040   1.487%  94.826% 
[     400,     450 )  297336   0.991%  95.818% 
[     450,     500 )  207303   0.691%  96.509% 
[     500,     600 )  258586   0.862%  97.370% 
[     600,     700 )  145095   0.484%  97.854% 
[     700,     800 )   86079   0.287%  98.141% 
[     800,     900 )   53549   0.178%  98.320% 
[     900,    1000 )   35732   0.119%  98.439% 
[    1000,    1200 )   42992   0.143%  98.582% 
[    1200,    1400 )   23818   0.079%  98.661% 
[    1400,    1600 )   15822   0.053%  98.714% 
[    1600,    1800 )   12264   0.041%  98.755% 
[    1800,    2000 )    9994   0.033%  98.788% 
[    2000,    2500 )   19226   0.064%  98.852% 
[    2500,    3000 )   14581   0.049%  98.901% 
[    3000,    3500 )   10782   0.036%  98.937% 
[    3500,    4000 )    8816   0.029%  98.966% 
[    4000,    4500 )    8558   0.029%  98.995% 
[    4500,    5000 )    8986   0.030%  99.025% 
[    5000,    6000 )   14472   0.048%  99.073% 
[    6000,    7000 )   14017   0.047%  99.120% 
[    7000,    8000 )   16382   0.055%  99.174% 
[    8000,    9000 )   14907   0.050%  99.224% 
[    9000,   10000 )   16720   0.056%  99.280% 
[   10000,   12000 )   37683   0.126%  99.405% 
[   12000,   14000 )   40141   0.134%  99.539% 
[   14000,   16000 )   49089   0.164%  99.703% 
[   16000,   18000 )   54152   0.181%  99.883% 
[   18000,   20000 )   28500   0.095%  99.978% 
[   20000,   25000 )    2900   0.010%  99.988% 
[   25000,   30000 )    1929   0.006%  99.994% 
[   30000,   35000 )     643   0.002%  99.997% 
[   35000,   40000 )     141   0.000%  99.997% 
[   40000,   45000 )     186   0.001%  99.998% 
[   45000,   50000 )     236   0.001%  99.998% 
[   50000,   60000 )     126   0.000%  99.999% 
[   60000,   70000 )      36   0.000%  99.999% 
[   70000,   80000 )      65   0.000%  99.999% 
[   80000,   90000 )      27   0.000%  99.999% 
[   90000,  100000 )      11   0.000%  99.999% 
[  100000,  120000 )      64   0.000% 100.000% 
[  120000,  140000 )      23   0.000% 100.000% 
[  140000,  160000 )      13   0.000% 100.000% 
[  160000,  180000 )      11   0.000% 100.000% 
[  180000,  200000 )       7   0.000% 100.000% 
[  200000,  250000 )      22   0.000% 100.000% 
[  250000,  300000 )       9   0.000% 100.000% 
[  300000,  350000 )      17   0.000% 100.000% 
[  350000,  400000 )       4   0.000% 100.000% 
[  400000,  450000 )       2   0.000% 100.000% 
[  450000,  500000 )       3   0.000% 100.000% 
[  500000,  600000 )       4   0.000% 100.000% 
[  600000,  700000 )       5   0.000% 100.000% 
[  700000,  800000 )       2   0.000% 100.000% 
[  800000,  900000 )       4   0.000% 100.000% 
[  900000, 1000000 )      12   0.000% 100.000% 

Write info: 
Count: 0  Average: 0.0000  StdDev: 0.00
Percentiles(us): P50: -nan P90: -nan P99: -nan P99.9: -nan P99.99: -nan
------------------------------------------------------


