
nofdb	workloads/workloadc_uniform.spec	32
# Load duration (sec): 552.315
# Loading records:	30000000
# Load throughput (KOPS): 54.3168
Count: 30000000  Average: 587.8963  StdDev: 4313.23
Percentiles(us): P50: 148.84 P90: 432.28 P99: 14922.02 P99.9: 34916.83 P99.99: 62932.23
------------------------------------------------------
[      70,      80 )    3789   0.013%   0.013% 
[      80,      90 )  515335   1.718%   1.730% 
[      90,     100 ) 2875667   9.586%  11.316% ##
[     100,     120 ) 6262085  20.874%  32.190% ####
[     120,     140 ) 4117413  13.725%  45.914% ###
[     140,     160 ) 2774188   9.247%  55.162% ##
[     160,     180 ) 2479424   8.265%  63.426% ##
[     180,     200 ) 1823889   6.080%  69.506% #
[     200,     250 ) 2772948   9.243%  78.749% ##
[     250,     300 ) 1575826   5.253%  84.002% #
[     300,     350 )  949929   3.166%  87.168% #
[     350,     400 )  595543   1.985%  89.153% 
[     400,     450 )  393364   1.311%  90.465% 
[     450,     500 )  287882   0.960%  91.424% 
[     500,     600 )  395566   1.319%  92.743% 
[     600,     700 )  216104   0.720%  93.463% 
[     700,     800 )  185944   0.620%  94.083% 
[     800,     900 )  131093   0.437%  94.520% 
[     900,    1000 )  103546   0.345%  94.865% 
[    1000,    1200 )  170572   0.569%  95.434% 
[    1200,    1400 )  123412   0.411%  95.845% 
[    1400,    1600 )  100387   0.335%  96.180% 
[    1600,    1800 )   89014   0.297%  96.476% 
[    1800,    2000 )   80189   0.267%  96.744% 
[    2000,    2500 )  150499   0.502%  97.245% 
[    2500,    3000 )   88390   0.295%  97.540% 
[    3000,    3500 )   47500   0.158%  97.698% 
[    3500,    4000 )   29695   0.099%  97.797% 
[    4000,    4500 )   20662   0.069%  97.866% 
[    4500,    5000 )   15181   0.051%  97.917% 
[    5000,    6000 )   21516   0.072%  97.989% 
[    6000,    7000 )   15227   0.051%  98.039% 
[    7000,    8000 )   13495   0.045%  98.084% 
[    8000,    9000 )   16880   0.056%  98.141% 
[    9000,   10000 )   24268   0.081%  98.221% 
[   10000,   12000 )   65903   0.220%  98.441% 
[   12000,   14000 )  106548   0.355%  98.796% 
[   14000,   16000 )  132593   0.442%  99.238% 
[   16000,   18000 )   76721   0.256%  99.494% 
[   18000,   20000 )   36348   0.121%  99.615% 
[   20000,   25000 )   45443   0.151%  99.767% 
[   25000,   30000 )   25834   0.086%  99.853% 
[   30000,   35000 )   14428   0.048%  99.901% 
[   35000,   40000 )   11024   0.037%  99.938% 
[   40000,   45000 )    7435   0.025%  99.962% 
[   45000,   50000 )    4572   0.015%  99.978% 
[   50000,   60000 )    3305   0.011%  99.989% 
[   60000,   70000 )    1446   0.005%  99.993% 
[   70000,   80000 )     633   0.002%  99.996% 
[   80000,   90000 )     460   0.002%  99.997% 
[   90000,  100000 )     145   0.000%  99.998% 
[  100000,  120000 )     138   0.000%  99.998% 
[  120000,  140000 )      76   0.000%  99.998% 
[  140000,  160000 )      43   0.000%  99.998% 
[  160000,  180000 )      39   0.000%  99.999% 
[  180000,  200000 )     104   0.000%  99.999% 
[  200000,  250000 )      79   0.000%  99.999% 
[  250000,  300000 )      48   0.000%  99.999% 
[  300000,  350000 )      85   0.000% 100.000% 
[  350000,  400000 )      32   0.000% 100.000% 
[  450000,  500000 )      32   0.000% 100.000% 
[  500000,  600000 )      32   0.000% 100.000% 
[ 2500000, 3000000 )       6   0.000% 100.000% 
[ 3000000, 3500000 )      26   0.000% 100.000% 


# Run duration (sec): 269.384
# Run operations:	30000000
# Run throughput (KOPS): 111.365
Count: 30000000  Average: 285.6005  StdDev: 1336.52
Percentiles(us): P50: 149.05 P90: 274.67 P99: 1659.46 P99.9: 17909.27 P99.99: 26906.67
------------------------------------------------------
[      35,      40 )       4   0.000%   0.000% 
[      40,      45 )     886   0.003%   0.003% 
[      45,      50 )    3296   0.011%   0.014% 
[      50,      60 )    3477   0.012%   0.026% 
[      60,      70 )     551   0.002%   0.027% 
[      70,      80 )     338   0.001%   0.029% 
[      80,      90 )     501   0.002%   0.030% 
[      90,     100 )    1192   0.004%   0.034% 
[     100,     120 ) 1251908   4.173%   4.207% #
[     120,     140 ) 10483886  34.946%  39.153% #######
[     140,     160 ) 7191924  23.973%  63.127% #####
[     160,     180 ) 2377804   7.926%  71.053% ##
[     180,     200 ) 1945698   6.486%  77.538% #
[     200,     250 ) 3186794  10.623%  88.161% ##
[     250,     300 ) 1118365   3.728%  91.889% #
[     300,     350 )  856378   2.855%  94.743% #
[     350,     400 )  437298   1.458%  96.201% 
[     400,     450 )  268389   0.895%  97.096% 
[     450,     500 )  166059   0.554%  97.649% 
[     500,     600 )  181540   0.605%  98.254% 
[     600,     700 )   86336   0.288%  98.542% 
[     700,     800 )   47023   0.157%  98.699% 
[     800,     900 )   27020   0.090%  98.789% 
[     900,    1000 )   17495   0.058%  98.847% 
[    1000,    1200 )   21218   0.071%  98.918% 
[    1200,    1400 )   12869   0.043%  98.961% 
[    1400,    1600 )    9445   0.031%  98.992% 
[    1600,    1800 )    7757   0.026%  99.018% 
[    1800,    2000 )    6926   0.023%  99.041% 
[    2000,    2500 )   14182   0.047%  99.089% 
[    2500,    3000 )   11123   0.037%  99.126% 
[    3000,    3500 )    8649   0.029%  99.154% 
[    3500,    4000 )    7318   0.024%  99.179% 
[    4000,    4500 )    7382   0.025%  99.203% 
[    4500,    5000 )    7215   0.024%  99.227% 
[    5000,    6000 )   12178   0.041%  99.268% 
[    6000,    7000 )   11382   0.038%  99.306% 
[    7000,    8000 )   14036   0.047%  99.353% 
[    8000,    9000 )   13969   0.047%  99.399% 
[    9000,   10000 )   14384   0.048%  99.447% 
[   10000,   12000 )   30812   0.103%  99.550% 
[   12000,   14000 )   32333   0.108%  99.658% 
[   14000,   16000 )   33812   0.113%  99.771% 
[   16000,   18000 )   40694   0.136%  99.906% 
[   18000,   20000 )   20520   0.068%  99.975% 
[   20000,   25000 )    4017   0.013%  99.988% 
[   25000,   30000 )    1618   0.005%  99.993% 
[   30000,   35000 )     831   0.003%  99.996% 
[   35000,   40000 )     391   0.001%  99.997% 
[   40000,   45000 )     196   0.001%  99.998% 
[   45000,   50000 )     172   0.001%  99.999% 
[   50000,   60000 )     104   0.000%  99.999% 
[   60000,   70000 )      56   0.000%  99.999% 
[   70000,   80000 )      28   0.000%  99.999% 
[   80000,   90000 )      36   0.000%  99.999% 
[   90000,  100000 )      28   0.000%  99.999% 
[  100000,  120000 )      43   0.000% 100.000% 
[  120000,  140000 )      23   0.000% 100.000% 
[  140000,  160000 )      18   0.000% 100.000% 
[  160000,  180000 )      12   0.000% 100.000% 
[  180000,  200000 )      11   0.000% 100.000% 
[  200000,  250000 )      16   0.000% 100.000% 
[  250000,  300000 )      10   0.000% 100.000% 
[  300000,  350000 )       7   0.000% 100.000% 
[  350000,  400000 )       4   0.000% 100.000% 
[  400000,  450000 )       4   0.000% 100.000% 
[  450000,  500000 )       6   0.000% 100.000% 
[  500000,  600000 )       2   0.000% 100.000% 
[  600000,  700000 )       1   0.000% 100.000% 

Read info: 
Count: 30000000  Average: 285.6005  StdDev: 1336.52
Percentiles(us): P50: 149.05 P90: 274.67 P99: 1659.46 P99.9: 17909.27 P99.99: 26906.67
------------------------------------------------------
[      35,      40 )       4   0.000%   0.000% 
[      40,      45 )     886   0.003%   0.003% 
[      45,      50 )    3296   0.011%   0.014% 
[      50,      60 )    3477   0.012%   0.026% 
[      60,      70 )     551   0.002%   0.027% 
[      70,      80 )     338   0.001%   0.029% 
[      80,      90 )     501   0.002%   0.030% 
[      90,     100 )    1192   0.004%   0.034% 
[     100,     120 ) 1251908   4.173%   4.207% #
[     120,     140 ) 10483886  34.946%  39.153% #######
[     140,     160 ) 7191924  23.973%  63.127% #####
[     160,     180 ) 2377804   7.926%  71.053% ##
[     180,     200 ) 1945698   6.486%  77.538% #
[     200,     250 ) 3186794  10.623%  88.161% ##
[     250,     300 ) 1118365   3.728%  91.889% #
[     300,     350 )  856378   2.855%  94.743% #
[     350,     400 )  437298   1.458%  96.201% 
[     400,     450 )  268389   0.895%  97.096% 
[     450,     500 )  166059   0.554%  97.649% 
[     500,     600 )  181540   0.605%  98.254% 
[     600,     700 )   86336   0.288%  98.542% 
[     700,     800 )   47023   0.157%  98.699% 
[     800,     900 )   27020   0.090%  98.789% 
[     900,    1000 )   17495   0.058%  98.847% 
[    1000,    1200 )   21218   0.071%  98.918% 
[    1200,    1400 )   12869   0.043%  98.961% 
[    1400,    1600 )    9445   0.031%  98.992% 
[    1600,    1800 )    7757   0.026%  99.018% 
[    1800,    2000 )    6926   0.023%  99.041% 
[    2000,    2500 )   14182   0.047%  99.089% 
[    2500,    3000 )   11123   0.037%  99.126% 
[    3000,    3500 )    8649   0.029%  99.154% 
[    3500,    4000 )    7318   0.024%  99.179% 
[    4000,    4500 )    7382   0.025%  99.203% 
[    4500,    5000 )    7215   0.024%  99.227% 
[    5000,    6000 )   12178   0.041%  99.268% 
[    6000,    7000 )   11382   0.038%  99.306% 
[    7000,    8000 )   14036   0.047%  99.353% 
[    8000,    9000 )   13969   0.047%  99.399% 
[    9000,   10000 )   14384   0.048%  99.447% 
[   10000,   12000 )   30812   0.103%  99.550% 
[   12000,   14000 )   32333   0.108%  99.658% 
[   14000,   16000 )   33812   0.113%  99.771% 
[   16000,   18000 )   40694   0.136%  99.906% 
[   18000,   20000 )   20520   0.068%  99.975% 
[   20000,   25000 )    4017   0.013%  99.988% 
[   25000,   30000 )    1618   0.005%  99.993% 
[   30000,   35000 )     831   0.003%  99.996% 
[   35000,   40000 )     391   0.001%  99.997% 
[   40000,   45000 )     196   0.001%  99.998% 
[   45000,   50000 )     172   0.001%  99.999% 
[   50000,   60000 )     104   0.000%  99.999% 
[   60000,   70000 )      56   0.000%  99.999% 
[   70000,   80000 )      28   0.000%  99.999% 
[   80000,   90000 )      36   0.000%  99.999% 
[   90000,  100000 )      28   0.000%  99.999% 
[  100000,  120000 )      43   0.000% 100.000% 
[  120000,  140000 )      23   0.000% 100.000% 
[  140000,  160000 )      18   0.000% 100.000% 
[  160000,  180000 )      12   0.000% 100.000% 
[  180000,  200000 )      11   0.000% 100.000% 
[  200000,  250000 )      16   0.000% 100.000% 
[  250000,  300000 )      10   0.000% 100.000% 
[  300000,  350000 )       7   0.000% 100.000% 
[  350000,  400000 )       4   0.000% 100.000% 
[  400000,  450000 )       4   0.000% 100.000% 
[  450000,  500000 )       6   0.000% 100.000% 
[  500000,  600000 )       2   0.000% 100.000% 
[  600000,  700000 )       1   0.000% 100.000% 

Write info: 
Count: 0  Average: 0.0000  StdDev: 0.00
Percentiles(us): P50: -nan P90: -nan P99: -nan P99.9: -nan P99.99: -nan
------------------------------------------------------


