
nofdb	workloads/workloadc_zipfian.spec	32
# Load duration (sec): 354.39
# Loading records:	30000000
# Load throughput (KOPS): 84.6526
Count: 30000000  Average: 373.1603  StdDev: 4074.06
Percentiles(us): P50: 147.22 P90: 306.75 P99: 11593.64 P99.9: 22678.18 P99.99: 58954.10
------------------------------------------------------
[      45,      50 )   10129   0.034%   0.034% 
[      50,      60 )  593013   1.977%   2.010% 
[      60,      70 ) 1328258   4.428%   6.438% #
[      70,      80 ) 1697366   5.658%  12.096% #
[      80,      90 ) 1864163   6.214%  18.310% #
[      90,     100 ) 1828684   6.096%  24.405% #
[     100,     120 ) 3262018  10.873%  35.279% ##
[     120,     140 ) 3305499  11.018%  46.297% ##
[     140,     160 ) 3075617  10.252%  56.549% ##
[     160,     180 ) 2517936   8.393%  64.942% ##
[     180,     200 ) 2021485   6.738%  71.681% #
[     200,     250 ) 3424841  11.416%  83.097% ##
[     250,     300 ) 1923471   6.412%  89.508% #
[     300,     350 ) 1093365   3.645%  93.153% #
[     350,     400 )  654189   2.181%  95.333% 
[     400,     450 )  394732   1.316%  96.649% 
[     450,     500 )  235814   0.786%  97.435% 
[     500,     600 )  226250   0.754%  98.189% 
[     600,     700 )   78932   0.263%  98.453% 
[     700,     800 )   25919   0.086%  98.539% 
[     800,     900 )    8453   0.028%  98.567% 
[     900,    1000 )    3566   0.012%  98.579% 
[    1000,    1200 )    4303   0.014%  98.593% 
[    1200,    1400 )    3274   0.011%  98.604% 
[    1400,    1600 )    2704   0.009%  98.613% 
[    1600,    1800 )    2549   0.008%  98.622% 
[    1800,    2000 )    2424   0.008%  98.630% 
[    2000,    2500 )    5490   0.018%  98.648% 
[    2500,    3000 )    4701   0.016%  98.664% 
[    3000,    3500 )    4204   0.014%  98.678% 
[    3500,    4000 )    3673   0.012%  98.690% 
[    4000,    4500 )    3452   0.012%  98.702% 
[    4500,    5000 )    3613   0.012%  98.714% 
[    5000,    6000 )    7423   0.025%  98.738% 
[    6000,    7000 )   10804   0.036%  98.774% 
[    7000,    8000 )    9684   0.032%  98.807% 
[    8000,    9000 )    9827   0.033%  98.839% 
[    9000,   10000 )   12464   0.042%  98.881% 
[   10000,   12000 )   44817   0.149%  99.030% 
[   12000,   14000 )   77399   0.258%  99.288% 
[   14000,   16000 )  119947   0.400%  99.688% 
[   16000,   18000 )   45833   0.153%  99.841% 
[   18000,   20000 )   10876   0.036%  99.877% 
[   20000,   25000 )   12768   0.043%  99.920% 
[   25000,   30000 )    9629   0.032%  99.952% 
[   30000,   35000 )    3064   0.010%  99.962% 
[   35000,   40000 )    2557   0.009%  99.971% 
[   40000,   45000 )    2455   0.008%  99.979% 
[   45000,   50000 )    1825   0.006%  99.985% 
[   50000,   60000 )    1721   0.006%  99.991% 
[   60000,   70000 )    1167   0.004%  99.994% 
[   70000,   80000 )     613   0.002%  99.997% 
[   80000,   90000 )     283   0.001%  99.997% 
[   90000,  100000 )     237   0.001%  99.998% 
[  100000,  120000 )      96   0.000%  99.999% 
[  120000,  140000 )      27   0.000%  99.999% 
[  140000,  160000 )      16   0.000%  99.999% 
[  160000,  180000 )      25   0.000%  99.999% 
[  180000,  200000 )       2   0.000%  99.999% 
[  200000,  250000 )     126   0.000%  99.999% 
[  250000,  300000 )      82   0.000% 100.000% 
[  300000,  350000 )      50   0.000% 100.000% 
[  400000,  450000 )      32   0.000% 100.000% 
[  500000,  600000 )      17   0.000% 100.000% 
[  600000,  700000 )      15   0.000% 100.000% 
[ 3000000, 3500000 )      32   0.000% 100.000% 


# Run duration (sec): 346.013
# Run operations:	30000000
# Run throughput (KOPS): 86.7019
Count: 30000000  Average: 367.5238  StdDev: 2460.00
Percentiles(us): P50: 140.34 P90: 291.96 P99: 10205.90 P99.9: 18725.53 P99.99: 43014.48
------------------------------------------------------
[      35,      40 )     138   0.000%   0.000% 
[      40,      45 )    2177   0.007%   0.008% 
[      45,      50 )    2206   0.007%   0.015% 
[      50,      60 )    1091   0.004%   0.019% 
[      60,      70 )   14947   0.050%   0.069% 
[      70,      80 )  331202   1.104%   1.173% 
[      80,      90 )  517052   1.724%   2.896% 
[      90,     100 )  182487   0.608%   3.504% 
[     100,     120 ) 2831662   9.439%  12.943% ##
[     120,     140 ) 11029696  36.766%  49.709% #######
[     140,     160 ) 5142774  17.143%  66.851% ###
[     160,     180 ) 2109649   7.032%  73.884% #
[     180,     200 ) 1683483   5.612%  79.495% #
[     200,     250 ) 2305810   7.686%  87.181% ##
[     250,     300 ) 1007602   3.359%  90.540% #
[     300,     350 )  667090   2.224%  92.764% 
[     350,     400 )  365658   1.219%  93.982% 
[     400,     450 )  250399   0.835%  94.817% 
[     450,     500 )  182595   0.609%  95.426% 
[     500,     600 )  251212   0.837%  96.263% 
[     600,     700 )  168460   0.562%  96.825% 
[     700,     800 )  122180   0.407%  97.232% 
[     800,     900 )   91835   0.306%  97.538% 
[     900,    1000 )   71514   0.238%  97.776% 
[    1000,    1200 )   99716   0.332%  98.109% 
[    1200,    1400 )   60776   0.203%  98.311% 
[    1400,    1600 )   36696   0.122%  98.434% 
[    1600,    1800 )   22909   0.076%  98.510% 
[    1800,    2000 )   15106   0.050%  98.560% 
[    2000,    2500 )   22088   0.074%  98.634% 
[    2500,    3000 )   10839   0.036%  98.670% 
[    3000,    3500 )    7885   0.026%  98.696% 
[    3500,    4000 )    7442   0.025%  98.721% 
[    4000,    4500 )    7920   0.026%  98.748% 
[    4500,    5000 )    8472   0.028%  98.776% 
[    5000,    6000 )   11365   0.038%  98.814% 
[    6000,    7000 )   10768   0.036%  98.850% 
[    7000,    8000 )   11985   0.040%  98.890% 
[    8000,    9000 )   13272   0.044%  98.934% 
[    9000,   10000 )   15493   0.052%  98.986% 
[   10000,   12000 )   42243   0.141%  99.126% 
[   12000,   14000 )   60569   0.202%  99.328% 
[   14000,   16000 )   73319   0.244%  99.573% 
[   16000,   18000 )   91283   0.304%  99.877% 
[   18000,   20000 )   19117   0.064%  99.941% 
[   20000,   25000 )    7146   0.024%  99.964% 
[   25000,   30000 )    4960   0.017%  99.981% 
[   30000,   35000 )    1460   0.005%  99.986% 
[   35000,   40000 )     461   0.002%  99.987% 
[   40000,   45000 )    1312   0.004%  99.992% 
[   45000,   50000 )     977   0.003%  99.995% 
[   50000,   60000 )     586   0.002%  99.997% 
[   60000,   70000 )     122   0.000%  99.997% 
[   70000,   80000 )     126   0.000%  99.998% 
[   80000,   90000 )     131   0.000%  99.998% 
[   90000,  100000 )      28   0.000%  99.998% 
[  100000,  120000 )      91   0.000%  99.999% 
[  120000,  140000 )      52   0.000%  99.999% 
[  140000,  160000 )      64   0.000%  99.999% 
[  160000,  180000 )      51   0.000%  99.999% 
[  180000,  200000 )      54   0.000%  99.999% 
[  200000,  250000 )      41   0.000%  99.999% 
[  250000,  300000 )      21   0.000% 100.000% 
[  300000,  350000 )      21   0.000% 100.000% 
[  350000,  400000 )      17   0.000% 100.000% 
[  400000,  450000 )      11   0.000% 100.000% 
[  450000,  500000 )       7   0.000% 100.000% 
[  500000,  600000 )      29   0.000% 100.000% 
[  600000,  700000 )      19   0.000% 100.000% 
[  700000,  800000 )       3   0.000% 100.000% 
[  800000,  900000 )       1   0.000% 100.000% 
[  900000, 1000000 )       1   0.000% 100.000% 
[ 1000000, 1200000 )       2   0.000% 100.000% 
[ 1200000, 1400000 )       6   0.000% 100.000% 
[ 1400000, 1600000 )       9   0.000% 100.000% 
[ 1600000, 1800000 )       9   0.000% 100.000% 

Read info: 
Count: 30000000  Average: 367.5238  StdDev: 2460.00
Percentiles(us): P50: 140.34 P90: 291.96 P99: 10205.90 P99.9: 18725.53 P99.99: 43014.48
------------------------------------------------------
[      35,      40 )     138   0.000%   0.000% 
[      40,      45 )    2177   0.007%   0.008% 
[      45,      50 )    2206   0.007%   0.015% 
[      50,      60 )    1091   0.004%   0.019% 
[      60,      70 )   14947   0.050%   0.069% 
[      70,      80 )  331202   1.104%   1.173% 
[      80,      90 )  517052   1.724%   2.896% 
[      90,     100 )  182487   0.608%   3.504% 
[     100,     120 ) 2831662   9.439%  12.943% ##
[     120,     140 ) 11029696  36.766%  49.709% #######
[     140,     160 ) 5142774  17.143%  66.851% ###
[     160,     180 ) 2109649   7.032%  73.884% #
[     180,     200 ) 1683483   5.612%  79.495% #
[     200,     250 ) 2305810   7.686%  87.181% ##
[     250,     300 ) 1007602   3.359%  90.540% #
[     300,     350 )  667090   2.224%  92.764% 
[     350,     400 )  365658   1.219%  93.982% 
[     400,     450 )  250399   0.835%  94.817% 
[     450,     500 )  182595   0.609%  95.426% 
[     500,     600 )  251212   0.837%  96.263% 
[     600,     700 )  168460   0.562%  96.825% 
[     700,     800 )  122180   0.407%  97.232% 
[     800,     900 )   91835   0.306%  97.538% 
[     900,    1000 )   71514   0.238%  97.776% 
[    1000,    1200 )   99716   0.332%  98.109% 
[    1200,    1400 )   60776   0.203%  98.311% 
[    1400,    1600 )   36696   0.122%  98.434% 
[    1600,    1800 )   22909   0.076%  98.510% 
[    1800,    2000 )   15106   0.050%  98.560% 
[    2000,    2500 )   22088   0.074%  98.634% 
[    2500,    3000 )   10839   0.036%  98.670% 
[    3000,    3500 )    7885   0.026%  98.696% 
[    3500,    4000 )    7442   0.025%  98.721% 
[    4000,    4500 )    7920   0.026%  98.748% 
[    4500,    5000 )    8472   0.028%  98.776% 
[    5000,    6000 )   11365   0.038%  98.814% 
[    6000,    7000 )   10768   0.036%  98.850% 
[    7000,    8000 )   11985   0.040%  98.890% 
[    8000,    9000 )   13272   0.044%  98.934% 
[    9000,   10000 )   15493   0.052%  98.986% 
[   10000,   12000 )   42243   0.141%  99.126% 
[   12000,   14000 )   60569   0.202%  99.328% 
[   14000,   16000 )   73319   0.244%  99.573% 
[   16000,   18000 )   91283   0.304%  99.877% 
[   18000,   20000 )   19117   0.064%  99.941% 
[   20000,   25000 )    7146   0.024%  99.964% 
[   25000,   30000 )    4960   0.017%  99.981% 
[   30000,   35000 )    1460   0.005%  99.986% 
[   35000,   40000 )     461   0.002%  99.987% 
[   40000,   45000 )    1312   0.004%  99.992% 
[   45000,   50000 )     977   0.003%  99.995% 
[   50000,   60000 )     586   0.002%  99.997% 
[   60000,   70000 )     122   0.000%  99.997% 
[   70000,   80000 )     126   0.000%  99.998% 
[   80000,   90000 )     131   0.000%  99.998% 
[   90000,  100000 )      28   0.000%  99.998% 
[  100000,  120000 )      91   0.000%  99.999% 
[  120000,  140000 )      52   0.000%  99.999% 
[  140000,  160000 )      64   0.000%  99.999% 
[  160000,  180000 )      51   0.000%  99.999% 
[  180000,  200000 )      54   0.000%  99.999% 
[  200000,  250000 )      41   0.000%  99.999% 
[  250000,  300000 )      21   0.000% 100.000% 
[  300000,  350000 )      21   0.000% 100.000% 
[  350000,  400000 )      17   0.000% 100.000% 
[  400000,  450000 )      11   0.000% 100.000% 
[  450000,  500000 )       7   0.000% 100.000% 
[  500000,  600000 )      29   0.000% 100.000% 
[  600000,  700000 )      19   0.000% 100.000% 
[  700000,  800000 )       3   0.000% 100.000% 
[  800000,  900000 )       1   0.000% 100.000% 
[  900000, 1000000 )       1   0.000% 100.000% 
[ 1000000, 1200000 )       2   0.000% 100.000% 
[ 1200000, 1400000 )       6   0.000% 100.000% 
[ 1400000, 1600000 )       9   0.000% 100.000% 
[ 1600000, 1800000 )       9   0.000% 100.000% 

Write info: 
Count: 0  Average: 0.0000  StdDev: 0.00
Percentiles(us): P50: -nan P90: -nan P99: -nan P99.9: -nan P99.99: -nan
------------------------------------------------------


