
nofdb	workloads/workloadg_zipfian.spec	32
# Load duration (sec): 371.669
# Loading records:	30000000
# Load throughput (KOPS): 80.717
Count: 30000000  Average: 391.5860  StdDev: 4044.94
Percentiles(us): P50: 150.56 P90: 306.64 P99: 12010.33 P99.9: 26861.25 P99.99: 67267.14
------------------------------------------------------
[      45,      50 )    4481   0.015%   0.015% 
[      50,      60 )  498537   1.662%   1.677% 
[      60,      70 ) 1202654   4.009%   5.686% #
[      70,      80 ) 1523952   5.080%  10.765% #
[      80,      90 ) 1743645   5.812%  16.578% #
[      90,     100 ) 1762923   5.876%  22.454% #
[     100,     120 ) 3228200  10.761%  33.215% ##
[     120,     140 ) 3341268  11.138%  44.352% ##
[     140,     160 ) 3210095  10.700%  55.053% ##
[     160,     180 ) 2673378   8.911%  63.964% ##
[     180,     200 ) 2147403   7.158%  71.122% #
[     200,     250 ) 3568233  11.894%  83.016% ##
[     250,     300 ) 1948268   6.494%  89.510% #
[     300,     350 ) 1106356   3.688%  93.198% #
[     350,     400 )  656648   2.189%  95.387% 
[     400,     450 )  390269   1.301%  96.688% 
[     450,     500 )  230502   0.768%  97.456% 
[     500,     600 )  217444   0.725%  98.181% 
[     600,     700 )   73176   0.244%  98.425% 
[     700,     800 )   23241   0.077%  98.502% 
[     800,     900 )    7491   0.025%  98.527% 
[     900,    1000 )    3053   0.010%  98.537% 
[    1000,    1200 )    3747   0.012%  98.550% 
[    1200,    1400 )    3040   0.010%  98.560% 
[    1400,    1600 )    2725   0.009%  98.569% 
[    1600,    1800 )    2399   0.008%  98.577% 
[    1800,    2000 )    2169   0.007%  98.584% 
[    2000,    2500 )    4590   0.015%  98.600% 
[    2500,    3000 )    3961   0.013%  98.613% 
[    3000,    3500 )    3862   0.013%  98.626% 
[    3500,    4000 )    3623   0.012%  98.638% 
[    4000,    4500 )    3500   0.012%  98.649% 
[    4500,    5000 )    3604   0.012%  98.661% 
[    5000,    6000 )    8057   0.027%  98.688% 
[    6000,    7000 )   11325   0.038%  98.726% 
[    7000,    8000 )    9189   0.031%  98.757% 
[    8000,    9000 )    9926   0.033%  98.790% 
[    9000,   10000 )   12494   0.042%  98.831% 
[   10000,   12000 )   50143   0.167%  98.999% 
[   12000,   14000 )   83085   0.277%  99.276% 
[   14000,   16000 )  122070   0.407%  99.682% 
[   16000,   18000 )   41629   0.139%  99.821% 
[   18000,   20000 )    8818   0.029%  99.851% 
[   20000,   25000 )   11307   0.038%  99.888% 
[   25000,   30000 )    9456   0.032%  99.920% 
[   30000,   35000 )    3347   0.011%  99.931% 
[   35000,   40000 )    3006   0.010%  99.941% 
[   40000,   45000 )    5522   0.018%  99.959% 
[   45000,   50000 )    3945   0.013%  99.973% 
[   50000,   60000 )    3707   0.012%  99.985% 
[   60000,   70000 )    2115   0.007%  99.992% 
[   70000,   80000 )     916   0.003%  99.995% 
[   80000,   90000 )     592   0.002%  99.997% 
[   90000,  100000 )     251   0.001%  99.998% 
[  100000,  120000 )     226   0.001%  99.999% 
[  120000,  140000 )      12   0.000%  99.999% 
[  140000,  160000 )     117   0.000%  99.999% 
[  160000,  180000 )      73   0.000%  99.999% 
[  180000,  200000 )      11   0.000%  99.999% 
[  200000,  250000 )      23   0.000%  99.999% 
[  250000,  300000 )      41   0.000%  99.999% 
[  300000,  350000 )      32   0.000% 100.000% 
[  350000,  400000 )      32   0.000% 100.000% 
[  400000,  450000 )      42   0.000% 100.000% 
[  450000,  500000 )      22   0.000% 100.000% 
[ 3000000, 3500000 )      32   0.000% 100.000% 


# Run duration (sec): 403.815
# Run operations:	30000000
# Run throughput (KOPS): 74.2915
Count: 30000000  Average: 426.0476  StdDev: 2443.96
Percentiles(us): P50: 149.18 P90: 325.55 P99: 12648.00 P99.9: 33329.82 P99.99: 72373.92
------------------------------------------------------
[      45,      50 )    3950   0.013%   0.013% 
[      50,      60 )  582125   1.940%   1.954% 
[      60,      70 ) 1507351   5.025%   6.978% #
[      70,      80 ) 1762609   5.875%  12.853% #
[      80,      90 ) 1798566   5.995%  18.849% #
[      90,     100 ) 1710711   5.702%  24.551% #
[     100,     120 ) 3055487  10.185%  34.736% ##
[     120,     140 ) 3209825  10.699%  45.435% ##
[     140,     160 ) 2984207   9.947%  55.383% ##
[     160,     180 ) 2433722   8.112%  63.495% ##
[     180,     200 ) 1989204   6.631%  70.126% #
[     200,     250 ) 3409302  11.364%  81.490% ##
[     250,     300 ) 1957181   6.524%  88.014% #
[     300,     350 ) 1165753   3.886%  91.900% #
[     350,     400 )  725419   2.418%  94.318% 
[     400,     450 )  453737   1.512%  95.830% 
[     450,     500 )  282936   0.943%  96.774% 
[     500,     600 )  284102   0.947%  97.721% 
[     600,     700 )  104665   0.349%  98.070% 
[     700,     800 )   37440   0.125%  98.194% 
[     800,     900 )   13676   0.046%  98.240% 
[     900,    1000 )    5661   0.019%  98.259% 
[    1000,    1200 )    5961   0.020%  98.279% 
[    1200,    1400 )    4219   0.014%  98.293% 
[    1400,    1600 )    3761   0.013%  98.305% 
[    1600,    1800 )    3406   0.011%  98.317% 
[    1800,    2000 )    3081   0.010%  98.327% 
[    2000,    2500 )    7209   0.024%  98.351% 
[    2500,    3000 )    6517   0.022%  98.373% 
[    3000,    3500 )    6133   0.020%  98.393% 
[    3500,    4000 )    5841   0.019%  98.413% 
[    4000,    4500 )    5858   0.020%  98.432% 
[    4500,    5000 )    5852   0.020%  98.452% 
[    5000,    6000 )   11794   0.039%  98.491% 
[    6000,    7000 )   16472   0.055%  98.546% 
[    7000,    8000 )   14922   0.050%  98.596% 
[    8000,    9000 )   15097   0.050%  98.646% 
[    9000,   10000 )   17540   0.058%  98.704% 
[   10000,   12000 )   59040   0.197%  98.901% 
[   12000,   14000 )   91568   0.305%  99.206% 
[   14000,   16000 )  133376   0.445%  99.651% 
[   16000,   18000 )   41984   0.140%  99.791% 
[   18000,   20000 )    9605   0.032%  99.823% 
[   20000,   25000 )   11013   0.037%  99.860% 
[   25000,   30000 )    9594   0.032%  99.892% 
[   30000,   35000 )    3796   0.013%  99.904% 
[   35000,   40000 )    3029   0.010%  99.914% 
[   40000,   45000 )    4072   0.014%  99.928% 
[   45000,   50000 )    7156   0.024%  99.952% 
[   50000,   60000 )    5315   0.018%  99.969% 
[   60000,   70000 )    5694   0.019%  99.988% 
[   70000,   80000 )    1963   0.007%  99.995% 
[   80000,   90000 )     757   0.003%  99.998% 
[   90000,  100000 )     280   0.001%  99.998% 
[  100000,  120000 )     258   0.001%  99.999% 
[  120000,  140000 )     120   0.000% 100.000% 
[  140000,  160000 )      55   0.000% 100.000% 
[  160000,  180000 )      27   0.000% 100.000% 
[  180000,  200000 )       1   0.000% 100.000% 
[  200000,  250000 )       5   0.000% 100.000% 

Read info: 
Count: 0  Average: 0.0000  StdDev: 0.00
Percentiles(us): P50: -nan P90: -nan P99: -nan P99.9: -nan P99.99: -nan
------------------------------------------------------

Write info: 
Count: 30000000  Average: 426.0476  StdDev: 2443.96
Percentiles(us): P50: 149.18 P90: 325.55 P99: 12648.00 P99.9: 33329.82 P99.99: 72373.92
------------------------------------------------------
[      45,      50 )    3950   0.013%   0.013% 
[      50,      60 )  582125   1.940%   1.954% 
[      60,      70 ) 1507351   5.025%   6.978% #
[      70,      80 ) 1762609   5.875%  12.853% #
[      80,      90 ) 1798566   5.995%  18.849% #
[      90,     100 ) 1710711   5.702%  24.551% #
[     100,     120 ) 3055487  10.185%  34.736% ##
[     120,     140 ) 3209825  10.699%  45.435% ##
[     140,     160 ) 2984207   9.947%  55.383% ##
[     160,     180 ) 2433722   8.112%  63.495% ##
[     180,     200 ) 1989204   6.631%  70.126% #
[     200,     250 ) 3409302  11.364%  81.490% ##
[     250,     300 ) 1957181   6.524%  88.014% #
[     300,     350 ) 1165753   3.886%  91.900% #
[     350,     400 )  725419   2.418%  94.318% 
[     400,     450 )  453737   1.512%  95.830% 
[     450,     500 )  282936   0.943%  96.774% 
[     500,     600 )  284102   0.947%  97.721% 
[     600,     700 )  104665   0.349%  98.070% 
[     700,     800 )   37440   0.125%  98.194% 
[     800,     900 )   13676   0.046%  98.240% 
[     900,    1000 )    5661   0.019%  98.259% 
[    1000,    1200 )    5961   0.020%  98.279% 
[    1200,    1400 )    4219   0.014%  98.293% 
[    1400,    1600 )    3761   0.013%  98.305% 
[    1600,    1800 )    3406   0.011%  98.317% 
[    1800,    2000 )    3081   0.010%  98.327% 
[    2000,    2500 )    7209   0.024%  98.351% 
[    2500,    3000 )    6517   0.022%  98.373% 
[    3000,    3500 )    6133   0.020%  98.393% 
[    3500,    4000 )    5841   0.019%  98.413% 
[    4000,    4500 )    5858   0.020%  98.432% 
[    4500,    5000 )    5852   0.020%  98.452% 
[    5000,    6000 )   11794   0.039%  98.491% 
[    6000,    7000 )   16472   0.055%  98.546% 
[    7000,    8000 )   14922   0.050%  98.596% 
[    8000,    9000 )   15097   0.050%  98.646% 
[    9000,   10000 )   17540   0.058%  98.704% 
[   10000,   12000 )   59040   0.197%  98.901% 
[   12000,   14000 )   91568   0.305%  99.206% 
[   14000,   16000 )  133376   0.445%  99.651% 
[   16000,   18000 )   41984   0.140%  99.791% 
[   18000,   20000 )    9605   0.032%  99.823% 
[   20000,   25000 )   11013   0.037%  99.860% 
[   25000,   30000 )    9594   0.032%  99.892% 
[   30000,   35000 )    3796   0.013%  99.904% 
[   35000,   40000 )    3029   0.010%  99.914% 
[   40000,   45000 )    4072   0.014%  99.928% 
[   45000,   50000 )    7156   0.024%  99.952% 
[   50000,   60000 )    5315   0.018%  99.969% 
[   60000,   70000 )    5694   0.019%  99.988% 
[   70000,   80000 )    1963   0.007%  99.995% 
[   80000,   90000 )     757   0.003%  99.998% 
[   90000,  100000 )     280   0.001%  99.998% 
[  100000,  120000 )     258   0.001%  99.999% 
[  120000,  140000 )     120   0.000% 100.000% 
[  140000,  160000 )      55   0.000% 100.000% 
[  160000,  180000 )      27   0.000% 100.000% 
[  180000,  200000 )       1   0.000% 100.000% 
[  200000,  250000 )       5   0.000% 100.000% 


