
nofdb	workloads/workloadg_uniform.spec	32
# Load duration (sec): 377.466
# Loading records:	30000000
# Load throughput (KOPS): 79.4775
Count: 30000000  Average: 398.2459  StdDev: 4161.39
Percentiles(us): P50: 152.33 P90: 328.95 P99: 12099.26 P99.9: 26357.14 P99.99: 66853.93
------------------------------------------------------
[      40,      45 )       2   0.000%   0.000% 
[      45,      50 )    3050   0.010%   0.010% 
[      50,      60 )  452097   1.507%   1.517% 
[      60,      70 ) 1099093   3.664%   5.181% #
[      70,      80 ) 1414606   4.715%   9.896% #
[      80,      90 ) 1723305   5.744%  15.641% #
[      90,     100 ) 1849052   6.164%  21.804% #
[     100,     120 ) 3376869  11.256%  33.060% ##
[     120,     140 ) 3209427  10.698%  43.758% ##
[     140,     160 ) 3037323  10.124%  53.883% ##
[     160,     180 ) 2595926   8.653%  62.536% ##
[     180,     200 ) 2079803   6.933%  69.469% #
[     200,     250 ) 3500356  11.668%  81.136% ##
[     250,     300 ) 1975142   6.584%  87.720% #
[     300,     350 ) 1181215   3.937%  91.658% #
[     350,     400 )  744808   2.483%  94.140% 
[     400,     450 )  476893   1.590%  95.730% 
[     450,     500 )  308302   1.028%  96.758% 
[     500,     600 )  333835   1.113%  97.870% 
[     600,     700 )  132920   0.443%  98.313% 
[     700,     800 )   47284   0.158%  98.471% 
[     800,     900 )   14720   0.049%  98.520% 
[     900,    1000 )    4967   0.017%  98.537% 
[    1000,    1200 )    4107   0.014%  98.550% 
[    1200,    1400 )    2972   0.010%  98.560% 
[    1400,    1600 )    2564   0.009%  98.569% 
[    1600,    1800 )    2327   0.008%  98.577% 
[    1800,    2000 )    2186   0.007%  98.584% 
[    2000,    2500 )    4800   0.016%  98.600% 
[    2500,    3000 )    4008   0.013%  98.613% 
[    3000,    3500 )    3573   0.012%  98.625% 
[    3500,    4000 )    3204   0.011%  98.636% 
[    4000,    4500 )    3153   0.011%  98.646% 
[    4500,    5000 )    3079   0.010%  98.657% 
[    5000,    6000 )    6321   0.021%  98.678% 
[    6000,    7000 )    7313   0.024%  98.702% 
[    7000,    8000 )    9449   0.031%  98.734% 
[    8000,    9000 )    9606   0.032%  98.766% 
[    9000,   10000 )   13299   0.044%  98.810% 
[   10000,   12000 )   52836   0.176%  98.986% 
[   12000,   14000 )   84785   0.283%  99.269% 
[   14000,   16000 )  124871   0.416%  99.685% 
[   16000,   18000 )   41591   0.139%  99.823% 
[   18000,   20000 )   10048   0.033%  99.857% 
[   20000,   25000 )   10424   0.035%  99.892% 
[   25000,   30000 )    9170   0.031%  99.922% 
[   30000,   35000 )    3442   0.011%  99.934% 
[   35000,   40000 )    2975   0.010%  99.944% 
[   40000,   45000 )    5058   0.017%  99.961% 
[   45000,   50000 )    3886   0.013%  99.973% 
[   50000,   60000 )    3433   0.011%  99.985% 
[   60000,   70000 )    2225   0.007%  99.992% 
[   70000,   80000 )    1167   0.004%  99.996% 
[   80000,   90000 )     401   0.001%  99.998% 
[   90000,  100000 )     158   0.001%  99.998% 
[  100000,  120000 )     204   0.001%  99.999% 
[  120000,  140000 )      40   0.000%  99.999% 
[  140000,  160000 )      34   0.000%  99.999% 
[  160000,  180000 )      63   0.000%  99.999% 
[  200000,  250000 )      22   0.000%  99.999% 
[  250000,  300000 )      34   0.000%  99.999% 
[  300000,  350000 )       8   0.000%  99.999% 
[  350000,  400000 )      77   0.000% 100.000% 
[  400000,  450000 )      28   0.000% 100.000% 
[  500000,  600000 )      32   0.000% 100.000% 
[ 2500000, 3000000 )       6   0.000% 100.000% 
[ 3000000, 3500000 )      26   0.000% 100.000% 


# Run duration (sec): 374.01
# Run operations:	30000000
# Run throughput (KOPS): 80.2118
Count: 30000000  Average: 392.7089  StdDev: 2168.71
Percentiles(us): P50: 149.51 P90: 330.70 P99: 12080.71 P99.9: 26589.29 P99.99: 66391.22
------------------------------------------------------
[      45,      50 )    3574   0.012%   0.012% 
[      50,      60 )  481826   1.606%   1.618% 
[      60,      70 ) 1336750   4.456%   6.074% #
[      70,      80 ) 1677660   5.592%  11.666% #
[      80,      90 ) 1836869   6.123%  17.789% #
[      90,     100 ) 1820118   6.067%  23.856% #
[     100,     120 ) 3234463  10.782%  34.638% ##
[     120,     140 ) 3199600  10.665%  45.303% ##
[     140,     160 ) 2964958   9.883%  55.186% ##
[     160,     180 ) 2440099   8.134%  63.320% ##
[     180,     200 ) 1966955   6.557%  69.876% #
[     200,     250 ) 3369404  11.231%  81.108% ##
[     250,     300 ) 1945190   6.484%  87.592% #
[     300,     350 ) 1176915   3.923%  91.515% #
[     350,     400 )  746236   2.487%  94.002% 
[     400,     450 )  483176   1.611%  95.613% 
[     450,     500 )  316605   1.055%  96.668% 
[     500,     600 )  346169   1.154%  97.822% 
[     600,     700 )  139906   0.466%  98.288% 
[     700,     800 )   48604   0.162%  98.450% 
[     800,     900 )   15040   0.050%  98.500% 
[     900,    1000 )    5031   0.017%  98.517% 
[    1000,    1200 )    4184   0.014%  98.531% 
[    1200,    1400 )    2760   0.009%  98.540% 
[    1400,    1600 )    2541   0.008%  98.549% 
[    1600,    1800 )    2323   0.008%  98.557% 
[    1800,    2000 )    2177   0.007%  98.564% 
[    2000,    2500 )    4948   0.016%  98.580% 
[    2500,    3000 )    4448   0.015%  98.595% 
[    3000,    3500 )    3824   0.013%  98.608% 
[    3500,    4000 )    3617   0.012%  98.620% 
[    4000,    4500 )    3564   0.012%  98.632% 
[    4500,    5000 )    3855   0.013%  98.645% 
[    5000,    6000 )    7889   0.026%  98.671% 
[    6000,    7000 )    8462   0.028%  98.699% 
[    7000,    8000 )   13676   0.046%  98.745% 
[    8000,    9000 )    9692   0.032%  98.777% 
[    9000,   10000 )   11985   0.040%  98.817% 
[   10000,   12000 )   51538   0.172%  98.989% 
[   12000,   14000 )   83487   0.278%  99.267% 
[   14000,   16000 )  124123   0.414%  99.681% 
[   16000,   18000 )   41650   0.139%  99.820% 
[   18000,   20000 )   10345   0.034%  99.854% 
[   20000,   25000 )   10957   0.037%  99.891% 
[   25000,   30000 )    8831   0.029%  99.920% 
[   30000,   35000 )    3916   0.013%  99.933% 
[   35000,   40000 )    2819   0.009%  99.943% 
[   40000,   45000 )    4619   0.015%  99.958% 
[   45000,   50000 )    4224   0.014%  99.972% 
[   50000,   60000 )    4029   0.013%  99.985% 
[   60000,   70000 )    2142   0.007%  99.993% 
[   70000,   80000 )    1067   0.004%  99.996% 
[   80000,   90000 )     529   0.002%  99.998% 
[   90000,  100000 )     212   0.001%  99.999% 
[  100000,  120000 )     267   0.001%  99.999% 
[  120000,  140000 )      54   0.000% 100.000% 
[  140000,  160000 )      66   0.000% 100.000% 
[  180000,  200000 )      32   0.000% 100.000% 

Read info: 
Count: 0  Average: 0.0000  StdDev: 0.00
Percentiles(us): P50: -nan P90: -nan P99: -nan P99.9: -nan P99.99: -nan
------------------------------------------------------

Write info: 
Count: 30000000  Average: 392.7089  StdDev: 2168.71
Percentiles(us): P50: 149.51 P90: 330.70 P99: 12080.71 P99.9: 26589.29 P99.99: 66391.22
------------------------------------------------------
[      45,      50 )    3574   0.012%   0.012% 
[      50,      60 )  481826   1.606%   1.618% 
[      60,      70 ) 1336750   4.456%   6.074% #
[      70,      80 ) 1677660   5.592%  11.666% #
[      80,      90 ) 1836869   6.123%  17.789% #
[      90,     100 ) 1820118   6.067%  23.856% #
[     100,     120 ) 3234463  10.782%  34.638% ##
[     120,     140 ) 3199600  10.665%  45.303% ##
[     140,     160 ) 2964958   9.883%  55.186% ##
[     160,     180 ) 2440099   8.134%  63.320% ##
[     180,     200 ) 1966955   6.557%  69.876% #
[     200,     250 ) 3369404  11.231%  81.108% ##
[     250,     300 ) 1945190   6.484%  87.592% #
[     300,     350 ) 1176915   3.923%  91.515% #
[     350,     400 )  746236   2.487%  94.002% 
[     400,     450 )  483176   1.611%  95.613% 
[     450,     500 )  316605   1.055%  96.668% 
[     500,     600 )  346169   1.154%  97.822% 
[     600,     700 )  139906   0.466%  98.288% 
[     700,     800 )   48604   0.162%  98.450% 
[     800,     900 )   15040   0.050%  98.500% 
[     900,    1000 )    5031   0.017%  98.517% 
[    1000,    1200 )    4184   0.014%  98.531% 
[    1200,    1400 )    2760   0.009%  98.540% 
[    1400,    1600 )    2541   0.008%  98.549% 
[    1600,    1800 )    2323   0.008%  98.557% 
[    1800,    2000 )    2177   0.007%  98.564% 
[    2000,    2500 )    4948   0.016%  98.580% 
[    2500,    3000 )    4448   0.015%  98.595% 
[    3000,    3500 )    3824   0.013%  98.608% 
[    3500,    4000 )    3617   0.012%  98.620% 
[    4000,    4500 )    3564   0.012%  98.632% 
[    4500,    5000 )    3855   0.013%  98.645% 
[    5000,    6000 )    7889   0.026%  98.671% 
[    6000,    7000 )    8462   0.028%  98.699% 
[    7000,    8000 )   13676   0.046%  98.745% 
[    8000,    9000 )    9692   0.032%  98.777% 
[    9000,   10000 )   11985   0.040%  98.817% 
[   10000,   12000 )   51538   0.172%  98.989% 
[   12000,   14000 )   83487   0.278%  99.267% 
[   14000,   16000 )  124123   0.414%  99.681% 
[   16000,   18000 )   41650   0.139%  99.820% 
[   18000,   20000 )   10345   0.034%  99.854% 
[   20000,   25000 )   10957   0.037%  99.891% 
[   25000,   30000 )    8831   0.029%  99.920% 
[   30000,   35000 )    3916   0.013%  99.933% 
[   35000,   40000 )    2819   0.009%  99.943% 
[   40000,   45000 )    4619   0.015%  99.958% 
[   45000,   50000 )    4224   0.014%  99.972% 
[   50000,   60000 )    4029   0.013%  99.985% 
[   60000,   70000 )    2142   0.007%  99.993% 
[   70000,   80000 )    1067   0.004%  99.996% 
[   80000,   90000 )     529   0.002%  99.998% 
[   90000,  100000 )     212   0.001%  99.999% 
[  100000,  120000 )     267   0.001%  99.999% 
[  120000,  140000 )      54   0.000% 100.000% 
[  140000,  160000 )      66   0.000% 100.000% 
[  180000,  200000 )      32   0.000% 100.000% 


