
nofdb	workloads/workloadc_uniform.spec	32
# Load duration (sec): 361.545
# Loading records:	30000000
# Load throughput (KOPS): 82.9772
Count: 30000000  Average: 379.6270  StdDev: 4256.59
Percentiles(us): P50: 142.19 P90: 298.64 P99: 11797.09 P99.9: 26120.05 P99.99: 66462.90
------------------------------------------------------
[      40,      45 )       1   0.000%   0.000% 
[      45,      50 )   12196   0.041%   0.041% 
[      50,      60 )  619923   2.066%   2.107% 
[      60,      70 ) 1428840   4.763%   6.870% #
[      70,      80 ) 1847026   6.157%  13.027% #
[      80,      90 ) 2012977   6.710%  19.737% #
[      90,     100 ) 1953580   6.512%  26.248% #
[     100,     120 ) 3432158  11.441%  37.689% ##
[     120,     140 ) 3357492  11.192%  48.881% ##
[     140,     160 ) 3060199  10.201%  59.081% ##
[     160,     180 ) 2455044   8.183%  67.265% ##
[     180,     200 ) 1935697   6.452%  73.717% #
[     200,     250 ) 3191459  10.638%  84.355% ##
[     250,     300 ) 1740666   5.802%  90.158% #
[     300,     350 )  987185   3.291%  93.448% #
[     350,     400 )  594141   1.980%  95.429% 
[     400,     450 )  363685   1.212%  96.641% 
[     450,     500 )  223090   0.744%  97.385% 
[     500,     600 )  226531   0.755%  98.140% 
[     600,     700 )   86763   0.289%  98.429% 
[     700,     800 )   30822   0.103%  98.532% 
[     800,     900 )   10298   0.034%  98.566% 
[     900,    1000 )    3935   0.013%  98.579% 
[    1000,    1200 )    4192   0.014%  98.593% 
[    1200,    1400 )    3058   0.010%  98.603% 
[    1400,    1600 )    2674   0.009%  98.612% 
[    1600,    1800 )    2454   0.008%  98.620% 
[    1800,    2000 )    2179   0.007%  98.628% 
[    2000,    2500 )    4814   0.016%  98.644% 
[    2500,    3000 )    4154   0.014%  98.657% 
[    3000,    3500 )    4001   0.013%  98.671% 
[    3500,    4000 )    3414   0.011%  98.682% 
[    4000,    4500 )    3618   0.012%  98.694% 
[    4500,    5000 )    3576   0.012%  98.706% 
[    5000,    6000 )    7147   0.024%  98.730% 
[    6000,    7000 )   10789   0.036%  98.766% 
[    7000,    8000 )    9035   0.030%  98.796% 
[    8000,    9000 )    9818   0.033%  98.829% 
[    9000,   10000 )   11356   0.038%  98.867% 
[   10000,   12000 )   44531   0.148%  99.015% 
[   12000,   14000 )   79922   0.266%  99.281% 
[   14000,   16000 )  119649   0.399%  99.680% 
[   16000,   18000 )   42673   0.142%  99.823% 
[   18000,   20000 )    9902   0.033%  99.856% 
[   20000,   25000 )   11207   0.037%  99.893% 
[   25000,   30000 )    9504   0.032%  99.925% 
[   30000,   35000 )    3459   0.012%  99.936% 
[   35000,   40000 )    2750   0.009%  99.945% 
[   40000,   45000 )    4780   0.016%  99.961% 
[   45000,   50000 )    4200   0.014%  99.975% 
[   50000,   60000 )    3051   0.010%  99.985% 
[   60000,   70000 )    2143   0.007%  99.993% 
[   70000,   80000 )     812   0.003%  99.995% 
[   80000,   90000 )     576   0.002%  99.997% 
[   90000,  100000 )     194   0.001%  99.998% 
[  100000,  120000 )     116   0.000%  99.998% 
[  120000,  140000 )      72   0.000%  99.998% 
[  140000,  160000 )     115   0.000%  99.999% 
[  160000,  180000 )      36   0.000%  99.999% 
[  180000,  200000 )      19   0.000%  99.999% 
[  200000,  250000 )      42   0.000%  99.999% 
[  250000,  300000 )     164   0.001% 100.000% 
[  500000,  600000 )      32   0.000% 100.000% 
[  600000,  700000 )      11   0.000% 100.000% 
[  700000,  800000 )      21   0.000% 100.000% 
[ 3000000, 3500000 )      32   0.000% 100.000% 


# Run duration (sec): 272.343
# Run operations:	30000000
# Run throughput (KOPS): 110.155
Count: 30000000  Average: 288.9107  StdDev: 1610.19
Percentiles(us): P50: 144.51 P90: 249.32 P99: 2887.85 P99.9: 17789.96 P99.99: 27675.91
------------------------------------------------------
[      35,      40 )     118   0.000%   0.000% 
[      40,      45 )    2536   0.008%   0.009% 
[      45,      50 )    3399   0.011%   0.020% 
[      50,      60 )    2176   0.007%   0.027% 
[      60,      70 )     438   0.001%   0.029% 
[      70,      80 )     343   0.001%   0.030% 
[      80,      90 )     578   0.002%   0.032% 
[      90,     100 )    3974   0.013%   0.045% 
[     100,     120 ) 2017136   6.724%   6.769% #
[     120,     140 ) 11546268  38.488%  45.257% ########
[     140,     160 ) 6317268  21.058%  66.314% ####
[     160,     180 ) 2354666   7.849%  74.163% ##
[     180,     200 ) 1956775   6.523%  80.686% #
[     200,     250 ) 2832782   9.443%  90.128% ##
[     250,     300 ) 1002887   3.343%  93.471% #
[     300,     350 )  712238   2.374%  95.845% 
[     350,     400 )  329100   1.097%  96.942% 
[     400,     450 )  186744   0.622%  97.565% 
[     450,     500 )  109773   0.366%  97.931% 
[     500,     600 )  107394   0.358%  98.289% 
[     600,     700 )   49074   0.164%  98.452% 
[     700,     800 )   29163   0.097%  98.549% 
[     800,     900 )   19479   0.065%  98.614% 
[     900,    1000 )   14755   0.049%  98.664% 
[    1000,    1200 )   22359   0.075%  98.738% 
[    1200,    1400 )   16599   0.055%  98.793% 
[    1400,    1600 )   12662   0.042%  98.836% 
[    1600,    1800 )   10617   0.035%  98.871% 
[    1800,    2000 )    9524   0.032%  98.903% 
[    2000,    2500 )   18586   0.062%  98.965% 
[    2500,    3000 )   13651   0.046%  99.010% 
[    3000,    3500 )   11044   0.037%  99.047% 
[    3500,    4000 )    9444   0.031%  99.079% 
[    4000,    4500 )    9869   0.033%  99.111% 
[    4500,    5000 )    9857   0.033%  99.144% 
[    5000,    6000 )   14672   0.049%  99.193% 
[    6000,    7000 )   13562   0.045%  99.238% 
[    7000,    8000 )   17900   0.060%  99.298% 
[    8000,    9000 )   17416   0.058%  99.356% 
[    9000,   10000 )   17294   0.058%  99.414% 
[   10000,   12000 )   38496   0.128%  99.542% 
[   12000,   14000 )   32804   0.109%  99.651% 
[   14000,   16000 )   38770   0.129%  99.781% 
[   16000,   18000 )   40012   0.133%  99.914% 
[   18000,   20000 )   17755   0.059%  99.973% 
[   20000,   25000 )    4252   0.014%  99.987% 
[   25000,   30000 )    1478   0.005%  99.992% 
[   30000,   35000 )     806   0.003%  99.995% 
[   35000,   40000 )     351   0.001%  99.996% 
[   40000,   45000 )     211   0.001%  99.997% 
[   45000,   50000 )     109   0.000%  99.997% 
[   50000,   60000 )     181   0.001%  99.998% 
[   60000,   70000 )      72   0.000%  99.998% 
[   70000,   80000 )      94   0.000%  99.998% 
[   80000,   90000 )      70   0.000%  99.999% 
[   90000,  100000 )      25   0.000%  99.999% 
[  100000,  120000 )      91   0.000%  99.999% 
[  120000,  140000 )      67   0.000%  99.999% 
[  140000,  160000 )      35   0.000%  99.999% 
[  160000,  180000 )      20   0.000%  99.999% 
[  180000,  200000 )      28   0.000%  99.999% 
[  200000,  250000 )      36   0.000% 100.000% 
[  250000,  300000 )      33   0.000% 100.000% 
[  300000,  350000 )      25   0.000% 100.000% 
[  350000,  400000 )      20   0.000% 100.000% 
[  400000,  450000 )      10   0.000% 100.000% 
[  450000,  500000 )       7   0.000% 100.000% 
[  500000,  600000 )       7   0.000% 100.000% 
[  600000,  700000 )       4   0.000% 100.000% 
[  700000,  800000 )       1   0.000% 100.000% 
[  800000,  900000 )       7   0.000% 100.000% 
[  900000, 1000000 )       3   0.000% 100.000% 

Read info: 
Count: 30000000  Average: 288.9107  StdDev: 1610.19
Percentiles(us): P50: 144.51 P90: 249.32 P99: 2887.85 P99.9: 17789.96 P99.99: 27675.91
------------------------------------------------------
[      35,      40 )     118   0.000%   0.000% 
[      40,      45 )    2536   0.008%   0.009% 
[      45,      50 )    3399   0.011%   0.020% 
[      50,      60 )    2176   0.007%   0.027% 
[      60,      70 )     438   0.001%   0.029% 
[      70,      80 )     343   0.001%   0.030% 
[      80,      90 )     578   0.002%   0.032% 
[      90,     100 )    3974   0.013%   0.045% 
[     100,     120 ) 2017136   6.724%   6.769% #
[     120,     140 ) 11546268  38.488%  45.257% ########
[     140,     160 ) 6317268  21.058%  66.314% ####
[     160,     180 ) 2354666   7.849%  74.163% ##
[     180,     200 ) 1956775   6.523%  80.686% #
[     200,     250 ) 2832782   9.443%  90.128% ##
[     250,     300 ) 1002887   3.343%  93.471% #
[     300,     350 )  712238   2.374%  95.845% 
[     350,     400 )  329100   1.097%  96.942% 
[     400,     450 )  186744   0.622%  97.565% 
[     450,     500 )  109773   0.366%  97.931% 
[     500,     600 )  107394   0.358%  98.289% 
[     600,     700 )   49074   0.164%  98.452% 
[     700,     800 )   29163   0.097%  98.549% 
[     800,     900 )   19479   0.065%  98.614% 
[     900,    1000 )   14755   0.049%  98.664% 
[    1000,    1200 )   22359   0.075%  98.738% 
[    1200,    1400 )   16599   0.055%  98.793% 
[    1400,    1600 )   12662   0.042%  98.836% 
[    1600,    1800 )   10617   0.035%  98.871% 
[    1800,    2000 )    9524   0.032%  98.903% 
[    2000,    2500 )   18586   0.062%  98.965% 
[    2500,    3000 )   13651   0.046%  99.010% 
[    3000,    3500 )   11044   0.037%  99.047% 
[    3500,    4000 )    9444   0.031%  99.079% 
[    4000,    4500 )    9869   0.033%  99.111% 
[    4500,    5000 )    9857   0.033%  99.144% 
[    5000,    6000 )   14672   0.049%  99.193% 
[    6000,    7000 )   13562   0.045%  99.238% 
[    7000,    8000 )   17900   0.060%  99.298% 
[    8000,    9000 )   17416   0.058%  99.356% 
[    9000,   10000 )   17294   0.058%  99.414% 
[   10000,   12000 )   38496   0.128%  99.542% 
[   12000,   14000 )   32804   0.109%  99.651% 
[   14000,   16000 )   38770   0.129%  99.781% 
[   16000,   18000 )   40012   0.133%  99.914% 
[   18000,   20000 )   17755   0.059%  99.973% 
[   20000,   25000 )    4252   0.014%  99.987% 
[   25000,   30000 )    1478   0.005%  99.992% 
[   30000,   35000 )     806   0.003%  99.995% 
[   35000,   40000 )     351   0.001%  99.996% 
[   40000,   45000 )     211   0.001%  99.997% 
[   45000,   50000 )     109   0.000%  99.997% 
[   50000,   60000 )     181   0.001%  99.998% 
[   60000,   70000 )      72   0.000%  99.998% 
[   70000,   80000 )      94   0.000%  99.998% 
[   80000,   90000 )      70   0.000%  99.999% 
[   90000,  100000 )      25   0.000%  99.999% 
[  100000,  120000 )      91   0.000%  99.999% 
[  120000,  140000 )      67   0.000%  99.999% 
[  140000,  160000 )      35   0.000%  99.999% 
[  160000,  180000 )      20   0.000%  99.999% 
[  180000,  200000 )      28   0.000%  99.999% 
[  200000,  250000 )      36   0.000% 100.000% 
[  250000,  300000 )      33   0.000% 100.000% 
[  300000,  350000 )      25   0.000% 100.000% 
[  350000,  400000 )      20   0.000% 100.000% 
[  400000,  450000 )      10   0.000% 100.000% 
[  450000,  500000 )       7   0.000% 100.000% 
[  500000,  600000 )       7   0.000% 100.000% 
[  600000,  700000 )       4   0.000% 100.000% 
[  700000,  800000 )       1   0.000% 100.000% 
[  800000,  900000 )       7   0.000% 100.000% 
[  900000, 1000000 )       3   0.000% 100.000% 

Write info: 
Count: 0  Average: 0.0000  StdDev: 0.00
Percentiles(us): P50: -nan P90: -nan P99: -nan P99.9: -nan P99.99: -nan
------------------------------------------------------


