
nofdb	workloads/workloadg_uniform.spec	32
# Load duration (sec): 795.118
# Loading records:	100000000
# Load throughput (KOPS): 125.767
Count: 100000000  Average: 253.7095  StdDev: 2286.18
Percentiles(us): P50: 205.31 P90: 369.53 P99: 943.32 P99.9: 3095.19 P99.99: 46995.69
------------------------------------------------------
[      50,      60 )      14   0.000%   0.000% 
[      60,      70 )    3047   0.003%   0.003% 
[      70,      80 )   20967   0.021%   0.024% 
[      80,      90 )   33679   0.034%   0.058% 
[      90,     100 )  203336   0.203%   0.261% 
[     100,     120 ) 24740808  24.741%  25.002% #####
[     120,     140 ) 4457686   4.458%  29.460% #
[     140,     160 ) 8472065   8.472%  37.932% ##
[     160,     180 ) 6300921   6.301%  44.233% #
[     180,     200 ) 3359480   3.359%  47.592% #
[     200,     250 ) 22681245  22.681%  70.273% #####
[     250,     300 ) 12720708  12.721%  82.994% ###
[     300,     350 ) 5699683   5.700%  88.694% #
[     350,     400 ) 3344550   3.345%  92.038% #
[     400,     450 ) 1942332   1.942%  93.981% 
[     450,     500 ) 1571433   1.571%  95.552% 
[     500,     600 ) 1559333   1.559%  97.111% 
[     600,     700 )  870392   0.870%  97.982% 
[     700,     800 )  563028   0.563%  98.545% 
[     800,     900 )  355299   0.355%  98.900% 
[     900,    1000 )  230803   0.231%  99.131% 
[    1000,    1200 )  283757   0.284%  99.415% 
[    1200,    1400 )  175308   0.175%  99.590% 
[    1400,    1600 )  110078   0.110%  99.700% 
[    1600,    1800 )   72423   0.072%  99.772% 
[    1800,    2000 )   47194   0.047%  99.820% 
[    2000,    2500 )   59021   0.059%  99.879% 
[    2500,    3000 )   20125   0.020%  99.899% 
[    3000,    3500 )    6750   0.007%  99.905% 
[    3500,    4000 )    2587   0.003%  99.908% 
[    4000,    4500 )    1510   0.002%  99.910% 
[    4500,    5000 )    1514   0.002%  99.911% 
[    5000,    6000 )    6834   0.007%  99.918% 
[    6000,    7000 )   11074   0.011%  99.929% 
[    7000,    8000 )    6850   0.007%  99.936% 
[    8000,    9000 )    3061   0.003%  99.939% 
[    9000,   10000 )    2858   0.003%  99.942% 
[   10000,   12000 )    5049   0.005%  99.947% 
[   12000,   14000 )    3025   0.003%  99.950% 
[   14000,   16000 )    2383   0.002%  99.952% 
[   16000,   18000 )    3007   0.003%  99.955% 
[   18000,   20000 )    3779   0.004%  99.959% 
[   20000,   25000 )   20355   0.020%  99.979% 
[   25000,   30000 )    6173   0.006%  99.986% 
[   30000,   35000 )    2661   0.003%  99.988% 
[   35000,   40000 )     862   0.001%  99.989% 
[   40000,   45000 )     583   0.001%  99.990% 
[   45000,   50000 )     927   0.001%  99.991% 
[   50000,   60000 )    1099   0.001%  99.992% 
[   60000,   70000 )    1596   0.002%  99.993% 
[   70000,   80000 )    1786   0.002%  99.995% 
[   80000,   90000 )    1927   0.002%  99.997% 
[   90000,  100000 )     812   0.001%  99.998% 
[  100000,  120000 )    1552   0.002%  99.999% 
[  120000,  140000 )     127   0.000%  99.999% 
[  140000,  160000 )      33   0.000%  99.999% 
[  160000,  180000 )      31   0.000% 100.000% 
[  180000,  200000 )      32   0.000% 100.000% 
[  200000,  250000 )      62   0.000% 100.000% 
[  250000,  300000 )      98   0.000% 100.000% 
[  450000,  500000 )      32   0.000% 100.000% 
[  500000,  600000 )      64   0.000% 100.000% 
[  600000,  700000 )      32   0.000% 100.000% 
[  700000,  800000 )      64   0.000% 100.000% 
[  900000, 1000000 )      32   0.000% 100.000% 
[ 1200000, 1400000 )      32   0.000% 100.000% 
[ 2500000, 3000000 )      32   0.000% 100.000% 


# Run duration (sec): 794.513
# Run operations:	100000000
# Run throughput (KOPS): 125.863
Count: 100000000  Average: 253.7260  StdDev: 1089.43
Percentiles(us): P50: 205.30 P90: 368.59 P99: 935.70 P99.9: 5076.44 P99.99: 62259.70
------------------------------------------------------
[      50,      60 )       8   0.000%   0.000% 
[      60,      70 )    2290   0.002%   0.002% 
[      70,      80 )   19850   0.020%   0.022% 
[      80,      90 )   33174   0.033%   0.055% 
[      90,     100 )   55002   0.055%   0.110% 
[     100,     120 ) 24647386  24.647%  24.758% #####
[     120,     140 ) 4641885   4.642%  29.400% #
[     140,     160 ) 8438880   8.439%  37.838% ##
[     160,     180 ) 6397860   6.398%  44.236% #
[     180,     200 ) 3360487   3.360%  47.597% #
[     200,     250 ) 22669441  22.669%  70.266% #####
[     250,     300 ) 12804473  12.804%  83.071% ###
[     300,     350 ) 5680776   5.681%  88.752% #
[     350,     400 ) 3358666   3.359%  92.110% #
[     400,     450 ) 1927203   1.927%  94.037% 
[     450,     500 ) 1563325   1.563%  95.601% 
[     500,     600 ) 1548327   1.548%  97.149% 
[     600,     700 )  861629   0.862%  98.011% 
[     700,     800 )  558662   0.559%  98.569% 
[     800,     900 )  349617   0.350%  98.919% 
[     900,    1000 )  227033   0.227%  99.146% 
[    1000,    1200 )  279129   0.279%  99.425% 
[    1200,    1400 )  171506   0.172%  99.597% 
[    1400,    1600 )  106046   0.106%  99.703% 
[    1600,    1800 )   69773   0.070%  99.772% 
[    1800,    2000 )   44868   0.045%  99.817% 
[    2000,    2500 )   54755   0.055%  99.872% 
[    2500,    3000 )   17484   0.017%  99.890% 
[    3000,    3500 )    5602   0.006%  99.895% 
[    3500,    4000 )    1959   0.002%  99.897% 
[    4000,    4500 )    1206   0.001%  99.898% 
[    4500,    5000 )    1282   0.001%  99.900% 
[    5000,    6000 )    5442   0.005%  99.905% 
[    6000,    7000 )   14761   0.015%  99.920% 
[    7000,    8000 )    8989   0.009%  99.929% 
[    8000,    9000 )    4637   0.005%  99.933% 
[    9000,   10000 )    5428   0.005%  99.939% 
[   10000,   12000 )    5018   0.005%  99.944% 
[   12000,   14000 )    3027   0.003%  99.947% 
[   14000,   16000 )    2148   0.002%  99.949% 
[   16000,   18000 )    2874   0.003%  99.952% 
[   18000,   20000 )    3234   0.003%  99.955% 
[   20000,   25000 )   19544   0.020%  99.975% 
[   25000,   30000 )    6156   0.006%  99.981% 
[   30000,   35000 )    2359   0.002%  99.983% 
[   35000,   40000 )    1058   0.001%  99.984% 
[   40000,   45000 )    1075   0.001%  99.985% 
[   45000,   50000 )    1605   0.002%  99.987% 
[   50000,   60000 )    2170   0.002%  99.989% 
[   60000,   70000 )    3943   0.004%  99.993% 
[   70000,   80000 )    2941   0.003%  99.996% 
[   80000,   90000 )    1745   0.002%  99.998% 
[   90000,  100000 )     847   0.001%  99.999% 
[  100000,  120000 )     664   0.001%  99.999% 
[  120000,  140000 )     336   0.000% 100.000% 
[  140000,  160000 )     197   0.000% 100.000% 
[  160000,  180000 )     120   0.000% 100.000% 
[  180000,  200000 )       2   0.000% 100.000% 
[  200000,  250000 )      32   0.000% 100.000% 
[  250000,  300000 )      64   0.000% 100.000% 

Read info: 
Count: 0  Average: 0.0000  StdDev: 0.00
Percentiles(us): P50: -nan P90: -nan P99: -nan P99.9: -nan P99.99: -nan
------------------------------------------------------

Write info: 
Count: 100000000  Average: 253.7260  StdDev: 1089.43
Percentiles(us): P50: 205.30 P90: 368.59 P99: 935.70 P99.9: 5076.44 P99.99: 62259.70
------------------------------------------------------
[      50,      60 )       8   0.000%   0.000% 
[      60,      70 )    2290   0.002%   0.002% 
[      70,      80 )   19850   0.020%   0.022% 
[      80,      90 )   33174   0.033%   0.055% 
[      90,     100 )   55002   0.055%   0.110% 
[     100,     120 ) 24647386  24.647%  24.758% #####
[     120,     140 ) 4641885   4.642%  29.400% #
[     140,     160 ) 8438880   8.439%  37.838% ##
[     160,     180 ) 6397860   6.398%  44.236% #
[     180,     200 ) 3360487   3.360%  47.597% #
[     200,     250 ) 22669441  22.669%  70.266% #####
[     250,     300 ) 12804473  12.804%  83.071% ###
[     300,     350 ) 5680776   5.681%  88.752% #
[     350,     400 ) 3358666   3.359%  92.110% #
[     400,     450 ) 1927203   1.927%  94.037% 
[     450,     500 ) 1563325   1.563%  95.601% 
[     500,     600 ) 1548327   1.548%  97.149% 
[     600,     700 )  861629   0.862%  98.011% 
[     700,     800 )  558662   0.559%  98.569% 
[     800,     900 )  349617   0.350%  98.919% 
[     900,    1000 )  227033   0.227%  99.146% 
[    1000,    1200 )  279129   0.279%  99.425% 
[    1200,    1400 )  171506   0.172%  99.597% 
[    1400,    1600 )  106046   0.106%  99.703% 
[    1600,    1800 )   69773   0.070%  99.772% 
[    1800,    2000 )   44868   0.045%  99.817% 
[    2000,    2500 )   54755   0.055%  99.872% 
[    2500,    3000 )   17484   0.017%  99.890% 
[    3000,    3500 )    5602   0.006%  99.895% 
[    3500,    4000 )    1959   0.002%  99.897% 
[    4000,    4500 )    1206   0.001%  99.898% 
[    4500,    5000 )    1282   0.001%  99.900% 
[    5000,    6000 )    5442   0.005%  99.905% 
[    6000,    7000 )   14761   0.015%  99.920% 
[    7000,    8000 )    8989   0.009%  99.929% 
[    8000,    9000 )    4637   0.005%  99.933% 
[    9000,   10000 )    5428   0.005%  99.939% 
[   10000,   12000 )    5018   0.005%  99.944% 
[   12000,   14000 )    3027   0.003%  99.947% 
[   14000,   16000 )    2148   0.002%  99.949% 
[   16000,   18000 )    2874   0.003%  99.952% 
[   18000,   20000 )    3234   0.003%  99.955% 
[   20000,   25000 )   19544   0.020%  99.975% 
[   25000,   30000 )    6156   0.006%  99.981% 
[   30000,   35000 )    2359   0.002%  99.983% 
[   35000,   40000 )    1058   0.001%  99.984% 
[   40000,   45000 )    1075   0.001%  99.985% 
[   45000,   50000 )    1605   0.002%  99.987% 
[   50000,   60000 )    2170   0.002%  99.989% 
[   60000,   70000 )    3943   0.004%  99.993% 
[   70000,   80000 )    2941   0.003%  99.996% 
[   80000,   90000 )    1745   0.002%  99.998% 
[   90000,  100000 )     847   0.001%  99.999% 
[  100000,  120000 )     664   0.001%  99.999% 
[  120000,  140000 )     336   0.000% 100.000% 
[  140000,  160000 )     197   0.000% 100.000% 
[  160000,  180000 )     120   0.000% 100.000% 
[  180000,  200000 )       2   0.000% 100.000% 
[  200000,  250000 )      32   0.000% 100.000% 
[  250000,  300000 )      64   0.000% 100.000% 


