
nofdb	workloads/workloadc_uniform.spec	32
# Load duration (sec): 779.885
# Loading records:	100000000
# Load throughput (KOPS): 128.224
Count: 100000000  Average: 248.8768  StdDev: 1629.06
Percentiles(us): P50: 204.01 P90: 360.19 P99: 916.51 P99.9: 3473.95 P99.99: 36993.13
------------------------------------------------------
[      50,      60 )      10   0.000%   0.000% 
[      60,      70 )    2160   0.002%   0.002% 
[      70,      80 )   19108   0.019%   0.021% 
[      80,      90 )   32895   0.033%   0.054% 
[      90,     100 )  110218   0.110%   0.164% 
[     100,     120 ) 25257086  25.257%  25.421% #####
[     120,     140 ) 4443967   4.444%  29.865% #
[     140,     160 ) 8184002   8.184%  38.049% ##
[     160,     180 ) 6635782   6.636%  44.685% #
[     180,     200 ) 3481680   3.482%  48.167% #
[     200,     250 ) 22882768  22.883%  71.050% #####
[     250,     300 ) 12679450  12.679%  83.729% ###
[     300,     350 ) 5612287   5.612%  89.341% #
[     350,     400 ) 3232690   3.233%  92.574% #
[     400,     450 ) 1838109   1.838%  94.412% 
[     450,     500 ) 1473392   1.473%  95.886% 
[     500,     600 ) 1425829   1.426%  97.311% 
[     600,     700 )  797470   0.797%  98.109% 
[     700,     800 )  525598   0.526%  98.635% 
[     800,     900 )  330361   0.330%  98.965% 
[     900,    1000 )  212820   0.213%  99.178% 
[    1000,    1200 )  263033   0.263%  99.441% 
[    1200,    1400 )  163181   0.163%  99.604% 
[    1400,    1600 )  102118   0.102%  99.706% 
[    1600,    1800 )   67624   0.068%  99.774% 
[    1800,    2000 )   44234   0.044%  99.818% 
[    2000,    2500 )   55177   0.055%  99.873% 
[    2500,    3000 )   19693   0.020%  99.893% 
[    3000,    3500 )    7657   0.008%  99.900% 
[    3500,    4000 )    3498   0.003%  99.904% 
[    4000,    4500 )    1947   0.002%  99.906% 
[    4500,    5000 )    1436   0.001%  99.907% 
[    5000,    6000 )    3447   0.003%  99.911% 
[    6000,    7000 )    8105   0.008%  99.919% 
[    7000,    8000 )    7395   0.007%  99.926% 
[    8000,    9000 )    4789   0.005%  99.931% 
[    9000,   10000 )    4848   0.005%  99.936% 
[   10000,   12000 )   12364   0.012%  99.948% 
[   12000,   14000 )    3569   0.004%  99.952% 
[   14000,   16000 )    2563   0.003%  99.954% 
[   16000,   18000 )    2778   0.003%  99.957% 
[   18000,   20000 )    3733   0.004%  99.961% 
[   20000,   25000 )   19706   0.020%  99.981% 
[   25000,   30000 )    6617   0.007%  99.987% 
[   30000,   35000 )    2458   0.002%  99.990% 
[   35000,   40000 )     873   0.001%  99.991% 
[   40000,   45000 )     730   0.001%  99.991% 
[   45000,   50000 )    1051   0.001%  99.992% 
[   50000,   60000 )    1261   0.001%  99.994% 
[   60000,   70000 )    1894   0.002%  99.995% 
[   70000,   80000 )    1531   0.002%  99.997% 
[   80000,   90000 )    1214   0.001%  99.998% 
[   90000,  100000 )     834   0.001%  99.999% 
[  100000,  120000 )     221   0.000%  99.999% 
[  120000,  140000 )     129   0.000%  99.999% 
[  140000,  160000 )      98   0.000%  99.999% 
[  160000,  180000 )      62   0.000% 100.000% 
[  180000,  200000 )      34   0.000% 100.000% 
[  200000,  250000 )      96   0.000% 100.000% 
[  250000,  300000 )      64   0.000% 100.000% 
[  300000,  350000 )      64   0.000% 100.000% 
[  350000,  400000 )      64   0.000% 100.000% 
[  400000,  450000 )      32   0.000% 100.000% 
[  800000,  900000 )      32   0.000% 100.000% 
[ 1000000, 1200000 )       2   0.000% 100.000% 
[ 1200000, 1400000 )      30   0.000% 100.000% 
[ 1600000, 1800000 )      32   0.000% 100.000% 


# Run duration (sec): 547.621
# Run operations:	100000000
# Run throughput (KOPS): 182.608
Count: 100000000  Average: 174.5928  StdDev: 614.76
Percentiles(us): P50: 149.29 P90: 269.40 P99: 539.95 P99.9: 2411.91 P99.99: 20387.87
------------------------------------------------------
[      35,      40 )      26   0.000%   0.000% 
[      40,      45 )   29559   0.030%   0.030% 
[      45,      50 ) 1608925   1.609%   1.639% 
[      50,      60 ) 11551239  11.551%  13.190% ##
[      60,      70 ) 2368610   2.369%  15.558% 
[      70,      80 ) 1541837   1.542%  17.100% 
[      80,      90 ) 4014034   4.014%  21.114% #
[      90,     100 ) 2977473   2.977%  24.092% #
[     100,     120 ) 3378075   3.378%  27.470% #
[     120,     140 ) 15343888  15.344%  42.814% ###
[     140,     160 ) 15478732  15.479%  58.292% ###
[     160,     180 ) 10125416  10.125%  68.418% ##
[     180,     200 ) 8757362   8.757%  77.175% ##
[     200,     250 ) 10963245  10.963%  88.138% ##
[     250,     300 ) 4797898   4.798%  92.936% #
[     300,     350 ) 2812926   2.813%  95.749% #
[     350,     400 ) 1535685   1.536%  97.285% 
[     400,     450 )  960250   0.960%  98.245% 
[     450,     500 )  535540   0.536%  98.781% 
[     500,     600 )  548865   0.549%  99.330% 
[     600,     700 )  230206   0.230%  99.560% 
[     700,     800 )  113701   0.114%  99.673% 
[     800,     900 )   61537   0.062%  99.735% 
[     900,    1000 )   38571   0.039%  99.774% 
[    1000,    1200 )   44840   0.045%  99.818% 
[    1200,    1400 )   26515   0.027%  99.845% 
[    1400,    1600 )   18376   0.018%  99.863% 
[    1600,    1800 )   13516   0.014%  99.877% 
[    1800,    2000 )    9967   0.010%  99.887% 
[    2000,    2500 )   16006   0.016%  99.903% 
[    2500,    3000 )    8318   0.008%  99.911% 
[    3000,    3500 )    5894   0.006%  99.917% 
[    3500,    4000 )    5235   0.005%  99.922% 
[    4000,    4500 )    4603   0.005%  99.927% 
[    4500,    5000 )    3970   0.004%  99.931% 
[    5000,    6000 )    6489   0.006%  99.937% 
[    6000,    7000 )    5196   0.005%  99.943% 
[    7000,    8000 )    5483   0.005%  99.948% 
[    8000,    9000 )    6191   0.006%  99.954% 
[    9000,   10000 )    5178   0.005%  99.959% 
[   10000,   12000 )    6279   0.006%  99.966% 
[   12000,   14000 )    8280   0.008%  99.974% 
[   14000,   16000 )    5016   0.005%  99.979% 
[   16000,   18000 )    7484   0.007%  99.986% 
[   18000,   20000 )    3307   0.003%  99.990% 
[   20000,   25000 )    3313   0.003%  99.993% 
[   25000,   30000 )    2789   0.003%  99.996% 
[   30000,   35000 )    2053   0.002%  99.998% 
[   35000,   40000 )     441   0.000%  99.998% 
[   40000,   45000 )     536   0.001%  99.999% 
[   45000,   50000 )     414   0.000%  99.999% 
[   50000,   60000 )     225   0.000% 100.000% 
[   60000,   70000 )     144   0.000% 100.000% 
[   70000,   80000 )      80   0.000% 100.000% 
[   80000,   90000 )      69   0.000% 100.000% 
[   90000,  100000 )      29   0.000% 100.000% 
[  100000,  120000 )      42   0.000% 100.000% 
[  120000,  140000 )      16   0.000% 100.000% 
[  140000,  160000 )      44   0.000% 100.000% 
[  160000,  180000 )       7   0.000% 100.000% 
[  180000,  200000 )       6   0.000% 100.000% 
[  200000,  250000 )      11   0.000% 100.000% 
[  250000,  300000 )       5   0.000% 100.000% 
[  300000,  350000 )       1   0.000% 100.000% 
[  600000,  700000 )      32   0.000% 100.000% 

Read info: 
Count: 100000000  Average: 174.5928  StdDev: 614.76
Percentiles(us): P50: 149.29 P90: 269.40 P99: 539.95 P99.9: 2411.91 P99.99: 20387.87
------------------------------------------------------
[      35,      40 )      26   0.000%   0.000% 
[      40,      45 )   29559   0.030%   0.030% 
[      45,      50 ) 1608925   1.609%   1.639% 
[      50,      60 ) 11551239  11.551%  13.190% ##
[      60,      70 ) 2368610   2.369%  15.558% 
[      70,      80 ) 1541837   1.542%  17.100% 
[      80,      90 ) 4014034   4.014%  21.114% #
[      90,     100 ) 2977473   2.977%  24.092% #
[     100,     120 ) 3378075   3.378%  27.470% #
[     120,     140 ) 15343888  15.344%  42.814% ###
[     140,     160 ) 15478732  15.479%  58.292% ###
[     160,     180 ) 10125416  10.125%  68.418% ##
[     180,     200 ) 8757362   8.757%  77.175% ##
[     200,     250 ) 10963245  10.963%  88.138% ##
[     250,     300 ) 4797898   4.798%  92.936% #
[     300,     350 ) 2812926   2.813%  95.749% #
[     350,     400 ) 1535685   1.536%  97.285% 
[     400,     450 )  960250   0.960%  98.245% 
[     450,     500 )  535540   0.536%  98.781% 
[     500,     600 )  548865   0.549%  99.330% 
[     600,     700 )  230206   0.230%  99.560% 
[     700,     800 )  113701   0.114%  99.673% 
[     800,     900 )   61537   0.062%  99.735% 
[     900,    1000 )   38571   0.039%  99.774% 
[    1000,    1200 )   44840   0.045%  99.818% 
[    1200,    1400 )   26515   0.027%  99.845% 
[    1400,    1600 )   18376   0.018%  99.863% 
[    1600,    1800 )   13516   0.014%  99.877% 
[    1800,    2000 )    9967   0.010%  99.887% 
[    2000,    2500 )   16006   0.016%  99.903% 
[    2500,    3000 )    8318   0.008%  99.911% 
[    3000,    3500 )    5894   0.006%  99.917% 
[    3500,    4000 )    5235   0.005%  99.922% 
[    4000,    4500 )    4603   0.005%  99.927% 
[    4500,    5000 )    3970   0.004%  99.931% 
[    5000,    6000 )    6489   0.006%  99.937% 
[    6000,    7000 )    5196   0.005%  99.943% 
[    7000,    8000 )    5483   0.005%  99.948% 
[    8000,    9000 )    6191   0.006%  99.954% 
[    9000,   10000 )    5178   0.005%  99.959% 
[   10000,   12000 )    6279   0.006%  99.966% 
[   12000,   14000 )    8280   0.008%  99.974% 
[   14000,   16000 )    5016   0.005%  99.979% 
[   16000,   18000 )    7484   0.007%  99.986% 
[   18000,   20000 )    3307   0.003%  99.990% 
[   20000,   25000 )    3313   0.003%  99.993% 
[   25000,   30000 )    2789   0.003%  99.996% 
[   30000,   35000 )    2053   0.002%  99.998% 
[   35000,   40000 )     441   0.000%  99.998% 
[   40000,   45000 )     536   0.001%  99.999% 
[   45000,   50000 )     414   0.000%  99.999% 
[   50000,   60000 )     225   0.000% 100.000% 
[   60000,   70000 )     144   0.000% 100.000% 
[   70000,   80000 )      80   0.000% 100.000% 
[   80000,   90000 )      69   0.000% 100.000% 
[   90000,  100000 )      29   0.000% 100.000% 
[  100000,  120000 )      42   0.000% 100.000% 
[  120000,  140000 )      16   0.000% 100.000% 
[  140000,  160000 )      44   0.000% 100.000% 
[  160000,  180000 )       7   0.000% 100.000% 
[  180000,  200000 )       6   0.000% 100.000% 
[  200000,  250000 )      11   0.000% 100.000% 
[  250000,  300000 )       5   0.000% 100.000% 
[  300000,  350000 )       1   0.000% 100.000% 
[  600000,  700000 )      32   0.000% 100.000% 

Write info: 
Count: 0  Average: 0.0000  StdDev: 0.00
Percentiles(us): P50: -nan P90: -nan P99: -nan P99.9: -nan P99.99: -nan
------------------------------------------------------


