
nofdb	workloads/workloadc_zipfian.spec	32
# Load duration (sec): 55.4309
# Loading records:	3000000
# Load throughput (KOPS): 54.1214
Count: 3000000  Average: 586.6850  StdDev: 2229.49
Percentiles(us): P50: 251.77 P90: 349.29 P99: 16848.43 P99.9: 19619.79 P99.99: 24788.21
------------------------------------------------------
[      35,      40 )      24   0.001%   0.001% 
[      40,      45 )     290   0.010%   0.010% 
[      45,      50 )    1124   0.037%   0.048% 
[      50,      60 )    3802   0.127%   0.175% 
[      60,      70 )    7702   0.257%   0.431% 
[      70,      80 )   12845   0.428%   0.860% 
[      80,      90 )   19412   0.647%   1.507% 
[      90,     100 )   28320   0.944%   2.451% 
[     100,     120 )   91495   3.050%   5.500% #
[     120,     140 )  137249   4.575%  10.075% #
[     140,     160 )  173880   5.796%  15.871% #
[     160,     180 )  196937   6.565%  22.436% #
[     180,     200 )  212653   7.088%  29.524% #
[     200,     250 )  588725  19.624%  49.149% ####
[     250,     300 )  719520  23.984%  73.133% #####
[     300,     350 )  513316  17.111%  90.243% ###
[     350,     400 )  120941   4.031%  94.275% #
[     400,     450 )   22740   0.758%  95.032% 
[     450,     500 )    8006   0.267%  95.299% 
[     500,     600 )    7633   0.254%  95.554% 
[     600,     700 )    5668   0.189%  95.743% 
[     700,     800 )    4851   0.162%  95.904% 
[     800,     900 )    4035   0.135%  96.039% 
[     900,    1000 )    3235   0.108%  96.147% 
[    1000,    1200 )    5606   0.187%  96.334% 
[    1200,    1400 )    5094   0.170%  96.503% 
[    1400,    1600 )    4831   0.161%  96.664% 
[    1600,    1800 )    4801   0.160%  96.825% 
[    1800,    2000 )    4534   0.151%  96.976% 
[    2000,    2500 )   14217   0.474%  97.450% 
[    2500,    3000 )   11040   0.368%  97.818% 
[    3000,    3500 )    6368   0.212%  98.030% 
[    3500,    4000 )    1548   0.052%  98.081% 
[    4000,    4500 )     263   0.009%  98.090% 
[    4500,    5000 )     177   0.006%  98.096% 
[    5000,    6000 )     103   0.003%  98.100% 
[    6000,    7000 )     362   0.012%  98.112% 
[    7000,    8000 )    1134   0.038%  98.149% 
[    8000,    9000 )     784   0.026%  98.175% 
[    9000,   10000 )     134   0.004%  98.180% 
[   10000,   12000 )     604   0.020%  98.200% 
[   12000,   14000 )    1120   0.037%  98.237% 
[   14000,   16000 )    8195   0.273%  98.511% 
[   16000,   18000 )   34610   1.154%  99.664% 
[   18000,   20000 )    8732   0.291%  99.955% 
[   20000,   25000 )    1086   0.036%  99.992% 
[   25000,   30000 )     190   0.006%  99.998% 
[   30000,   35000 )      14   0.000%  99.998% 
[   35000,   40000 )      13   0.000%  99.999% 
[   40000,   45000 )      17   0.001%  99.999% 
[   45000,   50000 )       3   0.000%  99.999% 
[   50000,   60000 )      17   0.001% 100.000% 


# Run duration (sec): 164.419
# Run operations:	3000000
# Run throughput (KOPS): 18.246
Count: 3000000  Average: 1747.6779  StdDev: 2217.50
Percentiles(us): P50: 432.08 P90: 5701.06 P99: 7545.76 P99.9: 8522.71 P99.99: 9690.97
------------------------------------------------------
[      25,      30 )      15   0.001%   0.001% 
[      30,      35 )    3340   0.111%   0.112% 
[      35,      40 )    4050   0.135%   0.247% 
[      40,      45 )    1499   0.050%   0.297% 
[      45,      50 )     265   0.009%   0.306% 
[      50,      60 )     375   0.013%   0.318% 
[      60,      70 )     359   0.012%   0.330% 
[      70,      80 )     583   0.019%   0.350% 
[      80,      90 )     596   0.020%   0.369% 
[      90,     100 )   34853   1.162%   1.531% 
[     100,     120 )   34011   1.134%   2.665% 
[     120,     140 )   10714   0.357%   3.022% 
[     140,     160 )  105785   3.526%   6.548% #
[     160,     180 )  453429  15.114%  21.662% ###
[     180,     200 )   65943   2.198%  23.861% 
[     200,     250 )  182901   6.097%  29.957% #
[     250,     300 )  300721  10.024%  39.981% ##
[     300,     350 )  122350   4.078%  44.060% #
[     350,     400 )  106807   3.560%  47.620% #
[     400,     450 )  111305   3.710%  51.330% #
[     450,     500 )   64215   2.141%  53.471% 
[     500,     600 )  111572   3.719%  57.190% #
[     600,     700 )   77175   2.573%  59.762% #
[     700,     800 )   47610   1.587%  61.349% 
[     800,     900 )   40559   1.352%  62.701% 
[     900,    1000 )   30632   1.021%  63.722% 
[    1000,    1200 )   48282   1.609%  65.332% 
[    1200,    1400 )   38294   1.276%  66.608% 
[    1400,    1600 )   33587   1.120%  67.728% 
[    1600,    1800 )   31634   1.054%  68.782% 
[    1800,    2000 )   30193   1.006%  69.788% 
[    2000,    2500 )   74067   2.469%  72.257% 
[    2500,    3000 )   73006   2.434%  74.691% 
[    3000,    3500 )   73489   2.450%  77.141% 
[    3500,    4000 )   73832   2.461%  79.602% 
[    4000,    4500 )   77368   2.579%  82.181% #
[    4500,    5000 )   86066   2.869%  85.049% #
[    5000,    6000 )  211847   7.062%  92.111% #
[    6000,    7000 )  177522   5.917%  98.028% #
[    7000,    8000 )   53410   1.780%  99.809% 
[    8000,    9000 )    5240   0.175%  99.983% 
[    9000,   10000 )     288   0.010%  99.993% 
[   10000,   12000 )     154   0.005%  99.998% 
[   12000,   14000 )      45   0.002% 100.000% 
[   14000,   16000 )      10   0.000% 100.000% 
[   16000,   18000 )       2   0.000% 100.000% 

Read info: 
Count: 3000000  Average: 1747.6779  StdDev: 2217.50
Percentiles(us): P50: 432.08 P90: 5701.06 P99: 7545.76 P99.9: 8522.71 P99.99: 9690.97
------------------------------------------------------
[      25,      30 )      15   0.001%   0.001% 
[      30,      35 )    3340   0.111%   0.112% 
[      35,      40 )    4050   0.135%   0.247% 
[      40,      45 )    1499   0.050%   0.297% 
[      45,      50 )     265   0.009%   0.306% 
[      50,      60 )     375   0.013%   0.318% 
[      60,      70 )     359   0.012%   0.330% 
[      70,      80 )     583   0.019%   0.350% 
[      80,      90 )     596   0.020%   0.369% 
[      90,     100 )   34853   1.162%   1.531% 
[     100,     120 )   34011   1.134%   2.665% 
[     120,     140 )   10714   0.357%   3.022% 
[     140,     160 )  105785   3.526%   6.548% #
[     160,     180 )  453429  15.114%  21.662% ###
[     180,     200 )   65943   2.198%  23.861% 
[     200,     250 )  182901   6.097%  29.957% #
[     250,     300 )  300721  10.024%  39.981% ##
[     300,     350 )  122350   4.078%  44.060% #
[     350,     400 )  106807   3.560%  47.620% #
[     400,     450 )  111305   3.710%  51.330% #
[     450,     500 )   64215   2.141%  53.471% 
[     500,     600 )  111572   3.719%  57.190% #
[     600,     700 )   77175   2.573%  59.762% #
[     700,     800 )   47610   1.587%  61.349% 
[     800,     900 )   40559   1.352%  62.701% 
[     900,    1000 )   30632   1.021%  63.722% 
[    1000,    1200 )   48282   1.609%  65.332% 
[    1200,    1400 )   38294   1.276%  66.608% 
[    1400,    1600 )   33587   1.120%  67.728% 
[    1600,    1800 )   31634   1.054%  68.782% 
[    1800,    2000 )   30193   1.006%  69.788% 
[    2000,    2500 )   74067   2.469%  72.257% 
[    2500,    3000 )   73006   2.434%  74.691% 
[    3000,    3500 )   73489   2.450%  77.141% 
[    3500,    4000 )   73832   2.461%  79.602% 
[    4000,    4500 )   77368   2.579%  82.181% #
[    4500,    5000 )   86066   2.869%  85.049% #
[    5000,    6000 )  211847   7.062%  92.111% #
[    6000,    7000 )  177522   5.917%  98.028% #
[    7000,    8000 )   53410   1.780%  99.809% 
[    8000,    9000 )    5240   0.175%  99.983% 
[    9000,   10000 )     288   0.010%  99.993% 
[   10000,   12000 )     154   0.005%  99.998% 
[   12000,   14000 )      45   0.002% 100.000% 
[   14000,   16000 )      10   0.000% 100.000% 
[   16000,   18000 )       2   0.000% 100.000% 

Write info: 
Count: 0  Average: 0.0000  StdDev: 0.00
Percentiles(us): P50: -nan P90: -nan P99: -nan P99.9: -nan P99.99: -nan
------------------------------------------------------


