
nofdb	workloads/workloadc_uniform.spec	32
# Load duration (sec): 57.5776
# Loading records:	3000000
# Load throughput (KOPS): 52.1036
Count: 3000000  Average: 610.6623  StdDev: 2403.24
Percentiles(us): P50: 260.87 P90: 376.51 P99: 16899.86 P99.9: 19640.16 P99.99: 28195.65
------------------------------------------------------
[      35,      40 )      25   0.001%   0.001% 
[      40,      45 )     232   0.008%   0.009% 
[      45,      50 )     748   0.025%   0.034% 
[      50,      60 )    3501   0.117%   0.150% 
[      60,      70 )    7114   0.237%   0.387% 
[      70,      80 )   11426   0.381%   0.768% 
[      80,      90 )   17229   0.574%   1.343% 
[      90,     100 )   24769   0.826%   2.168% 
[     100,     120 )   77190   2.573%   4.741% #
[     120,     140 )  121136   4.038%   8.779% #
[     140,     160 )  160748   5.358%  14.137% #
[     160,     180 )  186269   6.209%  20.346% #
[     180,     200 )  200455   6.682%  27.028% #
[     200,     250 )  547758  18.259%  45.287% ####
[     250,     300 )  650646  21.688%  66.975% ####
[     300,     350 )  585474  19.516%  86.491% ####
[     350,     400 )  198573   6.619%  93.110% #
[     400,     450 )   42500   1.417%  94.526% 
[     450,     500 )   12079   0.403%  94.929% 
[     500,     600 )    9570   0.319%  95.248% 
[     600,     700 )    6669   0.222%  95.470% 
[     700,     800 )    6023   0.201%  95.671% 
[     800,     900 )    4841   0.161%  95.833% 
[     900,    1000 )    3975   0.133%  95.965% 
[    1000,    1200 )    6197   0.207%  96.172% 
[    1200,    1400 )    5281   0.176%  96.348% 
[    1400,    1600 )    5110   0.170%  96.518% 
[    1600,    1800 )    5204   0.173%  96.691% 
[    1800,    2000 )    5029   0.168%  96.859% 
[    2000,    2500 )   16347   0.545%  97.404% 
[    2500,    3000 )   10966   0.366%  97.769% 
[    3000,    3500 )    6712   0.224%  97.993% 
[    3500,    4000 )     850   0.028%  98.022% 
[    4000,    4500 )     240   0.008%  98.030% 
[    4500,    5000 )     240   0.008%  98.038% 
[    5000,    6000 )     196   0.007%  98.044% 
[    6000,    7000 )     134   0.004%  98.049% 
[    7000,    8000 )    1181   0.039%  98.088% 
[    8000,    9000 )     706   0.024%  98.111% 
[    9000,   10000 )     174   0.006%  98.117% 
[   10000,   12000 )     689   0.023%  98.140% 
[   12000,   14000 )    1442   0.048%  98.188% 
[   14000,   16000 )    8020   0.267%  98.456% 
[   16000,   18000 )   36299   1.210%  99.666% 
[   18000,   20000 )    8576   0.286%  99.951% 
[   20000,   25000 )    1010   0.034%  99.985% 
[   25000,   30000 )     230   0.008%  99.993% 
[   30000,   35000 )      66   0.002%  99.995% 
[   35000,   40000 )      32   0.001%  99.996% 
[   50000,   60000 )      48   0.002%  99.998% 
[   80000,   90000 )      39   0.001%  99.999% 
[  160000,  180000 )       7   0.000%  99.999% 
[  200000,  250000 )       6   0.000%  99.999% 
[  250000,  300000 )      19   0.001% 100.000% 


# Run duration (sec): 160.69
# Run operations:	3000000
# Run throughput (KOPS): 18.6695
Count: 3000000  Average: 1708.7670  StdDev: 2185.64
Percentiles(us): P50: 564.00 P90: 5683.64 P99: 7892.11 P99.9: 8945.48 P99.99: 9931.42
------------------------------------------------------
[      25,      30 )      12   0.000%   0.000% 
[      30,      35 )    2261   0.075%   0.076% 
[      35,      40 )    3593   0.120%   0.196% 
[      40,      45 )    1517   0.051%   0.246% 
[      45,      50 )     270   0.009%   0.255% 
[      50,      60 )     406   0.014%   0.269% 
[      60,      70 )     407   0.014%   0.282% 
[      70,      80 )     433   0.014%   0.297% 
[      80,      90 )     377   0.013%   0.309% 
[      90,     100 )     860   0.029%   0.338% 
[     100,     120 )    2120   0.071%   0.409% 
[     120,     140 )    3472   0.116%   0.524% 
[     140,     160 )   55840   1.861%   2.386% 
[     160,     180 )  374689  12.490%  14.875% ##
[     180,     200 )   48925   1.631%  16.506% 
[     200,     250 )  117300   3.910%  20.416% #
[     250,     300 )  318485  10.616%  31.032% ##
[     300,     350 )  104485   3.483%  34.515% #
[     350,     400 )  127713   4.257%  38.772% #
[     400,     450 )  155343   5.178%  43.950% #
[     450,     500 )   64937   2.165%  46.115% 
[     500,     600 )  182119   6.071%  52.185% #
[     600,     700 )  131092   4.370%  56.555% #
[     700,     800 )   78390   2.613%  59.168% #
[     800,     900 )   75947   2.532%  61.700% #
[     900,    1000 )   64142   2.138%  63.838% 
[    1000,    1200 )   88058   2.935%  66.773% #
[    1200,    1400 )   65364   2.179%  68.952% 
[    1400,    1600 )   47745   1.592%  70.543% 
[    1600,    1800 )   40872   1.362%  71.906% 
[    1800,    2000 )   34592   1.153%  73.059% 
[    2000,    2500 )   73935   2.465%  75.523% 
[    2500,    3000 )   66127   2.204%  77.728% 
[    3000,    3500 )   63808   2.127%  79.855% 
[    3500,    4000 )   65220   2.174%  82.029% 
[    4000,    4500 )   66946   2.232%  84.260% 
[    4500,    5000 )   69307   2.310%  86.570% 
[    5000,    6000 )  150505   5.017%  91.587% #
[    6000,    7000 )  148694   4.956%  96.544% #
[    7000,    8000 )   82604   2.753%  99.297% #
[    8000,    9000 )   19131   0.638%  99.935% 
[    9000,   10000 )    1779   0.059%  99.994% 
[   10000,   12000 )     128   0.004%  99.998% 
[   12000,   14000 )      25   0.001%  99.999% 
[   14000,   16000 )      12   0.000% 100.000% 
[   16000,   18000 )      13   0.000% 100.000% 

Read info: 
Count: 3000000  Average: 1708.7670  StdDev: 2185.64
Percentiles(us): P50: 564.00 P90: 5683.64 P99: 7892.11 P99.9: 8945.48 P99.99: 9931.42
------------------------------------------------------
[      25,      30 )      12   0.000%   0.000% 
[      30,      35 )    2261   0.075%   0.076% 
[      35,      40 )    3593   0.120%   0.196% 
[      40,      45 )    1517   0.051%   0.246% 
[      45,      50 )     270   0.009%   0.255% 
[      50,      60 )     406   0.014%   0.269% 
[      60,      70 )     407   0.014%   0.282% 
[      70,      80 )     433   0.014%   0.297% 
[      80,      90 )     377   0.013%   0.309% 
[      90,     100 )     860   0.029%   0.338% 
[     100,     120 )    2120   0.071%   0.409% 
[     120,     140 )    3472   0.116%   0.524% 
[     140,     160 )   55840   1.861%   2.386% 
[     160,     180 )  374689  12.490%  14.875% ##
[     180,     200 )   48925   1.631%  16.506% 
[     200,     250 )  117300   3.910%  20.416% #
[     250,     300 )  318485  10.616%  31.032% ##
[     300,     350 )  104485   3.483%  34.515% #
[     350,     400 )  127713   4.257%  38.772% #
[     400,     450 )  155343   5.178%  43.950% #
[     450,     500 )   64937   2.165%  46.115% 
[     500,     600 )  182119   6.071%  52.185% #
[     600,     700 )  131092   4.370%  56.555% #
[     700,     800 )   78390   2.613%  59.168% #
[     800,     900 )   75947   2.532%  61.700% #
[     900,    1000 )   64142   2.138%  63.838% 
[    1000,    1200 )   88058   2.935%  66.773% #
[    1200,    1400 )   65364   2.179%  68.952% 
[    1400,    1600 )   47745   1.592%  70.543% 
[    1600,    1800 )   40872   1.362%  71.906% 
[    1800,    2000 )   34592   1.153%  73.059% 
[    2000,    2500 )   73935   2.465%  75.523% 
[    2500,    3000 )   66127   2.204%  77.728% 
[    3000,    3500 )   63808   2.127%  79.855% 
[    3500,    4000 )   65220   2.174%  82.029% 
[    4000,    4500 )   66946   2.232%  84.260% 
[    4500,    5000 )   69307   2.310%  86.570% 
[    5000,    6000 )  150505   5.017%  91.587% #
[    6000,    7000 )  148694   4.956%  96.544% #
[    7000,    8000 )   82604   2.753%  99.297% #
[    8000,    9000 )   19131   0.638%  99.935% 
[    9000,   10000 )    1779   0.059%  99.994% 
[   10000,   12000 )     128   0.004%  99.998% 
[   12000,   14000 )      25   0.001%  99.999% 
[   14000,   16000 )      12   0.000% 100.000% 
[   16000,   18000 )      13   0.000% 100.000% 

Write info: 
Count: 0  Average: 0.0000  StdDev: 0.00
Percentiles(us): P50: -nan P90: -nan P99: -nan P99.9: -nan P99.99: -nan
------------------------------------------------------


