
nofdb	workloads/workloadg_uniform.spec	32
# Load duration (sec): 30.9026
# Loading records:	3000000
# Load throughput (KOPS): 97.0791
Count: 3000000  Average: 328.0096  StdDev: 636.78
Percentiles(us): P50: 255.60 P90: 348.60 P99: 2476.75 P99.9: 8843.32 P99.99: 21951.22
------------------------------------------------------
[      30,      35 )       1   0.000%   0.000% 
[      35,      40 )      19   0.001%   0.001% 
[      40,      45 )     385   0.013%   0.013% 
[      45,      50 )    1022   0.034%   0.048% 
[      50,      60 )    3878   0.129%   0.177% 
[      60,      70 )    7352   0.245%   0.422% 
[      70,      80 )   11199   0.373%   0.795% 
[      80,      90 )   16402   0.547%   1.342% 
[      90,     100 )   22796   0.760%   2.102% 
[     100,     120 )   71170   2.372%   4.474% 
[     120,     140 )  114547   3.818%   8.292% #
[     140,     160 )  163638   5.455%  13.747% #
[     160,     180 )  199801   6.660%  20.407% #
[     180,     200 )  216467   7.216%  27.623% #
[     200,     250 )  586570  19.552%  47.175% ####
[     250,     300 )  757154  25.238%  72.413% #####
[     300,     350 )  542811  18.094%  90.507% ####
[     350,     400 )  128226   4.274%  94.781% #
[     400,     450 )   22500   0.750%  95.531% 
[     450,     500 )    8028   0.268%  95.799% 
[     500,     600 )    9407   0.314%  96.112% 
[     600,     700 )    6772   0.226%  96.338% 
[     700,     800 )    6104   0.203%  96.542% 
[     800,     900 )    5596   0.187%  96.728% 
[     900,    1000 )    5188   0.173%  96.901% 
[    1000,    1200 )    9635   0.321%  97.222% 
[    1200,    1400 )    9078   0.303%  97.525% 
[    1400,    1600 )    9056   0.302%  97.827% 
[    1600,    1800 )    9235   0.308%  98.135% 
[    1800,    2000 )    8823   0.294%  98.429% 
[    2000,    2500 )   17976   0.599%  99.028% 
[    2500,    3000 )    9290   0.310%  99.338% 
[    3000,    3500 )    3924   0.131%  99.468% 
[    3500,    4000 )    1939   0.065%  99.533% 
[    4000,    4500 )    1362   0.045%  99.578% 
[    4500,    5000 )    1315   0.044%  99.622% 
[    5000,    6000 )    5084   0.169%  99.792% 
[    6000,    7000 )    1483   0.049%  99.841% 
[    7000,    8000 )     416   0.014%  99.855% 
[    8000,    9000 )    1602   0.053%  99.908% 
[    9000,   10000 )    1110   0.037%  99.945% 
[   10000,   12000 )     689   0.023%  99.968% 
[   12000,   14000 )     232   0.008%  99.976% 
[   14000,   16000 )     138   0.005%  99.981% 
[   16000,   18000 )     106   0.004%  99.984% 
[   18000,   20000 )      46   0.002%  99.986% 
[   20000,   25000 )     328   0.011%  99.997% 
[   25000,   30000 )       4   0.000%  99.997% 
[   30000,   35000 )      39   0.001%  99.998% 
[   35000,   40000 )      35   0.001%  99.999% 
[   40000,   45000 )      22   0.001% 100.000% 


# Run duration (sec): 34.3681
# Run operations:	3000000
# Run throughput (KOPS): 87.2902
Count: 3000000  Average: 365.1399  StdDev: 2451.20
Percentiles(us): P50: 255.64 P90: 347.48 P99: 2519.71 P99.9: 13000.00 P99.99: 68708.01
------------------------------------------------------
[      35,      40 )       1   0.000%   0.000% 
[      40,      45 )      58   0.002%   0.002% 
[      45,      50 )     486   0.016%   0.018% 
[      50,      60 )    2536   0.085%   0.103% 
[      60,      70 )    5923   0.197%   0.300% 
[      70,      80 )   10504   0.350%   0.650% 
[      80,      90 )   16395   0.546%   1.197% 
[      90,     100 )   24228   0.808%   2.004% 
[     100,     120 )   78454   2.615%   4.620% #
[     120,     140 )  125946   4.198%   8.818% #
[     140,     160 )  170701   5.690%  14.508% #
[     160,     180 )  199908   6.664%  21.171% #
[     180,     200 )  211782   7.059%  28.231% #
[     200,     250 )  567578  18.919%  47.150% ####
[     250,     300 )  757701  25.257%  72.407% #####
[     300,     350 )  555840  18.528%  90.935% ####
[     350,     400 )  121953   4.065%  95.000% #
[     400,     450 )   19327   0.644%  95.644% 
[     450,     500 )    7573   0.252%  95.896% 
[     500,     600 )    9744   0.325%  96.221% 
[     600,     700 )    6518   0.217%  96.439% 
[     700,     800 )    5623   0.187%  96.626% 
[     800,     900 )    5038   0.168%  96.794% 
[     900,    1000 )    4785   0.160%  96.953% 
[    1000,    1200 )    9161   0.305%  97.259% 
[    1200,    1400 )    8668   0.289%  97.548% 
[    1400,    1600 )    8267   0.276%  97.823% 
[    1600,    1800 )    8454   0.282%  98.105% 
[    1800,    2000 )    8462   0.282%  98.387% 
[    2000,    2500 )   18006   0.600%  98.987% 
[    2500,    3000 )    9639   0.321%  99.309% 
[    3000,    3500 )    4045   0.135%  99.443% 
[    3500,    4000 )    1988   0.066%  99.510% 
[    4000,    4500 )    1560   0.052%  99.562% 
[    4500,    5000 )    1139   0.038%  99.600% 
[    5000,    6000 )    3998   0.133%  99.733% 
[    6000,    7000 )    1684   0.056%  99.789% 
[    7000,    8000 )     526   0.018%  99.807% 
[    8000,    9000 )    1415   0.047%  99.854% 
[    9000,   10000 )     468   0.016%  99.869% 
[   10000,   12000 )     637   0.021%  99.891% 
[   12000,   14000 )     562   0.019%  99.909% 
[   14000,   16000 )     361   0.012%  99.921% 
[   16000,   18000 )     191   0.006%  99.928% 
[   18000,   20000 )     141   0.005%  99.932% 
[   20000,   25000 )     205   0.007%  99.939% 
[   25000,   30000 )     161   0.005%  99.945% 
[   30000,   35000 )     124   0.004%  99.949% 
[   35000,   40000 )     106   0.004%  99.952% 
[   40000,   45000 )      27   0.001%  99.953% 
[   45000,   50000 )     206   0.007%  99.960% 
[   50000,   60000 )     560   0.019%  99.979% 
[   60000,   70000 )     387   0.013%  99.992% 
[   70000,   80000 )      98   0.003%  99.995% 
[   80000,   90000 )      56   0.002%  99.997% 
[  300000,  350000 )      64   0.002%  99.999% 
[  350000,  400000 )      32   0.001% 100.000% 

Read info: 
Count: 0  Average: 0.0000  StdDev: 0.00
Percentiles(us): P50: -nan P90: -nan P99: -nan P99.9: -nan P99.99: -nan
------------------------------------------------------

Write info: 
Count: 3000000  Average: 365.1399  StdDev: 2451.20
Percentiles(us): P50: 255.64 P90: 347.48 P99: 2519.71 P99.9: 13000.00 P99.99: 68708.01
------------------------------------------------------
[      35,      40 )       1   0.000%   0.000% 
[      40,      45 )      58   0.002%   0.002% 
[      45,      50 )     486   0.016%   0.018% 
[      50,      60 )    2536   0.085%   0.103% 
[      60,      70 )    5923   0.197%   0.300% 
[      70,      80 )   10504   0.350%   0.650% 
[      80,      90 )   16395   0.546%   1.197% 
[      90,     100 )   24228   0.808%   2.004% 
[     100,     120 )   78454   2.615%   4.620% #
[     120,     140 )  125946   4.198%   8.818% #
[     140,     160 )  170701   5.690%  14.508% #
[     160,     180 )  199908   6.664%  21.171% #
[     180,     200 )  211782   7.059%  28.231% #
[     200,     250 )  567578  18.919%  47.150% ####
[     250,     300 )  757701  25.257%  72.407% #####
[     300,     350 )  555840  18.528%  90.935% ####
[     350,     400 )  121953   4.065%  95.000% #
[     400,     450 )   19327   0.644%  95.644% 
[     450,     500 )    7573   0.252%  95.896% 
[     500,     600 )    9744   0.325%  96.221% 
[     600,     700 )    6518   0.217%  96.439% 
[     700,     800 )    5623   0.187%  96.626% 
[     800,     900 )    5038   0.168%  96.794% 
[     900,    1000 )    4785   0.160%  96.953% 
[    1000,    1200 )    9161   0.305%  97.259% 
[    1200,    1400 )    8668   0.289%  97.548% 
[    1400,    1600 )    8267   0.276%  97.823% 
[    1600,    1800 )    8454   0.282%  98.105% 
[    1800,    2000 )    8462   0.282%  98.387% 
[    2000,    2500 )   18006   0.600%  98.987% 
[    2500,    3000 )    9639   0.321%  99.309% 
[    3000,    3500 )    4045   0.135%  99.443% 
[    3500,    4000 )    1988   0.066%  99.510% 
[    4000,    4500 )    1560   0.052%  99.562% 
[    4500,    5000 )    1139   0.038%  99.600% 
[    5000,    6000 )    3998   0.133%  99.733% 
[    6000,    7000 )    1684   0.056%  99.789% 
[    7000,    8000 )     526   0.018%  99.807% 
[    8000,    9000 )    1415   0.047%  99.854% 
[    9000,   10000 )     468   0.016%  99.869% 
[   10000,   12000 )     637   0.021%  99.891% 
[   12000,   14000 )     562   0.019%  99.909% 
[   14000,   16000 )     361   0.012%  99.921% 
[   16000,   18000 )     191   0.006%  99.928% 
[   18000,   20000 )     141   0.005%  99.932% 
[   20000,   25000 )     205   0.007%  99.939% 
[   25000,   30000 )     161   0.005%  99.945% 
[   30000,   35000 )     124   0.004%  99.949% 
[   35000,   40000 )     106   0.004%  99.952% 
[   40000,   45000 )      27   0.001%  99.953% 
[   45000,   50000 )     206   0.007%  99.960% 
[   50000,   60000 )     560   0.019%  99.979% 
[   60000,   70000 )     387   0.013%  99.992% 
[   70000,   80000 )      98   0.003%  99.995% 
[   80000,   90000 )      56   0.002%  99.997% 
[  300000,  350000 )      64   0.002%  99.999% 
[  350000,  400000 )      32   0.001% 100.000% 


