
nofdb	workloads/workloadg_zipfian.spec	32
# Load duration (sec): 54.781
# Loading records:	3000000
# Load throughput (KOPS): 54.7635
Count: 3000000  Average: 580.7276  StdDev: 2334.49
Percentiles(us): P50: 251.56 P90: 349.81 P99: 16914.43 P99.9: 19717.76 P99.99: 27797.20
------------------------------------------------------
[      35,      40 )      22   0.001%   0.001% 
[      40,      45 )     359   0.012%   0.013% 
[      45,      50 )    1152   0.038%   0.051% 
[      50,      60 )    4099   0.137%   0.188% 
[      60,      70 )    6780   0.226%   0.414% 
[      70,      80 )   10557   0.352%   0.766% 
[      80,      90 )   15323   0.511%   1.276% 
[      90,     100 )   21094   0.703%   1.980% 
[     100,     120 )   63501   2.117%   4.096% 
[     120,     140 )  103215   3.441%   7.537% #
[     140,     160 )  157255   5.242%  12.779% #
[     160,     180 )  208639   6.955%  19.733% #
[     180,     200 )  239211   7.974%  27.707% ##
[     200,     250 )  645219  21.507%  49.214% ####
[     250,     300 )  753774  25.126%  74.340% #####
[     300,     350 )  471625  15.721%  90.061% ###
[     350,     400 )  116640   3.888%  93.949% #
[     400,     450 )   29521   0.984%  94.933% 
[     450,     500 )   10847   0.362%  95.294% 
[     500,     600 )   10637   0.355%  95.649% 
[     600,     700 )    7918   0.264%  95.913% 
[     700,     800 )    6860   0.229%  96.142% 
[     800,     900 )    5788   0.193%  96.335% 
[     900,    1000 )    5151   0.172%  96.506% 
[    1000,    1200 )    8643   0.288%  96.794% 
[    1200,    1400 )    5960   0.199%  96.993% 
[    1400,    1600 )    4189   0.140%  97.133% 
[    1600,    1800 )    4002   0.133%  97.266% 
[    1800,    2000 )    3701   0.123%  97.389% 
[    2000,    2500 )    8882   0.296%  97.685% 
[    2500,    3000 )    7423   0.247%  97.933% 
[    3000,    3500 )    4434   0.148%  98.081% 
[    3500,    4000 )    1204   0.040%  98.121% 
[    4000,    4500 )     211   0.007%  98.128% 
[    4500,    5000 )     153   0.005%  98.133% 
[    5000,    6000 )     224   0.007%  98.140% 
[    6000,    7000 )     116   0.004%  98.144% 
[    7000,    8000 )    1064   0.035%  98.180% 
[    8000,    9000 )     701   0.023%  98.203% 
[    9000,   10000 )      95   0.003%  98.206% 
[   10000,   12000 )     416   0.014%  98.220% 
[   12000,   14000 )    1467   0.049%  98.269% 
[   14000,   16000 )    5311   0.177%  98.446% 
[   16000,   18000 )   36344   1.211%  99.658% 
[   18000,   20000 )    8468   0.282%  99.940% 
[   20000,   25000 )    1265   0.042%  99.982% 
[   25000,   30000 )     429   0.014%  99.996% 
[   30000,   35000 )      47   0.002%  99.998% 
[   50000,   60000 )      32   0.001%  99.999% 
[  200000,  250000 )      32   0.001% 100.000% 


# Run duration (sec): 56.5419
# Run operations:	3000000
# Run throughput (KOPS): 53.058
Count: 3000000  Average: 599.8277  StdDev: 3550.20
Percentiles(us): P50: 246.02 P90: 344.99 P99: 16938.88 P99.9: 24876.61 P99.99: 68321.43
------------------------------------------------------
[      35,      40 )       2   0.000%   0.000% 
[      40,      45 )     127   0.004%   0.004% 
[      45,      50 )     693   0.023%   0.027% 
[      50,      60 )    3309   0.110%   0.138% 
[      60,      70 )    6756   0.225%   0.363% 
[      70,      80 )   11345   0.378%   0.741% 
[      80,      90 )   16766   0.559%   1.300% 
[      90,     100 )   22898   0.763%   2.063% 
[     100,     120 )   71706   2.390%   4.453% 
[     120,     140 )  117132   3.904%   8.358% #
[     140,     160 )  172525   5.751%  14.109% #
[     160,     180 )  216959   7.232%  21.341% #
[     180,     200 )  242786   8.093%  29.433% ##
[     200,     250 )  670363  22.345%  51.779% ####
[     250,     300 )  773308  25.777%  77.556% #####
[     300,     350 )  414914  13.830%  91.386% ###
[     350,     400 )   80509   2.684%  94.070% #
[     400,     450 )   18719   0.624%  94.694% 
[     450,     500 )    9600   0.320%  95.014% 
[     500,     600 )   13119   0.437%  95.451% 
[     600,     700 )   10329   0.344%  95.796% 
[     700,     800 )    9409   0.314%  96.109% 
[     800,     900 )    8713   0.290%  96.400% 
[     900,    1000 )    9089   0.303%  96.703% 
[    1000,    1200 )   16438   0.548%  97.250% 
[    1200,    1400 )    9444   0.315%  97.565% 
[    1400,    1600 )    5065   0.169%  97.734% 
[    1600,    1800 )    3930   0.131%  97.865% 
[    1800,    2000 )    3508   0.117%  97.982% 
[    2000,    2500 )    2281   0.076%  98.058% 
[    2500,    3000 )    1465   0.049%  98.107% 
[    3000,    3500 )     748   0.025%  98.132% 
[    3500,    4000 )     262   0.009%  98.141% 
[    4000,    4500 )     175   0.006%  98.146% 
[    4500,    5000 )     257   0.009%  98.155% 
[    5000,    6000 )     137   0.005%  98.160% 
[    6000,    7000 )     157   0.005%  98.165% 
[    7000,    8000 )     515   0.017%  98.182% 
[    8000,    9000 )     569   0.019%  98.201% 
[    9000,   10000 )     168   0.006%  98.207% 
[   10000,   12000 )     339   0.011%  98.218% 
[   12000,   14000 )    1092   0.036%  98.254% 
[   14000,   16000 )    4702   0.157%  98.411% 
[   16000,   18000 )   37645   1.255%  99.666% 
[   18000,   20000 )    5209   0.174%  99.839% 
[   20000,   25000 )    1864   0.062%  99.902% 
[   25000,   30000 )    1000   0.033%  99.935% 
[   30000,   35000 )     476   0.016%  99.951% 
[   35000,   40000 )      79   0.003%  99.953% 
[   40000,   45000 )      66   0.002%  99.956% 
[   45000,   50000 )      92   0.003%  99.959% 
[   50000,   60000 )     475   0.016%  99.974% 
[   60000,   70000 )     560   0.019%  99.993% 
[   70000,   80000 )      43   0.001%  99.995% 
[   80000,   90000 )      35   0.001%  99.996% 
[   90000,  100000 )      29   0.001%  99.997% 
[  100000,  120000 )       3   0.000%  99.997% 
[  250000,  300000 )      32   0.001%  99.998% 
[  300000,  350000 )      32   0.001%  99.999% 
[  600000,  700000 )      32   0.001% 100.000% 

Read info: 
Count: 0  Average: 0.0000  StdDev: 0.00
Percentiles(us): P50: -nan P90: -nan P99: -nan P99.9: -nan P99.99: -nan
------------------------------------------------------

Write info: 
Count: 3000000  Average: 599.8277  StdDev: 3550.20
Percentiles(us): P50: 246.02 P90: 344.99 P99: 16938.88 P99.9: 24876.61 P99.99: 68321.43
------------------------------------------------------
[      35,      40 )       2   0.000%   0.000% 
[      40,      45 )     127   0.004%   0.004% 
[      45,      50 )     693   0.023%   0.027% 
[      50,      60 )    3309   0.110%   0.138% 
[      60,      70 )    6756   0.225%   0.363% 
[      70,      80 )   11345   0.378%   0.741% 
[      80,      90 )   16766   0.559%   1.300% 
[      90,     100 )   22898   0.763%   2.063% 
[     100,     120 )   71706   2.390%   4.453% 
[     120,     140 )  117132   3.904%   8.358% #
[     140,     160 )  172525   5.751%  14.109% #
[     160,     180 )  216959   7.232%  21.341% #
[     180,     200 )  242786   8.093%  29.433% ##
[     200,     250 )  670363  22.345%  51.779% ####
[     250,     300 )  773308  25.777%  77.556% #####
[     300,     350 )  414914  13.830%  91.386% ###
[     350,     400 )   80509   2.684%  94.070% #
[     400,     450 )   18719   0.624%  94.694% 
[     450,     500 )    9600   0.320%  95.014% 
[     500,     600 )   13119   0.437%  95.451% 
[     600,     700 )   10329   0.344%  95.796% 
[     700,     800 )    9409   0.314%  96.109% 
[     800,     900 )    8713   0.290%  96.400% 
[     900,    1000 )    9089   0.303%  96.703% 
[    1000,    1200 )   16438   0.548%  97.250% 
[    1200,    1400 )    9444   0.315%  97.565% 
[    1400,    1600 )    5065   0.169%  97.734% 
[    1600,    1800 )    3930   0.131%  97.865% 
[    1800,    2000 )    3508   0.117%  97.982% 
[    2000,    2500 )    2281   0.076%  98.058% 
[    2500,    3000 )    1465   0.049%  98.107% 
[    3000,    3500 )     748   0.025%  98.132% 
[    3500,    4000 )     262   0.009%  98.141% 
[    4000,    4500 )     175   0.006%  98.146% 
[    4500,    5000 )     257   0.009%  98.155% 
[    5000,    6000 )     137   0.005%  98.160% 
[    6000,    7000 )     157   0.005%  98.165% 
[    7000,    8000 )     515   0.017%  98.182% 
[    8000,    9000 )     569   0.019%  98.201% 
[    9000,   10000 )     168   0.006%  98.207% 
[   10000,   12000 )     339   0.011%  98.218% 
[   12000,   14000 )    1092   0.036%  98.254% 
[   14000,   16000 )    4702   0.157%  98.411% 
[   16000,   18000 )   37645   1.255%  99.666% 
[   18000,   20000 )    5209   0.174%  99.839% 
[   20000,   25000 )    1864   0.062%  99.902% 
[   25000,   30000 )    1000   0.033%  99.935% 
[   30000,   35000 )     476   0.016%  99.951% 
[   35000,   40000 )      79   0.003%  99.953% 
[   40000,   45000 )      66   0.002%  99.956% 
[   45000,   50000 )      92   0.003%  99.959% 
[   50000,   60000 )     475   0.016%  99.974% 
[   60000,   70000 )     560   0.019%  99.993% 
[   70000,   80000 )      43   0.001%  99.995% 
[   80000,   90000 )      35   0.001%  99.996% 
[   90000,  100000 )      29   0.001%  99.997% 
[  100000,  120000 )       3   0.000%  99.997% 
[  250000,  300000 )      32   0.001%  99.998% 
[  300000,  350000 )      32   0.001%  99.999% 
[  600000,  700000 )      32   0.001% 100.000% 


