
Node Configure: 
    Node ID: 2
    Node IP: 10.10.1.4
    Listen IP: 0.0.0.0
    Ports: 50051,50052,50053,50054,50055,50056,50057,50058,50059,50060,50061,50062,50063,50064,50065,50066
    KVDB num (at start): 1
    Server thread num (of each KVDB): 16
    CPU cores num: 35
    KVDB base path: /mnt/nofdb/rocksdb

[INFO] Using RPC to make replicas
[INFO] CPU monitor is enabled
[INFO] Stats recorder is enabled

NoFDBConfig::lba_capacity: 838860800
block_start: 1677721600
Initiator is bound to core 3
recover: before head 1677721600 before tail 1677721600
recover: after_head 1677721600 after_tail 1677721600
recover: before head 1677723648
recover: after_head 1677723648
recover: before head 1677920256
recover: after_head 1677920256
recover: before head 1678116864
recover: after_head 1678116864
[INFO] NoFDB opened successfully
[INFO] NoFDBKVS No.0 initialized, belongs to node_id: 2
[INFO] Tagged worker 8 is bound to core 7
[INFO] Tagged worker 2 is bound to core 5
[INFO] Tagged worker 1 is bound to core 9
[INFO] Tagged worker 0 is bound to core 11
[INFO] Tagged worker 10 is bound to core 19
[INFO] Tagged worker 3 is bound to core 15
[INFO] Tagged worker 4 is bound to core 13
[INFO] Tagged worker 6 is bound to core 17
[INFO] Tagged worker 11 is bound to core 21
[INFO] Tagged worker 12 is bound to core 23
[INFO] Tagged worker 9 is bound to core 25
[INFO] Tagged worker 15 is bound to core 33
[INFO] Tagged worker 14 is bound to core 29
[INFO] Tagged worker 7 is bound to core 27
[INFO] Tagged worker 16 is bound to core 35
[INFO] Tagged worker 13 is bound to core 31
[INFO] Tagged worker 5 is bound to core 3
[INFO] NoFDBKVS No.0 -- Server No.15 is listening on 0.0.0.0:50066
[INFO] NoFDBKVS No.0 -- Server No.7 is listening on 0.0.0.0:50058
[INFO] NoFDBKVS No.0 -- Server No.1 is listening on 0.0.0.0:50052
[INFO] NoFDBKVS No.0 -- Server No.2 is listening on 0.0.0.0:50053
[INFO] NoFDBKVS No.0 -- Server No.0 is listening on 0.0.0.0:50051
[INFO] NoFDBKVS No.0 -- Server No.8 is listening on 0.0.0.0:50059
[INFO] NoFDBKVS No.0 -- Server No.3 is listening on 0.0.0.0:50054
[INFO] NoFDBKVS No.0 -- Server No.12 is listening on 0.0.0.0:50063
[INFO] NoFDBKVS No.0 -- Server No.14 is listening on 0.0.0.0:50065
[INFO] NoFDBKVS No.0 -- Server No.11 is listening on 0.0.0.0:50062
[INFO] NoFDBKVS No.0 -- Server No.5 is listening on 0.0.0.0:50056
[INFO] NoFDBKVS No.0 -- Server No.9 is listening on 0.0.0.0:50060
[INFO] NoFDBKVS No.0 -- Server No.6 is listening on 0.0.0.0:50057
[INFO] NoFDBKVS No.0 -- Server No.13 is listening on 0.0.0.0:50064
[INFO] NoFDBKVS No.0 -- Server No.4 is listening on 0.0.0.0:50055
[INFO] NoFDBKVS No.0 -- Server No.10 is listening on 0.0.0.0:50061
[INFO] Node No.2 Configure Table is generated
[INFO] Maintainer is listening on 0.0.0.0:50050

nvme io failed with sct 0 sc 15
send to node 2 failed with status: nof op internal err
Maintainer received PAUSE signal

===== Load Statistics: 
Total requests: 29999998
Total bytes: 30719997952
Avg DB latency (us): 95.36, P90 (us): 10.73, P99 (us): 673.11, P99.9 (us): 16319.60
Avg process latency (us): 176.44, P90 (us): 131.42, P99 (us): 2186.52, P99.9 (us): 18975.63
Avg CPU utilization (percent): 1758.80
Eplased time (sec): 545.27
Throughput (MB/s): 53.73
QPS (k): 55.02

---------- RPC REPLICA STATISTICS ----------
Avg all replicas latency (us): 338.13, P90 (us): 286.71, P99 (us): 7893.75, P99.9 (us): 23551.13
Avg local DB latency (us): 94.88, P90 (us): 10.92, P99 (us): 677.15, P99.9 (us): 16382.30
Avg send latency (us): 6028588537301881.00, P90 (us): 9223372036854764.00, P99 (us): 9223372036854774.00, P99.9 (us): 9223372036854776.00
Avg receive latency (us): 238.38, P90 (us): 141.27, P99 (us): 3500.67, P99.9 (us): 20757.57
Avg remote process latency (us): 18.42


===== Stage End =====

Maintainer received STOP signal
[INFO] CPU Monitor is shutting down......

===== Transaction Statistics: 
Total requests: 29999998
Total bytes: 30719997952
Avg DB latency (us): 96.07, P90 (us): 11.07, P99 (us): 582.43, P99.9 (us): 16705.44
Avg process latency (us): 176.16, P90 (us): 128.10, P99 (us): 2230.04, P99.9 (us): 19840.00
Avg CPU utilization (percent): 1781.59
Eplased time (sec): 562.97
Throughput (MB/s): 52.04
QPS (k): 53.29

===== Stage End =====

[INFO] Stats recorder is shutting down......
[INFO] NoFDBKVS No.0 -- Server No.6 is shutting down......
[INFO] NoFDBKVS No.0 -- Server No.12 is shutting down......
[INFO] NoFDBKVS No.0 -- Server No.15 is shutting down......
[INFO] NoFDBKVS No.0 -- Server No.8 is shutting down......
[INFO] NoFDBKVS No.0 -- Server No.11 is shutting down......
[INFO] NoFDBKVS No.0 -- Server No.14 is shutting down......
[INFO] NoFDBKVS No.0 -- Server No.10 is shutting down......
[INFO] NoFDBKVS No.0 -- Server No.9 is shutting down......
[INFO] NoFDBKVS No.0 -- Server No.5 is shutting down......
[INFO] NoFDBKVS No.0 -- Server No.13 is shutting down......
[INFO] NoFDBKVS No.0 -- Server No.4 is shutting down......
[INFO] NoFDBKVS No.0 -- Server No.0 is shutting down......
[INFO] NoFDBKVS No.0 -- Server No.3 is shutting down......
[INFO] NoFDBKVS No.0 -- Server No.7 is shutting down......
[INFO] NoFDBKVS No.0 -- Server No.1 is shutting down......
[INFO] NoFDBKVS No.0 -- Server No.2 is shutting down......
[INFO] NoFDBKVS No.0 is shutting down......
[INFO] Maintainer is shutting down......
