
Node Configure: 
    Node ID: 2
    Node IP: 10.10.1.4
    Listen IP: 0.0.0.0
    Ports: 50051,50052,50053,50054,50055,50056,50057,50058,50059,50060,50061,50062,50063,50064,50065,50066
    KVDB num (at start): 1
    Server thread num (of each KVDB): 16
    CPU cores num: 35
    KVDB base path: /mnt/nofdb/rocksdb

[INFO] Using RPC to make replicas
[INFO] CPU monitor is enabled
[INFO] Stats recorder is enabled

NoFDBConfig::lba_capacity: 838860800
block_start: 1677721600
Initiator is bound to core 3
recover: before head 1677721600 before tail 1677721600
recover: after_head 1677721600 after_tail 1677721600
recover: before head 1677723648
recover: after_head 1677723648
recover: before head 1677920256
recover: after_head 1677920256
recover: before head 1678116864
recover: after_head 1678116864
[INFO] NoFDB opened successfully
[INFO] NoFDBKVS No.0 initialized, belongs to node_id: 2
[INFO] Tagged worker 2 is bound to core 5
[INFO] Tagged worker 4 is bound to core 7
[INFO] Tagged worker 5 is bound to core 9
[INFO] Tagged worker 6 is bound to core 11
[INFO] Tagged worker 7 is bound to core 13
[INFO] Tagged worker 11 is bound to core 17
[INFO] Tagged worker 9 is bound to core 15
[INFO] Tagged worker 3 is bound to core 29
[INFO] Tagged worker 14 is bound to core 21
[INFO] Tagged worker 15 is bound to core 23
[INFO] Tagged worker 13 is bound to core 19
[INFO] Tagged worker 8 is bound to core 31
[INFO] Tagged worker 10 is bound to core 33
[INFO] Tagged worker 1 is bound to core 25
[INFO] Tagged worker 16 is bound to core 27
[INFO] Tagged worker 12 is bound to core 35
[INFO] Tagged worker 0 is bound to core 3
[INFO] NoFDBKVS No.0 -- Server No.12 is listening on 0.0.0.0:50063
[INFO] NoFDBKVS No.0 -- Server No.6 is listening on 0.0.0.0:50057
[INFO] NoFDBKVS No.0 -- Server No.9 is listening on 0.0.0.0:50060
[INFO] NoFDBKVS No.0 -- Server No.13 is listening on 0.0.0.0:50064
[INFO] NoFDBKVS No.0 -- Server No.15 is listening on 0.0.0.0:50066
[INFO] NoFDBKVS No.0 -- Server No.3 is listening on 0.0.0.0:50054
[INFO] NoFDBKVS No.0 -- Server No.11 is listening on 0.0.0.0:50062
[INFO] NoFDBKVS No.0 -- Server No.14 is listening on 0.0.0.0:50065
[INFO] NoFDBKVS No.0 -- Server No.5 is listening on 0.0.0.0:50056
[INFO] NoFDBKVS No.0 -- Server No.10 is listening on 0.0.0.0:50061
[INFO] NoFDBKVS No.0 -- Server No.7 is listening on 0.0.0.0:50058
[INFO] NoFDBKVS No.0 -- Server No.2 is listening on 0.0.0.0:50053
[INFO] NoFDBKVS No.0 -- Server No.0 is listening on 0.0.0.0:50051
[INFO] NoFDBKVS No.0 -- Server No.4 is listening on 0.0.0.0:50055
[INFO] NoFDBKVS No.0 -- Server No.8 is listening on 0.0.0.0:50059
[INFO] NoFDBKVS No.0 -- Server No.1 is listening on 0.0.0.0:50052
[INFO] Node No.2 Configure Table is generated
[INFO] Maintainer is listening on 0.0.0.0:50050

Maintainer received PAUSE signal

===== Load Statistics: 
Total requests: 29999998
Total bytes: 30719997952
Avg DB latency (us): 98.83, P90 (us): 10.63, P99 (us): 659.14, P99.9 (us): 17061.32
Avg process latency (us): 177.58, P90 (us): 127.40, P99 (us): 2157.74, P99.9 (us): 19961.92
Avg CPU utilization (percent): 1765.52
Eplased time (sec): 548.37
Throughput (MB/s): 53.43
QPS (k): 54.71

---------- RPC REPLICA STATISTICS ----------
Avg all replicas latency (us): 334.11, P90 (us): 273.81, P99 (us): 8178.35, P99.9 (us): 25139.35
Avg local DB latency (us): 97.86, P90 (us): 10.87, P99 (us): 660.74, P99.9 (us): 16978.11
Avg send latency (us): 271.99, P90 (us): 299.41, P99 (us): 827.60, P99.9 (us): 2218.35
Avg receive latency (us): 8921007936087226.00, P90 (us): 9223372036854626.00, P99 (us): 9223372036854712.00, P99.9 (us): 9223372036854766.00
Avg remote process latency (us): 17.71


===== Stage End =====

nvme io failed with sct 0 sc 15
send to node 2 failed with status: nof op internal err
nvme io failed with sct 0 sc 15
send to node 2 failed with status: nof op internal err
nvme io failed with sct 0 sc 15
send to node 2 failed with status: nof op internal err
Maintainer received STOP signal
[INFO] CPU Monitor is shutting down......

===== Transaction Statistics: 
Total requests: 29999998
Total bytes: 30719997952
Avg DB latency (us): 97.84, P90 (us): 10.79, P99 (us): 678.71, P99.9 (us): 16724.76
Avg process latency (us): 185.00, P90 (us): 131.98, P99 (us): 2418.48, P99.9 (us): 20083.83
Avg CPU utilization (percent): 1771.27
Eplased time (sec): 628.90
Throughput (MB/s): 46.58
QPS (k): 47.70

===== Stage End =====

[INFO] Stats recorder is shutting down......
[INFO] NoFDBKVS No.0 -- Server No.9 is shutting down......
[INFO] NoFDBKVS No.0 -- Server No.12 is shutting down......
[INFO] NoFDBKVS No.0 -- Server No.13 is shutting down......
[INFO] NoFDBKVS No.0 -- Server No.5 is shutting down......
[INFO] NoFDBKVS No.0 -- Server No.11 is shutting down......
[INFO] NoFDBKVS No.0 -- Server No.15 is shutting down......
[INFO] NoFDBKVS No.0 -- Server No.1 is shutting down......
[INFO] NoFDBKVS No.0 -- Server No.14 is shutting down......
[INFO] NoFDBKVS No.0 -- Server No.6 is shutting down......
[INFO] NoFDBKVS No.0 -- Server No.3 is shutting down......
[INFO] NoFDBKVS No.0 -- Server No.2 is shutting down......
[INFO] NoFDBKVS No.0 -- Server No.8 is shutting down......
[INFO] NoFDBKVS No.0 -- Server No.7 is shutting down......
[INFO] NoFDBKVS No.0 -- Server No.4 is shutting down......
[INFO] NoFDBKVS No.0 -- Server No.0 is shutting down......
[INFO] NoFDBKVS No.0 -- Server No.10 is shutting down......
[INFO] NoFDBKVS No.0 is shutting down......
[INFO] Maintainer is shutting down......
connection is failed or not connected to node 100
send to node 0 failed with status: nof op qpair failed
