
nofdb	workloads/workloadg_uniform.spec	32
# Load duration (sec): 189.831
# Loading records:	50000000
# Load throughput (KOPS): 263.392
Count: 50000000  Average: 120.9780  StdDev: 2937.20
Percentiles(us): P50: 81.56 P90: 192.23 P99: 408.94 P99.9: 1040.12 P99.99: 25937.16
------------------------------------------------------
[      35,      40 )     532   0.001%   0.001% 
[      40,      45 )   87342   0.175%   0.176% 
[      45,      50 ) 2572562   5.145%   5.321% #
[      50,      60 ) 14038556  28.077%  33.398% ######
[      60,      70 ) 4977959   9.956%  43.354% ##
[      70,      80 ) 2656024   5.312%  48.666% #
[      80,      90 ) 4281184   8.562%  57.228% ##
[      90,     100 ) 4107180   8.214%  65.443% ##
[     100,     120 ) 4041997   8.084%  73.527% ##
[     120,     140 ) 3604419   7.209%  80.736% #
[     140,     160 ) 2108795   4.218%  84.953% #
[     160,     180 ) 1763629   3.527%  88.480% #
[     180,     200 ) 1242217   2.484%  90.965% 
[     200,     250 ) 1989513   3.979%  94.944% #
[     250,     300 ) 1057056   2.114%  97.058% 
[     300,     350 )  594300   1.189%  98.247% 
[     350,     400 )  341063   0.682%  98.929% 
[     400,     450 )  199475   0.399%  99.328% 
[     450,     500 )  118691   0.237%  99.565% 
[     500,     600 )  111573   0.223%  99.788% 
[     600,     700 )   37810   0.076%  99.864% 
[     700,     800 )   12313   0.025%  99.888% 
[     800,     900 )    3908   0.008%  99.896% 
[     900,    1000 )    1633   0.003%  99.899% 
[    1000,    1200 )    1341   0.003%  99.902% 
[    1200,    1400 )     868   0.002%  99.904% 
[    1400,    1600 )     685   0.001%  99.905% 
[    1600,    1800 )     636   0.001%  99.907% 
[    1800,    2000 )     616   0.001%  99.908% 
[    2000,    2500 )    1319   0.003%  99.910% 
[    2500,    3000 )    1168   0.002%  99.913% 
[    3000,    3500 )    1003   0.002%  99.915% 
[    3500,    4000 )     901   0.002%  99.917% 
[    4000,    4500 )     751   0.002%  99.918% 
[    4500,    5000 )     726   0.001%  99.919% 
[    5000,    6000 )    2786   0.006%  99.925% 
[    6000,    7000 )    3280   0.007%  99.932% 
[    7000,    8000 )    3814   0.008%  99.939% 
[    8000,    9000 )    2058   0.004%  99.943% 
[    9000,   10000 )    3998   0.008%  99.951% 
[   10000,   12000 )    7750   0.015%  99.967% 
[   12000,   14000 )    3851   0.008%  99.975% 
[   14000,   16000 )    3001   0.006%  99.981% 
[   16000,   18000 )    1712   0.003%  99.984% 
[   18000,   20000 )    1094   0.002%  99.986% 
[   20000,   25000 )    1565   0.003%  99.989% 
[   25000,   30000 )    1846   0.004%  99.993% 
[   30000,   35000 )     868   0.002%  99.995% 
[   35000,   40000 )     294   0.001%  99.995% 
[   40000,   45000 )     339   0.001%  99.996% 
[   45000,   50000 )     103   0.000%  99.996% 
[   50000,   60000 )     269   0.001%  99.997% 
[   60000,   70000 )     577   0.001%  99.998% 
[   70000,   80000 )     412   0.001%  99.999% 
[   80000,   90000 )     154   0.000%  99.999% 
[   90000,  100000 )     103   0.000%  99.999% 
[  100000,  120000 )      61   0.000%  99.999% 
[  120000,  140000 )      32   0.000%  99.999% 
[  140000,  160000 )      32   0.000%  99.999% 
[  250000,  300000 )      32   0.000% 100.000% 
[  300000,  350000 )      32   0.000% 100.000% 
[  350000,  400000 )      64   0.000% 100.000% 
[  400000,  450000 )      64   0.000% 100.000% 
[  450000,  500000 )      32   0.000% 100.000% 
[ 3000000, 3500000 )      32   0.000% 100.000% 


# Run duration (sec): 185.402
# Run operations:	50000000
# Run throughput (KOPS): 269.684
Count: 50000000  Average: 117.5189  StdDev: 745.13
Percentiles(us): P50: 81.40 P90: 191.74 P99: 406.25 P99.9: 861.26 P99.99: 28399.04
------------------------------------------------------
[      35,      40 )     726   0.001%   0.001% 
[      40,      45 )  269212   0.538%   0.540% 
[      45,      50 ) 2815817   5.632%   6.172% #
[      50,      60 ) 13329515  26.659%  32.831% #####
[      60,      70 ) 5218047  10.436%  43.267% ##
[      70,      80 ) 2793728   5.587%  48.854% #
[      80,      90 ) 4103826   8.208%  57.062% ##
[      90,     100 ) 4102380   8.205%  65.267% ##
[     100,     120 ) 4163970   8.328%  73.594% ##
[     120,     140 ) 3592860   7.186%  80.780% #
[     140,     160 ) 2117451   4.235%  85.015% #
[     160,     180 ) 1764025   3.528%  88.543% #
[     180,     200 ) 1241462   2.483%  91.026% 
[     200,     250 ) 1978547   3.957%  94.983% #
[     250,     300 ) 1052042   2.104%  97.087% 
[     300,     350 )  591460   1.183%  98.270% 
[     350,     400 )  340071   0.680%  98.950% 
[     400,     450 )  199017   0.398%  99.348% 
[     450,     500 )  117124   0.234%  99.583% 
[     500,     600 )  108482   0.217%  99.800% 
[     600,     700 )   36098   0.072%  99.872% 
[     700,     800 )   11809   0.024%  99.895% 
[     800,     900 )    3805   0.008%  99.903% 
[     900,    1000 )    1592   0.003%  99.906% 
[    1000,    1200 )    1389   0.003%  99.909% 
[    1200,    1400 )     912   0.002%  99.911% 
[    1400,    1600 )     762   0.002%  99.912% 
[    1600,    1800 )     764   0.002%  99.914% 
[    1800,    2000 )     671   0.001%  99.915% 
[    2000,    2500 )    1525   0.003%  99.918% 
[    2500,    3000 )    1415   0.003%  99.921% 
[    3000,    3500 )    1198   0.002%  99.923% 
[    3500,    4000 )     959   0.002%  99.925% 
[    4000,    4500 )     759   0.002%  99.927% 
[    4500,    5000 )     734   0.001%  99.928% 
[    5000,    6000 )    2905   0.006%  99.934% 
[    6000,    7000 )    4811   0.010%  99.944% 
[    7000,    8000 )    3808   0.008%  99.951% 
[    8000,    9000 )    1540   0.003%  99.954% 
[    9000,   10000 )    1069   0.002%  99.957% 
[   10000,   12000 )    6602   0.013%  99.970% 
[   12000,   14000 )    3171   0.006%  99.976% 
[   14000,   16000 )    2614   0.005%  99.981% 
[   16000,   18000 )    1384   0.003%  99.984% 
[   18000,   20000 )    1021   0.002%  99.986% 
[   20000,   25000 )    1214   0.002%  99.989% 
[   25000,   30000 )    1040   0.002%  99.991% 
[   30000,   35000 )     881   0.002%  99.992% 
[   35000,   40000 )     266   0.001%  99.993% 
[   40000,   45000 )      81   0.000%  99.993% 
[   45000,   50000 )     137   0.000%  99.993% 
[   50000,   60000 )     473   0.001%  99.994% 
[   60000,   70000 )    1649   0.003%  99.998% 
[   70000,   80000 )     750   0.002%  99.999% 
[   80000,   90000 )     164   0.000%  99.999% 
[   90000,  100000 )     148   0.000% 100.000% 
[  100000,  120000 )      22   0.000% 100.000% 
[  120000,  140000 )      32   0.000% 100.000% 
[  140000,  160000 )      32   0.000% 100.000% 
[  350000,  400000 )      32   0.000% 100.000% 

Read info: 
Count: 0  Average: 0.0000  StdDev: 0.00
Percentiles(us): P50: -nan P90: -nan P99: -nan P99.9: -nan P99.99: -nan
------------------------------------------------------

Write info: 
Count: 50000000  Average: 117.5189  StdDev: 745.13
Percentiles(us): P50: 81.40 P90: 191.74 P99: 406.25 P99.9: 861.26 P99.99: 28399.04
------------------------------------------------------
[      35,      40 )     726   0.001%   0.001% 
[      40,      45 )  269212   0.538%   0.540% 
[      45,      50 ) 2815817   5.632%   6.172% #
[      50,      60 ) 13329515  26.659%  32.831% #####
[      60,      70 ) 5218047  10.436%  43.267% ##
[      70,      80 ) 2793728   5.587%  48.854% #
[      80,      90 ) 4103826   8.208%  57.062% ##
[      90,     100 ) 4102380   8.205%  65.267% ##
[     100,     120 ) 4163970   8.328%  73.594% ##
[     120,     140 ) 3592860   7.186%  80.780% #
[     140,     160 ) 2117451   4.235%  85.015% #
[     160,     180 ) 1764025   3.528%  88.543% #
[     180,     200 ) 1241462   2.483%  91.026% 
[     200,     250 ) 1978547   3.957%  94.983% #
[     250,     300 ) 1052042   2.104%  97.087% 
[     300,     350 )  591460   1.183%  98.270% 
[     350,     400 )  340071   0.680%  98.950% 
[     400,     450 )  199017   0.398%  99.348% 
[     450,     500 )  117124   0.234%  99.583% 
[     500,     600 )  108482   0.217%  99.800% 
[     600,     700 )   36098   0.072%  99.872% 
[     700,     800 )   11809   0.024%  99.895% 
[     800,     900 )    3805   0.008%  99.903% 
[     900,    1000 )    1592   0.003%  99.906% 
[    1000,    1200 )    1389   0.003%  99.909% 
[    1200,    1400 )     912   0.002%  99.911% 
[    1400,    1600 )     762   0.002%  99.912% 
[    1600,    1800 )     764   0.002%  99.914% 
[    1800,    2000 )     671   0.001%  99.915% 
[    2000,    2500 )    1525   0.003%  99.918% 
[    2500,    3000 )    1415   0.003%  99.921% 
[    3000,    3500 )    1198   0.002%  99.923% 
[    3500,    4000 )     959   0.002%  99.925% 
[    4000,    4500 )     759   0.002%  99.927% 
[    4500,    5000 )     734   0.001%  99.928% 
[    5000,    6000 )    2905   0.006%  99.934% 
[    6000,    7000 )    4811   0.010%  99.944% 
[    7000,    8000 )    3808   0.008%  99.951% 
[    8000,    9000 )    1540   0.003%  99.954% 
[    9000,   10000 )    1069   0.002%  99.957% 
[   10000,   12000 )    6602   0.013%  99.970% 
[   12000,   14000 )    3171   0.006%  99.976% 
[   14000,   16000 )    2614   0.005%  99.981% 
[   16000,   18000 )    1384   0.003%  99.984% 
[   18000,   20000 )    1021   0.002%  99.986% 
[   20000,   25000 )    1214   0.002%  99.989% 
[   25000,   30000 )    1040   0.002%  99.991% 
[   30000,   35000 )     881   0.002%  99.992% 
[   35000,   40000 )     266   0.001%  99.993% 
[   40000,   45000 )      81   0.000%  99.993% 
[   45000,   50000 )     137   0.000%  99.993% 
[   50000,   60000 )     473   0.001%  99.994% 
[   60000,   70000 )    1649   0.003%  99.998% 
[   70000,   80000 )     750   0.002%  99.999% 
[   80000,   90000 )     164   0.000%  99.999% 
[   90000,  100000 )     148   0.000% 100.000% 
[  100000,  120000 )      22   0.000% 100.000% 
[  120000,  140000 )      32   0.000% 100.000% 
[  140000,  160000 )      32   0.000% 100.000% 
[  350000,  400000 )      32   0.000% 100.000% 


