
nofdb	workloads/workloadc_zipfian.spec	32
# Load duration (sec): 184.682
# Loading records:	50000000
# Load throughput (KOPS): 270.736
Count: 50000000  Average: 117.5032  StdDev: 2908.69
Percentiles(us): P50: 82.51 P90: 177.83 P99: 356.77 P99.9: 2722.17 P99.99: 24124.86
------------------------------------------------------
[      35,      40 )     485   0.001%   0.001% 
[      40,      45 )  138552   0.277%   0.278% 
[      45,      50 ) 2532827   5.066%   5.344% #
[      50,      60 ) 12951476  25.903%  31.247% #####
[      60,      70 ) 5004419  10.009%  41.256% ##
[      70,      80 ) 3073165   6.146%  47.402% #
[      80,      90 ) 5171257  10.343%  57.744% ##
[      90,     100 ) 4504266   9.009%  66.753% ##
[     100,     120 ) 4225926   8.452%  75.205% ##
[     120,     140 ) 3737480   7.475%  82.680% #
[     140,     160 ) 2168790   4.338%  87.017% #
[     160,     180 ) 1672487   3.345%  90.362% #
[     180,     200 ) 1167026   2.334%  92.696% 
[     200,     250 ) 1808480   3.617%  96.313% #
[     250,     300 )  876334   1.753%  98.066% 
[     300,     350 )  436963   0.874%  98.940% 
[     350,     400 )  222096   0.444%  99.384% 
[     400,     450 )  115004   0.230%  99.614% 
[     450,     500 )   60384   0.121%  99.735% 
[     500,     600 )   49634   0.099%  99.834% 
[     600,     700 )   15082   0.030%  99.864% 
[     700,     800 )    5197   0.010%  99.875% 
[     800,     900 )    2286   0.005%  99.879% 
[     900,    1000 )    1272   0.003%  99.882% 
[    1000,    1200 )    1531   0.003%  99.885% 
[    1200,    1400 )    1223   0.002%  99.887% 
[    1400,    1600 )    1153   0.002%  99.890% 
[    1600,    1800 )    1039   0.002%  99.892% 
[    1800,    2000 )     931   0.002%  99.894% 
[    2000,    2500 )    2293   0.005%  99.898% 
[    2500,    3000 )    2120   0.004%  99.902% 
[    3000,    3500 )    1948   0.004%  99.906% 
[    3500,    4000 )    1623   0.003%  99.909% 
[    4000,    4500 )    1520   0.003%  99.913% 
[    4500,    5000 )    1350   0.003%  99.915% 
[    5000,    6000 )    3993   0.008%  99.923% 
[    6000,    7000 )    3445   0.007%  99.930% 
[    7000,    8000 )    2599   0.005%  99.935% 
[    8000,    9000 )    4397   0.009%  99.944% 
[    9000,   10000 )    5878   0.012%  99.956% 
[   10000,   12000 )    6180   0.012%  99.968% 
[   12000,   14000 )    3759   0.008%  99.976% 
[   14000,   16000 )    2787   0.006%  99.981% 
[   16000,   18000 )    1492   0.003%  99.984% 
[   18000,   20000 )    1404   0.003%  99.987% 
[   20000,   25000 )    1754   0.004%  99.991% 
[   25000,   30000 )    1052   0.002%  99.993% 
[   30000,   35000 )     941   0.002%  99.995% 
[   35000,   40000 )     427   0.001%  99.995% 
[   40000,   45000 )     336   0.001%  99.996% 
[   45000,   50000 )     155   0.000%  99.996% 
[   50000,   60000 )     375   0.001%  99.997% 
[   60000,   70000 )     339   0.001%  99.998% 
[   70000,   80000 )     304   0.001%  99.998% 
[   80000,   90000 )     183   0.000%  99.999% 
[   90000,  100000 )     133   0.000%  99.999% 
[  100000,  120000 )      62   0.000%  99.999% 
[  120000,  140000 )      39   0.000%  99.999% 
[  140000,  160000 )      59   0.000%  99.999% 
[  180000,  200000 )      32   0.000%  99.999% 
[  250000,  300000 )      32   0.000% 100.000% 
[  300000,  350000 )      32   0.000% 100.000% 
[  350000,  400000 )      64   0.000% 100.000% 
[  400000,  450000 )      32   0.000% 100.000% 
[  450000,  500000 )      32   0.000% 100.000% 
[  500000,  600000 )      32   0.000% 100.000% 
[ 3000000, 3500000 )      32   0.000% 100.000% 


# Run duration (sec): 331.899
# Run operations:	50000000
# Run throughput (KOPS): 150.648
Count: 50000000  Average: 211.7799  StdDev: 866.03
Percentiles(us): P50: 157.77 P90: 299.03 P99: 760.12 P99.9: 7271.29 P99.99: 22481.23
------------------------------------------------------
[      35,      40 )       8   0.000%   0.000% 
[      40,      45 )     561   0.001%   0.001% 
[      45,      50 )    5735   0.011%   0.013% 
[      50,      60 )    8048   0.016%   0.029% 
[      60,      70 )    2826   0.006%   0.034% 
[      70,      80 )  181463   0.363%   0.397% 
[      80,      90 )  665745   1.331%   1.729% 
[      90,     100 )  418846   0.838%   2.566% 
[     100,     120 ) 1980605   3.961%   6.528% #
[     120,     140 ) 12036581  24.073%  30.601% #####
[     140,     160 ) 10914474  21.829%  52.430% ####
[     160,     180 ) 6470992  12.942%  65.372% ###
[     180,     200 ) 4150818   8.302%  73.673% ##
[     200,     250 ) 5661856  11.324%  84.997% ##
[     250,     300 ) 2550849   5.102%  90.099% #
[     300,     350 ) 1599401   3.199%  93.298% #
[     350,     400 )  971826   1.944%  95.241% 
[     400,     450 )  606425   1.213%  96.454% 
[     450,     500 )  401654   0.803%  97.257% 
[     500,     600 )  489950   0.980%  98.237% 
[     600,     700 )  277899   0.556%  98.793% 
[     700,     800 )  172047   0.344%  99.137% 
[     800,     900 )  111329   0.223%  99.360% 
[     900,    1000 )   72135   0.144%  99.504% 
[    1000,    1200 )   77820   0.156%  99.660% 
[    1200,    1400 )   33623   0.067%  99.727% 
[    1400,    1600 )   15237   0.030%  99.758% 
[    1600,    1800 )    8253   0.017%  99.774% 
[    1800,    2000 )    5722   0.011%  99.785% 
[    2000,    2500 )   10341   0.021%  99.806% 
[    2500,    3000 )    7531   0.015%  99.821% 
[    3000,    3500 )    6710   0.013%  99.835% 
[    3500,    4000 )    6277   0.013%  99.847% 
[    4000,    4500 )    6121   0.012%  99.859% 
[    4500,    5000 )    5713   0.011%  99.871% 
[    5000,    6000 )    6965   0.014%  99.885% 
[    6000,    7000 )    5330   0.011%  99.895% 
[    7000,    8000 )    8419   0.017%  99.912% 
[    8000,    9000 )    6090   0.012%  99.924% 
[    9000,   10000 )    5210   0.010%  99.935% 
[   10000,   12000 )   12961   0.026%  99.961% 
[   12000,   14000 )    3782   0.008%  99.968% 
[   14000,   16000 )    6230   0.012%  99.981% 
[   16000,   18000 )    1692   0.003%  99.984% 
[   18000,   20000 )     851   0.002%  99.986% 
[   20000,   25000 )    4129   0.008%  99.994% 
[   25000,   30000 )     873   0.002%  99.996% 
[   30000,   35000 )     791   0.002%  99.997% 
[   35000,   40000 )     351   0.001%  99.998% 
[   40000,   45000 )     193   0.000%  99.999% 
[   45000,   50000 )      57   0.000%  99.999% 
[   50000,   60000 )      94   0.000%  99.999% 
[   60000,   70000 )      83   0.000%  99.999% 
[   70000,   80000 )      50   0.000%  99.999% 
[   80000,   90000 )      35   0.000%  99.999% 
[   90000,  100000 )      33   0.000%  99.999% 
[  100000,  120000 )      44   0.000%  99.999% 
[  120000,  140000 )      30   0.000%  99.999% 
[  140000,  160000 )      30   0.000%  99.999% 
[  160000,  180000 )      52   0.000% 100.000% 
[  180000,  200000 )      21   0.000% 100.000% 
[  200000,  250000 )      61   0.000% 100.000% 
[  250000,  300000 )      57   0.000% 100.000% 
[  300000,  350000 )      14   0.000% 100.000% 
[  350000,  400000 )      14   0.000% 100.000% 
[  400000,  450000 )       6   0.000% 100.000% 
[  450000,  500000 )       8   0.000% 100.000% 
[  500000,  600000 )      19   0.000% 100.000% 
[  600000,  700000 )       4   0.000% 100.000% 

Read info: 
Count: 50000000  Average: 211.7799  StdDev: 866.03
Percentiles(us): P50: 157.77 P90: 299.03 P99: 760.12 P99.9: 7271.29 P99.99: 22481.23
------------------------------------------------------
[      35,      40 )       8   0.000%   0.000% 
[      40,      45 )     561   0.001%   0.001% 
[      45,      50 )    5735   0.011%   0.013% 
[      50,      60 )    8048   0.016%   0.029% 
[      60,      70 )    2826   0.006%   0.034% 
[      70,      80 )  181463   0.363%   0.397% 
[      80,      90 )  665745   1.331%   1.729% 
[      90,     100 )  418846   0.838%   2.566% 
[     100,     120 ) 1980605   3.961%   6.528% #
[     120,     140 ) 12036581  24.073%  30.601% #####
[     140,     160 ) 10914474  21.829%  52.430% ####
[     160,     180 ) 6470992  12.942%  65.372% ###
[     180,     200 ) 4150818   8.302%  73.673% ##
[     200,     250 ) 5661856  11.324%  84.997% ##
[     250,     300 ) 2550849   5.102%  90.099% #
[     300,     350 ) 1599401   3.199%  93.298% #
[     350,     400 )  971826   1.944%  95.241% 
[     400,     450 )  606425   1.213%  96.454% 
[     450,     500 )  401654   0.803%  97.257% 
[     500,     600 )  489950   0.980%  98.237% 
[     600,     700 )  277899   0.556%  98.793% 
[     700,     800 )  172047   0.344%  99.137% 
[     800,     900 )  111329   0.223%  99.360% 
[     900,    1000 )   72135   0.144%  99.504% 
[    1000,    1200 )   77820   0.156%  99.660% 
[    1200,    1400 )   33623   0.067%  99.727% 
[    1400,    1600 )   15237   0.030%  99.758% 
[    1600,    1800 )    8253   0.017%  99.774% 
[    1800,    2000 )    5722   0.011%  99.785% 
[    2000,    2500 )   10341   0.021%  99.806% 
[    2500,    3000 )    7531   0.015%  99.821% 
[    3000,    3500 )    6710   0.013%  99.835% 
[    3500,    4000 )    6277   0.013%  99.847% 
[    4000,    4500 )    6121   0.012%  99.859% 
[    4500,    5000 )    5713   0.011%  99.871% 
[    5000,    6000 )    6965   0.014%  99.885% 
[    6000,    7000 )    5330   0.011%  99.895% 
[    7000,    8000 )    8419   0.017%  99.912% 
[    8000,    9000 )    6090   0.012%  99.924% 
[    9000,   10000 )    5210   0.010%  99.935% 
[   10000,   12000 )   12961   0.026%  99.961% 
[   12000,   14000 )    3782   0.008%  99.968% 
[   14000,   16000 )    6230   0.012%  99.981% 
[   16000,   18000 )    1692   0.003%  99.984% 
[   18000,   20000 )     851   0.002%  99.986% 
[   20000,   25000 )    4129   0.008%  99.994% 
[   25000,   30000 )     873   0.002%  99.996% 
[   30000,   35000 )     791   0.002%  99.997% 
[   35000,   40000 )     351   0.001%  99.998% 
[   40000,   45000 )     193   0.000%  99.999% 
[   45000,   50000 )      57   0.000%  99.999% 
[   50000,   60000 )      94   0.000%  99.999% 
[   60000,   70000 )      83   0.000%  99.999% 
[   70000,   80000 )      50   0.000%  99.999% 
[   80000,   90000 )      35   0.000%  99.999% 
[   90000,  100000 )      33   0.000%  99.999% 
[  100000,  120000 )      44   0.000%  99.999% 
[  120000,  140000 )      30   0.000%  99.999% 
[  140000,  160000 )      30   0.000%  99.999% 
[  160000,  180000 )      52   0.000% 100.000% 
[  180000,  200000 )      21   0.000% 100.000% 
[  200000,  250000 )      61   0.000% 100.000% 
[  250000,  300000 )      57   0.000% 100.000% 
[  300000,  350000 )      14   0.000% 100.000% 
[  350000,  400000 )      14   0.000% 100.000% 
[  400000,  450000 )       6   0.000% 100.000% 
[  450000,  500000 )       8   0.000% 100.000% 
[  500000,  600000 )      19   0.000% 100.000% 
[  600000,  700000 )       4   0.000% 100.000% 

Write info: 
Count: 0  Average: 0.0000  StdDev: 0.00
Percentiles(us): P50: -nan P90: -nan P99: -nan P99.9: -nan P99.99: -nan
------------------------------------------------------


