
nofdb	workloads/workloadg_zipfian.spec	32
# Load duration (sec): 190.362
# Loading records:	50000000
# Load throughput (KOPS): 262.658
Count: 50000000  Average: 120.6373  StdDev: 3258.74
Percentiles(us): P50: 84.89 P90: 192.90 P99: 376.06 P99.9: 750.80 P99.99: 18855.78
------------------------------------------------------
[      35,      40 )    3611   0.007%   0.007% 
[      40,      45 )  547124   1.094%   1.101% 
[      45,      50 ) 3767727   7.535%   8.637% ##
[      50,      60 ) 11948006  23.896%  32.533% #####
[      60,      70 ) 3976906   7.954%  40.487% ##
[      70,      80 ) 2688289   5.377%  45.863% #
[      80,      90 ) 4232929   8.466%  54.329% ##
[      90,     100 ) 3941604   7.883%  62.212% ##
[     100,     120 ) 4481099   8.962%  71.175% ##
[     120,     140 ) 4013881   8.028%  79.202% ##
[     140,     160 ) 2477036   4.954%  84.156% #
[     160,     180 ) 2006370   4.013%  88.169% #
[     180,     200 ) 1418861   2.838%  91.007% #
[     200,     250 ) 2204033   4.408%  95.415% #
[     250,     300 ) 1093386   2.187%  97.602% 
[     300,     350 )  550491   1.101%  98.703% 
[     350,     400 )  285234   0.570%  99.273% 
[     400,     450 )  149601   0.299%  99.572% 
[     450,     500 )   78905   0.158%  99.730% 
[     500,     600 )   64179   0.128%  99.859% 
[     600,     700 )   18034   0.036%  99.895% 
[     700,     800 )    5303   0.011%  99.905% 
[     800,     900 )    1807   0.004%  99.909% 
[     900,    1000 )     882   0.002%  99.911% 
[    1000,    1200 )     987   0.002%  99.913% 
[    1200,    1400 )     663   0.001%  99.914% 
[    1400,    1600 )     620   0.001%  99.915% 
[    1600,    1800 )     552   0.001%  99.916% 
[    1800,    2000 )     489   0.001%  99.917% 
[    2000,    2500 )    1188   0.002%  99.920% 
[    2500,    3000 )    1191   0.002%  99.922% 
[    3000,    3500 )    1019   0.002%  99.924% 
[    3500,    4000 )     902   0.002%  99.926% 
[    4000,    4500 )     832   0.002%  99.927% 
[    4500,    5000 )     662   0.001%  99.929% 
[    5000,    6000 )    2010   0.004%  99.933% 
[    6000,    7000 )    6653   0.013%  99.946% 
[    7000,    8000 )    2506   0.005%  99.951% 
[    8000,    9000 )    1345   0.003%  99.954% 
[    9000,   10000 )    4264   0.009%  99.962% 
[   10000,   12000 )    6150   0.012%  99.975% 
[   12000,   14000 )    3579   0.007%  99.982% 
[   14000,   16000 )    2690   0.005%  99.987% 
[   16000,   18000 )    1130   0.002%  99.989% 
[   18000,   20000 )     631   0.001%  99.991% 
[   20000,   25000 )    1521   0.003%  99.994% 
[   25000,   30000 )     707   0.001%  99.995% 
[   30000,   35000 )     545   0.001%  99.996% 
[   35000,   40000 )     188   0.000%  99.997% 
[   40000,   45000 )     113   0.000%  99.997% 
[   45000,   50000 )      58   0.000%  99.997% 
[   50000,   60000 )     101   0.000%  99.997% 
[   60000,   70000 )      70   0.000%  99.997% 
[   70000,   80000 )     258   0.001%  99.998% 
[   80000,   90000 )     209   0.000%  99.998% 
[   90000,  100000 )     296   0.001%  99.999% 
[  100000,  120000 )     253   0.001%  99.999% 
[  140000,  160000 )      32   0.000%  99.999% 
[  200000,  250000 )      32   0.000%  99.999% 
[  250000,  300000 )      32   0.000% 100.000% 
[  300000,  350000 )      32   0.000% 100.000% 
[  350000,  400000 )      62   0.000% 100.000% 
[  400000,  450000 )      66   0.000% 100.000% 
[ 1800000, 2000000 )      32   0.000% 100.000% 
[ 3000000, 3500000 )      32   0.000% 100.000% 


# Run duration (sec): 209.385
# Run operations:	50000000
# Run throughput (KOPS): 238.795
Count: 50000000  Average: 132.6067  StdDev: 842.37
Percentiles(us): P50: 85.23 P90: 202.27 P99: 435.07 P99.9: 7786.93 P99.99: 29626.91
------------------------------------------------------
[      35,      40 )    1402   0.003%   0.003% 
[      40,      45 )  428093   0.856%   0.859% 
[      45,      50 ) 3315707   6.631%   7.490% #
[      50,      60 ) 12130171  24.260%  31.751% #####
[      60,      70 ) 4521849   9.044%  40.794% ##
[      70,      80 ) 2631148   5.262%  46.057% #
[      80,      90 ) 3772532   7.545%  53.602% ##
[      90,     100 ) 4091869   8.184%  61.786% ##
[     100,     120 ) 4515733   9.031%  70.817% ##
[     120,     140 ) 3771815   7.544%  78.361% ##
[     140,     160 ) 2391502   4.783%  83.144% #
[     160,     180 ) 1936753   3.874%  87.017% #
[     180,     200 ) 1389832   2.780%  89.797% #
[     200,     250 ) 2237700   4.475%  94.272% #
[     250,     300 ) 1187167   2.374%  96.647% 
[     300,     350 )  651296   1.303%  97.949% 
[     350,     400 )  371934   0.744%  98.693% 
[     400,     450 )  218823   0.438%  99.131% 
[     450,     500 )  129780   0.260%  99.390% 
[     500,     600 )  129750   0.260%  99.650% 
[     600,     700 )   50006   0.100%  99.750% 
[     700,     800 )   19995   0.040%  99.790% 
[     800,     900 )    8547   0.017%  99.807% 
[     900,    1000 )    4128   0.008%  99.815% 
[    1000,    1200 )    3502   0.007%  99.822% 
[    1200,    1400 )    2070   0.004%  99.826% 
[    1400,    1600 )    1696   0.003%  99.830% 
[    1600,    1800 )    1499   0.003%  99.833% 
[    1800,    2000 )    1289   0.003%  99.835% 
[    2000,    2500 )    2803   0.006%  99.841% 
[    2500,    3000 )    2315   0.005%  99.845% 
[    3000,    3500 )    1818   0.004%  99.849% 
[    3500,    4000 )    1664   0.003%  99.852% 
[    4000,    4500 )    1622   0.003%  99.856% 
[    4500,    5000 )    1355   0.003%  99.858% 
[    5000,    6000 )    2946   0.006%  99.864% 
[    6000,    7000 )   13372   0.027%  99.891% 
[    7000,    8000 )    5740   0.011%  99.902% 
[    8000,    9000 )    2818   0.006%  99.908% 
[    9000,   10000 )    2577   0.005%  99.913% 
[   10000,   12000 )    5506   0.011%  99.924% 
[   12000,   14000 )    6461   0.013%  99.937% 
[   14000,   16000 )    6593   0.013%  99.950% 
[   16000,   18000 )    5507   0.011%  99.961% 
[   18000,   20000 )    4616   0.009%  99.971% 
[   20000,   25000 )    5036   0.010%  99.981% 
[   25000,   30000 )    5039   0.010%  99.991% 
[   30000,   35000 )    1173   0.002%  99.993% 
[   35000,   40000 )     219   0.000%  99.994% 
[   40000,   45000 )     145   0.000%  99.994% 
[   45000,   50000 )      74   0.000%  99.994% 
[   50000,   60000 )     449   0.001%  99.995% 
[   60000,   70000 )     523   0.001%  99.996% 
[   70000,   80000 )     723   0.001%  99.997% 
[   80000,   90000 )     583   0.001%  99.999% 
[   90000,  100000 )     532   0.001% 100.000% 
[  100000,  120000 )     171   0.000% 100.000% 
[  140000,  160000 )      32   0.000% 100.000% 

Read info: 
Count: 0  Average: 0.0000  StdDev: 0.00
Percentiles(us): P50: -nan P90: -nan P99: -nan P99.9: -nan P99.99: -nan
------------------------------------------------------

Write info: 
Count: 50000000  Average: 132.6067  StdDev: 842.37
Percentiles(us): P50: 85.23 P90: 202.27 P99: 435.07 P99.9: 7786.93 P99.99: 29626.91
------------------------------------------------------
[      35,      40 )    1402   0.003%   0.003% 
[      40,      45 )  428093   0.856%   0.859% 
[      45,      50 ) 3315707   6.631%   7.490% #
[      50,      60 ) 12130171  24.260%  31.751% #####
[      60,      70 ) 4521849   9.044%  40.794% ##
[      70,      80 ) 2631148   5.262%  46.057% #
[      80,      90 ) 3772532   7.545%  53.602% ##
[      90,     100 ) 4091869   8.184%  61.786% ##
[     100,     120 ) 4515733   9.031%  70.817% ##
[     120,     140 ) 3771815   7.544%  78.361% ##
[     140,     160 ) 2391502   4.783%  83.144% #
[     160,     180 ) 1936753   3.874%  87.017% #
[     180,     200 ) 1389832   2.780%  89.797% #
[     200,     250 ) 2237700   4.475%  94.272% #
[     250,     300 ) 1187167   2.374%  96.647% 
[     300,     350 )  651296   1.303%  97.949% 
[     350,     400 )  371934   0.744%  98.693% 
[     400,     450 )  218823   0.438%  99.131% 
[     450,     500 )  129780   0.260%  99.390% 
[     500,     600 )  129750   0.260%  99.650% 
[     600,     700 )   50006   0.100%  99.750% 
[     700,     800 )   19995   0.040%  99.790% 
[     800,     900 )    8547   0.017%  99.807% 
[     900,    1000 )    4128   0.008%  99.815% 
[    1000,    1200 )    3502   0.007%  99.822% 
[    1200,    1400 )    2070   0.004%  99.826% 
[    1400,    1600 )    1696   0.003%  99.830% 
[    1600,    1800 )    1499   0.003%  99.833% 
[    1800,    2000 )    1289   0.003%  99.835% 
[    2000,    2500 )    2803   0.006%  99.841% 
[    2500,    3000 )    2315   0.005%  99.845% 
[    3000,    3500 )    1818   0.004%  99.849% 
[    3500,    4000 )    1664   0.003%  99.852% 
[    4000,    4500 )    1622   0.003%  99.856% 
[    4500,    5000 )    1355   0.003%  99.858% 
[    5000,    6000 )    2946   0.006%  99.864% 
[    6000,    7000 )   13372   0.027%  99.891% 
[    7000,    8000 )    5740   0.011%  99.902% 
[    8000,    9000 )    2818   0.006%  99.908% 
[    9000,   10000 )    2577   0.005%  99.913% 
[   10000,   12000 )    5506   0.011%  99.924% 
[   12000,   14000 )    6461   0.013%  99.937% 
[   14000,   16000 )    6593   0.013%  99.950% 
[   16000,   18000 )    5507   0.011%  99.961% 
[   18000,   20000 )    4616   0.009%  99.971% 
[   20000,   25000 )    5036   0.010%  99.981% 
[   25000,   30000 )    5039   0.010%  99.991% 
[   30000,   35000 )    1173   0.002%  99.993% 
[   35000,   40000 )     219   0.000%  99.994% 
[   40000,   45000 )     145   0.000%  99.994% 
[   45000,   50000 )      74   0.000%  99.994% 
[   50000,   60000 )     449   0.001%  99.995% 
[   60000,   70000 )     523   0.001%  99.996% 
[   70000,   80000 )     723   0.001%  99.997% 
[   80000,   90000 )     583   0.001%  99.999% 
[   90000,  100000 )     532   0.001% 100.000% 
[  100000,  120000 )     171   0.000% 100.000% 
[  140000,  160000 )      32   0.000% 100.000% 


