
Node Configure: 
    Node ID: 1
    Node IP: 10.10.1.3
    Listen IP: 0.0.0.0
    Ports: 50051,50052,50053,50054,50055,50056,50057,50058,50059,50060,50061,50062,50063,50064,50065,50066
    KVDB num (at start): 1
    Server thread num (of each KVDB): 16
    CPU cores num: 35
    KVDB base path: /mnt/nofdb/rocksdb

[INFO] Using RPC to make replicas
[INFO] CPU monitor is enabled
[INFO] Stats recorder is enabled

Initiator is bound to core 2
recover: before head 608174080 before tail 608174080
recover: after_head 608174080 after_tail 608174080
recover: before head 608176128
recover: after_head 608176128
recover: before head 608372736
recover: after_head 608372736
recover: before head 608569344
recover: after_head 608569344
[INFO] NoFDB opened successfully
[INFO] NoFDBKVS No.0 initialized, belongs to node_id: 1
[INFO] Tagged worker 0 is bound to core 3
[INFO] Tagged worker 1 is bound to core 5
[INFO] Tagged worker 2 is bound to core 7
[INFO] Tagged worker 3 is bound to core 9
[INFO] Tagged worker 4 is bound to core 11
[INFO] Tagged worker 5 is bound to core 13
[INFO] Tagged worker 6 is bound to core 15
[INFO] Tagged worker 7 is bound to core 17
[INFO] Tagged worker 8 is bound to core 19
[INFO] Tagged worker 9 is bound to core 21
[INFO] Tagged worker 10 is bound to core 23
[INFO] Tagged worker 11 is bound to core 25
[INFO] Tagged worker 13 is bound to core 27
[INFO] Tagged worker 12 is bound to core 29
[INFO] Tagged worker 14 is bound to core 31
[INFO] Tagged worker 15 is bound to core 33
[INFO] Tagged worker 16 is bound to core 35
[INFO] NoFDBKVS No.0 -- Server No.5 is listening on 0.0.0.0:50056
[INFO] NoFDBKVS No.0 -- Server No.11 is listening on 0.0.0.0:50062
[INFO] NoFDBKVS No.0 -- Server No.3 is listening on 0.0.0.0:50054
[INFO] NoFDBKVS No.0 -- Server No.6 is listening on 0.0.0.0:50057
[INFO] NoFDBKVS No.0 -- Server No.4 is listening on 0.0.0.0:50055
[INFO] NoFDBKVS No.0 -- Server No.7 is listening on 0.0.0.0:50058
[INFO] NoFDBKVS No.0 -- Server No.14 is listening on 0.0.0.0:50065
[INFO] NoFDBKVS No.0 -- Server No.1 is listening on 0.0.0.0:50052
[INFO] NoFDBKVS No.0 -- Server No.10 is listening on 0.0.0.0:50061
[INFO] NoFDBKVS No.0 -- Server No.12 is listening on 0.0.0.0:50063
[INFO] NoFDBKVS No.0 -- Server No.13 is listening on 0.0.0.0:50064
[INFO] NoFDBKVS No.0 -- Server No.8 is listening on 0.0.0.0:50059
[INFO] NoFDBKVS No.0 -- Server No.15 is listening on 0.0.0.0:50066
[INFO] NoFDBKVS No.0 -- Server No.2 is listening on 0.0.0.0:50053
[INFO] NoFDBKVS No.0 -- Server No.9 is listening on 0.0.0.0:50060
[INFO] NoFDBKVS No.0 -- Server No.0 is listening on 0.0.0.0:50051
[INFO] Node No.1 Configure Table is generated
[INFO] Maintainer is listening on 0.0.0.0:50050

Maintainer received PAUSE signal

===== Load Statistics: 
Total requests: 29999998
Total bytes: 30719997952
Avg DB latency (us): 19.54, P90 (us): 13.76, P99 (us): 192.25, P99.9 (us): 1451.18
Avg process latency (us): 181.66, P90 (us): 130.85, P99 (us): 2068.34, P99.9 (us): 21424.10
Avg CPU utilization (percent): 1905.98
Eplased time (sec): 578.72
Throughput (MB/s): 50.62
QPS (k): 51.84

---------- RPC REPLICA STATISTICS ----------
Avg all replicas latency (us): 504.98, P90 (us): 299.79, P99 (us): 14499.06, P99.9 (us): 34460.69
Avg local DB latency (us): 18.78, P90 (us): 13.52, P99 (us): 195.21, P99.9 (us): 1409.96
Avg send latency (us): 8879323210286566.00, P90 (us): 9223372036854538.00, P99 (us): 9223372036854672.00, P99.9 (us): 9223372036854762.00
Avg receive latency (us): 378.89, P90 (us): 411.42, P99 (us): 868.09, P99.9 (us): 3091.97
Avg remote process latency (us): 60.41


===== Stage End =====

Maintainer received STOP signal

===== Transaction Statistics: 
Total requests: 8587194
Total bytes: 8793286656
Avg DB latency (us): 20.07, P90 (us): 88.50, P99 (us): 124.14, P99.9 (us): 218.31
Avg process latency (us): 20.12, P90 (us): 88.54, P99 (us): 124.19, P99.9 (us): 218.36
Avg CPU utilization (percent): 1826.33
Eplased time (sec): 151.46
Throughput (MB/s): 55.37
QPS (k): 56.70

===== Stage End =====

[INFO] Stats recorder is shutting down......
[INFO] NoFDBKVS No.0 -- Server No.2 is shutting down......
[INFO] NoFDBKVS No.0 -- Server No.15 is shutting down......
[INFO] NoFDBKVS No.0 -- Server No.7 is shutting down......
[INFO] NoFDBKVS No.0 -- Server No.10 is shutting down......
[INFO] NoFDBKVS No.0 -- Server No.3 is shutting down......
[INFO] NoFDBKVS No.0 -- Server No.9 is shutting down......
[INFO] NoFDBKVS No.0 -- Server No.1 is shutting down......
[INFO] NoFDBKVS No.0 -- Server No.8 is shutting down......
[INFO] NoFDBKVS No.0 -- Server No.4 is shutting down......
[INFO] NoFDBKVS No.0 -- Server No.13 is shutting down......
[INFO] NoFDBKVS No.0 -- Server No.0 is shutting down......
[INFO] NoFDBKVS No.0 -- Server No.11 is shutting down......
[INFO] NoFDBKVS No.0 -- Server No.14 is shutting down......
[INFO] NoFDBKVS No.0 -- Server No.12 is shutting down......
[INFO] NoFDBKVS No.0 -- Server No.6 is shutting down......
[INFO] NoFDBKVS No.0 -- Server No.5 is shutting down......
[INFO] NoFDBKVS No.0 is shutting down......
[INFO] CPU Monitor is shutting down......
[INFO] Maintainer is shutting down......
