
Node Configure: 
    Node ID: 2
    Node IP: 10.10.1.4
    Listen IP: 0.0.0.0
    Ports: 50051,50052,50053,50054,50055,50056,50057,50058,50059,50060,50061,50062,50063,50064,50065,50066
    KVDB num (at start): 1
    Server thread num (of each KVDB): 16
    CPU cores num: 35
    KVDB base path: /mnt/nofdb/rocksdb

[INFO] Using RPC to make replicas
[INFO] CPU monitor is enabled
[INFO] Stats recorder is enabled

Initiator is bound to core 3
recover: before head 1216348160 before tail 1216348160
recover: after_head 1216348160 after_tail 1216348160
recover: before head 1216350208
recover: after_head 1216350208
recover: before head 1216546816
recover: after_head 1216546816
recover: before head 1216743424
recover: after_head 1216743424
[INFO] NoFDB opened successfully
[INFO] NoFDBKVS No.0 initialized, belongs to node_id: 2
[INFO] Tagged worker 2 is bound to core 9
[INFO] Tagged worker 3 is bound to core 7
[INFO] Tagged worker 1 is bound to core 5
[INFO] Tagged worker 5 is bound to core 11
[INFO] Tagged worker 6 is bound to core 13
[INFO] Tagged worker 4 is bound to core 15
[INFO] Tagged worker 8 is bound to core 19
[INFO] Tagged worker 7 is bound to core 17
[INFO] Tagged worker 10 is bound to core 21
[INFO] Tagged worker 9 is bound to core 23
[INFO] Tagged worker 11 is bound to core 25
[INFO] Tagged worker 0 is bound to core 3
[INFO] Tagged worker 12 is bound to core 27
[INFO] Tagged worker 13 is bound to core 29
[INFO] Tagged worker 14 is bound to core 31
[INFO] Tagged worker 15 is bound to core 33
[INFO] Tagged worker 16 is bound to core 35
[INFO] NoFDBKVS No.0 -- Server No.1 is listening on 0.0.0.0:50052
[INFO] NoFDBKVS No.0 -- Server No.13 is listening on 0.0.0.0:50064
[INFO] NoFDBKVS No.0 -- Server No.14 is listening on 0.0.0.0:50065
[INFO] NoFDBKVS No.0 -- Server No.5 is listening on 0.0.0.0:50056
[INFO] NoFDBKVS No.0 -- Server No.8 is listening on 0.0.0.0:50059
[INFO] NoFDBKVS No.0 -- Server No.9 is listening on 0.0.0.0:50060
[INFO] NoFDBKVS No.0 -- Server No.10 is listening on 0.0.0.0:50061
[INFO] NoFDBKVS No.0 -- Server No.6 is listening on 0.0.0.0:50057
[INFO] NoFDBKVS No.0 -- Server No.15 is listening on 0.0.0.0:50066
[INFO] NoFDBKVS No.0 -- Server No.11 is listening on 0.0.0.0:50062
[INFO] NoFDBKVS No.0 -- Server No.12 is listening on 0.0.0.0:50063
[INFO] NoFDBKVS No.0 -- Server No.7 is listening on 0.0.0.0:50058
[INFO] NoFDBKVS No.0 -- Server No.2 is listening on 0.0.0.0:50053
[INFO] NoFDBKVS No.0 -- Server No.4 is listening on 0.0.0.0:50055
[INFO] NoFDBKVS No.0 -- Server No.3 is listening on 0.0.0.0:50054
[INFO] NoFDBKVS No.0 -- Server No.0 is listening on 0.0.0.0:50051
[INFO] Node No.2 Configure Table is generated
[INFO] Maintainer is listening on 0.0.0.0:50050

Maintainer received PAUSE signal

===== Load Statistics: 
Total requests: 29999998
Total bytes: 30719997952
Avg DB latency (us): 98.48, P90 (us): 13.49, P99 (us): 694.62, P99.9 (us): 16457.35
Avg process latency (us): 178.59, P90 (us): 131.24, P99 (us): 2232.60, P99.9 (us): 19114.31
Avg CPU utilization (percent): 1780.81
Eplased time (sec): 548.24
Throughput (MB/s): 53.44
QPS (k): 54.72

---------- RPC REPLICA STATISTICS ----------
Avg all replicas latency (us): 336.98, P90 (us): 277.59, P99 (us): 8452.24, P99.9 (us): 23299.83
Avg local DB latency (us): 96.68, P90 (us): 13.24, P99 (us): 701.40, P99.9 (us): 16417.25
Avg send latency (us): 478.08, P90 (us): 499.74, P99 (us): 1068.52, P99.9 (us): 2701.75
Avg receive latency (us): 8993684391705258.00, P90 (us): 9223372036854430.00, P99 (us): 9223372036854580.00, P99.9 (us): 9223372036854748.00
Avg remote process latency (us): 19.32


===== Stage End =====

Maintainer received STOP signal

===== Transaction Statistics: 
Total requests: 9997000
Total bytes: 10236928000
Avg DB latency (us): 82.27, P90 (us): 102.69, P99 (us): 175.82, P99.9 (us): 4946.95
Avg process latency (us): 82.32, P90 (us): 102.74, P99 (us): 175.87, P99.9 (us): 4947.00
Avg CPU utilization (percent): 1736.70
Eplased time (sec): 229.59
Throughput (MB/s): 42.52
QPS (k): 43.54

===== Stage End =====

[INFO] Stats recorder is shutting down......
[INFO] NoFDBKVS No.0 -- Server No.4 is shutting down......
[INFO] NoFDBKVS No.0 -- Server No.1 is shutting down......
[INFO] NoFDBKVS No.0 -- Server No.11 is shutting down......
[INFO] NoFDBKVS No.0 -- Server No.7 is shutting down......
[INFO] NoFDBKVS No.0 -- Server No.5 is shutting down......
[INFO] NoFDBKVS No.0 -- Server No.10 is shutting down......
[INFO] NoFDBKVS No.0 -- Server No.9 is shutting down......
[INFO] NoFDBKVS No.0 -- Server No.3 is shutting down......
[INFO] NoFDBKVS No.0 -- Server No.0 is shutting down......
[INFO] NoFDBKVS No.0 -- Server No.14 is shutting down......
[INFO] NoFDBKVS No.0 -- Server No.6 is shutting down......
[INFO] NoFDBKVS No.0 -- Server No.13 is shutting down......
[INFO] NoFDBKVS No.0 -- Server No.8 is shutting down......
[INFO] NoFDBKVS No.0 -- Server No.15 is shutting down......
[INFO] NoFDBKVS No.0 -- Server No.12 is shutting down......
[INFO] NoFDBKVS No.0 -- Server No.2 is shutting down......
[INFO] NoFDBKVS No.0 is shutting down......
[INFO] CPU Monitor is shutting down......
[INFO] Maintainer is shutting down......
