
Node Configure: 
    Node ID: 0
    Node IP: 10.10.1.2
    Listen IP: 0.0.0.0
    Ports: 50051,50052,50053,50054,50055,50056,50057,50058,50059,50060,50061,50062,50063,50064,50065,50066
    KVDB num (at start): 1
    Server thread num (of each KVDB): 16
    CPU cores num: 35
    KVDB base path: /mnt/nofdb/rocksdb

[INFO] Using RPC to make replicas
[INFO] CPU monitor is enabled
[INFO] Stats recorder is enabled

NoFDBConfig::lba_capacity: 838860800
block_start: 0
Initiator is bound to core 1
recover: before head 0 before tail 0
recover: after_head 0 after_tail 0
recover: before head 2048
recover: after_head 2048
recover: before head 198656
recover: after_head 198656
recover: before head 395264
recover: after_head 395264
[INFO] NoFDB opened successfully
[INFO] NoFDBKVS No.0 initialized, belongs to node_id: 0
[INFO] Tagged worker 0 is bound to core 3
[INFO] Tagged worker 3 is bound to core 5
[INFO] Tagged worker 1 is bound to core 7
[INFO] Tagged worker 5 is bound to core 11
[INFO] Tagged worker 2 is bound to core 9
[INFO] Tagged worker 8 is bound to core 17
[INFO] Tagged worker 6 is bound to core 13
[INFO] Tagged worker 7 is bound to core 15
[INFO] Tagged worker 4 is bound to core 19
[INFO] Tagged worker 9 is bound to core 21
[INFO] Tagged worker 10 is bound to core 23
[INFO] Tagged worker 11 is bound to core 25
[INFO] Tagged worker 12 is bound to core 27
[INFO] Tagged worker 13 is bound to core 29
[INFO] Tagged worker 14 is bound to core 31
[INFO] Tagged worker 16 is bound to core 35
[INFO] Tagged worker 15 is bound to core 33
[INFO] NoFDBKVS No.0 -- Server No.1 is listening on 0.0.0.0:50052
[INFO] NoFDBKVS No.0 -- Server No.13 is listening on 0.0.0.0:50064
[INFO] NoFDBKVS No.0 -- Server No.14 is listening on 0.0.0.0:50065
[INFO] NoFDBKVS No.0 -- Server No.5 is listening on 0.0.0.0:50056
[INFO] NoFDBKVS No.0 -- Server No.10 is listening on 0.0.0.0:50061
[INFO] NoFDBKVS No.0 -- Server No.4 is listening on 0.0.0.0:50055
[INFO] NoFDBKVS No.0 -- Server No.0 is listening on 0.0.0.0:50051
[INFO] NoFDBKVS No.0 -- Server No.8 is listening on 0.0.0.0:50059
[INFO] NoFDBKVS No.0 -- Server No.3 is listening on 0.0.0.0:50054
[INFO] NoFDBKVS No.0 -- Server No.12 is listening on 0.0.0.0:50063
[INFO] NoFDBKVS No.0 -- Server No.11 is listening on 0.0.0.0:50062
[INFO] NoFDBKVS No.0 -- Server No.2 is listening on 0.0.0.0:50053
[INFO] NoFDBKVS No.0 -- Server No.6 is listening on 0.0.0.0:50057
[INFO] NoFDBKVS No.0 -- Server No.7 is listening on 0.0.0.0:50058
[INFO] NoFDBKVS No.0 -- Server No.15 is listening on 0.0.0.0:50066
[INFO] NoFDBKVS No.0 -- Server No.9 is listening on 0.0.0.0:50060
[INFO] Node No.0 Configure Table is generated
[INFO] Maintainer is listening on 0.0.0.0:50050

nvme io failed with sct 0 sc 15
send to node 0 failed with status: nof op internal err
Maintainer received PAUSE signal

===== Load Statistics: 
Total requests: 29999998
Total bytes: 30719997952
Avg DB latency (us): 17.71, P90 (us): 11.31, P99 (us): 184.86, P99.9 (us): 1408.07
Avg process latency (us): 165.37, P90 (us): 119.84, P99 (us): 1918.34, P99.9 (us): 19380.90
Avg CPU utilization (percent): 1909.23
Eplased time (sec): 535.58
Throughput (MB/s): 54.70
QPS (k): 56.01

---------- RPC REPLICA STATISTICS ----------
Avg all replicas latency (us): 461.09, P90 (us): 271.64, P99 (us): 14122.40, P99.9 (us): 28965.67
Avg local DB latency (us): 18.32, P90 (us): 11.79, P99 (us): 195.33, P99.9 (us): 1383.24
Avg send latency (us): 8969296452036076.00, P90 (us): 9223372036854360.00, P99 (us): 9223372036854556.00, P99.9 (us): 9223372036854746.00
Avg receive latency (us): 566.38, P90 (us): 593.75, P99 (us): 1007.32, P99.9 (us): 2927.48
Avg remote process latency (us): 55.83


===== Stage End =====

Maintainer received STOP signal
[INFO] CPU Monitor is shutting down......

===== Transaction Statistics: 
Total requests: 11163785
Total bytes: 11431715840
Avg DB latency (us): 4.91, P90 (us): 6.20, P99 (us): 6.38, P99.9 (us):   6.38
Avg process latency (us): 81.28, P90 (us): 101.93, P99 (us): 144.76, P99.9 (us): 182.52
Avg CPU utilization (percent): 1829.58
Eplased time (sec): 244.04
Throughput (MB/s): 44.67
QPS (k): 45.74

===== Stage End =====

[INFO] Stats recorder is shutting down......
[INFO] NoFDBKVS No.0 -- Server No.3 is shutting down......
[INFO] NoFDBKVS No.0 -- Server No.1 is shutting down......
[INFO] NoFDBKVS No.0 -- Server No.4 is shutting down......
[INFO] NoFDBKVS No.0 -- Server No.14 is shutting down......
[INFO] NoFDBKVS No.0 -- Server No.5 is shutting down......
[INFO] NoFDBKVS No.0 -- Server No.13 is shutting down......
[INFO] NoFDBKVS No.0 -- Server No.11 is shutting down......
[INFO] NoFDBKVS No.0 -- Server No.0 is shutting down......
[INFO] NoFDBKVS No.0 -- Server No.7 is shutting down......
[INFO] NoFDBKVS No.0 -- Server No.2 is shutting down......
[INFO] NoFDBKVS No.0 -- Server No.8 is shutting down......
[INFO] NoFDBKVS No.0 -- Server No.6 is shutting down......
[INFO] NoFDBKVS No.0 -- Server No.12 is shutting down......
[INFO] NoFDBKVS No.0 -- Server No.10 is shutting down......
[INFO] NoFDBKVS No.0 -- Server No.9 is shutting down......
[INFO] NoFDBKVS No.0 -- Server No.15 is shutting down......
[INFO] NoFDBKVS No.0 is shutting down......
[INFO] Maintainer is shutting down......
