
nofdb	workloads/workloadg_zipfian.spec	32
# Load duration (sec): 34.442
# Loading records:	3000000
# Load throughput (KOPS): 87.1029
Count: 3000000  Average: 364.7665  StdDev: 5844.66
Percentiles(us): P50: 243.11 P90: 458.81 P99: 999.35 P99.9: 12976.33 P99.99: 22393.16
------------------------------------------------------
[     160,     180 )     448   0.015%   0.015% 
[     180,     200 )    4696   0.157%   0.171% 
[     200,     250 ) 1733569  57.786%  57.957% ############
[     250,     300 )  372144  12.405%  70.362% ##
[     300,     350 )  257053   8.568%  78.930% ##
[     350,     400 )  225107   7.504%  86.434% ##
[     400,     450 )   98608   3.287%  89.721% #
[     450,     500 )   47522   1.584%  91.305% 
[     500,     600 )  138170   4.606%  95.911% #
[     600,     700 )   39220   1.307%  97.218% 
[     700,     800 )   33541   1.118%  98.336% 
[     800,     900 )   10685   0.356%  98.692% 
[     900,    1000 )    9297   0.310%  99.002% 
[    1000,    1200 )    6894   0.230%  99.232% 
[    1200,    1400 )    2818   0.094%  99.326% 
[    1400,    1600 )    1579   0.053%  99.378% 
[    1600,    1800 )    1106   0.037%  99.415% 
[    1800,    2000 )     821   0.027%  99.443% 
[    2000,    2500 )    1804   0.060%  99.503% 
[    2500,    3000 )    1200   0.040%  99.543% 
[    3000,    3500 )     973   0.032%  99.575% 
[    3500,    4000 )     815   0.027%  99.602% 
[    4000,    4500 )     678   0.023%  99.625% 
[    4500,    5000 )     588   0.020%  99.645% 
[    5000,    6000 )     872   0.029%  99.674% 
[    6000,    7000 )     830   0.028%  99.701% 
[    7000,    8000 )     885   0.030%  99.731% 
[    8000,    9000 )     963   0.032%  99.763% 
[    9000,   10000 )    1102   0.037%  99.800% 
[   10000,   12000 )    2187   0.073%  99.873% 
[   12000,   14000 )    1690   0.056%  99.929% 
[   14000,   16000 )    1017   0.034%  99.963% 
[   16000,   18000 )     493   0.016%  99.979% 
[   18000,   20000 )     269   0.009%  99.988% 
[   20000,   25000 )     117   0.004%  99.992% 
[   25000,   30000 )      30   0.001%  99.993% 
[   30000,   35000 )      66   0.002%  99.995% 
[   35000,   40000 )      20   0.001%  99.996% 
[   40000,   45000 )       7   0.000%  99.996% 
[   45000,   50000 )      20   0.001%  99.997% 
[   80000,   90000 )       3   0.000%  99.997% 
[  100000,  120000 )      29   0.001%  99.998% 
[  200000,  250000 )      32   0.001%  99.999% 
[ 1600000, 1800000 )      32   0.001% 100.000% 


---------- RPC REPLICA STATISTICS -----------
Avg send latency (us):	6.14891e+12
Avg receive latency (us):	1.58648e+06

# Run duration (sec): 52.9835
# Run operations:	3000000
# Run throughput (KOPS): 56.6214
Count: 3000000  Average: 559.3687  StdDev: 1291.13
Percentiles(us): P50: 237.02 P90: 561.52 P99: 6793.18 P99.9: 13356.44 P99.99: 23425.32
------------------------------------------------------
[     160,     180 )     515   0.017%   0.017% 
[     180,     200 )    5323   0.177%   0.195% 
[     200,     250 ) 2018015  67.267%  67.462% #############
[     250,     300 )  234929   7.831%  75.293% ##
[     300,     350 )  158150   5.272%  80.564% #
[     350,     400 )  156038   5.201%  85.766% #
[     400,     450 )   61083   2.036%  87.802% 
[     450,     500 )   23143   0.771%  88.573% 
[     500,     600 )   69573   2.319%  90.892% 
[     600,     700 )   17350   0.578%  91.471% 
[     700,     800 )   18550   0.618%  92.089% 
[     800,     900 )    7452   0.248%  92.337% 
[     900,    1000 )    9015   0.300%  92.638% 
[    1000,    1200 )   11935   0.398%  93.036% 
[    1200,    1400 )    9882   0.329%  93.365% 
[    1400,    1600 )    9097   0.303%  93.668% 
[    1600,    1800 )    8743   0.291%  93.960% 
[    1800,    2000 )    8690   0.290%  94.249% 
[    2000,    2500 )   20505   0.683%  94.933% 
[    2500,    3000 )   19357   0.645%  95.578% 
[    3000,    3500 )   17758   0.592%  96.170% 
[    3500,    4000 )   16749   0.558%  96.728% 
[    4000,    4500 )   15719   0.524%  97.252% 
[    4500,    5000 )   14437   0.481%  97.734% 
[    5000,    6000 )   24151   0.805%  98.539% 
[    6000,    7000 )   17450   0.582%  99.120% 
[    7000,    8000 )   10346   0.345%  99.465% 
[    8000,    9000 )    4833   0.161%  99.626% 
[    9000,   10000 )    2639   0.088%  99.714% 
[   10000,   12000 )    3929   0.131%  99.845% 
[   12000,   14000 )    2424   0.081%  99.926% 
[   14000,   16000 )    1047   0.035%  99.961% 
[   16000,   18000 )     457   0.015%  99.976% 
[   18000,   20000 )     205   0.007%  99.983% 
[   20000,   25000 )     308   0.010%  99.993% 
[   25000,   30000 )      89   0.003%  99.996% 
[   30000,   35000 )      34   0.001%  99.997% 
[   35000,   40000 )      49   0.002%  99.999% 
[   40000,   45000 )      18   0.001% 100.000% 
[   45000,   50000 )       3   0.000% 100.000% 
[   50000,   60000 )       6   0.000% 100.000% 
[   60000,   70000 )       3   0.000% 100.000% 
[   70000,   80000 )       1   0.000% 100.000% 

Read info: 
Count: 0  Average: 0.0000  StdDev: 0.00
Percentiles(us): P50: -nan P90: -nan P99: -nan P99.9: -nan P99.99: -nan
------------------------------------------------------

Write info: 
Count: 3000000  Average: 559.3687  StdDev: 1291.13
Percentiles(us): P50: 237.02 P90: 561.52 P99: 6793.18 P99.9: 13356.44 P99.99: 23425.32
------------------------------------------------------
[     160,     180 )     515   0.017%   0.017% 
[     180,     200 )    5323   0.177%   0.195% 
[     200,     250 ) 2018015  67.267%  67.462% #############
[     250,     300 )  234929   7.831%  75.293% ##
[     300,     350 )  158150   5.272%  80.564% #
[     350,     400 )  156038   5.201%  85.766% #
[     400,     450 )   61083   2.036%  87.802% 
[     450,     500 )   23143   0.771%  88.573% 
[     500,     600 )   69573   2.319%  90.892% 
[     600,     700 )   17350   0.578%  91.471% 
[     700,     800 )   18550   0.618%  92.089% 
[     800,     900 )    7452   0.248%  92.337% 
[     900,    1000 )    9015   0.300%  92.638% 
[    1000,    1200 )   11935   0.398%  93.036% 
[    1200,    1400 )    9882   0.329%  93.365% 
[    1400,    1600 )    9097   0.303%  93.668% 
[    1600,    1800 )    8743   0.291%  93.960% 
[    1800,    2000 )    8690   0.290%  94.249% 
[    2000,    2500 )   20505   0.683%  94.933% 
[    2500,    3000 )   19357   0.645%  95.578% 
[    3000,    3500 )   17758   0.592%  96.170% 
[    3500,    4000 )   16749   0.558%  96.728% 
[    4000,    4500 )   15719   0.524%  97.252% 
[    4500,    5000 )   14437   0.481%  97.734% 
[    5000,    6000 )   24151   0.805%  98.539% 
[    6000,    7000 )   17450   0.582%  99.120% 
[    7000,    8000 )   10346   0.345%  99.465% 
[    8000,    9000 )    4833   0.161%  99.626% 
[    9000,   10000 )    2639   0.088%  99.714% 
[   10000,   12000 )    3929   0.131%  99.845% 
[   12000,   14000 )    2424   0.081%  99.926% 
[   14000,   16000 )    1047   0.035%  99.961% 
[   16000,   18000 )     457   0.015%  99.976% 
[   18000,   20000 )     205   0.007%  99.983% 
[   20000,   25000 )     308   0.010%  99.993% 
[   25000,   30000 )      89   0.003%  99.996% 
[   30000,   35000 )      34   0.001%  99.997% 
[   35000,   40000 )      49   0.002%  99.999% 
[   40000,   45000 )      18   0.001% 100.000% 
[   45000,   50000 )       3   0.000% 100.000% 
[   50000,   60000 )       6   0.000% 100.000% 
[   60000,   70000 )       3   0.000% 100.000% 
[   70000,   80000 )       1   0.000% 100.000% 


