
nofdb	workloads/workloadc_uniform.spec	32
# Load duration (sec): 34.3508
# Loading records:	3000000
# Load throughput (KOPS): 87.3341
Count: 3000000  Average: 363.1054  StdDev: 5473.91
Percentiles(us): P50: 243.21 P90: 459.59 P99: 1000.97 P99.9: 12965.92 P99.99: 22442.92
------------------------------------------------------
[     160,     180 )     252   0.008%   0.008% 
[     180,     200 )    3876   0.129%   0.138% 
[     200,     250 ) 1730865  57.696%  57.833% ############
[     250,     300 )  370234  12.341%  70.174% ##
[     300,     350 )  258709   8.624%  78.798% ##
[     350,     400 )  225823   7.527%  86.325% ##
[     400,     450 )  101225   3.374%  89.699% #
[     450,     500 )   47029   1.568%  91.267% 
[     500,     600 )  137904   4.597%  95.864% #
[     600,     700 )   40545   1.352%  97.215% 
[     700,     800 )   33261   1.109%  98.324% 
[     800,     900 )   10883   0.363%  98.687% 
[     900,    1000 )    9361   0.312%  98.999% 
[    1000,    1200 )    6822   0.227%  99.226% 
[    1200,    1400 )    2891   0.096%  99.323% 
[    1400,    1600 )    1521   0.051%  99.373% 
[    1600,    1800 )    1164   0.039%  99.412% 
[    1800,    2000 )     878   0.029%  99.441% 
[    2000,    2500 )    1822   0.061%  99.502% 
[    2500,    3000 )    1265   0.042%  99.544% 
[    3000,    3500 )     994   0.033%  99.577% 
[    3500,    4000 )     796   0.027%  99.604% 
[    4000,    4500 )     663   0.022%  99.626% 
[    4500,    5000 )     549   0.018%  99.644% 
[    5000,    6000 )     923   0.031%  99.675% 
[    6000,    7000 )     895   0.030%  99.705% 
[    7000,    8000 )     853   0.028%  99.733% 
[    8000,    9000 )    1017   0.034%  99.767% 
[    9000,   10000 )    1038   0.035%  99.802% 
[   10000,   12000 )    2106   0.070%  99.872% 
[   12000,   14000 )    1731   0.058%  99.930% 
[   14000,   16000 )     966   0.032%  99.962% 
[   16000,   18000 )     474   0.016%  99.978% 
[   18000,   20000 )     258   0.009%  99.986% 
[   20000,   25000 )     219   0.007%  99.994% 
[   25000,   30000 )      21   0.001%  99.994% 
[   30000,   35000 )      24   0.001%  99.995% 
[   35000,   40000 )      25   0.001%  99.996% 
[   40000,   45000 )      21   0.001%  99.997% 
[   45000,   50000 )      10   0.000%  99.997% 
[   50000,   60000 )      15   0.001%  99.998% 
[   60000,   70000 )       8   0.000%  99.998% 
[  160000,  180000 )      32   0.001%  99.999% 
[ 1600000, 1800000 )      32   0.001% 100.000% 


---------- RPC REPLICA STATISTICS -----------
Avg send latency (us):	6.14891e+12
Avg receive latency (us):	1.52555e+06

# Run duration (sec): 30.4632
# Run operations:	3000000
# Run throughput (KOPS): 98.4794
Count: 3000000  Average: 320.9854  StdDev: 698.37
Percentiles(us): P50: 243.73 P90: 429.05 P99: 1020.61 P99.9: 12074.31 P99.99: 15560.38
------------------------------------------------------
[      90,     100 )       3   0.000%   0.000% 
[     100,     120 )    1100   0.037%   0.037% 
[     120,     140 )    2542   0.085%   0.122% 
[     140,     160 )  634854  21.162%  21.283% ####
[     160,     180 )  144346   4.812%  26.095% #
[     180,     200 )   51338   1.711%  27.806% 
[     200,     250 )  761283  25.376%  53.182% #####
[     250,     300 )  672397  22.413%  75.595% ####
[     300,     350 )  232768   7.759%  83.354% ##
[     350,     400 )  136937   4.565%  87.919% #
[     400,     450 )  107459   3.582%  91.501% #
[     450,     500 )   58909   1.964%  93.465% 
[     500,     600 )   81667   2.722%  96.187% #
[     600,     700 )   47757   1.592%  97.779% 
[     700,     800 )   19042   0.635%  98.413% 
[     800,     900 )   11536   0.385%  98.798% 
[     900,    1000 )    5514   0.184%  98.982% 
[    1000,    1200 )    5318   0.177%  99.159% 
[    1200,    1400 )    2311   0.077%  99.236% 
[    1400,    1600 )    1334   0.044%  99.281% 
[    1600,    1800 )     906   0.030%  99.311% 
[    1800,    2000 )     789   0.026%  99.337% 
[    2000,    2500 )    1554   0.052%  99.389% 
[    2500,    3000 )    1278   0.043%  99.431% 
[    3000,    3500 )    1091   0.036%  99.468% 
[    3500,    4000 )     913   0.030%  99.498% 
[    4000,    4500 )     787   0.026%  99.524% 
[    4500,    5000 )     701   0.023%  99.548% 
[    5000,    6000 )    1349   0.045%  99.593% 
[    6000,    7000 )    1314   0.044%  99.637% 
[    7000,    8000 )    1322   0.044%  99.681% 
[    8000,    9000 )    1528   0.051%  99.732% 
[    9000,   10000 )    1652   0.055%  99.787% 
[   10000,   12000 )    3319   0.111%  99.897% 
[   12000,   14000 )    2207   0.074%  99.971% 
[   14000,   16000 )     737   0.025%  99.995% 
[   16000,   18000 )      82   0.003%  99.998% 
[   18000,   20000 )      22   0.001%  99.999% 
[   20000,   25000 )       7   0.000%  99.999% 
[   25000,   30000 )      12   0.000% 100.000% 
[   30000,   35000 )       5   0.000% 100.000% 
[   35000,   40000 )       4   0.000% 100.000% 
[   45000,   50000 )       6   0.000% 100.000% 

Read info: 
Count: 3000000  Average: 320.9854  StdDev: 698.37
Percentiles(us): P50: 243.73 P90: 429.05 P99: 1020.61 P99.9: 12074.31 P99.99: 15560.38
------------------------------------------------------
[      90,     100 )       3   0.000%   0.000% 
[     100,     120 )    1100   0.037%   0.037% 
[     120,     140 )    2542   0.085%   0.122% 
[     140,     160 )  634854  21.162%  21.283% ####
[     160,     180 )  144346   4.812%  26.095% #
[     180,     200 )   51338   1.711%  27.806% 
[     200,     250 )  761283  25.376%  53.182% #####
[     250,     300 )  672397  22.413%  75.595% ####
[     300,     350 )  232768   7.759%  83.354% ##
[     350,     400 )  136937   4.565%  87.919% #
[     400,     450 )  107459   3.582%  91.501% #
[     450,     500 )   58909   1.964%  93.465% 
[     500,     600 )   81667   2.722%  96.187% #
[     600,     700 )   47757   1.592%  97.779% 
[     700,     800 )   19042   0.635%  98.413% 
[     800,     900 )   11536   0.385%  98.798% 
[     900,    1000 )    5514   0.184%  98.982% 
[    1000,    1200 )    5318   0.177%  99.159% 
[    1200,    1400 )    2311   0.077%  99.236% 
[    1400,    1600 )    1334   0.044%  99.281% 
[    1600,    1800 )     906   0.030%  99.311% 
[    1800,    2000 )     789   0.026%  99.337% 
[    2000,    2500 )    1554   0.052%  99.389% 
[    2500,    3000 )    1278   0.043%  99.431% 
[    3000,    3500 )    1091   0.036%  99.468% 
[    3500,    4000 )     913   0.030%  99.498% 
[    4000,    4500 )     787   0.026%  99.524% 
[    4500,    5000 )     701   0.023%  99.548% 
[    5000,    6000 )    1349   0.045%  99.593% 
[    6000,    7000 )    1314   0.044%  99.637% 
[    7000,    8000 )    1322   0.044%  99.681% 
[    8000,    9000 )    1528   0.051%  99.732% 
[    9000,   10000 )    1652   0.055%  99.787% 
[   10000,   12000 )    3319   0.111%  99.897% 
[   12000,   14000 )    2207   0.074%  99.971% 
[   14000,   16000 )     737   0.025%  99.995% 
[   16000,   18000 )      82   0.003%  99.998% 
[   18000,   20000 )      22   0.001%  99.999% 
[   20000,   25000 )       7   0.000%  99.999% 
[   25000,   30000 )      12   0.000% 100.000% 
[   30000,   35000 )       5   0.000% 100.000% 
[   35000,   40000 )       4   0.000% 100.000% 
[   45000,   50000 )       6   0.000% 100.000% 

Write info: 
Count: 0  Average: 0.0000  StdDev: 0.00
Percentiles(us): P50: -nan P90: -nan P99: -nan P99.9: -nan P99.99: -nan
------------------------------------------------------


