
nofdb	workloads/workloadc_zipfian.spec	32
# Load duration (sec): 36.0148
# Loading records:	3000000
# Load throughput (KOPS): 83.2991
Count: 3000000  Average: 380.2564  StdDev: 5081.38
Percentiles(us): P50: 244.13 P90: 492.88 P99: 1693.38 P99.9: 12848.27 P99.99: 22310.13
------------------------------------------------------
[     160,     180 )     240   0.008%   0.008% 
[     180,     200 )    4037   0.135%   0.143% 
[     200,     250 ) 1694855  56.495%  56.638% ###########
[     250,     300 )  378196  12.607%  69.244% ###
[     300,     350 )  258159   8.605%  77.850% ##
[     350,     400 )  221449   7.382%  85.231% #
[     400,     450 )  100805   3.360%  88.591% #
[     450,     500 )   49275   1.643%  90.234% 
[     500,     600 )  132078   4.403%  94.636% #
[     600,     700 )   42291   1.410%  96.046% 
[     700,     800 )   34859   1.162%  97.208% 
[     800,     900 )   13924   0.464%  97.672% 
[     900,    1000 )   12446   0.415%  98.087% 
[    1000,    1200 )   12633   0.421%  98.508% 
[    1200,    1400 )    7661   0.255%  98.764% 
[    1400,    1600 )    5231   0.174%  98.938% 
[    1600,    1800 )    3986   0.133%  99.071% 
[    1800,    2000 )    3061   0.102%  99.173% 
[    2000,    2500 )    5284   0.176%  99.349% 
[    2500,    3000 )    3038   0.101%  99.450% 
[    3000,    3500 )    1757   0.059%  99.509% 
[    3500,    4000 )    1271   0.042%  99.551% 
[    4000,    4500 )     876   0.029%  99.580% 
[    4500,    5000 )     699   0.023%  99.604% 
[    5000,    6000 )    1150   0.038%  99.642% 
[    6000,    7000 )    1009   0.034%  99.676% 
[    7000,    8000 )    1033   0.034%  99.710% 
[    8000,    9000 )    1143   0.038%  99.748% 
[    9000,   10000 )    1257   0.042%  99.790% 
[   10000,   12000 )    2573   0.086%  99.876% 
[   12000,   14000 )    1707   0.057%  99.933% 
[   14000,   16000 )     951   0.032%  99.964% 
[   16000,   18000 )     500   0.017%  99.981% 
[   18000,   20000 )     193   0.006%  99.988% 
[   20000,   25000 )     158   0.005%  99.993% 
[   25000,   30000 )      28   0.001%  99.994% 
[   30000,   35000 )      17   0.001%  99.994% 
[   35000,   40000 )      25   0.001%  99.995% 
[   40000,   45000 )      11   0.000%  99.996% 
[   45000,   50000 )       5   0.000%  99.996% 
[   50000,   60000 )      12   0.000%  99.996% 
[   60000,   70000 )      21   0.001%  99.997% 
[   70000,   80000 )      32   0.001%  99.998% 
[  200000,  250000 )      32   0.001%  99.999% 
[ 1400000, 1600000 )      32   0.001% 100.000% 


---------- RPC REPLICA STATISTICS -----------
Avg send latency (us):	6.14891e+12
Avg receive latency (us):	1.50519e+06

# Run duration (sec): 33.5082
# Run operations:	3000000
# Run throughput (KOPS): 89.5302
Count: 3000000  Average: 351.5618  StdDev: 790.20
Percentiles(us): P50: 159.95 P90: 420.51 P99: 3564.20 P99.9: 11295.25 P99.99: 14736.84
------------------------------------------------------
[      90,     100 )      19   0.001%   0.001% 
[     100,     120 )    3012   0.100%   0.101% 
[     120,     140 )    5470   0.182%   0.283% 
[     140,     160 ) 1495333  49.844%  50.128% ##########
[     160,     180 )  248114   8.270%  58.398% ##
[     180,     200 )  114095   3.803%  62.201% #
[     200,     250 )  382707  12.757%  74.958% ###
[     250,     300 )  265672   8.856%  83.814% ##
[     300,     350 )  105222   3.507%  87.321% #
[     350,     400 )   65104   2.170%  89.492% 
[     400,     450 )   37173   1.239%  90.731% 
[     450,     500 )   29523   0.984%  91.715% 
[     500,     600 )   32433   1.081%  92.796% 
[     600,     700 )   18818   0.627%  93.423% 
[     700,     800 )   13526   0.451%  93.874% 
[     800,     900 )   11358   0.379%  94.253% 
[     900,    1000 )    9595   0.320%  94.572% 
[    1000,    1200 )   16817   0.561%  95.133% 
[    1200,    1400 )   15341   0.511%  95.644% 
[    1400,    1600 )   13952   0.465%  96.109% 
[    1600,    1800 )   12913   0.430%  96.540% 
[    1800,    2000 )   12217   0.407%  96.947% 
[    2000,    2500 )   25770   0.859%  97.806% 
[    2500,    3000 )   20055   0.668%  98.475% 
[    3000,    3500 )   14514   0.484%  98.958% 
[    3500,    4000 )    9712   0.324%  99.282% 
[    4000,    4500 )    5623   0.187%  99.470% 
[    4500,    5000 )    2750   0.092%  99.561% 
[    5000,    6000 )    2201   0.073%  99.635% 
[    6000,    7000 )    1416   0.047%  99.682% 
[    7000,    8000 )    1390   0.046%  99.728% 
[    8000,    9000 )    1538   0.051%  99.779% 
[    9000,   10000 )    1667   0.056%  99.835% 
[   10000,   12000 )    3011   0.100%  99.935% 
[   12000,   14000 )    1520   0.051%  99.986% 
[   14000,   16000 )     323   0.011%  99.997% 
[   16000,   18000 )      45   0.002%  99.998% 
[   18000,   20000 )       7   0.000%  99.999% 
[   20000,   25000 )      12   0.000%  99.999% 
[   25000,   30000 )      25   0.001% 100.000% 
[   30000,   35000 )       4   0.000% 100.000% 
[   35000,   40000 )       3   0.000% 100.000% 

Read info: 
Count: 3000000  Average: 351.5618  StdDev: 790.20
Percentiles(us): P50: 159.95 P90: 420.51 P99: 3564.20 P99.9: 11295.25 P99.99: 14736.84
------------------------------------------------------
[      90,     100 )      19   0.001%   0.001% 
[     100,     120 )    3012   0.100%   0.101% 
[     120,     140 )    5470   0.182%   0.283% 
[     140,     160 ) 1495333  49.844%  50.128% ##########
[     160,     180 )  248114   8.270%  58.398% ##
[     180,     200 )  114095   3.803%  62.201% #
[     200,     250 )  382707  12.757%  74.958% ###
[     250,     300 )  265672   8.856%  83.814% ##
[     300,     350 )  105222   3.507%  87.321% #
[     350,     400 )   65104   2.170%  89.492% 
[     400,     450 )   37173   1.239%  90.731% 
[     450,     500 )   29523   0.984%  91.715% 
[     500,     600 )   32433   1.081%  92.796% 
[     600,     700 )   18818   0.627%  93.423% 
[     700,     800 )   13526   0.451%  93.874% 
[     800,     900 )   11358   0.379%  94.253% 
[     900,    1000 )    9595   0.320%  94.572% 
[    1000,    1200 )   16817   0.561%  95.133% 
[    1200,    1400 )   15341   0.511%  95.644% 
[    1400,    1600 )   13952   0.465%  96.109% 
[    1600,    1800 )   12913   0.430%  96.540% 
[    1800,    2000 )   12217   0.407%  96.947% 
[    2000,    2500 )   25770   0.859%  97.806% 
[    2500,    3000 )   20055   0.668%  98.475% 
[    3000,    3500 )   14514   0.484%  98.958% 
[    3500,    4000 )    9712   0.324%  99.282% 
[    4000,    4500 )    5623   0.187%  99.470% 
[    4500,    5000 )    2750   0.092%  99.561% 
[    5000,    6000 )    2201   0.073%  99.635% 
[    6000,    7000 )    1416   0.047%  99.682% 
[    7000,    8000 )    1390   0.046%  99.728% 
[    8000,    9000 )    1538   0.051%  99.779% 
[    9000,   10000 )    1667   0.056%  99.835% 
[   10000,   12000 )    3011   0.100%  99.935% 
[   12000,   14000 )    1520   0.051%  99.986% 
[   14000,   16000 )     323   0.011%  99.997% 
[   16000,   18000 )      45   0.002%  99.998% 
[   18000,   20000 )       7   0.000%  99.999% 
[   20000,   25000 )      12   0.000%  99.999% 
[   25000,   30000 )      25   0.001% 100.000% 
[   30000,   35000 )       4   0.000% 100.000% 
[   35000,   40000 )       3   0.000% 100.000% 

Write info: 
Count: 0  Average: 0.0000  StdDev: 0.00
Percentiles(us): P50: -nan P90: -nan P99: -nan P99.9: -nan P99.99: -nan
------------------------------------------------------


