
nofdb	workloads/workloadc_zipfian.spec	32
# Load duration (sec): 395.789
# Loading records:	50000000
# Load throughput (KOPS): 126.33
Count: 50000000  Average: 250.7250  StdDev: 3289.18
Percentiles(us): P50: 174.35 P90: 347.75 P99: 671.76 P99.9: 12398.23 P99.99: 83173.12
------------------------------------------------------
[      20,      25 )       4   0.000%   0.000% 
[      25,      30 )       9   0.000%   0.000% 
[      30,      35 )       6   0.000%   0.000% 
[      35,      40 )       8   0.000%   0.000% 
[      40,      45 )       2   0.000%   0.000% 
[      45,      50 )       6   0.000%   0.000% 
[      50,      60 )   10756   0.022%   0.022% 
[      60,      70 )  230341   0.461%   0.482% 
[      70,      80 ) 1072888   2.146%   2.628% 
[      80,      90 ) 2113962   4.228%   6.856% #
[      90,     100 ) 2643316   5.287%  12.143% #
[     100,     120 ) 5132265  10.265%  22.407% ##
[     120,     140 ) 5097056  10.194%  32.601% ##
[     140,     160 ) 5246732  10.493%  43.095% ##
[     160,     180 ) 4812409   9.625%  52.720% ##
[     180,     200 ) 4177426   8.355%  61.074% ##
[     200,     250 ) 7492532  14.985%  76.059% ###
[     250,     300 ) 4458728   8.917%  84.977% ##
[     300,     350 ) 2630075   5.260%  90.237% #
[     350,     400 ) 1622959   3.246%  93.483% #
[     400,     450 ) 1046989   2.094%  95.577% 
[     450,     500 )  691008   1.382%  96.959% 
[     500,     600 )  774117   1.548%  98.507% 
[     600,     700 )  343358   0.687%  99.194% 
[     700,     800 )  144482   0.289%  99.483% 
[     800,     900 )   55411   0.111%  99.594% 
[     900,    1000 )   21743   0.043%  99.637% 
[    1000,    1200 )   14233   0.028%  99.666% 
[    1200,    1400 )    5484   0.011%  99.677% 
[    1400,    1600 )    3518   0.007%  99.684% 
[    1600,    1800 )    2998   0.006%  99.690% 
[    1800,    2000 )    2791   0.006%  99.695% 
[    2000,    2500 )    6070   0.012%  99.707% 
[    2500,    3000 )    5056   0.010%  99.717% 
[    3000,    3500 )    4694   0.009%  99.727% 
[    3500,    4000 )    4212   0.008%  99.735% 
[    4000,    4500 )    3868   0.008%  99.743% 
[    4500,    5000 )    4065   0.008%  99.751% 
[    5000,    6000 )    7704   0.015%  99.767% 
[    6000,    7000 )    8998   0.018%  99.785% 
[    7000,    8000 )   13716   0.027%  99.812% 
[    8000,    9000 )   13034   0.026%  99.838% 
[    9000,   10000 )   10460   0.021%  99.859% 
[   10000,   12000 )   17996   0.036%  99.895% 
[   12000,   14000 )   12631   0.025%  99.920% 
[   14000,   16000 )    9015   0.018%  99.938% 
[   16000,   18000 )    6848   0.014%  99.952% 
[   18000,   20000 )    4319   0.009%  99.961% 
[   20000,   25000 )    4835   0.010%  99.970% 
[   25000,   30000 )    2237   0.004%  99.975% 
[   30000,   35000 )    2033   0.004%  99.979% 
[   35000,   40000 )    1059   0.002%  99.981% 
[   40000,   45000 )     449   0.001%  99.982% 
[   45000,   50000 )     335   0.001%  99.982% 
[   50000,   60000 )     441   0.001%  99.983% 
[   60000,   70000 )     637   0.001%  99.985% 
[   70000,   80000 )    1963   0.004%  99.989% 
[   80000,   90000 )    2247   0.004%  99.993% 
[   90000,  100000 )    2206   0.004%  99.997% 
[  100000,  120000 )    1027   0.002% 100.000% 
[  120000,  140000 )       2   0.000% 100.000% 
[  140000,  160000 )      34   0.000% 100.000% 
[  180000,  200000 )      32   0.000% 100.000% 
[  200000,  250000 )      32   0.000% 100.000% 
[  250000,  300000 )      51   0.000% 100.000% 
[  300000,  350000 )      18   0.000% 100.000% 
[  900000, 1000000 )      32   0.000% 100.000% 
[ 3000000, 3500000 )       5   0.000% 100.000% 
[ 3500000, 4000000 )      27   0.000% 100.000% 


# Run duration (sec): 930.873
# Run operations:	50000000
# Run throughput (KOPS): 53.713
Count: 50000000  Average: 593.3899  StdDev: 2637.07
Percentiles(us): P50: 239.18 P90: 1223.70 P99: 5236.48 P99.9: 19008.02 P99.99: 49082.81
------------------------------------------------------
[      16,      18 )       1   0.000%   0.000% 
[      18,      20 )       1   0.000%   0.000% 
[      20,      25 )       2   0.000%   0.000% 
[      25,      30 )       4   0.000%   0.000% 
[      30,      35 )       2   0.000%   0.000% 
[      35,      40 )       3   0.000%   0.000% 
[      40,      45 )       3   0.000%   0.000% 
[      45,      50 )      74   0.000%   0.000% 
[      50,      60 )    2281   0.005%   0.005% 
[      60,      70 )    4178   0.008%   0.013% 
[      70,      80 )    2651   0.005%   0.018% 
[      80,      90 )    5757   0.012%   0.030% 
[      90,     100 )   19504   0.039%   0.069% 
[     100,     120 )   59641   0.119%   0.188% 
[     120,     140 ) 1084748   2.169%   2.358% 
[     140,     160 ) 7159854  14.320%  16.677% ###
[     160,     180 ) 6131773  12.264%  28.941% ##
[     180,     200 ) 4206572   8.413%  37.354% ##
[     200,     250 ) 8068279  16.137%  53.491% ###
[     250,     300 ) 4371924   8.744%  62.235% ##
[     300,     350 ) 3213715   6.427%  68.662% #
[     350,     400 ) 2319316   4.639%  73.301% #
[     400,     450 ) 1609114   3.218%  76.519% #
[     450,     500 ) 1187975   2.376%  78.895% 
[     500,     600 ) 1615014   3.230%  82.125% #
[     600,     700 ) 1074560   2.149%  84.274% 
[     700,     800 )  794030   1.588%  85.862% 
[     800,     900 )  624244   1.248%  87.110% 
[     900,    1000 )  517362   1.035%  88.145% 
[    1000,    1200 )  845508   1.691%  89.836% 
[    1200,    1400 )  691140   1.382%  91.218% 
[    1400,    1600 )  594410   1.189%  92.407% 
[    1600,    1800 )  520830   1.042%  93.449% 
[    1800,    2000 )  465723   0.931%  94.380% 
[    2000,    2500 )  940715   1.881%  96.262% 
[    2500,    3000 )  643355   1.287%  97.549% 
[    3000,    3500 )  379741   0.759%  98.308% 
[    3500,    4000 )  187216   0.374%  98.682% 
[    4000,    4500 )   89431   0.179%  98.861% 
[    4500,    5000 )   51961   0.104%  98.965% 
[    5000,    6000 )   73527   0.147%  99.112% 
[    6000,    7000 )   55108   0.110%  99.222% 
[    7000,    8000 )   59653   0.119%  99.342% 
[    8000,    9000 )   41412   0.083%  99.425% 
[    9000,   10000 )   42131   0.084%  99.509% 
[   10000,   12000 )   72421   0.145%  99.654% 
[   12000,   14000 )   48668   0.097%  99.751% 
[   14000,   16000 )   44530   0.089%  99.840% 
[   16000,   18000 )   24344   0.049%  99.889% 
[   18000,   20000 )   11099   0.022%  99.911% 
[   20000,   25000 )   21582   0.043%  99.954% 
[   25000,   30000 )    7955   0.016%  99.970% 
[   30000,   35000 )    4349   0.009%  99.979% 
[   35000,   40000 )    2730   0.005%  99.984% 
[   40000,   45000 )    2100   0.004%  99.988% 
[   45000,   50000 )     954   0.002%  99.990% 
[   50000,   60000 )    1306   0.003%  99.993% 
[   60000,   70000 )     966   0.002%  99.995% 
[   70000,   80000 )     509   0.001%  99.996% 
[   80000,   90000 )     392   0.001%  99.997% 
[   90000,  100000 )     258   0.001%  99.997% 
[  100000,  120000 )     335   0.001%  99.998% 
[  120000,  140000 )     199   0.000%  99.998% 
[  140000,  160000 )      99   0.000%  99.998% 
[  160000,  180000 )     116   0.000%  99.999% 
[  180000,  200000 )      63   0.000%  99.999% 
[  200000,  250000 )     137   0.000%  99.999% 
[  250000,  300000 )      67   0.000%  99.999% 
[  300000,  350000 )      37   0.000%  99.999% 
[  350000,  400000 )      70   0.000%  99.999% 
[  400000,  450000 )      30   0.000% 100.000% 
[  450000,  500000 )      62   0.000% 100.000% 
[  500000,  600000 )      46   0.000% 100.000% 
[  600000,  700000 )      18   0.000% 100.000% 
[  700000,  800000 )      18   0.000% 100.000% 
[  800000,  900000 )      21   0.000% 100.000% 
[  900000, 1000000 )      17   0.000% 100.000% 
[ 1000000, 1200000 )      21   0.000% 100.000% 
[ 1200000, 1400000 )      17   0.000% 100.000% 
[ 1400000, 1600000 )      10   0.000% 100.000% 
[ 1600000, 1800000 )       5   0.000% 100.000% 
[ 1800000, 2000000 )       4   0.000% 100.000% 
[ 2000000, 2500000 )       2   0.000% 100.000% 

Read info: 
Count: 50000000  Average: 593.3899  StdDev: 2637.07
Percentiles(us): P50: 239.18 P90: 1223.70 P99: 5236.48 P99.9: 19008.02 P99.99: 49082.81
------------------------------------------------------
[      16,      18 )       1   0.000%   0.000% 
[      18,      20 )       1   0.000%   0.000% 
[      20,      25 )       2   0.000%   0.000% 
[      25,      30 )       4   0.000%   0.000% 
[      30,      35 )       2   0.000%   0.000% 
[      35,      40 )       3   0.000%   0.000% 
[      40,      45 )       3   0.000%   0.000% 
[      45,      50 )      74   0.000%   0.000% 
[      50,      60 )    2281   0.005%   0.005% 
[      60,      70 )    4178   0.008%   0.013% 
[      70,      80 )    2651   0.005%   0.018% 
[      80,      90 )    5757   0.012%   0.030% 
[      90,     100 )   19504   0.039%   0.069% 
[     100,     120 )   59641   0.119%   0.188% 
[     120,     140 ) 1084748   2.169%   2.358% 
[     140,     160 ) 7159854  14.320%  16.677% ###
[     160,     180 ) 6131773  12.264%  28.941% ##
[     180,     200 ) 4206572   8.413%  37.354% ##
[     200,     250 ) 8068279  16.137%  53.491% ###
[     250,     300 ) 4371924   8.744%  62.235% ##
[     300,     350 ) 3213715   6.427%  68.662% #
[     350,     400 ) 2319316   4.639%  73.301% #
[     400,     450 ) 1609114   3.218%  76.519% #
[     450,     500 ) 1187975   2.376%  78.895% 
[     500,     600 ) 1615014   3.230%  82.125% #
[     600,     700 ) 1074560   2.149%  84.274% 
[     700,     800 )  794030   1.588%  85.862% 
[     800,     900 )  624244   1.248%  87.110% 
[     900,    1000 )  517362   1.035%  88.145% 
[    1000,    1200 )  845508   1.691%  89.836% 
[    1200,    1400 )  691140   1.382%  91.218% 
[    1400,    1600 )  594410   1.189%  92.407% 
[    1600,    1800 )  520830   1.042%  93.449% 
[    1800,    2000 )  465723   0.931%  94.380% 
[    2000,    2500 )  940715   1.881%  96.262% 
[    2500,    3000 )  643355   1.287%  97.549% 
[    3000,    3500 )  379741   0.759%  98.308% 
[    3500,    4000 )  187216   0.374%  98.682% 
[    4000,    4500 )   89431   0.179%  98.861% 
[    4500,    5000 )   51961   0.104%  98.965% 
[    5000,    6000 )   73527   0.147%  99.112% 
[    6000,    7000 )   55108   0.110%  99.222% 
[    7000,    8000 )   59653   0.119%  99.342% 
[    8000,    9000 )   41412   0.083%  99.425% 
[    9000,   10000 )   42131   0.084%  99.509% 
[   10000,   12000 )   72421   0.145%  99.654% 
[   12000,   14000 )   48668   0.097%  99.751% 
[   14000,   16000 )   44530   0.089%  99.840% 
[   16000,   18000 )   24344   0.049%  99.889% 
[   18000,   20000 )   11099   0.022%  99.911% 
[   20000,   25000 )   21582   0.043%  99.954% 
[   25000,   30000 )    7955   0.016%  99.970% 
[   30000,   35000 )    4349   0.009%  99.979% 
[   35000,   40000 )    2730   0.005%  99.984% 
[   40000,   45000 )    2100   0.004%  99.988% 
[   45000,   50000 )     954   0.002%  99.990% 
[   50000,   60000 )    1306   0.003%  99.993% 
[   60000,   70000 )     966   0.002%  99.995% 
[   70000,   80000 )     509   0.001%  99.996% 
[   80000,   90000 )     392   0.001%  99.997% 
[   90000,  100000 )     258   0.001%  99.997% 
[  100000,  120000 )     335   0.001%  99.998% 
[  120000,  140000 )     199   0.000%  99.998% 
[  140000,  160000 )      99   0.000%  99.998% 
[  160000,  180000 )     116   0.000%  99.999% 
[  180000,  200000 )      63   0.000%  99.999% 
[  200000,  250000 )     137   0.000%  99.999% 
[  250000,  300000 )      67   0.000%  99.999% 
[  300000,  350000 )      37   0.000%  99.999% 
[  350000,  400000 )      70   0.000%  99.999% 
[  400000,  450000 )      30   0.000% 100.000% 
[  450000,  500000 )      62   0.000% 100.000% 
[  500000,  600000 )      46   0.000% 100.000% 
[  600000,  700000 )      18   0.000% 100.000% 
[  700000,  800000 )      18   0.000% 100.000% 
[  800000,  900000 )      21   0.000% 100.000% 
[  900000, 1000000 )      17   0.000% 100.000% 
[ 1000000, 1200000 )      21   0.000% 100.000% 
[ 1200000, 1400000 )      17   0.000% 100.000% 
[ 1400000, 1600000 )      10   0.000% 100.000% 
[ 1600000, 1800000 )       5   0.000% 100.000% 
[ 1800000, 2000000 )       4   0.000% 100.000% 
[ 2000000, 2500000 )       2   0.000% 100.000% 

Write info: 
Count: 0  Average: 0.0000  StdDev: 0.00
Percentiles(us): P50: -nan P90: -nan P99: -nan P99.9: -nan P99.99: -nan
------------------------------------------------------


