
nofdb	workloads/workloadc_uniform.spec	32
# Load duration (sec): 398.015
# Loading records:	50000000
# Load throughput (KOPS): 125.624
Count: 50000000  Average: 251.8362  StdDev: 3160.89
Percentiles(us): P50: 171.32 P90: 343.18 P99: 640.65 P99.9: 14678.63 P99.99: 46703.00
------------------------------------------------------
[      20,      25 )       2   0.000%   0.000% 
[      25,      30 )       7   0.000%   0.000% 
[      30,      35 )       2   0.000%   0.000% 
[      35,      40 )       5   0.000%   0.000% 
[      40,      45 )       6   0.000%   0.000% 
[      45,      50 )      11   0.000%   0.000% 
[      50,      60 )    9082   0.018%   0.018% 
[      60,      70 )  247024   0.494%   0.512% 
[      70,      80 ) 1263487   2.527%   3.039% #
[      80,      90 ) 2495482   4.991%   8.030% #
[      90,     100 ) 2974636   5.949%  13.979% #
[     100,     120 ) 5288224  10.576%  24.556% ##
[     120,     140 ) 5058189  10.116%  34.672% ##
[     140,     160 ) 5089544  10.179%  44.851% ##
[     160,     180 ) 4546285   9.093%  53.944% ##
[     180,     200 ) 3914364   7.829%  61.773% ##
[     200,     250 ) 7243304  14.487%  76.259% ###
[     250,     300 ) 4503487   9.007%  85.266% ##
[     300,     350 ) 2740597   5.481%  90.747% #
[     350,     400 ) 1684069   3.368%  94.116% #
[     400,     450 ) 1045507   2.091%  96.207% 
[     450,     500 )  648133   1.296%  97.503% 
[     500,     600 )  648931   1.298%  98.801% 
[     600,     700 )  245058   0.490%  99.291% 
[     700,     800 )   90645   0.181%  99.472% 
[     800,     900 )   34499   0.069%  99.541% 
[     900,    1000 )   13834   0.028%  99.569% 
[    1000,    1200 )   10320   0.021%  99.589% 
[    1200,    1400 )    4738   0.009%  99.599% 
[    1400,    1600 )    3478   0.007%  99.606% 
[    1600,    1800 )    2875   0.006%  99.612% 
[    1800,    2000 )    2589   0.005%  99.617% 
[    2000,    2500 )    5640   0.011%  99.628% 
[    2500,    3000 )    4801   0.010%  99.638% 
[    3000,    3500 )    4343   0.009%  99.646% 
[    3500,    4000 )    3850   0.008%  99.654% 
[    4000,    4500 )    3510   0.007%  99.661% 
[    4500,    5000 )    3590   0.007%  99.668% 
[    5000,    6000 )    7556   0.015%  99.683% 
[    6000,    7000 )   10900   0.022%  99.705% 
[    7000,    8000 )   19976   0.040%  99.745% 
[    8000,    9000 )   12239   0.024%  99.770% 
[    9000,   10000 )   11829   0.024%  99.793% 
[   10000,   12000 )   28080   0.056%  99.849% 
[   12000,   14000 )   19676   0.039%  99.889% 
[   14000,   16000 )   16492   0.033%  99.922% 
[   16000,   18000 )    8984   0.018%  99.940% 
[   18000,   20000 )    5625   0.011%  99.951% 
[   20000,   25000 )    8262   0.017%  99.968% 
[   25000,   30000 )    4614   0.009%  99.977% 
[   30000,   35000 )    2921   0.006%  99.983% 
[   35000,   40000 )    2176   0.004%  99.987% 
[   40000,   45000 )    1272   0.003%  99.989% 
[   45000,   50000 )     734   0.001%  99.991% 
[   50000,   60000 )     786   0.002%  99.993% 
[   60000,   70000 )     967   0.002%  99.994% 
[   70000,   80000 )     677   0.001%  99.996% 
[   80000,   90000 )    1063   0.002%  99.998% 
[   90000,  100000 )     616   0.001%  99.999% 
[  100000,  120000 )     103   0.000%  99.999% 
[  120000,  140000 )      41   0.000%  99.999% 
[  180000,  200000 )      32   0.000% 100.000% 
[  200000,  250000 )      20   0.000% 100.000% 
[  250000,  300000 )      62   0.000% 100.000% 
[  300000,  350000 )      52   0.000% 100.000% 
[  400000,  450000 )      64   0.000% 100.000% 
[  450000,  500000 )       1   0.000% 100.000% 
[ 3000000, 3500000 )       2   0.000% 100.000% 
[ 3500000, 4000000 )      30   0.000% 100.000% 


# Run duration (sec): 849.606
# Run operations:	50000000
# Run throughput (KOPS): 58.8508
Count: 50000000  Average: 541.3521  StdDev: 16790.16
Percentiles(us): P50: 257.58 P90: 627.00 P99: 8444.76 P99.9: 17592.18 P99.99: 44610.66
------------------------------------------------------
[      12,      14 )       1   0.000%   0.000% 
[      16,      18 )       1   0.000%   0.000% 
[      20,      25 )       2   0.000%   0.000% 
[      40,      45 )       2   0.000%   0.000% 
[      45,      50 )     155   0.000%   0.000% 
[      50,      60 )    2628   0.005%   0.006% 
[      60,      70 )    5109   0.010%   0.016% 
[      70,      80 )    2623   0.005%   0.021% 
[      80,      90 )    1539   0.003%   0.024% 
[      90,     100 )    1354   0.003%   0.027% 
[     100,     120 )    4061   0.008%   0.035% 
[     120,     140 )  704030   1.408%   1.443% 
[     140,     160 ) 5631202  11.262%  12.705% ##
[     160,     180 ) 5107383  10.215%  22.920% ##
[     180,     200 ) 4020297   8.041%  30.961% ##
[     200,     250 ) 8722942  17.446%  48.407% ###
[     250,     300 ) 5253901  10.508%  58.914% ##
[     300,     350 ) 4343175   8.686%  67.601% ##
[     350,     400 ) 3529659   7.059%  74.660% #
[     400,     450 ) 2631963   5.264%  79.924% #
[     450,     500 ) 1981016   3.962%  83.886% #
[     500,     600 ) 2642842   5.286%  89.172% #
[     600,     700 ) 1533993   3.068%  92.240% #
[     700,     800 )  906536   1.813%  94.053% 
[     800,     900 )  543264   1.087%  95.139% 
[     900,    1000 )  335633   0.671%  95.811% 
[    1000,    1200 )  364463   0.729%  96.540% 
[    1200,    1400 )  190223   0.380%  96.920% 
[    1400,    1600 )  120243   0.240%  97.160% 
[    1600,    1800 )   85521   0.171%  97.332% 
[    1800,    2000 )   70008   0.140%  97.472% 
[    2000,    2500 )  127547   0.255%  97.727% 
[    2500,    3000 )   87902   0.176%  97.902% 
[    3000,    3500 )   74246   0.148%  98.051% 
[    3500,    4000 )   62062   0.124%  98.175% 
[    4000,    4500 )   53234   0.106%  98.282% 
[    4500,    5000 )   49898   0.100%  98.381% 
[    5000,    6000 )   91890   0.184%  98.565% 
[    6000,    7000 )   78065   0.156%  98.721% 
[    7000,    8000 )  104208   0.208%  98.930% 
[    8000,    9000 )   79096   0.158%  99.088% 
[    9000,   10000 )   81090   0.162%  99.250% 
[   10000,   12000 )  149988   0.300%  99.550% 
[   12000,   14000 )  105410   0.211%  99.761% 
[   14000,   16000 )   52569   0.105%  99.866% 
[   16000,   18000 )   21387   0.043%  99.909% 
[   18000,   20000 )    8739   0.017%  99.926% 
[   20000,   25000 )   16541   0.033%  99.959% 
[   25000,   30000 )    6856   0.014%  99.973% 
[   30000,   35000 )    3632   0.007%  99.980% 
[   35000,   40000 )    2396   0.005%  99.985% 
[   40000,   45000 )    2684   0.005%  99.990% 
[   45000,   50000 )    1175   0.002%  99.993% 
[   50000,   60000 )     940   0.002%  99.995% 
[   60000,   70000 )     527   0.001%  99.996% 
[   70000,   80000 )     418   0.001%  99.997% 
[   80000,   90000 )     292   0.001%  99.997% 
[   90000,  100000 )     209   0.000%  99.998% 
[  100000,  120000 )     295   0.001%  99.998% 
[  120000,  140000 )     121   0.000%  99.998% 
[  140000,  160000 )      84   0.000%  99.999% 
[  160000,  180000 )     124   0.000%  99.999% 
[  180000,  200000 )      60   0.000%  99.999% 
[  200000,  250000 )     149   0.000%  99.999% 
[  250000,  300000 )      75   0.000%  99.999% 
[  300000,  350000 )      64   0.000%  99.999% 
[  350000,  400000 )      36   0.000% 100.000% 
[  400000,  450000 )      32   0.000% 100.000% 
[  450000,  500000 )      13   0.000% 100.000% 
[  500000,  600000 )      17   0.000% 100.000% 
[  600000,  700000 )      38   0.000% 100.000% 
[  700000,  800000 )       9   0.000% 100.000% 
[  800000,  900000 )       5   0.000% 100.000% 
[  900000, 1000000 )       1   0.000% 100.000% 
[ 1000000, 1200000 )       6   0.000% 100.000% 
[ 1200000, 1400000 )       2   0.000% 100.000% 
[ 1400000, 1600000 )       1   0.000% 100.000% 
[ 1600000, 1800000 )       1   0.000% 100.000% 
[ 1800000, 2000000 )       1   0.000% 100.000% 
[ 4500000, 5000000 )       1   0.000% 100.000% 
[ 5000000, 6000000 )      31   0.000% 100.000% 
[ 6000000, 7000000 )      32   0.000% 100.000% 
[ 18000000, 20000000 )      32   0.000% 100.000% 

Read info: 
Count: 50000000  Average: 541.3521  StdDev: 16790.16
Percentiles(us): P50: 257.58 P90: 627.00 P99: 8444.76 P99.9: 17592.18 P99.99: 44610.66
------------------------------------------------------
[      12,      14 )       1   0.000%   0.000% 
[      16,      18 )       1   0.000%   0.000% 
[      20,      25 )       2   0.000%   0.000% 
[      40,      45 )       2   0.000%   0.000% 
[      45,      50 )     155   0.000%   0.000% 
[      50,      60 )    2628   0.005%   0.006% 
[      60,      70 )    5109   0.010%   0.016% 
[      70,      80 )    2623   0.005%   0.021% 
[      80,      90 )    1539   0.003%   0.024% 
[      90,     100 )    1354   0.003%   0.027% 
[     100,     120 )    4061   0.008%   0.035% 
[     120,     140 )  704030   1.408%   1.443% 
[     140,     160 ) 5631202  11.262%  12.705% ##
[     160,     180 ) 5107383  10.215%  22.920% ##
[     180,     200 ) 4020297   8.041%  30.961% ##
[     200,     250 ) 8722942  17.446%  48.407% ###
[     250,     300 ) 5253901  10.508%  58.914% ##
[     300,     350 ) 4343175   8.686%  67.601% ##
[     350,     400 ) 3529659   7.059%  74.660% #
[     400,     450 ) 2631963   5.264%  79.924% #
[     450,     500 ) 1981016   3.962%  83.886% #
[     500,     600 ) 2642842   5.286%  89.172% #
[     600,     700 ) 1533993   3.068%  92.240% #
[     700,     800 )  906536   1.813%  94.053% 
[     800,     900 )  543264   1.087%  95.139% 
[     900,    1000 )  335633   0.671%  95.811% 
[    1000,    1200 )  364463   0.729%  96.540% 
[    1200,    1400 )  190223   0.380%  96.920% 
[    1400,    1600 )  120243   0.240%  97.160% 
[    1600,    1800 )   85521   0.171%  97.332% 
[    1800,    2000 )   70008   0.140%  97.472% 
[    2000,    2500 )  127547   0.255%  97.727% 
[    2500,    3000 )   87902   0.176%  97.902% 
[    3000,    3500 )   74246   0.148%  98.051% 
[    3500,    4000 )   62062   0.124%  98.175% 
[    4000,    4500 )   53234   0.106%  98.282% 
[    4500,    5000 )   49898   0.100%  98.381% 
[    5000,    6000 )   91890   0.184%  98.565% 
[    6000,    7000 )   78065   0.156%  98.721% 
[    7000,    8000 )  104208   0.208%  98.930% 
[    8000,    9000 )   79096   0.158%  99.088% 
[    9000,   10000 )   81090   0.162%  99.250% 
[   10000,   12000 )  149988   0.300%  99.550% 
[   12000,   14000 )  105410   0.211%  99.761% 
[   14000,   16000 )   52569   0.105%  99.866% 
[   16000,   18000 )   21387   0.043%  99.909% 
[   18000,   20000 )    8739   0.017%  99.926% 
[   20000,   25000 )   16541   0.033%  99.959% 
[   25000,   30000 )    6856   0.014%  99.973% 
[   30000,   35000 )    3632   0.007%  99.980% 
[   35000,   40000 )    2396   0.005%  99.985% 
[   40000,   45000 )    2684   0.005%  99.990% 
[   45000,   50000 )    1175   0.002%  99.993% 
[   50000,   60000 )     940   0.002%  99.995% 
[   60000,   70000 )     527   0.001%  99.996% 
[   70000,   80000 )     418   0.001%  99.997% 
[   80000,   90000 )     292   0.001%  99.997% 
[   90000,  100000 )     209   0.000%  99.998% 
[  100000,  120000 )     295   0.001%  99.998% 
[  120000,  140000 )     121   0.000%  99.998% 
[  140000,  160000 )      84   0.000%  99.999% 
[  160000,  180000 )     124   0.000%  99.999% 
[  180000,  200000 )      60   0.000%  99.999% 
[  200000,  250000 )     149   0.000%  99.999% 
[  250000,  300000 )      75   0.000%  99.999% 
[  300000,  350000 )      64   0.000%  99.999% 
[  350000,  400000 )      36   0.000% 100.000% 
[  400000,  450000 )      32   0.000% 100.000% 
[  450000,  500000 )      13   0.000% 100.000% 
[  500000,  600000 )      17   0.000% 100.000% 
[  600000,  700000 )      38   0.000% 100.000% 
[  700000,  800000 )       9   0.000% 100.000% 
[  800000,  900000 )       5   0.000% 100.000% 
[  900000, 1000000 )       1   0.000% 100.000% 
[ 1000000, 1200000 )       6   0.000% 100.000% 
[ 1200000, 1400000 )       2   0.000% 100.000% 
[ 1400000, 1600000 )       1   0.000% 100.000% 
[ 1600000, 1800000 )       1   0.000% 100.000% 
[ 1800000, 2000000 )       1   0.000% 100.000% 
[ 4500000, 5000000 )       1   0.000% 100.000% 
[ 5000000, 6000000 )      31   0.000% 100.000% 
[ 6000000, 7000000 )      32   0.000% 100.000% 
[ 18000000, 20000000 )      32   0.000% 100.000% 

Write info: 
Count: 0  Average: 0.0000  StdDev: 0.00
Percentiles(us): P50: -nan P90: -nan P99: -nan P99.9: -nan P99.99: -nan
------------------------------------------------------


