
nofdb	workloads/workloadg_uniform.spec	32
# Load duration (sec): 417.022
# Loading records:	50000000
# Load throughput (KOPS): 119.898
Count: 50000000  Average: 263.8741  StdDev: 3418.76
Percentiles(us): P50: 173.89 P90: 328.91 P99: 596.82 P99.9: 16749.08 P99.99: 80254.49
------------------------------------------------------
[      18,      20 )       1   0.000%   0.000% 
[      20,      25 )       2   0.000%   0.000% 
[      25,      30 )       4   0.000%   0.000% 
[      30,      35 )       5   0.000%   0.000% 
[      35,      40 )       3   0.000%   0.000% 
[      40,      45 )       6   0.000%   0.000% 
[      45,      50 )      12   0.000%   0.000% 
[      50,      60 )   15701   0.031%   0.031% 
[      60,      70 )  248211   0.496%   0.528% 
[      70,      80 ) 1044674   2.089%   2.617% 
[      80,      90 ) 2000833   4.002%   6.619% #
[      90,     100 ) 2532674   5.065%  11.684% #
[     100,     120 ) 5108491  10.217%  21.901% ##
[     120,     140 ) 5153193  10.306%  32.208% ##
[     140,     160 ) 5414529  10.829%  43.037% ##
[     160,     180 ) 5012010  10.024%  53.061% ##
[     180,     200 ) 4368394   8.737%  61.797% ##
[     200,     250 ) 7928710  15.857%  77.655% ###
[     250,     300 ) 4647250   9.294%  86.949% ##
[     300,     350 ) 2638106   5.276%  92.226% #
[     350,     400 ) 1523335   3.047%  95.272% #
[     400,     450 )  886826   1.774%  97.046% 
[     450,     500 )  516704   1.033%  98.079% 
[     500,     600 )  475436   0.951%  99.030% 
[     600,     700 )  164573   0.329%  99.359% 
[     700,     800 )   58330   0.117%  99.476% 
[     800,     900 )   22836   0.046%  99.522% 
[     900,    1000 )   10316   0.021%  99.542% 
[    1000,    1200 )    9618   0.019%  99.562% 
[    1200,    1400 )    5044   0.010%  99.572% 
[    1400,    1600 )    3508   0.007%  99.579% 
[    1600,    1800 )    2913   0.006%  99.584% 
[    1800,    2000 )    2660   0.005%  99.590% 
[    2000,    2500 )    5545   0.011%  99.601% 
[    2500,    3000 )    4817   0.010%  99.611% 
[    3000,    3500 )    4158   0.008%  99.619% 
[    3500,    4000 )    3758   0.008%  99.626% 
[    4000,    4500 )    3915   0.008%  99.634% 
[    4500,    5000 )    3794   0.008%  99.642% 
[    5000,    6000 )    8798   0.018%  99.659% 
[    6000,    7000 )   15025   0.030%  99.689% 
[    7000,    8000 )   11323   0.023%  99.712% 
[    8000,    9000 )   14120   0.028%  99.740% 
[    9000,   10000 )   14323   0.029%  99.769% 
[   10000,   12000 )   23503   0.047%  99.816% 
[   12000,   14000 )   19713   0.039%  99.855% 
[   14000,   16000 )   18031   0.036%  99.891% 
[   16000,   18000 )   11398   0.023%  99.914% 
[   18000,   20000 )    8490   0.017%  99.931% 
[   20000,   25000 )    9888   0.020%  99.951% 
[   25000,   30000 )    5611   0.011%  99.962% 
[   30000,   35000 )    3727   0.007%  99.970% 
[   35000,   40000 )    1902   0.004%  99.973% 
[   40000,   45000 )    1170   0.002%  99.976% 
[   45000,   50000 )     939   0.002%  99.978% 
[   50000,   60000 )    1010   0.002%  99.980% 
[   60000,   70000 )    1596   0.003%  99.983% 
[   70000,   80000 )    3460   0.007%  99.990% 
[   80000,   90000 )    3065   0.006%  99.996% 
[   90000,  100000 )    1568   0.003%  99.999% 
[  100000,  120000 )     132   0.000%  99.999% 
[  120000,  140000 )      54   0.000%  99.999% 
[  140000,  160000 )      44   0.000% 100.000% 
[  160000,  180000 )      20   0.000% 100.000% 
[  180000,  200000 )      32   0.000% 100.000% 
[  200000,  250000 )       3   0.000% 100.000% 
[  250000,  300000 )      32   0.000% 100.000% 
[  400000,  450000 )      32   0.000% 100.000% 
[  500000,  600000 )      32   0.000% 100.000% 
[ 1000000, 1200000 )      32   0.000% 100.000% 
[ 3000000, 3500000 )       3   0.000% 100.000% 
[ 3500000, 4000000 )      29   0.000% 100.000% 


# Run duration (sec): 1091.3
# Run operations:	50000000
# Run throughput (KOPS): 45.8167
Count: 50000000  Average: 695.2772  StdDev: 151194.44
Percentiles(us): P50: 173.76 P90: 333.58 P99: 645.21 P99.9: 23480.08 P99.99: 83066.67
------------------------------------------------------
[      20,      25 )       3   0.000%   0.000% 
[      25,      30 )       2   0.000%   0.000% 
[      30,      35 )       6   0.000%   0.000% 
[      35,      40 )       3   0.000%   0.000% 
[      40,      45 )       1   0.000%   0.000% 
[      45,      50 )       7   0.000%   0.000% 
[      50,      60 )   14564   0.029%   0.029% 
[      60,      70 )  248428   0.497%   0.526% 
[      70,      80 ) 1055789   2.112%   2.638% 
[      80,      90 ) 2037012   4.074%   6.712% #
[      90,     100 ) 2586238   5.172%  11.884% #
[     100,     120 ) 5185962  10.372%  22.256% ##
[     120,     140 ) 5155255  10.311%  32.567% ##
[     140,     160 ) 5341075  10.682%  43.249% ##
[     160,     180 ) 4907643   9.815%  53.064% ##
[     180,     200 ) 4274125   8.548%  61.612% ##
[     200,     250 ) 7799755  15.600%  77.212% ###
[     250,     300 ) 4613414   9.227%  86.439% ##
[     300,     350 ) 2651619   5.303%  91.742% #
[     350,     400 ) 1550584   3.101%  94.843% #
[     400,     450 )  920534   1.841%  96.684% 
[     450,     500 )  548667   1.097%  97.781% 
[     500,     600 )  523157   1.046%  98.828% 
[     600,     700 )  190584   0.381%  99.209% 
[     700,     800 )   71955   0.144%  99.353% 
[     800,     900 )   29919   0.060%  99.413% 
[     900,    1000 )   14026   0.028%  99.441% 
[    1000,    1200 )   12595   0.025%  99.466% 
[    1200,    1400 )    6264   0.013%  99.478% 
[    1400,    1600 )    4481   0.009%  99.487% 
[    1600,    1800 )    3559   0.007%  99.494% 
[    1800,    2000 )    2975   0.006%  99.500% 
[    2000,    2500 )    6522   0.013%  99.513% 
[    2500,    3000 )    5435   0.011%  99.524% 
[    3000,    3500 )    4721   0.009%  99.534% 
[    3500,    4000 )    4342   0.009%  99.542% 
[    4000,    4500 )    3905   0.008%  99.550% 
[    4500,    5000 )    3800   0.008%  99.558% 
[    5000,    6000 )    7545   0.015%  99.573% 
[    6000,    7000 )   16162   0.032%  99.605% 
[    7000,    8000 )   17744   0.035%  99.641% 
[    8000,    9000 )   15780   0.032%  99.672% 
[    9000,   10000 )   12142   0.024%  99.697% 
[   10000,   12000 )   21006   0.042%  99.739% 
[   12000,   14000 )   21284   0.043%  99.781% 
[   14000,   16000 )   21673   0.043%  99.825% 
[   16000,   18000 )   14803   0.030%  99.854% 
[   18000,   20000 )   11441   0.023%  99.877% 
[   20000,   25000 )   16514   0.033%  99.910% 
[   25000,   30000 )   12896   0.026%  99.936% 
[   30000,   35000 )    7225   0.014%  99.950% 
[   35000,   40000 )    3446   0.007%  99.957% 
[   40000,   45000 )    2081   0.004%  99.961% 
[   45000,   50000 )    2041   0.004%  99.965% 
[   50000,   60000 )    3513   0.007%  99.972% 
[   60000,   70000 )    4152   0.008%  99.981% 
[   70000,   80000 )    3798   0.008%  99.988% 
[   80000,   90000 )    2700   0.005%  99.994% 
[   90000,  100000 )    1908   0.004%  99.998% 
[  100000,  120000 )     202   0.000%  99.998% 
[  120000,  140000 )     265   0.001%  99.998% 
[  140000,  160000 )     155   0.000%  99.999% 
[  160000,  180000 )      63   0.000%  99.999% 
[  180000,  200000 )      33   0.000%  99.999% 
[  200000,  250000 )      22   0.000%  99.999% 
[  400000,  450000 )      22   0.000%  99.999% 
[  600000,  700000 )      10   0.000%  99.999% 
[ 10000000, 12000000 )      32   0.000%  99.999% 
[ 20000000, 25000000 )      32   0.000%  99.999% 
[ 25000000, 30000000 )      32   0.000%  99.999% 
[ 30000000, 35000000 )      64   0.000%  99.999% 
[ 35000000, 40000000 )      64   0.000% 100.000% 
[ 40000000, 45000000 )      32   0.000% 100.000% 
[ 45000000, 50000000 )      64   0.000% 100.000% 
[ 60000000, 70000000 )      64   0.000% 100.000% 
[ 70000000, 80000000 )      32   0.000% 100.000% 
[ 90000000, 100000000 )      32   0.000% 100.000% 

Read info: 
Count: 0  Average: 0.0000  StdDev: 0.00
Percentiles(us): P50: -nan P90: -nan P99: -nan P99.9: -nan P99.99: -nan
------------------------------------------------------

Write info: 
Count: 50000000  Average: 695.2772  StdDev: 151194.44
Percentiles(us): P50: 173.76 P90: 333.58 P99: 645.21 P99.9: 23480.08 P99.99: 83066.67
------------------------------------------------------
[      20,      25 )       3   0.000%   0.000% 
[      25,      30 )       2   0.000%   0.000% 
[      30,      35 )       6   0.000%   0.000% 
[      35,      40 )       3   0.000%   0.000% 
[      40,      45 )       1   0.000%   0.000% 
[      45,      50 )       7   0.000%   0.000% 
[      50,      60 )   14564   0.029%   0.029% 
[      60,      70 )  248428   0.497%   0.526% 
[      70,      80 ) 1055789   2.112%   2.638% 
[      80,      90 ) 2037012   4.074%   6.712% #
[      90,     100 ) 2586238   5.172%  11.884% #
[     100,     120 ) 5185962  10.372%  22.256% ##
[     120,     140 ) 5155255  10.311%  32.567% ##
[     140,     160 ) 5341075  10.682%  43.249% ##
[     160,     180 ) 4907643   9.815%  53.064% ##
[     180,     200 ) 4274125   8.548%  61.612% ##
[     200,     250 ) 7799755  15.600%  77.212% ###
[     250,     300 ) 4613414   9.227%  86.439% ##
[     300,     350 ) 2651619   5.303%  91.742% #
[     350,     400 ) 1550584   3.101%  94.843% #
[     400,     450 )  920534   1.841%  96.684% 
[     450,     500 )  548667   1.097%  97.781% 
[     500,     600 )  523157   1.046%  98.828% 
[     600,     700 )  190584   0.381%  99.209% 
[     700,     800 )   71955   0.144%  99.353% 
[     800,     900 )   29919   0.060%  99.413% 
[     900,    1000 )   14026   0.028%  99.441% 
[    1000,    1200 )   12595   0.025%  99.466% 
[    1200,    1400 )    6264   0.013%  99.478% 
[    1400,    1600 )    4481   0.009%  99.487% 
[    1600,    1800 )    3559   0.007%  99.494% 
[    1800,    2000 )    2975   0.006%  99.500% 
[    2000,    2500 )    6522   0.013%  99.513% 
[    2500,    3000 )    5435   0.011%  99.524% 
[    3000,    3500 )    4721   0.009%  99.534% 
[    3500,    4000 )    4342   0.009%  99.542% 
[    4000,    4500 )    3905   0.008%  99.550% 
[    4500,    5000 )    3800   0.008%  99.558% 
[    5000,    6000 )    7545   0.015%  99.573% 
[    6000,    7000 )   16162   0.032%  99.605% 
[    7000,    8000 )   17744   0.035%  99.641% 
[    8000,    9000 )   15780   0.032%  99.672% 
[    9000,   10000 )   12142   0.024%  99.697% 
[   10000,   12000 )   21006   0.042%  99.739% 
[   12000,   14000 )   21284   0.043%  99.781% 
[   14000,   16000 )   21673   0.043%  99.825% 
[   16000,   18000 )   14803   0.030%  99.854% 
[   18000,   20000 )   11441   0.023%  99.877% 
[   20000,   25000 )   16514   0.033%  99.910% 
[   25000,   30000 )   12896   0.026%  99.936% 
[   30000,   35000 )    7225   0.014%  99.950% 
[   35000,   40000 )    3446   0.007%  99.957% 
[   40000,   45000 )    2081   0.004%  99.961% 
[   45000,   50000 )    2041   0.004%  99.965% 
[   50000,   60000 )    3513   0.007%  99.972% 
[   60000,   70000 )    4152   0.008%  99.981% 
[   70000,   80000 )    3798   0.008%  99.988% 
[   80000,   90000 )    2700   0.005%  99.994% 
[   90000,  100000 )    1908   0.004%  99.998% 
[  100000,  120000 )     202   0.000%  99.998% 
[  120000,  140000 )     265   0.001%  99.998% 
[  140000,  160000 )     155   0.000%  99.999% 
[  160000,  180000 )      63   0.000%  99.999% 
[  180000,  200000 )      33   0.000%  99.999% 
[  200000,  250000 )      22   0.000%  99.999% 
[  400000,  450000 )      22   0.000%  99.999% 
[  600000,  700000 )      10   0.000%  99.999% 
[ 10000000, 12000000 )      32   0.000%  99.999% 
[ 20000000, 25000000 )      32   0.000%  99.999% 
[ 25000000, 30000000 )      32   0.000%  99.999% 
[ 30000000, 35000000 )      64   0.000%  99.999% 
[ 35000000, 40000000 )      64   0.000% 100.000% 
[ 40000000, 45000000 )      32   0.000% 100.000% 
[ 45000000, 50000000 )      64   0.000% 100.000% 
[ 60000000, 70000000 )      64   0.000% 100.000% 
[ 70000000, 80000000 )      32   0.000% 100.000% 
[ 90000000, 100000000 )      32   0.000% 100.000% 


