
nofdb	workloads/workloadg_zipfian.spec	32
# Load duration (sec): 413.361
# Loading records:	50000000
# Load throughput (KOPS): 120.96
Count: 50000000  Average: 261.6208  StdDev: 3137.75
Percentiles(us): P50: 176.77 P90: 357.30 P99: 682.79 P99.9: 14787.87 P99.99: 61748.30
------------------------------------------------------
[      20,      25 )       1   0.000%   0.000% 
[      25,      30 )       7   0.000%   0.000% 
[      30,      35 )       6   0.000%   0.000% 
[      35,      40 )       4   0.000%   0.000% 
[      40,      45 )       3   0.000%   0.000% 
[      45,      50 )      11   0.000%   0.000% 
[      50,      60 )   18076   0.036%   0.036% 
[      60,      70 )  266752   0.534%   0.570% 
[      70,      80 ) 1117354   2.235%   2.804% 
[      80,      90 ) 2149712   4.299%   7.104% #
[      90,     100 ) 2662336   5.325%  12.429% #
[     100,     120 ) 5024744  10.049%  22.478% ##
[     120,     140 ) 4947075   9.894%  32.372% ##
[     140,     160 ) 5007510  10.015%  42.387% ##
[     160,     180 ) 4538252   9.077%  51.464% ##
[     180,     200 ) 3935984   7.872%  59.336% ##
[     200,     250 ) 7412149  14.824%  74.160% ###
[     250,     300 ) 4723761   9.448%  83.607% ##
[     300,     350 ) 2929966   5.860%  89.467% #
[     350,     400 ) 1824407   3.649%  93.116% #
[     400,     450 ) 1161124   2.322%  95.438% 
[     450,     500 )  739830   1.480%  96.918% 
[     500,     600 )  776283   1.553%  98.471% 
[     600,     700 )  319649   0.639%  99.110% 
[     700,     800 )  132703   0.265%  99.375% 
[     800,     900 )   55455   0.111%  99.486% 
[     900,    1000 )   23474   0.047%  99.533% 
[    1000,    1200 )   16664   0.033%  99.567% 
[    1200,    1400 )    6127   0.012%  99.579% 
[    1400,    1600 )    4055   0.008%  99.587% 
[    1600,    1800 )    3218   0.006%  99.593% 
[    1800,    2000 )    2819   0.006%  99.599% 
[    2000,    2500 )    6003   0.012%  99.611% 
[    2500,    3000 )    5258   0.011%  99.622% 
[    3000,    3500 )    4683   0.009%  99.631% 
[    3500,    4000 )    4666   0.009%  99.640% 
[    4000,    4500 )    4609   0.009%  99.649% 
[    4500,    5000 )    4539   0.009%  99.659% 
[    5000,    6000 )    8656   0.017%  99.676% 
[    6000,    7000 )   13186   0.026%  99.702% 
[    7000,    8000 )   22489   0.045%  99.747% 
[    8000,    9000 )   18037   0.036%  99.783% 
[    9000,   10000 )   11400   0.023%  99.806% 
[   10000,   12000 )   20641   0.041%  99.847% 
[   12000,   14000 )   19542   0.039%  99.886% 
[   14000,   16000 )   17211   0.034%  99.921% 
[   16000,   18000 )    9734   0.019%  99.940% 
[   18000,   20000 )    5224   0.010%  99.951% 
[   20000,   25000 )    6861   0.014%  99.965% 
[   25000,   30000 )    4259   0.009%  99.973% 
[   30000,   35000 )    3237   0.006%  99.979% 
[   35000,   40000 )    1743   0.003%  99.983% 
[   40000,   45000 )    1452   0.003%  99.986% 
[   45000,   50000 )     829   0.002%  99.988% 
[   50000,   60000 )     998   0.002%  99.990% 
[   60000,   70000 )    1327   0.003%  99.992% 
[   70000,   80000 )    1648   0.003%  99.995% 
[   80000,   90000 )    1314   0.003%  99.998% 
[   90000,  100000 )     475   0.001%  99.999% 
[  100000,  120000 )     112   0.000%  99.999% 
[  120000,  140000 )      59   0.000%  99.999% 
[  140000,  160000 )      41   0.000%  99.999% 
[  160000,  180000 )       6   0.000%  99.999% 
[  180000,  200000 )      26   0.000% 100.000% 
[  250000,  300000 )      32   0.000% 100.000% 
[  300000,  350000 )     160   0.000% 100.000% 
[ 3000000, 3500000 )      12   0.000% 100.000% 
[ 3500000, 4000000 )      20   0.000% 100.000% 


# Run duration (sec): 864.61
# Run operations:	50000000
# Run throughput (KOPS): 57.8295
Count: 50000000  Average: 550.1939  StdDev: 112706.33
Percentiles(us): P50: 175.54 P90: 353.17 P99: 749.86 P99.9: 25832.78 P99.99: 64096.05
------------------------------------------------------
[      25,      30 )       1   0.000%   0.000% 
[      30,      35 )       1   0.000%   0.000% 
[      35,      40 )       4   0.000%   0.000% 
[      45,      50 )      15   0.000%   0.000% 
[      50,      60 )   25471   0.051%   0.051% 
[      60,      70 )  287315   0.575%   0.626% 
[      70,      80 ) 1055074   2.110%   2.736% 
[      80,      90 ) 2045058   4.090%   6.826% #
[      90,     100 ) 2676744   5.353%  12.179% #
[     100,     120 ) 5228909  10.458%  22.637% ##
[     120,     140 ) 5103977  10.208%  32.845% ##
[     140,     160 ) 5065053  10.130%  42.975% ##
[     160,     180 ) 4520198   9.040%  52.016% ##
[     180,     200 ) 3919356   7.839%  59.854% ##
[     200,     250 ) 7382905  14.766%  74.620% ###
[     250,     300 ) 4695649   9.391%  84.011% ##
[     300,     350 ) 2882071   5.764%  89.776% #
[     350,     400 ) 1771301   3.543%  93.318% #
[     400,     450 ) 1103720   2.207%  95.526% 
[     450,     500 )  686418   1.373%  96.898% 
[     500,     600 )  703538   1.407%  98.306% 
[     600,     700 )  286353   0.573%  98.878% 
[     700,     800 )  122083   0.244%  99.122% 
[     800,     900 )   55602   0.111%  99.234% 
[     900,    1000 )   26702   0.053%  99.287% 
[    1000,    1200 )   21456   0.043%  99.330% 
[    1200,    1400 )    9830   0.020%  99.350% 
[    1400,    1600 )    6602   0.013%  99.363% 
[    1600,    1800 )    5506   0.011%  99.374% 
[    1800,    2000 )    4752   0.010%  99.383% 
[    2000,    2500 )   10984   0.022%  99.405% 
[    2500,    3000 )    9178   0.018%  99.424% 
[    3000,    3500 )    8222   0.016%  99.440% 
[    3500,    4000 )    7646   0.015%  99.455% 
[    4000,    4500 )    7449   0.015%  99.470% 
[    4500,    5000 )    6874   0.014%  99.484% 
[    5000,    6000 )   12512   0.025%  99.509% 
[    6000,    7000 )   12020   0.024%  99.533% 
[    7000,    8000 )   29099   0.058%  99.591% 
[    8000,    9000 )   22995   0.046%  99.637% 
[    9000,   10000 )   12372   0.025%  99.662% 
[   10000,   12000 )   16646   0.033%  99.695% 
[   12000,   14000 )   17454   0.035%  99.730% 
[   14000,   16000 )   19132   0.038%  99.768% 
[   16000,   18000 )   14756   0.030%  99.798% 
[   18000,   20000 )   14852   0.030%  99.828% 
[   20000,   25000 )   30843   0.062%  99.889% 
[   25000,   30000 )   31833   0.064%  99.953% 
[   30000,   35000 )   12248   0.024%  99.978% 
[   35000,   40000 )    3150   0.006%  99.984% 
[   40000,   45000 )    1237   0.002%  99.986% 
[   45000,   50000 )     471   0.001%  99.987% 
[   50000,   60000 )     783   0.002%  99.989% 
[   60000,   70000 )    1416   0.003%  99.992% 
[   70000,   80000 )    1249   0.002%  99.994% 
[   80000,   90000 )    1495   0.003%  99.997% 
[   90000,  100000 )     278   0.001%  99.998% 
[  100000,  120000 )     361   0.001%  99.998% 
[  120000,  140000 )     282   0.001%  99.999% 
[  140000,  160000 )      92   0.000%  99.999% 
[  160000,  180000 )      23   0.000%  99.999% 
[  250000,  300000 )      32   0.000%  99.999% 
[  350000,  400000 )       5   0.000%  99.999% 
[  400000,  450000 )      27   0.000%  99.999% 
[ 7000000, 8000000 )      32   0.000%  99.999% 
[ 18000000, 20000000 )      32   0.000%  99.999% 
[ 20000000, 25000000 )      32   0.000% 100.000% 
[ 30000000, 35000000 )      64   0.000% 100.000% 
[ 35000000, 40000000 )      32   0.000% 100.000% 
[ 40000000, 45000000 )      32   0.000% 100.000% 
[ 50000000, 60000000 )      64   0.000% 100.000% 
[ 80000000, 90000000 )      32   0.000% 100.000% 

Read info: 
Count: 0  Average: 0.0000  StdDev: 0.00
Percentiles(us): P50: -nan P90: -nan P99: -nan P99.9: -nan P99.99: -nan
------------------------------------------------------

Write info: 
Count: 50000000  Average: 550.1939  StdDev: 112706.33
Percentiles(us): P50: 175.54 P90: 353.17 P99: 749.86 P99.9: 25832.78 P99.99: 64096.05
------------------------------------------------------
[      25,      30 )       1   0.000%   0.000% 
[      30,      35 )       1   0.000%   0.000% 
[      35,      40 )       4   0.000%   0.000% 
[      45,      50 )      15   0.000%   0.000% 
[      50,      60 )   25471   0.051%   0.051% 
[      60,      70 )  287315   0.575%   0.626% 
[      70,      80 ) 1055074   2.110%   2.736% 
[      80,      90 ) 2045058   4.090%   6.826% #
[      90,     100 ) 2676744   5.353%  12.179% #
[     100,     120 ) 5228909  10.458%  22.637% ##
[     120,     140 ) 5103977  10.208%  32.845% ##
[     140,     160 ) 5065053  10.130%  42.975% ##
[     160,     180 ) 4520198   9.040%  52.016% ##
[     180,     200 ) 3919356   7.839%  59.854% ##
[     200,     250 ) 7382905  14.766%  74.620% ###
[     250,     300 ) 4695649   9.391%  84.011% ##
[     300,     350 ) 2882071   5.764%  89.776% #
[     350,     400 ) 1771301   3.543%  93.318% #
[     400,     450 ) 1103720   2.207%  95.526% 
[     450,     500 )  686418   1.373%  96.898% 
[     500,     600 )  703538   1.407%  98.306% 
[     600,     700 )  286353   0.573%  98.878% 
[     700,     800 )  122083   0.244%  99.122% 
[     800,     900 )   55602   0.111%  99.234% 
[     900,    1000 )   26702   0.053%  99.287% 
[    1000,    1200 )   21456   0.043%  99.330% 
[    1200,    1400 )    9830   0.020%  99.350% 
[    1400,    1600 )    6602   0.013%  99.363% 
[    1600,    1800 )    5506   0.011%  99.374% 
[    1800,    2000 )    4752   0.010%  99.383% 
[    2000,    2500 )   10984   0.022%  99.405% 
[    2500,    3000 )    9178   0.018%  99.424% 
[    3000,    3500 )    8222   0.016%  99.440% 
[    3500,    4000 )    7646   0.015%  99.455% 
[    4000,    4500 )    7449   0.015%  99.470% 
[    4500,    5000 )    6874   0.014%  99.484% 
[    5000,    6000 )   12512   0.025%  99.509% 
[    6000,    7000 )   12020   0.024%  99.533% 
[    7000,    8000 )   29099   0.058%  99.591% 
[    8000,    9000 )   22995   0.046%  99.637% 
[    9000,   10000 )   12372   0.025%  99.662% 
[   10000,   12000 )   16646   0.033%  99.695% 
[   12000,   14000 )   17454   0.035%  99.730% 
[   14000,   16000 )   19132   0.038%  99.768% 
[   16000,   18000 )   14756   0.030%  99.798% 
[   18000,   20000 )   14852   0.030%  99.828% 
[   20000,   25000 )   30843   0.062%  99.889% 
[   25000,   30000 )   31833   0.064%  99.953% 
[   30000,   35000 )   12248   0.024%  99.978% 
[   35000,   40000 )    3150   0.006%  99.984% 
[   40000,   45000 )    1237   0.002%  99.986% 
[   45000,   50000 )     471   0.001%  99.987% 
[   50000,   60000 )     783   0.002%  99.989% 
[   60000,   70000 )    1416   0.003%  99.992% 
[   70000,   80000 )    1249   0.002%  99.994% 
[   80000,   90000 )    1495   0.003%  99.997% 
[   90000,  100000 )     278   0.001%  99.998% 
[  100000,  120000 )     361   0.001%  99.998% 
[  120000,  140000 )     282   0.001%  99.999% 
[  140000,  160000 )      92   0.000%  99.999% 
[  160000,  180000 )      23   0.000%  99.999% 
[  250000,  300000 )      32   0.000%  99.999% 
[  350000,  400000 )       5   0.000%  99.999% 
[  400000,  450000 )      27   0.000%  99.999% 
[ 7000000, 8000000 )      32   0.000%  99.999% 
[ 18000000, 20000000 )      32   0.000%  99.999% 
[ 20000000, 25000000 )      32   0.000% 100.000% 
[ 30000000, 35000000 )      64   0.000% 100.000% 
[ 35000000, 40000000 )      32   0.000% 100.000% 
[ 40000000, 45000000 )      32   0.000% 100.000% 
[ 50000000, 60000000 )      64   0.000% 100.000% 
[ 80000000, 90000000 )      32   0.000% 100.000% 


