
nofdb	workloads/workloadc_zipfian.spec	32
# Load duration (sec): 32.8919
# Loading records:	3000000
# Load throughput (KOPS): 91.2078
Count: 3000000  Average: 343.5554  StdDev: 1608.28
Percentiles(us): P50: 150.75 P90: 321.48 P99: 10418.94 P99.9: 18020.94 P99.99: 31401.87
------------------------------------------------------
[      45,      50 )     485   0.016%   0.016% 
[      50,      60 )   47571   1.586%   1.602% 
[      60,      70 )  122632   4.088%   5.690% #
[      70,      80 )  164056   5.469%  11.158% #
[      80,      90 )  172955   5.765%  16.923% #
[      90,     100 )  169881   5.663%  22.586% #
[     100,     120 )  319666  10.656%  33.242% ##
[     120,     140 )  338837  11.295%  44.536% ##
[     140,     160 )  305093  10.170%  54.706% ##
[     160,     180 )  246255   8.209%  62.914% ##
[     180,     200 )  203243   6.775%  69.689% #
[     200,     250 )  350899  11.697%  81.386% ##
[     250,     300 )  205603   6.853%  88.239% #
[     300,     350 )  122939   4.098%  92.337% #
[     350,     400 )   74721   2.491%  94.828% 
[     400,     450 )   45809   1.527%  96.355% 
[     450,     500 )   27339   0.911%  97.266% 
[     500,     600 )   26475   0.883%  98.149% 
[     600,     700 )    9011   0.300%  98.449% 
[     700,     800 )    3102   0.103%  98.552% 
[     800,     900 )    1135   0.038%  98.590% 
[     900,    1000 )     529   0.018%  98.608% 
[    1000,    1200 )     648   0.022%  98.629% 
[    1200,    1400 )     555   0.019%  98.648% 
[    1400,    1600 )     390   0.013%  98.661% 
[    1600,    1800 )     401   0.013%  98.674% 
[    1800,    2000 )     385   0.013%  98.687% 
[    2000,    2500 )     977   0.033%  98.720% 
[    2500,    3000 )     768   0.026%  98.745% 
[    3000,    3500 )     527   0.018%  98.763% 
[    3500,    4000 )     406   0.014%  98.776% 
[    4000,    4500 )     327   0.011%  98.787% 
[    4500,    5000 )     380   0.013%  98.800% 
[    5000,    6000 )     598   0.020%  98.820% 
[    6000,    7000 )     590   0.020%  98.840% 
[    7000,    8000 )     659   0.022%  98.862% 
[    8000,    9000 )     899   0.030%  98.892% 
[    9000,   10000 )    2024   0.067%  98.959% 
[   10000,   12000 )    5872   0.196%  99.155% 
[   12000,   14000 )    9056   0.302%  99.457% 
[   14000,   16000 )    9444   0.315%  99.771% 
[   16000,   18000 )    3842   0.128%  99.899% 
[   18000,   20000 )    1528   0.051%  99.950% 
[   20000,   25000 )     721   0.024%  99.974% 
[   25000,   30000 )     407   0.014%  99.988% 
[   30000,   35000 )     214   0.007%  99.995% 
[   35000,   40000 )      29   0.001%  99.996% 
[   40000,   45000 )      39   0.001%  99.997% 
[   45000,   50000 )      29   0.001%  99.998% 
[   50000,   60000 )      17   0.001%  99.999% 
[  100000,  120000 )      11   0.000%  99.999% 
[  120000,  140000 )      21   0.001% 100.000% 


# Run duration (sec): 60.7292
# Run operations:	3000000
# Run throughput (KOPS): 49.3996
Count: 3000000  Average: 631.2493  StdDev: 2241.79
Percentiles(us): P50: 192.73 P90: 467.70 P99: 14683.66 P99.9: 17977.94 P99.99: 24406.13
------------------------------------------------------
[      35,      40 )      40   0.001%   0.001% 
[      40,      45 )    4670   0.156%   0.157% 
[      45,      50 )    8512   0.284%   0.441% 
[      50,      60 )    8179   0.273%   0.713% 
[      60,      70 )    2903   0.097%   0.810% 
[      70,      80 )    2830   0.094%   0.904% 
[      80,      90 )    1406   0.047%   0.951% 
[      90,     100 )     808   0.027%   0.978% 
[     100,     120 )   89259   2.975%   3.954% #
[     120,     140 )   27827   0.928%   4.881% 
[     140,     160 )   53434   1.781%   6.662% 
[     160,     180 )  925342  30.845%  37.507% ######
[     180,     200 )  588758  19.625%  57.132% ####
[     200,     250 )  504544  16.818%  73.950% ###
[     250,     300 )  221353   7.378%  81.329% #
[     300,     350 )  115046   3.835%  85.164% #
[     350,     400 )   69673   2.322%  87.486% 
[     400,     450 )   63483   2.116%  89.602% 
[     450,     500 )   33712   1.124%  90.726% 
[     500,     600 )   49231   1.641%  92.367% 
[     600,     700 )   28536   0.951%  93.318% 
[     700,     800 )   20292   0.676%  93.995% 
[     800,     900 )   16244   0.541%  94.536% 
[     900,    1000 )   12685   0.423%  94.959% 
[    1000,    1200 )   18328   0.611%  95.570% 
[    1200,    1400 )   13299   0.443%  96.013% 
[    1400,    1600 )    9212   0.307%  96.320% 
[    1600,    1800 )    6959   0.232%  96.552% 
[    1800,    2000 )    4731   0.158%  96.710% 
[    2000,    2500 )    7293   0.243%  96.953% 
[    2500,    3000 )    3646   0.122%  97.075% 
[    3000,    3500 )    2000   0.067%  97.141% 
[    3500,    4000 )    1295   0.043%  97.184% 
[    4000,    4500 )    1014   0.034%  97.218% 
[    4500,    5000 )     953   0.032%  97.250% 
[    5000,    6000 )    1853   0.062%  97.312% 
[    6000,    7000 )    1862   0.062%  97.374% 
[    7000,    8000 )    1882   0.063%  97.436% 
[    8000,    9000 )    1962   0.065%  97.502% 
[    9000,   10000 )    2210   0.074%  97.576% 
[   10000,   12000 )    8519   0.284%  97.860% 
[   12000,   14000 )   25686   0.856%  98.716% 
[   14000,   16000 )   24951   0.832%  99.547% 
[   16000,   18000 )   10696   0.357%  99.904% 
[   18000,   20000 )    1892   0.063%  99.967% 
[   20000,   25000 )     783   0.026%  99.993% 
[   25000,   30000 )     198   0.007% 100.000% 
[   30000,   35000 )       9   0.000% 100.000% 

Read info: 
Count: 3000000  Average: 631.2493  StdDev: 2241.79
Percentiles(us): P50: 192.73 P90: 467.70 P99: 14683.66 P99.9: 17977.94 P99.99: 24406.13
------------------------------------------------------
[      35,      40 )      40   0.001%   0.001% 
[      40,      45 )    4670   0.156%   0.157% 
[      45,      50 )    8512   0.284%   0.441% 
[      50,      60 )    8179   0.273%   0.713% 
[      60,      70 )    2903   0.097%   0.810% 
[      70,      80 )    2830   0.094%   0.904% 
[      80,      90 )    1406   0.047%   0.951% 
[      90,     100 )     808   0.027%   0.978% 
[     100,     120 )   89259   2.975%   3.954% #
[     120,     140 )   27827   0.928%   4.881% 
[     140,     160 )   53434   1.781%   6.662% 
[     160,     180 )  925342  30.845%  37.507% ######
[     180,     200 )  588758  19.625%  57.132% ####
[     200,     250 )  504544  16.818%  73.950% ###
[     250,     300 )  221353   7.378%  81.329% #
[     300,     350 )  115046   3.835%  85.164% #
[     350,     400 )   69673   2.322%  87.486% 
[     400,     450 )   63483   2.116%  89.602% 
[     450,     500 )   33712   1.124%  90.726% 
[     500,     600 )   49231   1.641%  92.367% 
[     600,     700 )   28536   0.951%  93.318% 
[     700,     800 )   20292   0.676%  93.995% 
[     800,     900 )   16244   0.541%  94.536% 
[     900,    1000 )   12685   0.423%  94.959% 
[    1000,    1200 )   18328   0.611%  95.570% 
[    1200,    1400 )   13299   0.443%  96.013% 
[    1400,    1600 )    9212   0.307%  96.320% 
[    1600,    1800 )    6959   0.232%  96.552% 
[    1800,    2000 )    4731   0.158%  96.710% 
[    2000,    2500 )    7293   0.243%  96.953% 
[    2500,    3000 )    3646   0.122%  97.075% 
[    3000,    3500 )    2000   0.067%  97.141% 
[    3500,    4000 )    1295   0.043%  97.184% 
[    4000,    4500 )    1014   0.034%  97.218% 
[    4500,    5000 )     953   0.032%  97.250% 
[    5000,    6000 )    1853   0.062%  97.312% 
[    6000,    7000 )    1862   0.062%  97.374% 
[    7000,    8000 )    1882   0.063%  97.436% 
[    8000,    9000 )    1962   0.065%  97.502% 
[    9000,   10000 )    2210   0.074%  97.576% 
[   10000,   12000 )    8519   0.284%  97.860% 
[   12000,   14000 )   25686   0.856%  98.716% 
[   14000,   16000 )   24951   0.832%  99.547% 
[   16000,   18000 )   10696   0.357%  99.904% 
[   18000,   20000 )    1892   0.063%  99.967% 
[   20000,   25000 )     783   0.026%  99.993% 
[   25000,   30000 )     198   0.007% 100.000% 
[   30000,   35000 )       9   0.000% 100.000% 

Write info: 
Count: 0  Average: 0.0000  StdDev: 0.00
Percentiles(us): P50: -nan P90: -nan P99: -nan P99.9: -nan P99.99: -nan
------------------------------------------------------


