
nofdb	workloads/workloadc_uniform.spec	32
# Load duration (sec): 31.4941
# Loading records:	3000000
# Load throughput (KOPS): 95.2558
Count: 3000000  Average: 329.7415  StdDev: 1559.10
Percentiles(us): P50: 146.01 P90: 303.29 P99: 10076.87 P99.9: 17671.77 P99.99: 31562.50
------------------------------------------------------
[      45,      50 )     186   0.006%   0.006% 
[      50,      60 )   49169   1.639%   1.645% 
[      60,      70 )  129615   4.321%   5.966% #
[      70,      80 )  177484   5.916%  11.882% #
[      80,      90 )  193808   6.460%  18.342% #
[      90,     100 )  183776   6.126%  24.468% #
[     100,     120 )  330989  11.033%  35.501% ##
[     120,     140 )  340411  11.347%  46.848% ##
[     140,     160 )  314927  10.498%  57.346% ##
[     160,     180 )  253372   8.446%  65.791% ##
[     180,     200 )  202118   6.737%  72.529% #
[     200,     250 )  331336  11.045%  83.573% ##
[     250,     300 )  185651   6.188%  89.761% #
[     300,     350 )  108635   3.621%  93.383% #
[     350,     400 )   65430   2.181%  95.564% 
[     400,     450 )   38582   1.286%  96.850% 
[     450,     500 )   22942   0.765%  97.614% 
[     500,     600 )   21463   0.715%  98.330% 
[     600,     700 )    7024   0.234%  98.564% 
[     700,     800 )    2262   0.075%  98.639% 
[     800,     900 )     738   0.025%  98.664% 
[     900,    1000 )     455   0.015%  98.679% 
[    1000,    1200 )     519   0.017%  98.696% 
[    1200,    1400 )     429   0.014%  98.711% 
[    1400,    1600 )     369   0.012%  98.723% 
[    1600,    1800 )     299   0.010%  98.733% 
[    1800,    2000 )     276   0.009%  98.742% 
[    2000,    2500 )     770   0.026%  98.768% 
[    2500,    3000 )     532   0.018%  98.786% 
[    3000,    3500 )     437   0.015%  98.800% 
[    3500,    4000 )     365   0.012%  98.812% 
[    4000,    4500 )     261   0.009%  98.821% 
[    4500,    5000 )     204   0.007%  98.828% 
[    5000,    6000 )     399   0.013%  98.841% 
[    6000,    7000 )     541   0.018%  98.859% 
[    7000,    8000 )     900   0.030%  98.889% 
[    8000,    9000 )    1037   0.035%  98.924% 
[    9000,   10000 )    2066   0.069%  98.993% 
[   10000,   12000 )    5802   0.193%  99.186% 
[   12000,   14000 )    9366   0.312%  99.498% 
[   14000,   16000 )    9055   0.302%  99.800% 
[   16000,   18000 )    3589   0.120%  99.920% 
[   18000,   20000 )    1197   0.040%  99.960% 
[   20000,   25000 )     721   0.024%  99.984% 
[   25000,   30000 )     163   0.005%  99.989% 
[   30000,   35000 )      96   0.003%  99.992% 
[   35000,   40000 )      76   0.003%  99.995% 
[   40000,   45000 )      86   0.003%  99.998% 
[   45000,   50000 )      26   0.001%  99.998% 
[   50000,   60000 )      14   0.000%  99.999% 
[  100000,  120000 )      32   0.001% 100.000% 


# Run duration (sec): 61.8543
# Run operations:	3000000
# Run throughput (KOPS): 48.5011
Count: 3000000  Average: 641.9370  StdDev: 2373.00
Percentiles(us): P50: 194.71 P90: 376.35 P99: 15097.41 P99.9: 19079.48 P99.99: 27096.44
------------------------------------------------------
[      35,      40 )      60   0.002%   0.002% 
[      40,      45 )    6224   0.207%   0.209% 
[      45,      50 )   11263   0.375%   0.585% 
[      50,      60 )    9526   0.318%   0.902% 
[      60,      70 )    3857   0.129%   1.031% 
[      70,      80 )    4249   0.142%   1.173% 
[      80,      90 )    2050   0.068%   1.241% 
[      90,     100 )     985   0.033%   1.274% 
[     100,     120 )    6622   0.221%   1.495% 
[     120,     140 )    9689   0.323%   1.818% 
[     140,     160 )   30445   1.015%   2.832% 
[     160,     180 )  908114  30.270%  33.103% ######
[     180,     200 )  689242  22.975%  56.078% #####
[     200,     250 )  619119  20.637%  76.715% ####
[     250,     300 )  237295   7.910%  84.625% ##
[     300,     350 )  127219   4.241%  88.865% #
[     350,     400 )   64594   2.153%  91.018% 
[     400,     450 )   54533   1.818%  92.836% 
[     450,     500 )   30004   1.000%  93.836% 
[     500,     600 )   35350   1.178%  95.015% 
[     600,     700 )   15074   0.502%  95.517% 
[     700,     800 )    9056   0.302%  95.819% 
[     800,     900 )    5897   0.197%  96.016% 
[     900,    1000 )    3883   0.129%  96.145% 
[    1000,    1200 )    5690   0.190%  96.335% 
[    1200,    1400 )    3971   0.132%  96.467% 
[    1400,    1600 )    2943   0.098%  96.565% 
[    1600,    1800 )    2177   0.073%  96.638% 
[    1800,    2000 )    1757   0.059%  96.696% 
[    2000,    2500 )    3114   0.104%  96.800% 
[    2500,    3000 )    2308   0.077%  96.877% 
[    3000,    3500 )    1734   0.058%  96.935% 
[    3500,    4000 )    1464   0.049%  96.984% 
[    4000,    4500 )    1114   0.037%  97.021% 
[    4500,    5000 )     959   0.032%  97.053% 
[    5000,    6000 )    1898   0.063%  97.116% 
[    6000,    7000 )    2015   0.067%  97.183% 
[    7000,    8000 )    2051   0.068%  97.252% 
[    8000,    9000 )    2159   0.072%  97.323% 
[    9000,   10000 )    2232   0.074%  97.398% 
[   10000,   12000 )    6202   0.207%  97.605% 
[   12000,   14000 )   22839   0.761%  98.366% 
[   14000,   16000 )   34669   1.156%  99.522% 
[   16000,   18000 )    9663   0.322%  99.844% 
[   18000,   20000 )    3133   0.104%  99.948% 
[   20000,   25000 )    1058   0.035%  99.983% 
[   25000,   30000 )     477   0.016%  99.999% 
[   30000,   35000 )      23   0.001% 100.000% 

Read info: 
Count: 3000000  Average: 641.9370  StdDev: 2373.00
Percentiles(us): P50: 194.71 P90: 376.35 P99: 15097.41 P99.9: 19079.48 P99.99: 27096.44
------------------------------------------------------
[      35,      40 )      60   0.002%   0.002% 
[      40,      45 )    6224   0.207%   0.209% 
[      45,      50 )   11263   0.375%   0.585% 
[      50,      60 )    9526   0.318%   0.902% 
[      60,      70 )    3857   0.129%   1.031% 
[      70,      80 )    4249   0.142%   1.173% 
[      80,      90 )    2050   0.068%   1.241% 
[      90,     100 )     985   0.033%   1.274% 
[     100,     120 )    6622   0.221%   1.495% 
[     120,     140 )    9689   0.323%   1.818% 
[     140,     160 )   30445   1.015%   2.832% 
[     160,     180 )  908114  30.270%  33.103% ######
[     180,     200 )  689242  22.975%  56.078% #####
[     200,     250 )  619119  20.637%  76.715% ####
[     250,     300 )  237295   7.910%  84.625% ##
[     300,     350 )  127219   4.241%  88.865% #
[     350,     400 )   64594   2.153%  91.018% 
[     400,     450 )   54533   1.818%  92.836% 
[     450,     500 )   30004   1.000%  93.836% 
[     500,     600 )   35350   1.178%  95.015% 
[     600,     700 )   15074   0.502%  95.517% 
[     700,     800 )    9056   0.302%  95.819% 
[     800,     900 )    5897   0.197%  96.016% 
[     900,    1000 )    3883   0.129%  96.145% 
[    1000,    1200 )    5690   0.190%  96.335% 
[    1200,    1400 )    3971   0.132%  96.467% 
[    1400,    1600 )    2943   0.098%  96.565% 
[    1600,    1800 )    2177   0.073%  96.638% 
[    1800,    2000 )    1757   0.059%  96.696% 
[    2000,    2500 )    3114   0.104%  96.800% 
[    2500,    3000 )    2308   0.077%  96.877% 
[    3000,    3500 )    1734   0.058%  96.935% 
[    3500,    4000 )    1464   0.049%  96.984% 
[    4000,    4500 )    1114   0.037%  97.021% 
[    4500,    5000 )     959   0.032%  97.053% 
[    5000,    6000 )    1898   0.063%  97.116% 
[    6000,    7000 )    2015   0.067%  97.183% 
[    7000,    8000 )    2051   0.068%  97.252% 
[    8000,    9000 )    2159   0.072%  97.323% 
[    9000,   10000 )    2232   0.074%  97.398% 
[   10000,   12000 )    6202   0.207%  97.605% 
[   12000,   14000 )   22839   0.761%  98.366% 
[   14000,   16000 )   34669   1.156%  99.522% 
[   16000,   18000 )    9663   0.322%  99.844% 
[   18000,   20000 )    3133   0.104%  99.948% 
[   20000,   25000 )    1058   0.035%  99.983% 
[   25000,   30000 )     477   0.016%  99.999% 
[   30000,   35000 )      23   0.001% 100.000% 

Write info: 
Count: 0  Average: 0.0000  StdDev: 0.00
Percentiles(us): P50: -nan P90: -nan P99: -nan P99.9: -nan P99.99: -nan
------------------------------------------------------


