
nofdb	workloads/workloadg_uniform.spec	32
# Load duration (sec): 31.4064
# Loading records:	3000000
# Load throughput (KOPS): 95.522
Count: 3000000  Average: 326.7524  StdDev: 1551.34
Percentiles(us): P50: 145.18 P90: 298.82 P99: 10098.03 P99.9: 17450.74 P99.99: 27824.27
------------------------------------------------------
[      40,      45 )       3   0.000%   0.000% 
[      45,      50 )     455   0.015%   0.015% 
[      50,      60 )   50417   1.681%   1.696% 
[      60,      70 )  126932   4.231%   5.927% #
[      70,      80 )  176622   5.887%  11.814% #
[      80,      90 )  196429   6.548%  18.362% #
[      90,     100 )  190246   6.342%  24.703% #
[     100,     120 )  340099  11.337%  36.040% ##
[     120,     140 )  337682  11.256%  47.296% ##
[     140,     160 )  313075  10.436%  57.732% ##
[     160,     180 )  253063   8.435%  66.167% ##
[     180,     200 )  201240   6.708%  72.875% #
[     200,     250 )  331945  11.065%  83.940% ##
[     250,     300 )  186172   6.206%  90.146% #
[     300,     350 )  106601   3.553%  93.699% #
[     350,     400 )   62855   2.095%  95.795% 
[     400,     450 )   36873   1.229%  97.024% 
[     450,     500 )   21322   0.711%  97.734% 
[     500,     600 )   19184   0.639%  98.374% 
[     600,     700 )    6280   0.209%  98.583% 
[     700,     800 )    2060   0.069%  98.652% 
[     800,     900 )     676   0.023%  98.674% 
[     900,    1000 )     440   0.015%  98.689% 
[    1000,    1200 )     484   0.016%  98.705% 
[    1200,    1400 )     397   0.013%  98.718% 
[    1400,    1600 )     288   0.010%  98.728% 
[    1600,    1800 )     286   0.010%  98.738% 
[    1800,    2000 )     260   0.009%  98.746% 
[    2000,    2500 )     669   0.022%  98.769% 
[    2500,    3000 )     546   0.018%  98.787% 
[    3000,    3500 )     342   0.011%  98.798% 
[    3500,    4000 )     243   0.008%  98.806% 
[    4000,    4500 )     248   0.008%  98.814% 
[    4500,    5000 )     216   0.007%  98.822% 
[    5000,    6000 )     551   0.018%  98.840% 
[    6000,    7000 )     615   0.021%  98.861% 
[    7000,    8000 )     655   0.022%  98.882% 
[    8000,    9000 )    1257   0.042%  98.924% 
[    9000,   10000 )    1989   0.066%  98.991% 
[   10000,   12000 )    5774   0.192%  99.183% 
[   12000,   14000 )    9766   0.326%  99.509% 
[   14000,   16000 )    9453   0.315%  99.824% 
[   16000,   18000 )    3157   0.105%  99.929% 
[   18000,   20000 )    1045   0.035%  99.964% 
[   20000,   25000 )     653   0.022%  99.986% 
[   25000,   30000 )     239   0.008%  99.993% 
[   30000,   35000 )     120   0.004%  99.997% 
[   35000,   40000 )      34   0.001%  99.999% 
[   40000,   45000 )      10   0.000%  99.999% 
[  140000,  160000 )      32   0.001% 100.000% 


# Run duration (sec): 36.4891
# Run operations:	3000000
# Run throughput (KOPS): 82.2164
Count: 3000000  Average: 384.0640  StdDev: 5003.53
Percentiles(us): P50: 155.62 P90: 299.37 P99: 11172.99 P99.9: 20612.08 P99.99: 64200.00
------------------------------------------------------
[      45,      50 )      99   0.003%   0.003% 
[      50,      60 )   22185   0.740%   0.743% 
[      60,      70 )   75469   2.516%   3.258% #
[      70,      80 )   94682   3.156%   6.415% #
[      80,      90 )  138082   4.603%  11.017% #
[      90,     100 )  180971   6.032%  17.050% #
[     100,     120 )  390786  13.026%  30.076% ###
[     120,     140 )  346949  11.565%  41.641% ##
[     140,     160 )  321183  10.706%  52.347% ##
[     160,     180 )  294139   9.805%  62.152% ##
[     180,     200 )  240540   8.018%  70.169% ##
[     200,     250 )  393555  13.119%  83.288% ###
[     250,     300 )  203928   6.798%  90.086% #
[     300,     350 )  111115   3.704%  93.789% #
[     350,     400 )   63480   2.116%  95.905% 
[     400,     450 )   36248   1.208%  97.114% 
[     450,     500 )   20561   0.685%  97.799% 
[     500,     600 )   17614   0.587%  98.386% 
[     600,     700 )    5077   0.169%  98.555% 
[     700,     800 )    1546   0.052%  98.607% 
[     800,     900 )     533   0.018%  98.625% 
[     900,    1000 )     247   0.008%  98.633% 
[    1000,    1200 )     298   0.010%  98.643% 
[    1200,    1400 )     229   0.008%  98.651% 
[    1400,    1600 )     233   0.008%  98.658% 
[    1600,    1800 )     169   0.006%  98.664% 
[    1800,    2000 )     169   0.006%  98.670% 
[    2000,    2500 )     409   0.014%  98.683% 
[    2500,    3000 )     233   0.008%  98.691% 
[    3000,    3500 )     247   0.008%  98.699% 
[    3500,    4000 )     326   0.011%  98.710% 
[    4000,    4500 )     233   0.008%  98.718% 
[    4500,    5000 )     197   0.007%  98.724% 
[    5000,    6000 )     431   0.014%  98.739% 
[    6000,    7000 )     627   0.021%  98.760% 
[    7000,    8000 )    1223   0.041%  98.800% 
[    8000,    9000 )    1292   0.043%  98.844% 
[    9000,   10000 )    1369   0.046%  98.889% 
[   10000,   12000 )    5671   0.189%  99.078% 
[   12000,   14000 )   10027   0.334%  99.412% 
[   14000,   16000 )   10097   0.337%  99.749% 
[   16000,   18000 )    3360   0.112%  99.861% 
[   18000,   20000 )    1023   0.034%  99.895% 
[   20000,   25000 )    1209   0.040%  99.935% 
[   25000,   30000 )     475   0.016%  99.951% 
[   30000,   35000 )     182   0.006%  99.957% 
[   35000,   40000 )      78   0.003%  99.960% 
[   40000,   45000 )     268   0.009%  99.969% 
[   45000,   50000 )     220   0.007%  99.976% 
[   50000,   60000 )     311   0.010%  99.987% 
[   60000,   70000 )     250   0.008%  99.995% 
[   70000,   80000 )      27   0.001%  99.996% 
[   80000,   90000 )       1   0.000%  99.996% 
[   90000,  100000 )       7   0.000%  99.996% 
[  100000,  120000 )      26   0.001%  99.997% 
[  120000,  140000 )      30   0.001%  99.998% 
[  350000,  400000 )      32   0.001%  99.999% 
[ 1200000, 1400000 )      32   0.001% 100.000% 

Read info: 
Count: 0  Average: 0.0000  StdDev: 0.00
Percentiles(us): P50: -nan P90: -nan P99: -nan P99.9: -nan P99.99: -nan
------------------------------------------------------

Write info: 
Count: 3000000  Average: 384.0640  StdDev: 5003.53
Percentiles(us): P50: 155.62 P90: 299.37 P99: 11172.99 P99.9: 20612.08 P99.99: 64200.00
------------------------------------------------------
[      45,      50 )      99   0.003%   0.003% 
[      50,      60 )   22185   0.740%   0.743% 
[      60,      70 )   75469   2.516%   3.258% #
[      70,      80 )   94682   3.156%   6.415% #
[      80,      90 )  138082   4.603%  11.017% #
[      90,     100 )  180971   6.032%  17.050% #
[     100,     120 )  390786  13.026%  30.076% ###
[     120,     140 )  346949  11.565%  41.641% ##
[     140,     160 )  321183  10.706%  52.347% ##
[     160,     180 )  294139   9.805%  62.152% ##
[     180,     200 )  240540   8.018%  70.169% ##
[     200,     250 )  393555  13.119%  83.288% ###
[     250,     300 )  203928   6.798%  90.086% #
[     300,     350 )  111115   3.704%  93.789% #
[     350,     400 )   63480   2.116%  95.905% 
[     400,     450 )   36248   1.208%  97.114% 
[     450,     500 )   20561   0.685%  97.799% 
[     500,     600 )   17614   0.587%  98.386% 
[     600,     700 )    5077   0.169%  98.555% 
[     700,     800 )    1546   0.052%  98.607% 
[     800,     900 )     533   0.018%  98.625% 
[     900,    1000 )     247   0.008%  98.633% 
[    1000,    1200 )     298   0.010%  98.643% 
[    1200,    1400 )     229   0.008%  98.651% 
[    1400,    1600 )     233   0.008%  98.658% 
[    1600,    1800 )     169   0.006%  98.664% 
[    1800,    2000 )     169   0.006%  98.670% 
[    2000,    2500 )     409   0.014%  98.683% 
[    2500,    3000 )     233   0.008%  98.691% 
[    3000,    3500 )     247   0.008%  98.699% 
[    3500,    4000 )     326   0.011%  98.710% 
[    4000,    4500 )     233   0.008%  98.718% 
[    4500,    5000 )     197   0.007%  98.724% 
[    5000,    6000 )     431   0.014%  98.739% 
[    6000,    7000 )     627   0.021%  98.760% 
[    7000,    8000 )    1223   0.041%  98.800% 
[    8000,    9000 )    1292   0.043%  98.844% 
[    9000,   10000 )    1369   0.046%  98.889% 
[   10000,   12000 )    5671   0.189%  99.078% 
[   12000,   14000 )   10027   0.334%  99.412% 
[   14000,   16000 )   10097   0.337%  99.749% 
[   16000,   18000 )    3360   0.112%  99.861% 
[   18000,   20000 )    1023   0.034%  99.895% 
[   20000,   25000 )    1209   0.040%  99.935% 
[   25000,   30000 )     475   0.016%  99.951% 
[   30000,   35000 )     182   0.006%  99.957% 
[   35000,   40000 )      78   0.003%  99.960% 
[   40000,   45000 )     268   0.009%  99.969% 
[   45000,   50000 )     220   0.007%  99.976% 
[   50000,   60000 )     311   0.010%  99.987% 
[   60000,   70000 )     250   0.008%  99.995% 
[   70000,   80000 )      27   0.001%  99.996% 
[   80000,   90000 )       1   0.000%  99.996% 
[   90000,  100000 )       7   0.000%  99.996% 
[  100000,  120000 )      26   0.001%  99.997% 
[  120000,  140000 )      30   0.001%  99.998% 
[  350000,  400000 )      32   0.001%  99.999% 
[ 1200000, 1400000 )      32   0.001% 100.000% 


