
nofdb	workloads/workloadg_zipfian.spec	32
# Load duration (sec): 32.6127
# Loading records:	3000000
# Load throughput (KOPS): 91.9886
Count: 3000000  Average: 341.3575  StdDev: 1515.79
Percentiles(us): P50: 154.40 P90: 331.12 P99: 10087.84 P99.9: 18203.36 P99.99: 28269.23
------------------------------------------------------
[      45,      50 )     176   0.006%   0.006% 
[      50,      60 )   49889   1.663%   1.669% 
[      60,      70 )  132209   4.407%   6.076% #
[      70,      80 )  162426   5.414%  11.490% #
[      80,      90 )  166618   5.554%  17.044% #
[      90,     100 )  159257   5.309%  22.353% #
[     100,     120 )  295364   9.845%  32.198% ##
[     120,     140 )  318582  10.619%  42.817% ##
[     140,     160 )  299297   9.977%  52.794% ##
[     160,     180 )  246358   8.212%  61.006% ##
[     180,     200 )  204272   6.809%  67.815% #
[     200,     250 )  360696  12.023%  79.838% ##
[     250,     300 )  220687   7.356%  87.194% #
[     300,     350 )  135218   4.507%  91.702% #
[     350,     400 )   84268   2.809%  94.511% #
[     400,     450 )   51551   1.718%  96.229% 
[     450,     500 )   30480   1.016%  97.245% 
[     500,     600 )   28470   0.949%  98.194% 
[     600,     700 )    9157   0.305%  98.499% 
[     700,     800 )    2877   0.096%  98.595% 
[     800,     900 )     923   0.031%  98.626% 
[     900,    1000 )     452   0.015%  98.641% 
[    1000,    1200 )     579   0.019%  98.660% 
[    1200,    1400 )     443   0.015%  98.675% 
[    1400,    1600 )     319   0.011%  98.686% 
[    1600,    1800 )     278   0.009%  98.695% 
[    1800,    2000 )     299   0.010%  98.705% 
[    2000,    2500 )     813   0.027%  98.732% 
[    2500,    3000 )     710   0.024%  98.756% 
[    3000,    3500 )     559   0.019%  98.774% 
[    3500,    4000 )     503   0.017%  98.791% 
[    4000,    4500 )     446   0.015%  98.806% 
[    4500,    5000 )     472   0.016%  98.822% 
[    5000,    6000 )     755   0.025%  98.847% 
[    6000,    7000 )     668   0.022%  98.869% 
[    7000,    8000 )     690   0.023%  98.892% 
[    8000,    9000 )     937   0.031%  98.923% 
[    9000,   10000 )    2046   0.068%  98.991% 
[   10000,   12000 )    5829   0.194%  99.186% 
[   12000,   14000 )    8912   0.297%  99.483% 
[   14000,   16000 )    8430   0.281%  99.764% 
[   16000,   18000 )    3885   0.130%  99.893% 
[   18000,   20000 )    1967   0.066%  99.959% 
[   20000,   25000 )     763   0.025%  99.984% 
[   25000,   30000 )     260   0.009%  99.993% 
[   30000,   35000 )     123   0.004%  99.997% 
[   35000,   40000 )      72   0.002% 100.000% 
[   40000,   45000 )      10   0.000% 100.000% 
[   45000,   50000 )       2   0.000% 100.000% 
[   50000,   60000 )       3   0.000% 100.000% 


# Run duration (sec): 40.8711
# Run operations:	3000000
# Run throughput (KOPS): 73.4015
Count: 3000000  Average: 427.1421  StdDev: 3025.51
Percentiles(us): P50: 156.61 P90: 354.69 P99: 11632.77 P99.9: 22804.01 P99.99: 80239.23
------------------------------------------------------
[      45,      50 )     109   0.004%   0.004% 
[      50,      60 )   69650   2.322%   2.325% 
[      60,      70 )  173847   5.795%   8.120% #
[      70,      80 )  177400   5.913%  14.034% #
[      80,      90 )  158389   5.280%  19.313% #
[      90,     100 )  143479   4.783%  24.096% #
[     100,     120 )  258996   8.633%  32.729% ##
[     120,     140 )  296021   9.867%  42.596% ##
[     140,     160 )  267489   8.916%  51.513% ##
[     160,     180 )  220788   7.360%  58.872% #
[     180,     200 )  190824   6.361%  65.233% #
[     200,     250 )  355783  11.859%  77.093% ##
[     250,     300 )  229870   7.662%  84.755% ##
[     300,     350 )  148355   4.945%  89.700% #
[     350,     400 )   96026   3.201%  92.901% #
[     400,     450 )   60927   2.031%  94.932% 
[     450,     500 )   37946   1.265%  96.197% 
[     500,     600 )   37594   1.253%  97.450% 
[     600,     700 )   13524   0.451%  97.901% 
[     700,     800 )    4588   0.153%  98.053% 
[     800,     900 )    1651   0.055%  98.109% 
[     900,    1000 )     678   0.023%  98.131% 
[    1000,    1200 )     813   0.027%  98.158% 
[    1200,    1400 )     742   0.025%  98.183% 
[    1400,    1600 )     752   0.025%  98.208% 
[    1600,    1800 )     666   0.022%  98.230% 
[    1800,    2000 )     652   0.022%  98.252% 
[    2000,    2500 )    1626   0.054%  98.306% 
[    2500,    3000 )    1374   0.046%  98.352% 
[    3000,    3500 )    1012   0.034%  98.386% 
[    3500,    4000 )     963   0.032%  98.418% 
[    4000,    4500 )     839   0.028%  98.446% 
[    4500,    5000 )     765   0.026%  98.471% 
[    5000,    6000 )    1731   0.058%  98.529% 
[    6000,    7000 )    1876   0.063%  98.592% 
[    7000,    8000 )    1777   0.059%  98.651% 
[    8000,    9000 )    2000   0.067%  98.717% 
[    9000,   10000 )    2898   0.097%  98.814% 
[   10000,   12000 )    6835   0.228%  99.042% 
[   12000,   14000 )    9231   0.308%  99.350% 
[   14000,   16000 )    9554   0.318%  99.668% 
[   16000,   18000 )    3758   0.125%  99.793% 
[   18000,   20000 )    2418   0.081%  99.874% 
[   20000,   25000 )    1398   0.047%  99.920% 
[   25000,   30000 )     501   0.017%  99.937% 
[   30000,   35000 )      60   0.002%  99.939% 
[   35000,   40000 )     155   0.005%  99.944% 
[   40000,   45000 )      55   0.002%  99.946% 
[   45000,   50000 )     204   0.007%  99.953% 
[   50000,   60000 )     455   0.015%  99.968% 
[   60000,   70000 )     313   0.010%  99.979% 
[   70000,   80000 )     338   0.011%  99.990% 
[   80000,   90000 )     209   0.007%  99.997% 
[  250000,  300000 )      32   0.001%  99.998% 
[  300000,  350000 )      32   0.001%  99.999% 
[  400000,  450000 )      32   0.001% 100.000% 

Read info: 
Count: 0  Average: 0.0000  StdDev: 0.00
Percentiles(us): P50: -nan P90: -nan P99: -nan P99.9: -nan P99.99: -nan
------------------------------------------------------

Write info: 
Count: 3000000  Average: 427.1421  StdDev: 3025.51
Percentiles(us): P50: 156.61 P90: 354.69 P99: 11632.77 P99.9: 22804.01 P99.99: 80239.23
------------------------------------------------------
[      45,      50 )     109   0.004%   0.004% 
[      50,      60 )   69650   2.322%   2.325% 
[      60,      70 )  173847   5.795%   8.120% #
[      70,      80 )  177400   5.913%  14.034% #
[      80,      90 )  158389   5.280%  19.313% #
[      90,     100 )  143479   4.783%  24.096% #
[     100,     120 )  258996   8.633%  32.729% ##
[     120,     140 )  296021   9.867%  42.596% ##
[     140,     160 )  267489   8.916%  51.513% ##
[     160,     180 )  220788   7.360%  58.872% #
[     180,     200 )  190824   6.361%  65.233% #
[     200,     250 )  355783  11.859%  77.093% ##
[     250,     300 )  229870   7.662%  84.755% ##
[     300,     350 )  148355   4.945%  89.700% #
[     350,     400 )   96026   3.201%  92.901% #
[     400,     450 )   60927   2.031%  94.932% 
[     450,     500 )   37946   1.265%  96.197% 
[     500,     600 )   37594   1.253%  97.450% 
[     600,     700 )   13524   0.451%  97.901% 
[     700,     800 )    4588   0.153%  98.053% 
[     800,     900 )    1651   0.055%  98.109% 
[     900,    1000 )     678   0.023%  98.131% 
[    1000,    1200 )     813   0.027%  98.158% 
[    1200,    1400 )     742   0.025%  98.183% 
[    1400,    1600 )     752   0.025%  98.208% 
[    1600,    1800 )     666   0.022%  98.230% 
[    1800,    2000 )     652   0.022%  98.252% 
[    2000,    2500 )    1626   0.054%  98.306% 
[    2500,    3000 )    1374   0.046%  98.352% 
[    3000,    3500 )    1012   0.034%  98.386% 
[    3500,    4000 )     963   0.032%  98.418% 
[    4000,    4500 )     839   0.028%  98.446% 
[    4500,    5000 )     765   0.026%  98.471% 
[    5000,    6000 )    1731   0.058%  98.529% 
[    6000,    7000 )    1876   0.063%  98.592% 
[    7000,    8000 )    1777   0.059%  98.651% 
[    8000,    9000 )    2000   0.067%  98.717% 
[    9000,   10000 )    2898   0.097%  98.814% 
[   10000,   12000 )    6835   0.228%  99.042% 
[   12000,   14000 )    9231   0.308%  99.350% 
[   14000,   16000 )    9554   0.318%  99.668% 
[   16000,   18000 )    3758   0.125%  99.793% 
[   18000,   20000 )    2418   0.081%  99.874% 
[   20000,   25000 )    1398   0.047%  99.920% 
[   25000,   30000 )     501   0.017%  99.937% 
[   30000,   35000 )      60   0.002%  99.939% 
[   35000,   40000 )     155   0.005%  99.944% 
[   40000,   45000 )      55   0.002%  99.946% 
[   45000,   50000 )     204   0.007%  99.953% 
[   50000,   60000 )     455   0.015%  99.968% 
[   60000,   70000 )     313   0.010%  99.979% 
[   70000,   80000 )     338   0.011%  99.990% 
[   80000,   90000 )     209   0.007%  99.997% 
[  250000,  300000 )      32   0.001%  99.998% 
[  300000,  350000 )      32   0.001%  99.999% 
[  400000,  450000 )      32   0.001% 100.000% 


