
Node Configure: 
    Node ID: 2
    Node IP: 10.10.1.4
    Listen IP: 0.0.0.0
    Ports: 50051,50052,50053,50054,50055,50056,50057,50058,50059,50060,50061,50062,50063,50064,50065,50066
    KVDB num (at start): 1
    Server thread num (of each KVDB): 16
    CPU cores num: 35
    KVDB base path: /mnt/nofdb/rocksdb

[INFO] Using RPC to make replicas
[INFO] CPU monitor is enabled
[INFO] Stats recorder is enabled

[INFO] RocksDB opened at: /mnt/nofdb/rocksdb0
[INFO] NoFDBKVS No.0 initialized, belongs to node_id: 2
[INFO] Tagged worker 0 is bound to core 3
[INFO] Tagged worker 1 is bound to core 5
[INFO] Tagged worker 3 is bound to core 9
[INFO] Tagged worker 5 is bound to core 13
[INFO] Tagged worker 2 is bound to core 7
[INFO] Tagged worker 4 is bound to core 11
[INFO] Tagged worker 6 is bound to core 15
[INFO] Tagged worker 8 is bound to core 19
[INFO] Tagged worker 7 is bound to core 17
[INFO] Tagged worker 11 is bound to core 25
[INFO] Tagged worker 9 is bound to core 23
[INFO] Tagged worker 10 is bound to core 21
[INFO] Tagged worker 12 is bound to core 27
[INFO] Tagged worker 13 is bound to core 29
[INFO] Tagged worker 14 is bound to core 31
[INFO] Tagged worker 15 is bound to core 33
[INFO] Tagged worker 16 is bound to core 35
[INFO] NoFDBKVS No.0 -- Server No.2 is listening on 0.0.0.0:50053
[INFO] NoFDBKVS No.0 -- Server No.1 is listening on 0.0.0.0:50052
[INFO] NoFDBKVS No.0 -- Server No.7 is listening on 0.0.0.0:50058
[INFO] NoFDBKVS No.0 -- Server No.5 is listening on 0.0.0.0:50056
[INFO] NoFDBKVS No.0 -- Server No.14 is listening on 0.0.0.0:50065
[INFO] NoFDBKVS No.0 -- Server No.13 is listening on 0.0.0.0:50064
[INFO] NoFDBKVS No.0 -- Server No.15 is listening on 0.0.0.0:50066
[INFO] NoFDBKVS No.0 -- Server No.9 is listening on 0.0.0.0:50060
[INFO] NoFDBKVS No.0 -- Server No.11 is listening on 0.0.0.0:50062
[INFO] NoFDBKVS No.0 -- Server No.3 is listening on 0.0.0.0:50054
[INFO] NoFDBKVS No.0 -- Server No.8 is listening on 0.0.0.0:50059
[INFO] NoFDBKVS No.0 -- Server No.0 is listening on 0.0.0.0:50051
[INFO] NoFDBKVS No.0 -- Server No.4 is listening on 0.0.0.0:50055
[INFO] NoFDBKVS No.0 -- Server No.6 is listening on 0.0.0.0:50057
[INFO] NoFDBKVS No.0 -- Server No.12 is listening on 0.0.0.0:50063
[INFO] NoFDBKVS No.0 -- Server No.10 is listening on 0.0.0.0:50061
[INFO] Node No.2 Configure Table is generated
[INFO] Maintainer is listening on 0.0.0.0:50050

Maintainer received PAUSE signal

===== Load Statistics: 
Total requests: 999998
Total bytes: 1023997952
Avg DB latency (us): 27.60, P90 (us): 30.04, P99 (us): 35.85, P99.9 (us): 581.59
Avg process latency (us): 50.04, P90 (us): 91.28, P99 (us): 239.52, P99.9 (us): 758.98
Avg CPU utilization (percent): 1705.33
Eplased time (sec): 153.03
Throughput (MB/s): 6.38
QPS (k): 6.53

---------- RPC REPLICA STATISTICS ----------
Avg all replicas latency (us): 95.81, P90 (us): 159.40, P99 (us): 311.43, P99.9 (us): 973.32
Avg local DB latency (us): 28.54, P90 (us): 31.03, P99 (us): 36.95, P99.9 (us): 612.12
Avg send latency (us): 44.90, P90 (us): 66.47, P99 (us): 115.17, P99.9 (us): 144.81
Avg receive latency (us): 5228555137953317.00, P90 (us): 9223372036854772.00, P99 (us): 9223372036854776.00, P99.9 (us): 9223372036854776.00
Avg remote process latency (us): 27.21


===== Stage End =====

Maintainer received STOP signal

===== Transaction Statistics: 
Total requests: 3613
Total bytes: 3699712
Avg DB latency (us): 100.86, P90 (us): 264.61, P99 (us): 361.44, P99.9 (us): 638.85
Avg process latency (us): 100.92, P90 (us): 264.66, P99 (us): 361.48, P99.9 (us): 638.90
Avg CPU utilization (percent): 1700.35
Eplased time (sec): 2.01
Throughput (MB/s): 1.76
QPS (k): 1.80

===== Stage End =====

[INFO] Stats recorder is shutting down......
[INFO] NoFDBKVS No.0 -- Server No.2 is shutting down......
[INFO] NoFDBKVS No.0 -- Server No.1 is shutting down......
[INFO] NoFDBKVS No.0 -- Server No.15 is shutting down......
[INFO] NoFDBKVS No.0 -- Server No.4 is shutting down......
[INFO] NoFDBKVS No.0 -- Server No.10 is shutting down......
[INFO] NoFDBKVS No.0 -- Server No.3 is shutting down......
[INFO] NoFDBKVS No.0 -- Server No.11 is shutting down......
[INFO] NoFDBKVS No.0 -- Server No.7 is shutting down......
[INFO] NoFDBKVS No.0 -- Server No.9 is shutting down......
[INFO] NoFDBKVS No.0 -- Server No.6 is shutting down......
[INFO] NoFDBKVS No.0 -- Server No.14 is shutting down......
[INFO] NoFDBKVS No.0 -- Server No.0 is shutting down......
[INFO] NoFDBKVS No.0 -- Server No.8 is shutting down......
[INFO] NoFDBKVS No.0 -- Server No.13 is shutting down......
[INFO] NoFDBKVS No.0 -- Server No.12 is shutting down......
[INFO] NoFDBKVS No.0 -- Server No.5 is shutting down......
[INFO] NoFDBKVS No.0 is shutting down......
[INFO] Maintainer is shutting down......
[INFO] CPU Monitor is shutting down......
