
Node Configure: 
    Node ID: 2
    Node IP: 10.10.1.4
    Listen IP: 0.0.0.0
    Ports: 50051,50052,50053,50054,50055,50056,50057,50058,50059,50060,50061,50062,50063,50064,50065,50066
    KVDB num (at start): 1
    Server thread num (of each KVDB): 16
    CPU cores num: 35
    KVDB base path: /mnt/nofdb/rocksdb

[INFO] Using RPC to make replicas
[INFO] CPU monitor is enabled
[INFO] Stats recorder is enabled

[INFO] RocksDB opened at: /mnt/nofdb/rocksdb0
[INFO] NoFDBKVS No.0 initialized, belongs to node_id: 2
[INFO] Tagged worker 0 is bound to core 3
[INFO] Tagged worker 2 is bound to core 7
[INFO] Tagged worker 1 is bound to core 5
[INFO] Tagged worker 4 is bound to core 11
[INFO] Tagged worker 5 is bound to core 13
[INFO] Tagged worker 3 is bound to core 9
[INFO] Tagged worker 6 is bound to core 15
[INFO] Tagged worker 7 is bound to core 19
[INFO] Tagged worker 8 is bound to core 17
[INFO] Tagged worker 9 is bound to core 21
[INFO] Tagged worker 10 is bound to core 23
[INFO] Tagged worker 11 is bound to core 25
[INFO] Tagged worker 12 is bound to core 27
[INFO] Tagged worker 13 is bound to core 29
[INFO] Tagged worker 14 is bound to core 31
[INFO] Tagged worker 16 is bound to core 35
[INFO] Tagged worker 15 is bound to core 33
[INFO] NoFDBKVS No.0 -- Server No.8 is listening on 0.0.0.0:50059
[INFO] NoFDBKVS No.0 -- Server No.10 is listening on 0.0.0.0:50061
[INFO] NoFDBKVS No.0 -- Server No.13 is listening on 0.0.0.0:50064
[INFO] NoFDBKVS No.0 -- Server No.7 is listening on 0.0.0.0:50058
[INFO] NoFDBKVS No.0 -- Server No.3 is listening on 0.0.0.0:50054
[INFO] NoFDBKVS No.0 -- Server No.9 is listening on 0.0.0.0:50060
[INFO] NoFDBKVS No.0 -- Server No.11 is listening on 0.0.0.0:50062
[INFO] NoFDBKVS No.0 -- Server No.14 is listening on 0.0.0.0:50065
[INFO] NoFDBKVS No.0 -- Server No.5 is listening on 0.0.0.0:50056
[INFO] NoFDBKVS No.0 -- Server No.2 is listening on 0.0.0.0:50053
[INFO] NoFDBKVS No.0 -- Server No.1 is listening on 0.0.0.0:50052
[INFO] NoFDBKVS No.0 -- Server No.4 is listening on 0.0.0.0:50055
[INFO] NoFDBKVS No.0 -- Server No.15 is listening on 0.0.0.0:50066
[INFO] NoFDBKVS No.0 -- Server No.6 is listening on 0.0.0.0:50057
[INFO] NoFDBKVS No.0 -- Server No.0 is listening on 0.0.0.0:50051
[INFO] NoFDBKVS No.0 -- Server No.12 is listening on 0.0.0.0:50063
[INFO] Node No.2 Configure Table is generated
[INFO] Maintainer is listening on 0.0.0.0:50050

Maintainer received PAUSE signal

===== Load Statistics: 
Total requests: 7999998
Total bytes: 8191997952
Avg DB latency (us): 27.64, P90 (us): 29.52, P99 (us): 34.45, P99.9 (us): 514.30
Avg process latency (us): 128.05, P90 (us): 324.06, P99 (us): 466.40, P99.9 (us): 4013.37
Avg CPU utilization (percent): 1769.63
Eplased time (sec): 470.22
Throughput (MB/s): 16.61
QPS (k): 17.01

---------- RPC REPLICA STATISTICS ----------
Avg all replicas latency (us): 329.46, P90 (us): 385.80, P99 (us): 2770.09, P99.9 (us): 4311.43
Avg local DB latency (us): 28.32, P90 (us): 30.20, P99 (us): 35.16, P99.9 (us): 470.15
Avg send latency (us): 9055898491622052.00, P90 (us): 9223372036854704.00, P99 (us): 9223372036854758.00, P99.9 (us): 9223372036854774.00
Avg receive latency (us): 382.45, P90 (us): 484.52, P99 (us): 620.45, P99.9 (us): 3923.17
Avg remote process latency (us): 27.27


===== Stage End =====

Maintainer received STOP signal

===== Transaction Statistics: 
Total requests: 3228
Total bytes: 3305472
Avg DB latency (us): 211.93, P90 (us): 364.61, P99 (us): 465.75, P99.9 (us): 889.01
Avg process latency (us): 211.98, P90 (us): 364.66, P99 (us): 465.82, P99.9 (us): 889.06
Avg CPU utilization (percent): 1721.75
Eplased time (sec): 1.20
Throughput (MB/s): 2.62
QPS (k): 2.68

===== Stage End =====

[INFO] Stats recorder is shutting down......
[INFO] NoFDBKVS No.0 -- Server No.11 is shutting down......
[INFO] NoFDBKVS No.0 -- Server No.7 is shutting down......
[INFO] NoFDBKVS No.0 -- Server No.13 is shutting down......
[INFO] NoFDBKVS No.0 -- Server No.4 is shutting down......
[INFO] NoFDBKVS No.0 -- Server No.0 is shutting down......
[INFO] NoFDBKVS No.0 -- Server No.15 is shutting down......
[INFO] NoFDBKVS No.0 -- Server No.10 is shutting down......
[INFO] NoFDBKVS No.0 -- Server No.14 is shutting down......
[INFO] NoFDBKVS No.0 -- Server No.1 is shutting down......
[INFO] NoFDBKVS No.0 -- Server No.9 is shutting down......
[INFO] NoFDBKVS No.0 -- Server No.6 is shutting down......
[INFO] NoFDBKVS No.0 -- Server No.2 is shutting down......
[INFO] NoFDBKVS No.0 -- Server No.8 is shutting down......
[INFO] NoFDBKVS No.0 -- Server No.3 is shutting down......
[INFO] NoFDBKVS No.0 -- Server No.12 is shutting down......
[INFO] NoFDBKVS No.0 -- Server No.5 is shutting down......
[INFO] NoFDBKVS No.0 is shutting down......
[INFO] Maintainer is shutting down......
[INFO] CPU Monitor is shutting down......
