
nofdb	workloads/workloadg_uniform.spec	32
# Load duration (sec): 548.251
# Loading records:	30000000
# Load throughput (KOPS): 54.7195
Count: 30000000  Average: 583.5294  StdDev: 4375.53
Percentiles(us): P50: 150.21 P90: 454.59 P99: 14618.60 P99.9: 30879.61 P99.99: 58322.26
------------------------------------------------------
[      70,      80 )    4286   0.014%   0.014% 
[      80,      90 )  448628   1.495%   1.510% 
[      90,     100 ) 2617384   8.725%  10.234% ##
[     100,     120 ) 6340083  21.134%  31.368% ####
[     120,     140 ) 4163423  13.878%  45.246% ###
[     140,     160 ) 2793514   9.312%  54.558% ##
[     160,     180 ) 2445564   8.152%  62.710% ##
[     180,     200 ) 1819748   6.066%  68.775% #
[     200,     250 ) 2733785   9.113%  77.888% ##
[     250,     300 ) 1539906   5.133%  83.021% #
[     300,     350 )  976999   3.257%  86.278% #
[     350,     400 )  656201   2.187%  88.465% 
[     400,     450 )  432991   1.443%  89.908% 
[     450,     500 )  299409   0.998%  90.906% 
[     500,     600 )  395654   1.319%  92.225% 
[     600,     700 )  245129   0.817%  93.042% 
[     700,     800 )  200133   0.667%  93.709% 
[     800,     900 )  136575   0.455%  94.165% 
[     900,    1000 )  106707   0.356%  94.520% 
[    1000,    1200 )  192417   0.641%  95.162% 
[    1200,    1400 )  133075   0.444%  95.605% 
[    1400,    1600 )  115877   0.386%  95.992% 
[    1600,    1800 )   99987   0.333%  96.325% 
[    1800,    2000 )   85632   0.285%  96.610% 
[    2000,    2500 )  151731   0.506%  97.116% 
[    2500,    3000 )   92166   0.307%  97.423% 
[    3000,    3500 )   56223   0.187%  97.611% 
[    3500,    4000 )   37918   0.126%  97.737% 
[    4000,    4500 )   26423   0.088%  97.825% 
[    4500,    5000 )   20116   0.067%  97.892% 
[    5000,    6000 )   27757   0.093%  97.985% 
[    6000,    7000 )   19027   0.063%  98.048% 
[    7000,    8000 )   14822   0.049%  98.098% 
[    8000,    9000 )   17498   0.058%  98.156% 
[    9000,   10000 )   23529   0.078%  98.234% 
[   10000,   12000 )   67183   0.224%  98.458% 
[   12000,   14000 )  121387   0.405%  98.863% 
[   14000,   16000 )  132923   0.443%  99.306% 
[   16000,   18000 )   77312   0.258%  99.564% 
[   18000,   20000 )   35616   0.119%  99.682% 
[   20000,   25000 )   41670   0.139%  99.821% 
[   25000,   30000 )   21514   0.072%  99.893% 
[   30000,   35000 )   11812   0.039%  99.932% 
[   35000,   40000 )    7514   0.025%  99.957% 
[   40000,   45000 )    4910   0.016%  99.974% 
[   45000,   50000 )    2838   0.009%  99.983% 
[   50000,   60000 )    2408   0.008%  99.991% 
[   60000,   70000 )     887   0.003%  99.994% 
[   70000,   80000 )     533   0.002%  99.996% 
[   80000,   90000 )     291   0.001%  99.997% 
[   90000,  100000 )     129   0.000%  99.997% 
[  100000,  120000 )      97   0.000%  99.998% 
[  120000,  140000 )      52   0.000%  99.998% 
[  140000,  160000 )     126   0.000%  99.998% 
[  160000,  180000 )      18   0.000%  99.998% 
[  180000,  200000 )      77   0.000%  99.999% 
[  200000,  250000 )      65   0.000%  99.999% 
[  250000,  300000 )      81   0.000%  99.999% 
[  300000,  350000 )      17   0.000%  99.999% 
[  350000,  400000 )      31   0.000%  99.999% 
[  400000,  450000 )      32   0.000%  99.999% 
[  500000,  600000 )      32   0.000% 100.000% 
[  600000,  700000 )      32   0.000% 100.000% 
[  800000,  900000 )       7   0.000% 100.000% 
[  900000, 1000000 )      33   0.000% 100.000% 
[ 1000000, 1200000 )      24   0.000% 100.000% 
[ 2500000, 3000000 )      32   0.000% 100.000% 


---------- RPC REPLICA STATISTICS -----------
Avg send latency (us):	6.1489e+11
Avg receive latency (us):	1.89269e+06

# Run duration (sec): 572.741
# Run operations:	30000000
# Run throughput (KOPS): 52.3797
Count: 30000000  Average: 609.5120  StdDev: 3172.41
Percentiles(us): P50: 151.16 P90: 415.18 P99: 14776.46 P99.9: 41332.50 P99.99: 94046.20
------------------------------------------------------
[      70,      80 )     227   0.001%   0.001% 
[      80,      90 )  152060   0.507%   0.508% 
[      90,     100 ) 1940176   6.467%   6.975% #
[     100,     120 ) 6762811  22.543%  29.518% #####
[     120,     140 ) 4484513  14.948%  44.466% ###
[     140,     160 ) 2976431   9.921%  54.387% ##
[     160,     180 ) 2526820   8.423%  62.810% ##
[     180,     200 ) 1954231   6.514%  69.324% #
[     200,     250 ) 2868845   9.563%  78.887% ##
[     250,     300 ) 1567935   5.226%  84.113% #
[     300,     350 )  984295   3.281%  87.394% #
[     350,     400 )  654171   2.181%  89.575% 
[     400,     450 )  419853   1.400%  90.975% 
[     450,     500 )  273393   0.911%  91.886% 
[     500,     600 )  340571   1.135%  93.021% 
[     600,     700 )  206275   0.688%  93.709% 
[     700,     800 )  166134   0.554%  94.262% 
[     800,     900 )  108216   0.361%  94.623% 
[     900,    1000 )   83159   0.277%  94.900% 
[    1000,    1200 )  157501   0.525%  95.425% 
[    1200,    1400 )  107218   0.357%  95.783% 
[    1400,    1600 )   97176   0.324%  96.107% 
[    1600,    1800 )   82838   0.276%  96.383% 
[    1800,    2000 )   72833   0.243%  96.626% 
[    2000,    2500 )  137137   0.457%  97.083% 
[    2500,    3000 )   89814   0.299%  97.382% 
[    3000,    3500 )   57836   0.193%  97.575% 
[    3500,    4000 )   38257   0.128%  97.702% 
[    4000,    4500 )   25517   0.085%  97.787% 
[    4500,    5000 )   19016   0.063%  97.851% 
[    5000,    6000 )   26511   0.088%  97.939% 
[    6000,    7000 )   19053   0.064%  98.003% 
[    7000,    8000 )   15076   0.050%  98.053% 
[    8000,    9000 )   18664   0.062%  98.115% 
[    9000,   10000 )   26293   0.088%  98.203% 
[   10000,   12000 )   67137   0.224%  98.427% 
[   12000,   14000 )  120758   0.403%  98.829% 
[   14000,   16000 )  132006   0.440%  99.269% 
[   16000,   18000 )   71664   0.239%  99.508% 
[   18000,   20000 )   32176   0.107%  99.615% 
[   20000,   25000 )   38880   0.130%  99.745% 
[   25000,   30000 )   23266   0.078%  99.822% 
[   30000,   35000 )   12925   0.043%  99.866% 
[   35000,   40000 )    8632   0.029%  99.894% 
[   40000,   45000 )    6379   0.021%  99.916% 
[   45000,   50000 )    4904   0.016%  99.932% 
[   50000,   60000 )    6959   0.023%  99.955% 
[   60000,   70000 )    4240   0.014%  99.969% 
[   70000,   80000 )    3566   0.012%  99.981% 
[   80000,   90000 )    2109   0.007%  99.988% 
[   90000,  100000 )    1342   0.004%  99.993% 
[  100000,  120000 )    1112   0.004%  99.996% 
[  120000,  140000 )     444   0.001%  99.998% 
[  140000,  160000 )     292   0.001%  99.999% 
[  160000,  180000 )      93   0.000%  99.999% 
[  180000,  200000 )     122   0.000% 100.000% 
[  200000,  250000 )     138   0.000% 100.000% 

Read info: 
Count: 0  Average: 0.0000  StdDev: 0.00
Percentiles(us): P50: -nan P90: -nan P99: -nan P99.9: -nan P99.99: -nan
------------------------------------------------------

Write info: 
Count: 30000000  Average: 609.5120  StdDev: 3172.41
Percentiles(us): P50: 151.16 P90: 415.18 P99: 14776.46 P99.9: 41332.50 P99.99: 94046.20
------------------------------------------------------
[      70,      80 )     227   0.001%   0.001% 
[      80,      90 )  152060   0.507%   0.508% 
[      90,     100 ) 1940176   6.467%   6.975% #
[     100,     120 ) 6762811  22.543%  29.518% #####
[     120,     140 ) 4484513  14.948%  44.466% ###
[     140,     160 ) 2976431   9.921%  54.387% ##
[     160,     180 ) 2526820   8.423%  62.810% ##
[     180,     200 ) 1954231   6.514%  69.324% #
[     200,     250 ) 2868845   9.563%  78.887% ##
[     250,     300 ) 1567935   5.226%  84.113% #
[     300,     350 )  984295   3.281%  87.394% #
[     350,     400 )  654171   2.181%  89.575% 
[     400,     450 )  419853   1.400%  90.975% 
[     450,     500 )  273393   0.911%  91.886% 
[     500,     600 )  340571   1.135%  93.021% 
[     600,     700 )  206275   0.688%  93.709% 
[     700,     800 )  166134   0.554%  94.262% 
[     800,     900 )  108216   0.361%  94.623% 
[     900,    1000 )   83159   0.277%  94.900% 
[    1000,    1200 )  157501   0.525%  95.425% 
[    1200,    1400 )  107218   0.357%  95.783% 
[    1400,    1600 )   97176   0.324%  96.107% 
[    1600,    1800 )   82838   0.276%  96.383% 
[    1800,    2000 )   72833   0.243%  96.626% 
[    2000,    2500 )  137137   0.457%  97.083% 
[    2500,    3000 )   89814   0.299%  97.382% 
[    3000,    3500 )   57836   0.193%  97.575% 
[    3500,    4000 )   38257   0.128%  97.702% 
[    4000,    4500 )   25517   0.085%  97.787% 
[    4500,    5000 )   19016   0.063%  97.851% 
[    5000,    6000 )   26511   0.088%  97.939% 
[    6000,    7000 )   19053   0.064%  98.003% 
[    7000,    8000 )   15076   0.050%  98.053% 
[    8000,    9000 )   18664   0.062%  98.115% 
[    9000,   10000 )   26293   0.088%  98.203% 
[   10000,   12000 )   67137   0.224%  98.427% 
[   12000,   14000 )  120758   0.403%  98.829% 
[   14000,   16000 )  132006   0.440%  99.269% 
[   16000,   18000 )   71664   0.239%  99.508% 
[   18000,   20000 )   32176   0.107%  99.615% 
[   20000,   25000 )   38880   0.130%  99.745% 
[   25000,   30000 )   23266   0.078%  99.822% 
[   30000,   35000 )   12925   0.043%  99.866% 
[   35000,   40000 )    8632   0.029%  99.894% 
[   40000,   45000 )    6379   0.021%  99.916% 
[   45000,   50000 )    4904   0.016%  99.932% 
[   50000,   60000 )    6959   0.023%  99.955% 
[   60000,   70000 )    4240   0.014%  99.969% 
[   70000,   80000 )    3566   0.012%  99.981% 
[   80000,   90000 )    2109   0.007%  99.988% 
[   90000,  100000 )    1342   0.004%  99.993% 
[  100000,  120000 )    1112   0.004%  99.996% 
[  120000,  140000 )     444   0.001%  99.998% 
[  140000,  160000 )     292   0.001%  99.999% 
[  160000,  180000 )      93   0.000%  99.999% 
[  180000,  200000 )     122   0.000% 100.000% 
[  200000,  250000 )     138   0.000% 100.000% 


