
nofdb	workloads/workloadg_zipfian.spec	32
# Load duration (sec): 546.783
# Loading records:	30000000
# Load throughput (KOPS): 54.8663
Count: 30000000  Average: 581.9269  StdDev: 4362.92
Percentiles(us): P50: 152.04 P90: 432.52 P99: 14624.83 P99.9: 33397.02 P99.99: 60170.32
------------------------------------------------------
[      70,      80 )    5759   0.019%   0.019% 
[      80,      90 )  603515   2.012%   2.031% 
[      90,     100 ) 2872515   9.575%  11.606% ##
[     100,     120 ) 5862506  19.542%  31.148% ####
[     120,     140 ) 3983945  13.280%  44.427% ###
[     140,     160 ) 2776940   9.256%  53.684% ##
[     160,     180 ) 2529626   8.432%  62.116% ##
[     180,     200 ) 1872598   6.242%  68.358% #
[     200,     250 ) 2886824   9.623%  77.981% ##
[     250,     300 ) 1650782   5.503%  83.483% #
[     300,     350 ) 1022353   3.408%  86.891% #
[     350,     400 )  660060   2.200%  89.091% 
[     400,     450 )  419121   1.397%  90.488% 
[     450,     500 )  284690   0.949%  91.437% 
[     500,     600 )  372583   1.242%  92.679% 
[     600,     700 )  224214   0.747%  93.427% 
[     700,     800 )  183574   0.612%  94.039% 
[     800,     900 )  125771   0.419%  94.458% 
[     900,    1000 )   98295   0.328%  94.786% 
[    1000,    1200 )  174817   0.583%  95.368% 
[    1200,    1400 )  121347   0.404%  95.773% 
[    1400,    1600 )  107279   0.358%  96.130% 
[    1600,    1800 )   96784   0.323%  96.453% 
[    1800,    2000 )   80206   0.267%  96.720% 
[    2000,    2500 )  143311   0.478%  97.198% 
[    2500,    3000 )   87450   0.291%  97.490% 
[    3000,    3500 )   52920   0.176%  97.666% 
[    3500,    4000 )   35105   0.117%  97.783% 
[    4000,    4500 )   23478   0.078%  97.861% 
[    4500,    5000 )   17683   0.059%  97.920% 
[    5000,    6000 )   24513   0.082%  98.002% 
[    6000,    7000 )   16866   0.056%  98.058% 
[    7000,    8000 )   13550   0.045%  98.103% 
[    8000,    9000 )   17024   0.057%  98.160% 
[    9000,   10000 )   24422   0.081%  98.241% 
[   10000,   12000 )   66297   0.221%  98.462% 
[   12000,   14000 )  120360   0.401%  98.864% 
[   14000,   16000 )  130970   0.437%  99.300% 
[   16000,   18000 )   74453   0.248%  99.548% 
[   18000,   20000 )   33877   0.113%  99.661% 
[   20000,   25000 )   40857   0.136%  99.797% 
[   25000,   30000 )   22048   0.073%  99.871% 
[   30000,   35000 )   12823   0.043%  99.914% 
[   35000,   40000 )    9190   0.031%  99.944% 
[   40000,   45000 )    6532   0.022%  99.966% 
[   45000,   50000 )    3847   0.013%  99.979% 
[   50000,   60000 )    3299   0.011%  99.990% 
[   60000,   70000 )    1233   0.004%  99.994% 
[   70000,   80000 )     615   0.002%  99.996% 
[   80000,   90000 )     195   0.001%  99.997% 
[   90000,  100000 )     176   0.001%  99.997% 
[  100000,  120000 )     198   0.001%  99.998% 
[  120000,  140000 )      57   0.000%  99.998% 
[  140000,  160000 )      57   0.000%  99.998% 
[  160000,  180000 )     112   0.000%  99.999% 
[  180000,  200000 )      26   0.000%  99.999% 
[  200000,  250000 )       2   0.000%  99.999% 
[  250000,  300000 )      71   0.000%  99.999% 
[  300000,  350000 )     119   0.000%  99.999% 
[  350000,  400000 )      32   0.000% 100.000% 
[  400000,  450000 )      32   0.000% 100.000% 
[  600000,  700000 )      32   0.000% 100.000% 
[  800000,  900000 )      32   0.000% 100.000% 
[ 2500000, 3000000 )      14   0.000% 100.000% 
[ 3000000, 3500000 )      18   0.000% 100.000% 


---------- RPC REPLICA STATISTICS -----------
Avg send latency (us):	6.1489e+11
Avg receive latency (us):	1.68689e+06

# Run duration (sec): 654.704
# Run operations:	30000000
# Run throughput (KOPS): 45.8222
Count: 30000000  Average: 696.8433  StdDev: 3304.07
Percentiles(us): P50: 159.49 P90: 538.46 P99: 15598.17 P99.9: 43563.68 P99.99: 88023.17
------------------------------------------------------
[      70,      80 )     417   0.001%   0.001% 
[      80,      90 )  203415   0.678%   0.679% 
[      90,     100 ) 2145409   7.151%   7.831% #
[     100,     120 ) 6120545  20.402%  28.233% ####
[     120,     140 ) 3921839  13.073%  41.305% ###
[     140,     160 ) 2677016   8.923%  50.229% ##
[     160,     180 ) 2414402   8.048%  58.277% ##
[     180,     200 ) 1856849   6.189%  64.466% #
[     200,     250 ) 2901488   9.672%  74.138% ##
[     250,     300 ) 1732695   5.776%  79.914% #
[     300,     350 ) 1141367   3.805%  83.718% #
[     350,     400 )  789451   2.632%  86.350% #
[     400,     450 )  533953   1.780%  88.129% 
[     450,     500 )  372443   1.241%  89.371% 
[     500,     600 )  490696   1.636%  91.007% 
[     600,     700 )  298186   0.994%  92.001% 
[     700,     800 )  230505   0.768%  92.769% 
[     800,     900 )  151115   0.504%  93.273% 
[     900,    1000 )  116979   0.390%  93.663% 
[    1000,    1200 )  204474   0.682%  94.344% 
[    1200,    1400 )  143230   0.477%  94.822% 
[    1400,    1600 )  123187   0.411%  95.232% 
[    1600,    1800 )  106696   0.356%  95.588% 
[    1800,    2000 )   94846   0.316%  95.904% 
[    2000,    2500 )  182579   0.609%  96.513% 
[    2500,    3000 )  119778   0.399%  96.912% 
[    3000,    3500 )   71922   0.240%  97.152% 
[    3500,    4000 )   46874   0.156%  97.308% 
[    4000,    4500 )   33240   0.111%  97.419% 
[    4500,    5000 )   24848   0.083%  97.501% 
[    5000,    6000 )   34244   0.114%  97.616% 
[    6000,    7000 )   23663   0.079%  97.695% 
[    7000,    8000 )   18738   0.062%  97.757% 
[    8000,    9000 )   21254   0.071%  97.828% 
[    9000,   10000 )   26857   0.090%  97.917% 
[   10000,   12000 )   71054   0.237%  98.154% 
[   12000,   14000 )  132630   0.442%  98.596% 
[   14000,   16000 )  151568   0.505%  99.102% 
[   16000,   18000 )   87749   0.292%  99.394% 
[   18000,   20000 )   41843   0.139%  99.533% 
[   20000,   25000 )   49895   0.166%  99.700% 
[   25000,   30000 )   26499   0.088%  99.788% 
[   30000,   35000 )   16948   0.056%  99.845% 
[   35000,   40000 )   10895   0.036%  99.881% 
[   40000,   45000 )    8024   0.027%  99.908% 
[   45000,   50000 )    5468   0.018%  99.926% 
[   50000,   60000 )    7323   0.024%  99.950% 
[   60000,   70000 )    4914   0.016%  99.967% 
[   70000,   80000 )    4843   0.016%  99.983% 
[   80000,   90000 )    2676   0.009%  99.992% 
[   90000,  100000 )    1252   0.004%  99.996% 
[  100000,  120000 )     756   0.003%  99.998% 
[  120000,  140000 )     299   0.001%  99.999% 
[  140000,  160000 )      85   0.000% 100.000% 
[  160000,  180000 )      50   0.000% 100.000% 
[  180000,  200000 )      23   0.000% 100.000% 
[  200000,  250000 )       6   0.000% 100.000% 

Read info: 
Count: 0  Average: 0.0000  StdDev: 0.00
Percentiles(us): P50: -nan P90: -nan P99: -nan P99.9: -nan P99.99: -nan
------------------------------------------------------

Write info: 
Count: 30000000  Average: 696.8433  StdDev: 3304.07
Percentiles(us): P50: 159.49 P90: 538.46 P99: 15598.17 P99.9: 43563.68 P99.99: 88023.17
------------------------------------------------------
[      70,      80 )     417   0.001%   0.001% 
[      80,      90 )  203415   0.678%   0.679% 
[      90,     100 ) 2145409   7.151%   7.831% #
[     100,     120 ) 6120545  20.402%  28.233% ####
[     120,     140 ) 3921839  13.073%  41.305% ###
[     140,     160 ) 2677016   8.923%  50.229% ##
[     160,     180 ) 2414402   8.048%  58.277% ##
[     180,     200 ) 1856849   6.189%  64.466% #
[     200,     250 ) 2901488   9.672%  74.138% ##
[     250,     300 ) 1732695   5.776%  79.914% #
[     300,     350 ) 1141367   3.805%  83.718% #
[     350,     400 )  789451   2.632%  86.350% #
[     400,     450 )  533953   1.780%  88.129% 
[     450,     500 )  372443   1.241%  89.371% 
[     500,     600 )  490696   1.636%  91.007% 
[     600,     700 )  298186   0.994%  92.001% 
[     700,     800 )  230505   0.768%  92.769% 
[     800,     900 )  151115   0.504%  93.273% 
[     900,    1000 )  116979   0.390%  93.663% 
[    1000,    1200 )  204474   0.682%  94.344% 
[    1200,    1400 )  143230   0.477%  94.822% 
[    1400,    1600 )  123187   0.411%  95.232% 
[    1600,    1800 )  106696   0.356%  95.588% 
[    1800,    2000 )   94846   0.316%  95.904% 
[    2000,    2500 )  182579   0.609%  96.513% 
[    2500,    3000 )  119778   0.399%  96.912% 
[    3000,    3500 )   71922   0.240%  97.152% 
[    3500,    4000 )   46874   0.156%  97.308% 
[    4000,    4500 )   33240   0.111%  97.419% 
[    4500,    5000 )   24848   0.083%  97.501% 
[    5000,    6000 )   34244   0.114%  97.616% 
[    6000,    7000 )   23663   0.079%  97.695% 
[    7000,    8000 )   18738   0.062%  97.757% 
[    8000,    9000 )   21254   0.071%  97.828% 
[    9000,   10000 )   26857   0.090%  97.917% 
[   10000,   12000 )   71054   0.237%  98.154% 
[   12000,   14000 )  132630   0.442%  98.596% 
[   14000,   16000 )  151568   0.505%  99.102% 
[   16000,   18000 )   87749   0.292%  99.394% 
[   18000,   20000 )   41843   0.139%  99.533% 
[   20000,   25000 )   49895   0.166%  99.700% 
[   25000,   30000 )   26499   0.088%  99.788% 
[   30000,   35000 )   16948   0.056%  99.845% 
[   35000,   40000 )   10895   0.036%  99.881% 
[   40000,   45000 )    8024   0.027%  99.908% 
[   45000,   50000 )    5468   0.018%  99.926% 
[   50000,   60000 )    7323   0.024%  99.950% 
[   60000,   70000 )    4914   0.016%  99.967% 
[   70000,   80000 )    4843   0.016%  99.983% 
[   80000,   90000 )    2676   0.009%  99.992% 
[   90000,  100000 )    1252   0.004%  99.996% 
[  100000,  120000 )     756   0.003%  99.998% 
[  120000,  140000 )     299   0.001%  99.999% 
[  140000,  160000 )      85   0.000% 100.000% 
[  160000,  180000 )      50   0.000% 100.000% 
[  180000,  200000 )      23   0.000% 100.000% 
[  200000,  250000 )       6   0.000% 100.000% 


