
nofdb	workloads/workloadc_uniform.spec	32
# Load duration (sec): 559.632
# Loading records:	30000000
# Load throughput (KOPS): 53.6066
Count: 30000000  Average: 594.9469  StdDev: 4534.65
Percentiles(us): P50: 150.39 P90: 441.11 P99: 14823.12 P99.9: 34640.97 P99.99: 68024.39
------------------------------------------------------
[      70,      80 )    3878   0.013%   0.013% 
[      80,      90 )  491163   1.637%   1.650% 
[      90,     100 ) 2736231   9.121%  10.771% ##
[     100,     120 ) 6161405  20.538%  31.309% ####
[     120,     140 ) 4136312  13.788%  45.097% ###
[     140,     160 ) 2831158   9.437%  54.534% ##
[     160,     180 ) 2487151   8.291%  62.824% ##
[     180,     200 ) 1845279   6.151%  68.975% #
[     200,     250 ) 2812579   9.375%  78.351% ##
[     250,     300 ) 1592608   5.309%  83.659% #
[     300,     350 )  966168   3.221%  86.880% #
[     350,     400 )  611824   2.039%  88.919% 
[     400,     450 )  394369   1.315%  90.234% 
[     450,     500 )  279244   0.931%  91.165% 
[     500,     600 )  388070   1.294%  92.458% 
[     600,     700 )  231140   0.770%  93.229% 
[     700,     800 )  192876   0.643%  93.872% 
[     800,     900 )  136329   0.454%  94.326% 
[     900,    1000 )  105897   0.353%  94.679% 
[    1000,    1200 )  183056   0.610%  95.289% 
[    1200,    1400 )  128099   0.427%  95.716% 
[    1400,    1600 )  108861   0.363%  96.079% 
[    1600,    1800 )   98797   0.329%  96.408% 
[    1800,    2000 )   82152   0.274%  96.682% 
[    2000,    2500 )  145723   0.486%  97.168% 
[    2500,    3000 )   88718   0.296%  97.464% 
[    3000,    3500 )   52670   0.176%  97.639% 
[    3500,    4000 )   33617   0.112%  97.751% 
[    4000,    4500 )   22735   0.076%  97.827% 
[    4500,    5000 )   16893   0.056%  97.883% 
[    5000,    6000 )   24110   0.080%  97.964% 
[    6000,    7000 )   16964   0.057%  98.020% 
[    7000,    8000 )   14379   0.048%  98.068% 
[    8000,    9000 )   18517   0.062%  98.130% 
[    9000,   10000 )   24590   0.082%  98.212% 
[   10000,   12000 )   69640   0.232%  98.444% 
[   12000,   14000 )  112395   0.375%  98.819% 
[   14000,   16000 )  132188   0.441%  99.259% 
[   16000,   18000 )   76612   0.255%  99.515% 
[   18000,   20000 )   35795   0.119%  99.634% 
[   20000,   25000 )   42925   0.143%  99.777% 
[   25000,   30000 )   24086   0.080%  99.857% 
[   30000,   35000 )   13787   0.046%  99.903% 
[   35000,   40000 )    9966   0.033%  99.937% 
[   40000,   45000 )    6840   0.023%  99.959% 
[   45000,   50000 )    4321   0.014%  99.974% 
[   50000,   60000 )    3567   0.012%  99.986% 
[   60000,   70000 )    1640   0.005%  99.991% 
[   70000,   80000 )     932   0.003%  99.994% 
[   80000,   90000 )     524   0.002%  99.996% 
[   90000,  100000 )     293   0.001%  99.997% 
[  100000,  120000 )     168   0.001%  99.997% 
[  120000,  140000 )     132   0.000%  99.998% 
[  140000,  160000 )      50   0.000%  99.998% 
[  160000,  180000 )      89   0.000%  99.998% 
[  180000,  200000 )      38   0.000%  99.998% 
[  200000,  250000 )     105   0.000%  99.999% 
[  250000,  300000 )      89   0.000%  99.999% 
[  300000,  350000 )      32   0.000%  99.999% 
[  350000,  400000 )      64   0.000%  99.999% 
[  400000,  450000 )      32   0.000% 100.000% 
[  450000,  500000 )      18   0.000% 100.000% 
[  500000,  600000 )      14   0.000% 100.000% 
[  600000,  700000 )      32   0.000% 100.000% 
[ 1200000, 1400000 )      32   0.000% 100.000% 
[ 2500000, 3000000 )       9   0.000% 100.000% 
[ 3000000, 3500000 )      23   0.000% 100.000% 


---------- RPC REPLICA STATISTICS -----------
Avg send latency (us):	6.1489e+11
Avg receive latency (us):	1.40979e+06

# Run duration (sec): 257.684
# Run operations:	30000000
# Run throughput (KOPS): 116.422
Count: 30000000  Average: 273.0886  StdDev: 1228.96
Percentiles(us): P50: 147.66 P90: 266.10 P99: 1191.64 P99.9: 17558.25 P99.99: 19962.11
------------------------------------------------------
[      35,      40 )       9   0.000%   0.000% 
[      40,      45 )    1315   0.004%   0.004% 
[      45,      50 )    3258   0.011%   0.015% 
[      50,      60 )    3249   0.011%   0.026% 
[      60,      70 )     562   0.002%   0.028% 
[      70,      80 )     345   0.001%   0.029% 
[      80,      90 )     558   0.002%   0.031% 
[      90,     100 )    1668   0.006%   0.037% 
[     100,     120 ) 1464066   4.880%   4.917% #
[     120,     140 ) 10870181  36.234%  41.151% #######
[     140,     160 ) 6934602  23.115%  64.266% #####
[     160,     180 ) 2351778   7.839%  72.105% ##
[     180,     200 ) 1952972   6.510%  78.615% #
[     200,     250 ) 3067831  10.226%  88.841% ##
[     250,     300 ) 1079277   3.598%  92.439% #
[     300,     350 )  814399   2.715%  95.154% #
[     350,     400 )  410022   1.367%  96.520% 
[     400,     450 )  248875   0.830%  97.350% 
[     450,     500 )  152663   0.509%  97.859% 
[     500,     600 )  164860   0.550%  98.408% 
[     600,     700 )   77116   0.257%  98.665% 
[     700,     800 )   40839   0.136%  98.801% 
[     800,     900 )   24283   0.081%  98.882% 
[     900,    1000 )   16092   0.054%  98.936% 
[    1000,    1200 )   20017   0.067%  99.003% 
[    1200,    1400 )   12428   0.041%  99.044% 
[    1400,    1600 )    9093   0.030%  99.075% 
[    1600,    1800 )    7290   0.024%  99.099% 
[    1800,    2000 )    6243   0.021%  99.120% 
[    2000,    2500 )   12754   0.043%  99.162% 
[    2500,    3000 )    9825   0.033%  99.195% 
[    3000,    3500 )    7403   0.025%  99.220% 
[    3500,    4000 )    5996   0.020%  99.240% 
[    4000,    4500 )    6115   0.020%  99.260% 
[    4500,    5000 )    6317   0.021%  99.281% 
[    5000,    6000 )   12896   0.043%  99.324% 
[    6000,    7000 )   10939   0.036%  99.360% 
[    7000,    8000 )   12191   0.041%  99.401% 
[    8000,    9000 )   12346   0.041%  99.442% 
[    9000,   10000 )   13110   0.044%  99.486% 
[   10000,   12000 )   28978   0.097%  99.583% 
[   12000,   14000 )   30340   0.101%  99.684% 
[   14000,   16000 )   34327   0.114%  99.798% 
[   16000,   18000 )   39239   0.131%  99.929% 
[   18000,   20000 )   18687   0.062%  99.991% 
[   20000,   25000 )    1129   0.004%  99.995% 
[   25000,   30000 )     768   0.003%  99.998% 
[   30000,   35000 )     285   0.001%  99.998% 
[   35000,   40000 )      62   0.000%  99.999% 
[   40000,   45000 )      40   0.000%  99.999% 
[   45000,   50000 )     102   0.000%  99.999% 
[   50000,   60000 )      50   0.000%  99.999% 
[   60000,   70000 )      20   0.000%  99.999% 
[   70000,   80000 )      27   0.000%  99.999% 
[   80000,   90000 )      12   0.000%  99.999% 
[   90000,  100000 )      18   0.000% 100.000% 
[  100000,  120000 )      27   0.000% 100.000% 
[  120000,  140000 )      18   0.000% 100.000% 
[  140000,  160000 )      19   0.000% 100.000% 
[  160000,  180000 )      10   0.000% 100.000% 
[  180000,  200000 )       7   0.000% 100.000% 
[  200000,  250000 )      22   0.000% 100.000% 
[  250000,  300000 )      21   0.000% 100.000% 
[  300000,  350000 )       6   0.000% 100.000% 
[  350000,  400000 )       1   0.000% 100.000% 
[  450000,  500000 )       1   0.000% 100.000% 
[  500000,  600000 )       1   0.000% 100.000% 

Read info: 
Count: 30000000  Average: 273.0886  StdDev: 1228.96
Percentiles(us): P50: 147.66 P90: 266.10 P99: 1191.64 P99.9: 17558.25 P99.99: 19962.11
------------------------------------------------------
[      35,      40 )       9   0.000%   0.000% 
[      40,      45 )    1315   0.004%   0.004% 
[      45,      50 )    3258   0.011%   0.015% 
[      50,      60 )    3249   0.011%   0.026% 
[      60,      70 )     562   0.002%   0.028% 
[      70,      80 )     345   0.001%   0.029% 
[      80,      90 )     558   0.002%   0.031% 
[      90,     100 )    1668   0.006%   0.037% 
[     100,     120 ) 1464066   4.880%   4.917% #
[     120,     140 ) 10870181  36.234%  41.151% #######
[     140,     160 ) 6934602  23.115%  64.266% #####
[     160,     180 ) 2351778   7.839%  72.105% ##
[     180,     200 ) 1952972   6.510%  78.615% #
[     200,     250 ) 3067831  10.226%  88.841% ##
[     250,     300 ) 1079277   3.598%  92.439% #
[     300,     350 )  814399   2.715%  95.154% #
[     350,     400 )  410022   1.367%  96.520% 
[     400,     450 )  248875   0.830%  97.350% 
[     450,     500 )  152663   0.509%  97.859% 
[     500,     600 )  164860   0.550%  98.408% 
[     600,     700 )   77116   0.257%  98.665% 
[     700,     800 )   40839   0.136%  98.801% 
[     800,     900 )   24283   0.081%  98.882% 
[     900,    1000 )   16092   0.054%  98.936% 
[    1000,    1200 )   20017   0.067%  99.003% 
[    1200,    1400 )   12428   0.041%  99.044% 
[    1400,    1600 )    9093   0.030%  99.075% 
[    1600,    1800 )    7290   0.024%  99.099% 
[    1800,    2000 )    6243   0.021%  99.120% 
[    2000,    2500 )   12754   0.043%  99.162% 
[    2500,    3000 )    9825   0.033%  99.195% 
[    3000,    3500 )    7403   0.025%  99.220% 
[    3500,    4000 )    5996   0.020%  99.240% 
[    4000,    4500 )    6115   0.020%  99.260% 
[    4500,    5000 )    6317   0.021%  99.281% 
[    5000,    6000 )   12896   0.043%  99.324% 
[    6000,    7000 )   10939   0.036%  99.360% 
[    7000,    8000 )   12191   0.041%  99.401% 
[    8000,    9000 )   12346   0.041%  99.442% 
[    9000,   10000 )   13110   0.044%  99.486% 
[   10000,   12000 )   28978   0.097%  99.583% 
[   12000,   14000 )   30340   0.101%  99.684% 
[   14000,   16000 )   34327   0.114%  99.798% 
[   16000,   18000 )   39239   0.131%  99.929% 
[   18000,   20000 )   18687   0.062%  99.991% 
[   20000,   25000 )    1129   0.004%  99.995% 
[   25000,   30000 )     768   0.003%  99.998% 
[   30000,   35000 )     285   0.001%  99.998% 
[   35000,   40000 )      62   0.000%  99.999% 
[   40000,   45000 )      40   0.000%  99.999% 
[   45000,   50000 )     102   0.000%  99.999% 
[   50000,   60000 )      50   0.000%  99.999% 
[   60000,   70000 )      20   0.000%  99.999% 
[   70000,   80000 )      27   0.000%  99.999% 
[   80000,   90000 )      12   0.000%  99.999% 
[   90000,  100000 )      18   0.000% 100.000% 
[  100000,  120000 )      27   0.000% 100.000% 
[  120000,  140000 )      18   0.000% 100.000% 
[  140000,  160000 )      19   0.000% 100.000% 
[  160000,  180000 )      10   0.000% 100.000% 
[  180000,  200000 )       7   0.000% 100.000% 
[  200000,  250000 )      22   0.000% 100.000% 
[  250000,  300000 )      21   0.000% 100.000% 
[  300000,  350000 )       6   0.000% 100.000% 
[  350000,  400000 )       1   0.000% 100.000% 
[  450000,  500000 )       1   0.000% 100.000% 
[  500000,  600000 )       1   0.000% 100.000% 

Write info: 
Count: 0  Average: 0.0000  StdDev: 0.00
Percentiles(us): P50: -nan P90: -nan P99: -nan P99.9: -nan P99.99: -nan
------------------------------------------------------


