
nofdb	workloads/workloadc_zipfian.spec	32
# Load duration (sec): 556.025
# Loading records:	30000000
# Load throughput (KOPS): 53.9544
Count: 30000000  Average: 591.8534  StdDev: 4548.91
Percentiles(us): P50: 149.48 P90: 432.50 P99: 14861.44 P99.9: 34786.71 P99.99: 65872.65
------------------------------------------------------
[      70,      80 )    2809   0.009%   0.009% 
[      80,      90 )  402409   1.341%   1.351% 
[      90,     100 ) 2576657   8.589%   9.940% ##
[     100,     120 ) 6466210  21.554%  31.494% ####
[     120,     140 ) 4217068  14.057%  45.551% ###
[     140,     160 ) 2817536   9.392%  54.942% ##
[     160,     180 ) 2460656   8.202%  63.144% ##
[     180,     200 ) 1841544   6.138%  69.283% #
[     200,     250 ) 2783997   9.280%  78.563% ##
[     250,     300 ) 1585361   5.285%  83.847% #
[     300,     350 )  972177   3.241%  87.088% #
[     350,     400 )  616661   2.056%  89.144% 
[     400,     450 )  395223   1.317%  90.461% 
[     450,     500 )  281877   0.940%  91.401% 
[     500,     600 )  396424   1.321%  92.722% 
[     600,     700 )  225547   0.752%  93.474% 
[     700,     800 )  184426   0.615%  94.089% 
[     800,     900 )  130978   0.437%  94.525% 
[     900,    1000 )  100867   0.336%  94.861% 
[    1000,    1200 )  173501   0.578%  95.440% 
[    1200,    1400 )  119761   0.399%  95.839% 
[    1400,    1600 )  101840   0.339%  96.178% 
[    1600,    1800 )   91340   0.304%  96.483% 
[    1800,    2000 )   78012   0.260%  96.743% 
[    2000,    2500 )  138082   0.460%  97.203% 
[    2500,    3000 )   86222   0.287%  97.491% 
[    3000,    3500 )   50030   0.167%  97.657% 
[    3500,    4000 )   33500   0.112%  97.769% 
[    4000,    4500 )   21563   0.072%  97.841% 
[    4500,    5000 )   15858   0.053%  97.894% 
[    5000,    6000 )   21730   0.072%  97.966% 
[    6000,    7000 )   15490   0.052%  98.018% 
[    7000,    8000 )   13693   0.046%  98.063% 
[    8000,    9000 )   17437   0.058%  98.122% 
[    9000,   10000 )   25445   0.085%  98.206% 
[   10000,   12000 )   67484   0.225%  98.431% 
[   12000,   14000 )  113614   0.379%  98.810% 
[   14000,   16000 )  132269   0.441%  99.251% 
[   16000,   18000 )   78990   0.263%  99.514% 
[   18000,   20000 )   34232   0.114%  99.628% 
[   20000,   25000 )   43074   0.144%  99.772% 
[   25000,   30000 )   24402   0.081%  99.853% 
[   30000,   35000 )   14628   0.049%  99.902% 
[   35000,   40000 )    9793   0.033%  99.935% 
[   40000,   45000 )    7202   0.024%  99.959% 
[   45000,   50000 )    4507   0.015%  99.974% 
[   50000,   60000 )    3841   0.013%  99.987% 
[   60000,   70000 )    1759   0.006%  99.992% 
[   70000,   80000 )     783   0.003%  99.995% 
[   80000,   90000 )     452   0.002%  99.997% 
[   90000,  100000 )     187   0.001%  99.997% 
[  100000,  120000 )     288   0.001%  99.998% 
[  120000,  140000 )      78   0.000%  99.998% 
[  140000,  160000 )      55   0.000%  99.999% 
[  160000,  180000 )      30   0.000%  99.999% 
[  180000,  200000 )      49   0.000%  99.999% 
[  250000,  300000 )      68   0.000%  99.999% 
[  300000,  350000 )      68   0.000%  99.999% 
[  350000,  400000 )      56   0.000%  99.999% 
[  450000,  500000 )      21   0.000% 100.000% 
[  500000,  600000 )      43   0.000% 100.000% 
[  800000,  900000 )      59   0.000% 100.000% 
[  900000, 1000000 )       5   0.000% 100.000% 
[ 2500000, 3000000 )       3   0.000% 100.000% 
[ 3000000, 3500000 )      29   0.000% 100.000% 


---------- RPC REPLICA STATISTICS -----------
Avg send latency (us):	6.1489e+11
Avg receive latency (us):	1.25829e+06

# Run duration (sec): 250.788
# Run operations:	30000000
# Run throughput (KOPS): 119.623
Count: 30000000  Average: 265.7892  StdDev: 1128.62
Percentiles(us): P50: 145.84 P90: 283.63 P99: 1348.66 P99.9: 16925.44 P99.99: 19965.40
------------------------------------------------------
[      35,      40 )       3   0.000%   0.000% 
[      40,      45 )     786   0.003%   0.003% 
[      45,      50 )    2282   0.008%   0.010% 
[      50,      60 )    2211   0.007%   0.018% 
[      60,      70 )    3915   0.013%   0.031% 
[      70,      80 )  241601   0.805%   0.836% 
[      80,      90 )  721365   2.405%   3.241% 
[      90,     100 )  295807   0.986%   4.227% 
[     100,     120 ) 1883430   6.278%  10.505% #
[     120,     140 ) 10011997  33.373%  43.878% #######
[     140,     160 ) 6291553  20.972%  64.850% ####
[     160,     180 ) 2160203   7.201%  72.051% #
[     180,     200 ) 1767295   5.891%  77.941% #
[     200,     250 ) 2833620   9.445%  87.387% ##
[     250,     300 ) 1165354   3.885%  91.271% #
[     300,     350 )  816092   2.720%  93.992% #
[     350,     400 )  462507   1.542%  95.533% 
[     400,     450 )  298697   0.996%  96.529% 
[     450,     500 )  198598   0.662%  97.191% 
[     500,     600 )  233015   0.777%  97.968% 
[     600,     700 )  122838   0.409%  98.377% 
[     700,     800 )   70538   0.235%  98.612% 
[     800,     900 )   42869   0.143%  98.755% 
[     900,    1000 )   27628   0.092%  98.847% 
[    1000,    1200 )   32148   0.107%  98.955% 
[    1200,    1400 )   18361   0.061%  99.016% 
[    1400,    1600 )   12381   0.041%  99.057% 
[    1600,    1800 )    9576   0.032%  99.089% 
[    1800,    2000 )    8157   0.027%  99.116% 
[    2000,    2500 )   16409   0.055%  99.171% 
[    2500,    3000 )   12138   0.040%  99.211% 
[    3000,    3500 )    9137   0.030%  99.242% 
[    3500,    4000 )    8631   0.029%  99.270% 
[    4000,    4500 )    8796   0.029%  99.300% 
[    4500,    5000 )    8386   0.028%  99.328% 
[    5000,    6000 )   15433   0.051%  99.379% 
[    6000,    7000 )   13393   0.045%  99.424% 
[    7000,    8000 )   13939   0.046%  99.470% 
[    8000,    9000 )   14315   0.048%  99.518% 
[    9000,   10000 )   13751   0.046%  99.564% 
[   10000,   12000 )   29832   0.099%  99.663% 
[   12000,   14000 )   27052   0.090%  99.753% 
[   14000,   16000 )   29513   0.098%  99.852% 
[   16000,   18000 )   31224   0.104%  99.956% 
[   18000,   20000 )   10404   0.035%  99.991% 
[   20000,   25000 )    1390   0.005%  99.995% 
[   25000,   30000 )     728   0.002%  99.998% 
[   30000,   35000 )     210   0.001%  99.998% 
[   35000,   40000 )      56   0.000%  99.999% 
[   40000,   45000 )      68   0.000%  99.999% 
[   45000,   50000 )      74   0.000%  99.999% 
[   50000,   60000 )      73   0.000%  99.999% 
[   60000,   70000 )      39   0.000%  99.999% 
[   70000,   80000 )      18   0.000%  99.999% 
[   80000,   90000 )      25   0.000% 100.000% 
[   90000,  100000 )      41   0.000% 100.000% 
[  100000,  120000 )      18   0.000% 100.000% 
[  120000,  140000 )      25   0.000% 100.000% 
[  140000,  160000 )      11   0.000% 100.000% 
[  160000,  180000 )       6   0.000% 100.000% 
[  180000,  200000 )      10   0.000% 100.000% 
[  200000,  250000 )      16   0.000% 100.000% 
[  250000,  300000 )       5   0.000% 100.000% 
[  300000,  350000 )       1   0.000% 100.000% 
[  350000,  400000 )       2   0.000% 100.000% 
[  400000,  450000 )       1   0.000% 100.000% 
[  450000,  500000 )       1   0.000% 100.000% 
[  500000,  600000 )       2   0.000% 100.000% 

Read info: 
Count: 30000000  Average: 265.7892  StdDev: 1128.62
Percentiles(us): P50: 145.84 P90: 283.63 P99: 1348.66 P99.9: 16925.44 P99.99: 19965.40
------------------------------------------------------
[      35,      40 )       3   0.000%   0.000% 
[      40,      45 )     786   0.003%   0.003% 
[      45,      50 )    2282   0.008%   0.010% 
[      50,      60 )    2211   0.007%   0.018% 
[      60,      70 )    3915   0.013%   0.031% 
[      70,      80 )  241601   0.805%   0.836% 
[      80,      90 )  721365   2.405%   3.241% 
[      90,     100 )  295807   0.986%   4.227% 
[     100,     120 ) 1883430   6.278%  10.505% #
[     120,     140 ) 10011997  33.373%  43.878% #######
[     140,     160 ) 6291553  20.972%  64.850% ####
[     160,     180 ) 2160203   7.201%  72.051% #
[     180,     200 ) 1767295   5.891%  77.941% #
[     200,     250 ) 2833620   9.445%  87.387% ##
[     250,     300 ) 1165354   3.885%  91.271% #
[     300,     350 )  816092   2.720%  93.992% #
[     350,     400 )  462507   1.542%  95.533% 
[     400,     450 )  298697   0.996%  96.529% 
[     450,     500 )  198598   0.662%  97.191% 
[     500,     600 )  233015   0.777%  97.968% 
[     600,     700 )  122838   0.409%  98.377% 
[     700,     800 )   70538   0.235%  98.612% 
[     800,     900 )   42869   0.143%  98.755% 
[     900,    1000 )   27628   0.092%  98.847% 
[    1000,    1200 )   32148   0.107%  98.955% 
[    1200,    1400 )   18361   0.061%  99.016% 
[    1400,    1600 )   12381   0.041%  99.057% 
[    1600,    1800 )    9576   0.032%  99.089% 
[    1800,    2000 )    8157   0.027%  99.116% 
[    2000,    2500 )   16409   0.055%  99.171% 
[    2500,    3000 )   12138   0.040%  99.211% 
[    3000,    3500 )    9137   0.030%  99.242% 
[    3500,    4000 )    8631   0.029%  99.270% 
[    4000,    4500 )    8796   0.029%  99.300% 
[    4500,    5000 )    8386   0.028%  99.328% 
[    5000,    6000 )   15433   0.051%  99.379% 
[    6000,    7000 )   13393   0.045%  99.424% 
[    7000,    8000 )   13939   0.046%  99.470% 
[    8000,    9000 )   14315   0.048%  99.518% 
[    9000,   10000 )   13751   0.046%  99.564% 
[   10000,   12000 )   29832   0.099%  99.663% 
[   12000,   14000 )   27052   0.090%  99.753% 
[   14000,   16000 )   29513   0.098%  99.852% 
[   16000,   18000 )   31224   0.104%  99.956% 
[   18000,   20000 )   10404   0.035%  99.991% 
[   20000,   25000 )    1390   0.005%  99.995% 
[   25000,   30000 )     728   0.002%  99.998% 
[   30000,   35000 )     210   0.001%  99.998% 
[   35000,   40000 )      56   0.000%  99.999% 
[   40000,   45000 )      68   0.000%  99.999% 
[   45000,   50000 )      74   0.000%  99.999% 
[   50000,   60000 )      73   0.000%  99.999% 
[   60000,   70000 )      39   0.000%  99.999% 
[   70000,   80000 )      18   0.000%  99.999% 
[   80000,   90000 )      25   0.000% 100.000% 
[   90000,  100000 )      41   0.000% 100.000% 
[  100000,  120000 )      18   0.000% 100.000% 
[  120000,  140000 )      25   0.000% 100.000% 
[  140000,  160000 )      11   0.000% 100.000% 
[  160000,  180000 )       6   0.000% 100.000% 
[  180000,  200000 )      10   0.000% 100.000% 
[  200000,  250000 )      16   0.000% 100.000% 
[  250000,  300000 )       5   0.000% 100.000% 
[  300000,  350000 )       1   0.000% 100.000% 
[  350000,  400000 )       2   0.000% 100.000% 
[  400000,  450000 )       1   0.000% 100.000% 
[  450000,  500000 )       1   0.000% 100.000% 
[  500000,  600000 )       2   0.000% 100.000% 

Write info: 
Count: 0  Average: 0.0000  StdDev: 0.00
Percentiles(us): P50: -nan P90: -nan P99: -nan P99.9: -nan P99.99: -nan
------------------------------------------------------


