
nofdb	workloads/workloadc.spec	1
# Load duration (sec): 153.12
# Loading records:	1000000
# Load throughput (KOPS): 6.53083
Count: 1000000  Average: 152.9142  StdDev: 159.81
Percentiles(us): P50: 126.99 P90: 253.41 P99: 462.83 P99.9: 1101.86 P99.99: 4250.00
------------------------------------------------------
[      70,      80 )     809   0.081%   0.081% 
[      80,      90 )  132387  13.239%  13.320% ###
[      90,     100 )  171549  17.155%  30.475% ###
[     100,     120 )  110080  11.008%  41.483% ##
[     120,     140 )  243590  24.359%  65.841% #####
[     140,     160 )   83239   8.324%  74.165% ##
[     160,     180 )   26485   2.649%  76.814% #
[     180,     200 )   48441   4.844%  81.658% #
[     200,     250 )   80698   8.070%  89.728% ##
[     250,     300 )   39966   3.997%  93.724% #
[     300,     350 )   29285   2.929%  96.653% #
[     350,     400 )   15327   1.533%  98.186% 
[     400,     450 )    7161   0.716%  98.902% 
[     450,     500 )    3831   0.383%  99.285% 
[     500,     600 )    2838   0.284%  99.569% 
[     600,     700 )    1203   0.120%  99.689% 
[     700,     800 )     757   0.076%  99.765% 
[     800,     900 )     579   0.058%  99.823% 
[     900,    1000 )     474   0.047%  99.870% 
[    1000,    1200 )     591   0.059%  99.929% 
[    1200,    1400 )     340   0.034%  99.963% 
[    1400,    1600 )     182   0.018%  99.981% 
[    1600,    1800 )      40   0.004%  99.985% 
[    1800,    2000 )       8   0.001%  99.986% 
[    2000,    2500 )       9   0.001%  99.987% 
[    2500,    3000 )      13   0.001%  99.988% 
[    3000,    3500 )       6   0.001%  99.989% 
[    3500,    4000 )       6   0.001%  99.989% 
[    4000,    4500 )      12   0.001%  99.991% 
[    4500,    5000 )      11   0.001%  99.992% 
[    5000,    6000 )      18   0.002%  99.994% 
[    6000,    7000 )       4   0.000%  99.994% 
[    7000,    8000 )       2   0.000%  99.994% 
[   12000,   14000 )       2   0.000%  99.994% 
[   14000,   16000 )      30   0.003%  99.997% 
[   16000,   18000 )      11   0.001%  99.998% 
[   18000,   20000 )      14   0.001% 100.000% 
[   20000,   25000 )       1   0.000% 100.000% 
[   30000,   35000 )       1   0.000% 100.000% 


# Run duration (sec): 2.01943
# Run operations:	10000
# Run throughput (KOPS): 4.95189
Count: 10000  Average: 201.6474  StdDev: 185.67
Percentiles(us): P50: 173.76 P90: 390.86 P99: 586.11 P99.9: 845.45 P99.99: 8000.00
------------------------------------------------------
[      30,      35 )       4   0.040%   0.040% 
[      35,      40 )      77   0.770%   0.810% 
[      40,      45 )     287   2.870%   3.680% #
[      45,      50 )     194   1.940%   5.620% 
[      50,      60 )     346   3.460%   9.080% #
[      60,      70 )    1075  10.750%  19.830% ##
[      70,      80 )     860   8.600%  28.430% ##
[      80,      90 )     371   3.710%  32.140% #
[      90,     100 )     368   3.680%  35.820% #
[     100,     120 )     692   6.920%  42.740% #
[     120,     140 )     108   1.080%  43.820% 
[     140,     160 )     283   2.830%  46.650% #
[     160,     180 )     487   4.870%  51.520% #
[     180,     200 )     467   4.670%  56.190% #
[     200,     250 )     785   7.850%  64.040% ##
[     250,     300 )    1141  11.410%  75.450% ##
[     300,     350 )    1035  10.350%  85.800% ##
[     350,     400 )     514   5.140%  90.940% #
[     400,     450 )     397   3.970%  94.910% #
[     450,     500 )     223   2.230%  97.140% 
[     500,     600 )     216   2.160%  99.300% 
[     600,     700 )      40   0.400%  99.700% 
[     700,     800 )      15   0.150%  99.850% 
[     800,     900 )      11   0.110%  99.960% 
[     900,    1000 )       1   0.010%  99.970% 
[    2500,    3000 )       1   0.010%  99.980% 
[    7000,    8000 )       1   0.010%  99.990% 
[   10000,   12000 )       1   0.010% 100.000% 

Read info: 
Count: 10000  Average: 201.6474  StdDev: 185.67
Percentiles(us): P50: 173.76 P90: 390.86 P99: 586.11 P99.9: 845.45 P99.99: 8000.00
------------------------------------------------------
[      30,      35 )       4   0.040%   0.040% 
[      35,      40 )      77   0.770%   0.810% 
[      40,      45 )     287   2.870%   3.680% #
[      45,      50 )     194   1.940%   5.620% 
[      50,      60 )     346   3.460%   9.080% #
[      60,      70 )    1075  10.750%  19.830% ##
[      70,      80 )     860   8.600%  28.430% ##
[      80,      90 )     371   3.710%  32.140% #
[      90,     100 )     368   3.680%  35.820% #
[     100,     120 )     692   6.920%  42.740% #
[     120,     140 )     108   1.080%  43.820% 
[     140,     160 )     283   2.830%  46.650% #
[     160,     180 )     487   4.870%  51.520% #
[     180,     200 )     467   4.670%  56.190% #
[     200,     250 )     785   7.850%  64.040% ##
[     250,     300 )    1141  11.410%  75.450% ##
[     300,     350 )    1035  10.350%  85.800% ##
[     350,     400 )     514   5.140%  90.940% #
[     400,     450 )     397   3.970%  94.910% #
[     450,     500 )     223   2.230%  97.140% 
[     500,     600 )     216   2.160%  99.300% 
[     600,     700 )      40   0.400%  99.700% 
[     700,     800 )      15   0.150%  99.850% 
[     800,     900 )      11   0.110%  99.960% 
[     900,    1000 )       1   0.010%  99.970% 
[    2500,    3000 )       1   0.010%  99.980% 
[    7000,    8000 )       1   0.010%  99.990% 
[   10000,   12000 )       1   0.010% 100.000% 

Write info: 
Count: 0  Average: 0.0000  StdDev: 0.00
Percentiles(us): P50: -nan P90: -nan P99: -nan P99.9: -nan P99.99: -nan
------------------------------------------------------


