
nofdb	workloads/workloadc.spec	4
# Load duration (sec): 257.35
# Loading records:	4000000
# Load throughput (KOPS): 15.543
Count: 4000000  Average: 257.0459  StdDev: 292.18
Percentiles(us): P50: 229.22 P90: 310.82 P99: 635.29 P99.9: 3820.82 P99.99: 5714.80
------------------------------------------------------
[      70,      80 )      20   0.001%   0.001% 
[      80,      90 )    5074   0.127%   0.127% 
[      90,     100 )   17802   0.445%   0.572% 
[     100,     120 )   47433   1.186%   1.758% 
[     120,     140 )   96605   2.415%   4.173% 
[     140,     160 )  182580   4.564%   8.738% #
[     160,     180 )  309811   7.745%  16.483% ##
[     180,     200 )  464065  11.602%  28.085% ##
[     200,     250 ) 1499925  37.498%  65.583% #######
[     250,     300 )  915588  22.890%  88.473% #####
[     300,     350 )  282387   7.060%  95.532% #
[     350,     400 )   85946   2.149%  97.681% 
[     400,     450 )   30957   0.774%  98.455% 
[     450,     500 )   12505   0.313%  98.767% 
[     500,     600 )    8344   0.209%  98.976% 
[     600,     700 )    2715   0.068%  99.044% 
[     700,     800 )    1398   0.035%  99.079% 
[     800,     900 )     989   0.025%  99.104% 
[     900,    1000 )     888   0.022%  99.126% 
[    1000,    1200 )    1584   0.040%  99.165% 
[    1200,    1400 )    1390   0.035%  99.200% 
[    1400,    1600 )    1162   0.029%  99.229% 
[    1600,    1800 )    1212   0.030%  99.260% 
[    1800,    2000 )    1258   0.031%  99.291% 
[    2000,    2500 )    3336   0.083%  99.374% 
[    2500,    3000 )    5030   0.126%  99.500% 
[    3000,    3500 )   10979   0.274%  99.775% 
[    3500,    4000 )    7819   0.195%  99.970% 
[    4000,    4500 )     492   0.012%  99.982% 
[    4500,    5000 )     108   0.003%  99.985% 
[    5000,    6000 )     277   0.007%  99.992% 
[    6000,    7000 )     186   0.005%  99.997% 
[    7000,    8000 )      16   0.000%  99.997% 
[    8000,    9000 )      12   0.000%  99.997% 
[    9000,   10000 )       4   0.000%  99.997% 
[   10000,   12000 )       5   0.000%  99.998% 
[   12000,   14000 )      15   0.000%  99.998% 
[   14000,   16000 )      17   0.000%  99.998% 
[   16000,   18000 )      14   0.000%  99.999% 
[   18000,   20000 )       8   0.000%  99.999% 
[   20000,   25000 )      12   0.000%  99.999% 
[   25000,   30000 )      18   0.000% 100.000% 
[   30000,   35000 )       9   0.000% 100.000% 
[   35000,   40000 )       4   0.000% 100.000% 
[   40000,   45000 )       1   0.000% 100.000% 


# Run duration (sec): 1.10273
# Run operations:	10000
# Run throughput (KOPS): 9.0684
Count: 10000  Average: 438.2762  StdDev: 420.73
Percentiles(us): P50: 389.85 P90: 817.02 P99: 1346.15 P99.9: 2250.00 P99.99: 12000.00
------------------------------------------------------
[      35,      40 )       1   0.010%   0.010% 
[      40,      45 )       5   0.050%   0.060% 
[      45,      50 )      22   0.220%   0.280% 
[      50,      60 )      74   0.740%   1.020% 
[      60,      70 )     248   2.480%   3.500% 
[      70,      80 )     365   3.650%   7.150% #
[      80,      90 )     322   3.220%  10.370% #
[      90,     100 )     224   2.240%  12.610% 
[     100,     120 )     419   4.190%  16.800% #
[     120,     140 )     164   1.640%  18.440% 
[     140,     160 )     155   1.550%  19.990% 
[     160,     180 )     183   1.830%  21.820% 
[     180,     200 )     173   1.730%  23.550% 
[     200,     250 )     341   3.410%  26.960% #
[     250,     300 )     782   7.820%  34.780% ##
[     300,     350 )     788   7.880%  42.660% ##
[     350,     400 )     921   9.210%  51.870% ##
[     400,     450 )     915   9.150%  61.020% ##
[     450,     500 )     625   6.250%  67.270% #
[     500,     600 )     940   9.400%  76.670% ##
[     600,     700 )     727   7.270%  83.940% #
[     700,     800 )     541   5.410%  89.350% #
[     800,     900 )     382   3.820%  93.170% #
[     900,    1000 )     250   2.500%  95.670% #
[    1000,    1200 )     257   2.570%  98.240% #
[    1200,    1400 )     104   1.040%  99.280% 
[    1400,    1600 )      37   0.370%  99.650% 
[    1600,    1800 )      19   0.190%  99.840% 
[    1800,    2000 )       3   0.030%  99.870% 
[    2000,    2500 )       6   0.060%  99.930% 
[    8000,    9000 )       1   0.010%  99.940% 
[    9000,   10000 )       1   0.010%  99.950% 
[   10000,   12000 )       4   0.040%  99.990% 
[   18000,   20000 )       1   0.010% 100.000% 

Read info: 
Count: 10000  Average: 438.2762  StdDev: 420.73
Percentiles(us): P50: 389.85 P90: 817.02 P99: 1346.15 P99.9: 2250.00 P99.99: 12000.00
------------------------------------------------------
[      35,      40 )       1   0.010%   0.010% 
[      40,      45 )       5   0.050%   0.060% 
[      45,      50 )      22   0.220%   0.280% 
[      50,      60 )      74   0.740%   1.020% 
[      60,      70 )     248   2.480%   3.500% 
[      70,      80 )     365   3.650%   7.150% #
[      80,      90 )     322   3.220%  10.370% #
[      90,     100 )     224   2.240%  12.610% 
[     100,     120 )     419   4.190%  16.800% #
[     120,     140 )     164   1.640%  18.440% 
[     140,     160 )     155   1.550%  19.990% 
[     160,     180 )     183   1.830%  21.820% 
[     180,     200 )     173   1.730%  23.550% 
[     200,     250 )     341   3.410%  26.960% #
[     250,     300 )     782   7.820%  34.780% ##
[     300,     350 )     788   7.880%  42.660% ##
[     350,     400 )     921   9.210%  51.870% ##
[     400,     450 )     915   9.150%  61.020% ##
[     450,     500 )     625   6.250%  67.270% #
[     500,     600 )     940   9.400%  76.670% ##
[     600,     700 )     727   7.270%  83.940% #
[     700,     800 )     541   5.410%  89.350% #
[     800,     900 )     382   3.820%  93.170% #
[     900,    1000 )     250   2.500%  95.670% #
[    1000,    1200 )     257   2.570%  98.240% #
[    1200,    1400 )     104   1.040%  99.280% 
[    1400,    1600 )      37   0.370%  99.650% 
[    1600,    1800 )      19   0.190%  99.840% 
[    1800,    2000 )       3   0.030%  99.870% 
[    2000,    2500 )       6   0.060%  99.930% 
[    8000,    9000 )       1   0.010%  99.940% 
[    9000,   10000 )       1   0.010%  99.950% 
[   10000,   12000 )       4   0.040%  99.990% 
[   18000,   20000 )       1   0.010% 100.000% 

Write info: 
Count: 0  Average: 0.0000  StdDev: 0.00
Percentiles(us): P50: -nan P90: -nan P99: -nan P99.9: -nan P99.99: -nan
------------------------------------------------------


