
nofdb	workloads/workloadc.spec	8
# Load duration (sec): 470.245
# Loading records:	8000000
# Load throughput (KOPS): 17.0124
Count: 8000000  Average: 469.8206  StdDev: 442.32
Percentiles(us): P50: 415.22 P90: 572.92 P99: 3598.28 P99.9: 4710.94 P99.99: 7534.00
------------------------------------------------------
[      80,      90 )     245   0.003%   0.003% 
[      90,     100 )     289   0.004%   0.007% 
[     100,     120 )     386   0.005%   0.011% 
[     120,     140 )    1699   0.021%   0.033% 
[     140,     160 )    4074   0.051%   0.084% 
[     160,     180 )   10618   0.133%   0.216% 
[     180,     200 )   23317   0.291%   0.508% 
[     200,     250 )  198613   2.483%   2.991% 
[     250,     300 )  597050   7.463%  10.454% #
[     300,     350 ) 1136684  14.209%  24.662% ###
[     350,     400 ) 1547265  19.341%  44.003% ####
[     400,     450 ) 1576463  19.706%  63.709% ####
[     450,     500 ) 1249042  15.613%  79.322% ###
[     500,     600 ) 1171559  14.644%  93.966% ###
[     600,     700 )  269876   3.373%  97.340% #
[     700,     800 )   63926   0.799%  98.139% 
[     800,     900 )   16538   0.207%  98.346% 
[     900,    1000 )    5615   0.070%  98.416% 
[    1000,    1200 )    5100   0.064%  98.479% 
[    1200,    1400 )    3355   0.042%  98.521% 
[    1400,    1600 )    2774   0.035%  98.556% 
[    1600,    1800 )    2384   0.030%  98.586% 
[    1800,    2000 )    2252   0.028%  98.614% 
[    2000,    2500 )    5921   0.074%  98.688% 
[    2500,    3000 )    6657   0.083%  98.771% 
[    3000,    3500 )   11147   0.139%  98.911% 
[    3500,    4000 )   36381   0.455%  99.365% 
[    4000,    4500 )   38884   0.486%  99.851% 
[    4500,    5000 )    9211   0.115%  99.967% 
[    5000,    6000 )     785   0.010%  99.976% 
[    6000,    7000 )     611   0.008%  99.984% 
[    7000,    8000 )     897   0.011%  99.995% 
[    8000,    9000 )     181   0.002%  99.997% 
[    9000,   10000 )      37   0.000%  99.998% 
[   10000,   12000 )      17   0.000%  99.998% 
[   12000,   14000 )      13   0.000%  99.998% 
[   14000,   16000 )      32   0.000%  99.999% 
[   16000,   18000 )      24   0.000%  99.999% 
[   18000,   20000 )      14   0.000%  99.999% 
[   20000,   25000 )      10   0.000%  99.999% 
[   25000,   30000 )      11   0.000%  99.999% 
[   30000,   35000 )      14   0.000% 100.000% 
[   35000,   40000 )      13   0.000% 100.000% 
[   40000,   45000 )      10   0.000% 100.000% 
[   45000,   50000 )       2   0.000% 100.000% 
[   50000,   60000 )       4   0.000% 100.000% 


# Run duration (sec): 1.21238
# Run operations:	10000
# Run throughput (KOPS): 8.24824
Count: 10000  Average: 959.2379  StdDev: 940.16
Percentiles(us): P50: 580.21 P90: 2444.26 P99: 3892.56 P99.9: 5833.33 P99.99: 9000.00
------------------------------------------------------
[      45,      50 )       2   0.020%   0.020% 
[      50,      60 )       6   0.060%   0.080% 
[      60,      70 )      61   0.610%   0.690% 
[      70,      80 )     347   3.470%   4.160% #
[      80,      90 )     456   4.560%   8.720% #
[      90,     100 )      74   0.740%   9.460% 
[     100,     120 )     165   1.650%  11.110% 
[     120,     140 )     108   1.080%  12.190% 
[     140,     160 )      74   0.740%  12.930% 
[     160,     180 )     111   1.110%  14.040% 
[     180,     200 )      92   0.920%  14.960% 
[     200,     250 )     169   1.690%  16.650% 
[     250,     300 )     521   5.210%  21.860% #
[     300,     350 )     381   3.810%  25.670% #
[     350,     400 )     819   8.190%  33.860% ##
[     400,     450 )     620   6.200%  40.060% #
[     450,     500 )     459   4.590%  44.650% #
[     500,     600 )     667   6.670%  51.320% #
[     600,     700 )     586   5.860%  57.180% #
[     700,     800 )     483   4.830%  62.010% #
[     800,     900 )     333   3.330%  65.340% #
[     900,    1000 )     275   2.750%  68.090% #
[    1000,    1200 )     450   4.500%  72.590% #
[    1200,    1400 )     345   3.450%  76.040% #
[    1400,    1600 )     299   2.990%  79.030% #
[    1600,    1800 )     277   2.770%  81.800% #
[    1800,    2000 )     270   2.700%  84.500% #
[    2000,    2500 )     619   6.190%  90.690% #
[    2500,    3000 )     475   4.750%  95.440% #
[    3000,    3500 )     261   2.610%  98.050% #
[    3500,    4000 )     121   1.210%  99.260% 
[    4000,    4500 )      37   0.370%  99.630% 
[    4500,    5000 )      22   0.220%  99.850% 
[    5000,    6000 )       6   0.060%  99.910% 
[    6000,    7000 )       3   0.030%  99.940% 
[    7000,    8000 )       4   0.040%  99.980% 
[    8000,    9000 )       1   0.010%  99.990% 
[    9000,   10000 )       1   0.010% 100.000% 

Read info: 
Count: 10000  Average: 959.2379  StdDev: 940.16
Percentiles(us): P50: 580.21 P90: 2444.26 P99: 3892.56 P99.9: 5833.33 P99.99: 9000.00
------------------------------------------------------
[      45,      50 )       2   0.020%   0.020% 
[      50,      60 )       6   0.060%   0.080% 
[      60,      70 )      61   0.610%   0.690% 
[      70,      80 )     347   3.470%   4.160% #
[      80,      90 )     456   4.560%   8.720% #
[      90,     100 )      74   0.740%   9.460% 
[     100,     120 )     165   1.650%  11.110% 
[     120,     140 )     108   1.080%  12.190% 
[     140,     160 )      74   0.740%  12.930% 
[     160,     180 )     111   1.110%  14.040% 
[     180,     200 )      92   0.920%  14.960% 
[     200,     250 )     169   1.690%  16.650% 
[     250,     300 )     521   5.210%  21.860% #
[     300,     350 )     381   3.810%  25.670% #
[     350,     400 )     819   8.190%  33.860% ##
[     400,     450 )     620   6.200%  40.060% #
[     450,     500 )     459   4.590%  44.650% #
[     500,     600 )     667   6.670%  51.320% #
[     600,     700 )     586   5.860%  57.180% #
[     700,     800 )     483   4.830%  62.010% #
[     800,     900 )     333   3.330%  65.340% #
[     900,    1000 )     275   2.750%  68.090% #
[    1000,    1200 )     450   4.500%  72.590% #
[    1200,    1400 )     345   3.450%  76.040% #
[    1400,    1600 )     299   2.990%  79.030% #
[    1600,    1800 )     277   2.770%  81.800% #
[    1800,    2000 )     270   2.700%  84.500% #
[    2000,    2500 )     619   6.190%  90.690% #
[    2500,    3000 )     475   4.750%  95.440% #
[    3000,    3500 )     261   2.610%  98.050% #
[    3500,    4000 )     121   1.210%  99.260% 
[    4000,    4500 )      37   0.370%  99.630% 
[    4500,    5000 )      22   0.220%  99.850% 
[    5000,    6000 )       6   0.060%  99.910% 
[    6000,    7000 )       3   0.030%  99.940% 
[    7000,    8000 )       4   0.040%  99.980% 
[    8000,    9000 )       1   0.010%  99.990% 
[    9000,   10000 )       1   0.010% 100.000% 

Write info: 
Count: 0  Average: 0.0000  StdDev: 0.00
Percentiles(us): P50: -nan P90: -nan P99: -nan P99.9: -nan P99.99: -nan
------------------------------------------------------


