
nofdb	workloads/workloadc.spec	2
# Load duration (sec): 169.59
# Loading records:	2000000
# Load throughput (KOPS): 11.7932
Count: 2000000  Average: 169.3803  StdDev: 200.65
Percentiles(us): P50: 150.31 P90: 219.18 P99: 440.81 P99.9: 2563.58 P99.99: 4233.33
------------------------------------------------------
[      70,      80 )     444   0.022%   0.022% 
[      80,      90 )   57177   2.859%   2.881% #
[      90,     100 )   80079   4.004%   6.885% #
[     100,     120 )  208933  10.447%  17.332% ##
[     120,     140 )  295843  14.792%  32.124% ###
[     140,     160 )  693474  34.674%  66.797% #######
[     160,     180 )  268142  13.407%  80.205% ###
[     180,     200 )  142242   7.112%  87.317% #
[     200,     250 )  139929   6.996%  94.313% #
[     250,     300 )   55253   2.763%  97.076% #
[     300,     350 )   21714   1.086%  98.162% 
[     350,     400 )   12252   0.613%  98.774% 
[     400,     450 )    5536   0.277%  99.051% 
[     450,     500 )    2595   0.130%  99.181% 
[     500,     600 )    2106   0.105%  99.286% 
[     600,     700 )    1019   0.051%  99.337% 
[     700,     800 )     804   0.040%  99.377% 
[     800,     900 )     648   0.032%  99.410% 
[     900,    1000 )     575   0.029%  99.438% 
[    1000,    1200 )    1162   0.058%  99.496% 
[    1200,    1400 )    1089   0.054%  99.551% 
[    1400,    1600 )    1059   0.053%  99.604% 
[    1600,    1800 )    1127   0.056%  99.660% 
[    1800,    2000 )    1284   0.064%  99.724% 
[    2000,    2500 )    3264   0.163%  99.888% 
[    2500,    3000 )    1966   0.098%  99.986% 
[    3000,    3500 )      44   0.002%  99.988% 
[    3500,    4000 )      26   0.001%  99.989% 
[    4000,    4500 )      30   0.002%  99.991% 
[    4500,    5000 )      51   0.003%  99.993% 
[    5000,    6000 )      43   0.002%  99.996% 
[    6000,    7000 )       8   0.000%  99.996% 
[    7000,    8000 )       7   0.000%  99.996% 
[    8000,    9000 )       1   0.000%  99.996% 
[    9000,   10000 )       1   0.000%  99.996% 
[   14000,   16000 )       6   0.000%  99.997% 
[   16000,   18000 )      14   0.001%  99.997% 
[   18000,   20000 )      30   0.002%  99.999% 
[   20000,   25000 )       8   0.000%  99.999% 
[   25000,   30000 )       8   0.000% 100.000% 
[   30000,   35000 )       7   0.000% 100.000% 


# Run duration (sec): 1.3409
# Run operations:	10000
# Run throughput (KOPS): 7.45767
Count: 10000  Average: 267.5368  StdDev: 253.02
Percentiles(us): P50: 261.56 P90: 501.81 P99: 796.26 P99.9: 1162.50 P99.99: 6000.00
------------------------------------------------------
[      35,      40 )       5   0.050%   0.050% 
[      40,      45 )      34   0.340%   0.390% 
[      45,      50 )      77   0.770%   1.160% 
[      50,      60 )     250   2.500%   3.660% #
[      60,      70 )     621   6.210%   9.870% #
[      70,      80 )    1225  12.250%  22.120% ##
[      80,      90 )     587   5.870%  27.990% #
[      90,     100 )     235   2.350%  30.340% 
[     100,     120 )     260   2.600%  32.940% #
[     120,     140 )     127   1.270%  34.210% 
[     140,     160 )     187   1.870%  36.080% 
[     160,     180 )     370   3.700%  39.780% #
[     180,     200 )     305   3.050%  42.830% #
[     200,     250 )     399   3.990%  46.820% #
[     250,     300 )    1376  13.760%  60.580% ###
[     300,     350 )     841   8.410%  68.990% ##
[     350,     400 )     987   9.870%  78.860% ##
[     400,     450 )     658   6.580%  85.440% #
[     450,     500 )     446   4.460%  89.900% #
[     500,     600 )     554   5.540%  95.440% #
[     600,     700 )     253   2.530%  97.970% #
[     700,     800 )     107   1.070%  99.040% 
[     800,     900 )      49   0.490%  99.530% 
[     900,    1000 )      24   0.240%  99.770% 
[    1000,    1200 )      16   0.160%  99.930% 
[    1200,    1400 )       3   0.030%  99.960% 
[    4000,    4500 )       1   0.010%  99.970% 
[    4500,    5000 )       1   0.010%  99.980% 
[    5000,    6000 )       1   0.010%  99.990% 
[   16000,   18000 )       1   0.010% 100.000% 

Read info: 
Count: 10000  Average: 267.5368  StdDev: 253.02
Percentiles(us): P50: 261.56 P90: 501.81 P99: 796.26 P99.9: 1162.50 P99.99: 6000.00
------------------------------------------------------
[      35,      40 )       5   0.050%   0.050% 
[      40,      45 )      34   0.340%   0.390% 
[      45,      50 )      77   0.770%   1.160% 
[      50,      60 )     250   2.500%   3.660% #
[      60,      70 )     621   6.210%   9.870% #
[      70,      80 )    1225  12.250%  22.120% ##
[      80,      90 )     587   5.870%  27.990% #
[      90,     100 )     235   2.350%  30.340% 
[     100,     120 )     260   2.600%  32.940% #
[     120,     140 )     127   1.270%  34.210% 
[     140,     160 )     187   1.870%  36.080% 
[     160,     180 )     370   3.700%  39.780% #
[     180,     200 )     305   3.050%  42.830% #
[     200,     250 )     399   3.990%  46.820% #
[     250,     300 )    1376  13.760%  60.580% ###
[     300,     350 )     841   8.410%  68.990% ##
[     350,     400 )     987   9.870%  78.860% ##
[     400,     450 )     658   6.580%  85.440% #
[     450,     500 )     446   4.460%  89.900% #
[     500,     600 )     554   5.540%  95.440% #
[     600,     700 )     253   2.530%  97.970% #
[     700,     800 )     107   1.070%  99.040% 
[     800,     900 )      49   0.490%  99.530% 
[     900,    1000 )      24   0.240%  99.770% 
[    1000,    1200 )      16   0.160%  99.930% 
[    1200,    1400 )       3   0.030%  99.960% 
[    4000,    4500 )       1   0.010%  99.970% 
[    4500,    5000 )       1   0.010%  99.980% 
[    5000,    6000 )       1   0.010%  99.990% 
[   16000,   18000 )       1   0.010% 100.000% 

Write info: 
Count: 0  Average: 0.0000  StdDev: 0.00
Percentiles(us): P50: -nan P90: -nan P99: -nan P99.9: -nan P99.99: -nan
------------------------------------------------------


