
nofdb	workloads/workloadc.spec	16
# Load duration (sec): 879.012
# Loading records:	16000000
# Load throughput (KOPS): 18.2023
Count: 16000000  Average: 878.6137  StdDev: 923.02
Percentiles(us): P50: 766.03 P90: 1126.36 P99: 4780.82 P99.9: 6155.15 P99.99: 9601.52
------------------------------------------------------
[      80,      90 )     123   0.001%   0.001% 
[      90,     100 )     339   0.002%   0.003% 
[     100,     120 )     905   0.006%   0.009% 
[     120,     140 )    1780   0.011%   0.020% 
[     140,     160 )    2902   0.018%   0.038% 
[     160,     180 )    4381   0.027%   0.065% 
[     180,     200 )    6231   0.039%   0.104% 
[     200,     250 )   25790   0.161%   0.265% 
[     250,     300 )   45960   0.287%   0.553% 
[     300,     350 )   83218   0.520%   1.073% 
[     350,     400 )  160778   1.005%   2.078% 
[     400,     450 )  310010   1.938%   4.015% 
[     450,     500 )  546792   3.417%   7.433% #
[     500,     600 ) 1958874  12.243%  19.676% ##
[     600,     700 ) 2840759  17.755%  37.430% ####
[     700,     800 ) 3045848  19.037%  56.467% ####
[     800,     900 ) 2527440  15.796%  72.263% ###
[     900,    1000 ) 1782292  11.139%  83.403% ##
[    1000,    1200 ) 1670744  10.442%  93.845% ##
[    1200,    1400 )  411578   2.572%  96.417% #
[    1400,    1600 )  120193   0.751%  97.168% 
[    1600,    1800 )   28940   0.181%  97.349% 
[    1800,    2000 )    9530   0.060%  97.409% 
[    2000,    2500 )   14066   0.088%  97.497% 
[    2500,    3000 )   12442   0.078%  97.574% 
[    3000,    3500 )   16015   0.100%  97.675% 
[    3500,    4000 )   34257   0.214%  97.889% 
[    4000,    4500 )  106632   0.666%  98.555% 
[    4500,    5000 )  126736   0.792%  99.347% 
[    5000,    6000 )   87250   0.545%  99.893% 
[    6000,    7000 )    7702   0.048%  99.941% 
[    7000,    8000 )    3473   0.022%  99.962% 
[    8000,    9000 )    3946   0.025%  99.987% 
[    9000,   10000 )     788   0.005%  99.992% 
[   10000,   12000 )     739   0.005%  99.997% 
[   12000,   14000 )      67   0.000%  99.997% 
[   14000,   16000 )      93   0.001%  99.998% 
[   16000,   18000 )      75   0.000%  99.998% 
[   18000,   20000 )      49   0.000%  99.998% 
[   20000,   25000 )      50   0.000%  99.999% 
[   25000,   30000 )       4   0.000%  99.999% 
[   30000,   35000 )       2   0.000%  99.999% 
[   35000,   40000 )      17   0.000%  99.999% 
[   50000,   60000 )      17   0.000%  99.999% 
[   60000,   70000 )       2   0.000%  99.999% 
[   70000,   80000 )      18   0.000%  99.999% 
[   80000,   90000 )       8   0.000%  99.999% 
[  120000,  140000 )       1   0.000%  99.999% 
[  200000,  250000 )     144   0.001% 100.000% 


# Run duration (sec): 1.25018
# Run operations:	10000
# Run throughput (KOPS): 7.99883
Count: 10000  Average: 1943.2794  StdDev: 2435.67
Percentiles(us): P50: 869.94 P90: 5696.15 P99: 9133.33 P99.9: 20000.00 P99.99: 31814.28
------------------------------------------------------
[      40,      45 )       1   0.010%   0.010% 
[      45,      50 )       1   0.010%   0.020% 
[      50,      60 )      13   0.130%   0.150% 
[      60,      70 )      86   0.860%   1.010% 
[      70,      80 )     286   2.860%   3.870% #
[      80,      90 )     209   2.090%   5.960% 
[      90,     100 )     105   1.050%   7.010% 
[     100,     120 )      91   0.910%   7.920% 
[     120,     140 )      77   0.770%   8.690% 
[     140,     160 )      98   0.980%   9.670% 
[     160,     180 )     119   1.190%  10.860% 
[     180,     200 )      81   0.810%  11.670% 
[     200,     250 )     168   1.680%  13.350% 
[     250,     300 )     447   4.470%  17.820% #
[     300,     350 )     308   3.080%  20.900% #
[     350,     400 )     498   4.980%  25.880% #
[     400,     450 )     385   3.850%  29.730% #
[     450,     500 )     371   3.710%  33.440% #
[     500,     600 )     536   5.360%  38.800% #
[     600,     700 )     488   4.880%  43.680% #
[     700,     800 )     390   3.900%  47.580% #
[     800,     900 )     346   3.460%  51.040% #
[     900,    1000 )     298   2.980%  54.020% #
[    1000,    1200 )     488   4.880%  58.900% #
[    1200,    1400 )     376   3.760%  62.660% #
[    1400,    1600 )     329   3.290%  65.950% #
[    1600,    1800 )     245   2.450%  68.400% 
[    1800,    2000 )     198   1.980%  70.380% 
[    2000,    2500 )     381   3.810%  74.190% #
[    2500,    3000 )     295   2.950%  77.140% #
[    3000,    3500 )     248   2.480%  79.620% 
[    3500,    4000 )     229   2.290%  81.910% 
[    4000,    4500 )     235   2.350%  84.260% 
[    4500,    5000 )     267   2.670%  86.930% #
[    5000,    6000 )     441   4.410%  91.340% #
[    6000,    7000 )     385   3.850%  95.190% #
[    7000,    8000 )     234   2.340%  97.530% 
[    8000,    9000 )     139   1.390%  98.920% 
[    9000,   10000 )      60   0.600%  99.520% 
[   10000,   12000 )      26   0.260%  99.780% 
[   12000,   14000 )       2   0.020%  99.800% 
[   16000,   18000 )      10   0.100%  99.900% 
[   20000,   25000 )       1   0.010%  99.910% 
[   25000,   30000 )       5   0.050%  99.960% 
[   30000,   35000 )       4   0.040% 100.000% 

Read info: 
Count: 10000  Average: 1943.2794  StdDev: 2435.67
Percentiles(us): P50: 869.94 P90: 5696.15 P99: 9133.33 P99.9: 20000.00 P99.99: 31814.28
------------------------------------------------------
[      40,      45 )       1   0.010%   0.010% 
[      45,      50 )       1   0.010%   0.020% 
[      50,      60 )      13   0.130%   0.150% 
[      60,      70 )      86   0.860%   1.010% 
[      70,      80 )     286   2.860%   3.870% #
[      80,      90 )     209   2.090%   5.960% 
[      90,     100 )     105   1.050%   7.010% 
[     100,     120 )      91   0.910%   7.920% 
[     120,     140 )      77   0.770%   8.690% 
[     140,     160 )      98   0.980%   9.670% 
[     160,     180 )     119   1.190%  10.860% 
[     180,     200 )      81   0.810%  11.670% 
[     200,     250 )     168   1.680%  13.350% 
[     250,     300 )     447   4.470%  17.820% #
[     300,     350 )     308   3.080%  20.900% #
[     350,     400 )     498   4.980%  25.880% #
[     400,     450 )     385   3.850%  29.730% #
[     450,     500 )     371   3.710%  33.440% #
[     500,     600 )     536   5.360%  38.800% #
[     600,     700 )     488   4.880%  43.680% #
[     700,     800 )     390   3.900%  47.580% #
[     800,     900 )     346   3.460%  51.040% #
[     900,    1000 )     298   2.980%  54.020% #
[    1000,    1200 )     488   4.880%  58.900% #
[    1200,    1400 )     376   3.760%  62.660% #
[    1400,    1600 )     329   3.290%  65.950% #
[    1600,    1800 )     245   2.450%  68.400% 
[    1800,    2000 )     198   1.980%  70.380% 
[    2000,    2500 )     381   3.810%  74.190% #
[    2500,    3000 )     295   2.950%  77.140% #
[    3000,    3500 )     248   2.480%  79.620% 
[    3500,    4000 )     229   2.290%  81.910% 
[    4000,    4500 )     235   2.350%  84.260% 
[    4500,    5000 )     267   2.670%  86.930% #
[    5000,    6000 )     441   4.410%  91.340% #
[    6000,    7000 )     385   3.850%  95.190% #
[    7000,    8000 )     234   2.340%  97.530% 
[    8000,    9000 )     139   1.390%  98.920% 
[    9000,   10000 )      60   0.600%  99.520% 
[   10000,   12000 )      26   0.260%  99.780% 
[   12000,   14000 )       2   0.020%  99.800% 
[   16000,   18000 )      10   0.100%  99.900% 
[   20000,   25000 )       1   0.010%  99.910% 
[   25000,   30000 )       5   0.050%  99.960% 
[   30000,   35000 )       4   0.040% 100.000% 

Write info: 
Count: 0  Average: 0.0000  StdDev: 0.00
Percentiles(us): P50: -nan P90: -nan P99: -nan P99.9: -nan P99.99: -nan
------------------------------------------------------


