
nofdb	workloads/workloadg_uniform.spec	32
# Load duration (sec): 30.8104
# Loading records:	3000000
# Load throughput (KOPS): 97.3697
Count: 3000000  Average: 326.8201  StdDev: 628.90
Percentiles(us): P50: 252.64 P90: 359.05 P99: 2435.09 P99.9: 8958.21 P99.99: 21073.06
------------------------------------------------------
[      35,      40 )      27   0.001%   0.001% 
[      40,      45 )     367   0.012%   0.013% 
[      45,      50 )    1232   0.041%   0.054% 
[      50,      60 )    4085   0.136%   0.190% 
[      60,      70 )    7239   0.241%   0.432% 
[      70,      80 )   12400   0.413%   0.845% 
[      80,      90 )   19637   0.655%   1.500% 
[      90,     100 )   28010   0.934%   2.433% 
[     100,     120 )   85318   2.844%   5.277% #
[     120,     140 )  125822   4.194%   9.471% #
[     140,     160 )  163734   5.458%  14.929% #
[     160,     180 )  200324   6.677%  21.607% #
[     180,     200 )  228128   7.604%  29.211% ##
[     200,     250 )  588549  19.618%  48.829% ####
[     250,     300 )  665298  22.177%  71.006% ####
[     300,     350 )  542312  18.077%  89.083% ####
[     350,     400 )  152091   5.070%  94.152% #
[     400,     450 )   31347   1.045%  95.197% 
[     450,     500 )   11527   0.384%  95.582% 
[     500,     600 )   11719   0.391%  95.972% 
[     600,     700 )    7953   0.265%  96.237% 
[     700,     800 )    6860   0.229%  96.466% 
[     800,     900 )    6441   0.215%  96.681% 
[     900,    1000 )    5873   0.196%  96.876% 
[    1000,    1200 )   10481   0.349%  97.226% 
[    1200,    1400 )    9464   0.315%  97.541% 
[    1400,    1600 )    9273   0.309%  97.850% 
[    1600,    1800 )    9341   0.311%  98.162% 
[    1800,    2000 )    9436   0.315%  98.476% 
[    2000,    2500 )   18056   0.602%  99.078% 
[    2500,    3000 )    8758   0.292%  99.370% 
[    3000,    3500 )    3551   0.118%  99.488% 
[    3500,    4000 )    1577   0.053%  99.541% 
[    4000,    4500 )    1552   0.052%  99.593% 
[    4500,    5000 )    1581   0.053%  99.645% 
[    5000,    6000 )    4953   0.165%  99.811% 
[    6000,    7000 )    1248   0.042%  99.852% 
[    7000,    8000 )     450   0.015%  99.867% 
[    8000,    9000 )    1029   0.034%  99.901% 
[    9000,   10000 )     689   0.023%  99.924% 
[   10000,   12000 )    1224   0.041%  99.965% 
[   12000,   14000 )     232   0.008%  99.973% 
[   14000,   16000 )     237   0.008%  99.981% 
[   16000,   18000 )     137   0.005%  99.985% 
[   18000,   20000 )      91   0.003%  99.988% 
[   20000,   25000 )     219   0.007%  99.996% 
[   25000,   30000 )      64   0.002%  99.998% 
[   30000,   35000 )      30   0.001%  99.999% 
[   35000,   40000 )      34   0.001% 100.000% 


# Run duration (sec): 33.4839
# Run operations:	3000000
# Run throughput (KOPS): 89.5954
Count: 3000000  Average: 355.0592  StdDev: 1503.03
Percentiles(us): P50: 249.11 P90: 349.35 P99: 2452.59 P99.9: 12970.78 P99.99: 66940.13
------------------------------------------------------
[      35,      40 )      17   0.001%   0.001% 
[      40,      45 )     409   0.014%   0.014% 
[      45,      50 )    1119   0.037%   0.052% 
[      50,      60 )    3127   0.104%   0.156% 
[      60,      70 )    5533   0.184%   0.340% 
[      70,      80 )    9648   0.322%   0.662% 
[      80,      90 )   15331   0.511%   1.173% 
[      90,     100 )   23154   0.772%   1.945% 
[     100,     120 )   76307   2.544%   4.488% #
[     120,     140 )  121290   4.043%   8.531% #
[     140,     160 )  167181   5.573%  14.104% #
[     160,     180 )  218588   7.286%  21.390% #
[     180,     200 )  256820   8.561%  29.951% ##
[     200,     250 )  612384  20.413%  50.364% ####
[     250,     300 )  648760  21.625%  71.989% ####
[     300,     350 )  547502  18.250%  90.239% ####
[     350,     400 )  137214   4.574%  94.813% #
[     400,     450 )   19955   0.665%  95.478% 
[     450,     500 )    8033   0.268%  95.746% 
[     500,     600 )   10755   0.359%  96.104% 
[     600,     700 )    6816   0.227%  96.331% 
[     700,     800 )    5663   0.189%  96.520% 
[     800,     900 )    5447   0.182%  96.702% 
[     900,    1000 )    5211   0.174%  96.875% 
[    1000,    1200 )   10191   0.340%  97.215% 
[    1200,    1400 )    9468   0.316%  97.531% 
[    1400,    1600 )    8930   0.298%  97.828% 
[    1600,    1800 )    9359   0.312%  98.140% 
[    1800,    2000 )    9291   0.310%  98.450% 
[    2000,    2500 )   18225   0.608%  99.058% 
[    2500,    3000 )    8420   0.281%  99.338% 
[    3000,    3500 )    3195   0.107%  99.445% 
[    3500,    4000 )    1647   0.055%  99.500% 
[    4000,    4500 )    1623   0.054%  99.554% 
[    4500,    5000 )    1322   0.044%  99.598% 
[    5000,    6000 )    4456   0.149%  99.746% 
[    6000,    7000 )    1072   0.036%  99.782% 
[    7000,    8000 )     894   0.030%  99.812% 
[    8000,    9000 )     885   0.030%  99.841% 
[    9000,   10000 )     566   0.019%  99.860% 
[   10000,   12000 )     893   0.030%  99.890% 
[   12000,   14000 )     616   0.021%  99.911% 
[   14000,   16000 )     356   0.012%  99.922% 
[   16000,   18000 )     136   0.005%  99.927% 
[   18000,   20000 )      89   0.003%  99.930% 
[   20000,   25000 )     362   0.012%  99.942% 
[   25000,   30000 )     140   0.005%  99.947% 
[   30000,   35000 )      39   0.001%  99.948% 
[   35000,   40000 )     159   0.005%  99.953% 
[   40000,   45000 )      46   0.002%  99.955% 
[   45000,   50000 )     149   0.005%  99.960% 
[   50000,   60000 )     594   0.020%  99.980% 
[   60000,   70000 )     451   0.015%  99.995% 
[   70000,   80000 )     130   0.004%  99.999% 
[   80000,   90000 )      14   0.000%  99.999% 
[  100000,  120000 )       1   0.000%  99.999% 
[  120000,  140000 )      17   0.001% 100.000% 

Read info: 
Count: 0  Average: 0.0000  StdDev: 0.00
Percentiles(us): P50: -nan P90: -nan P99: -nan P99.9: -nan P99.99: -nan
------------------------------------------------------

Write info: 
Count: 3000000  Average: 355.0592  StdDev: 1503.03
Percentiles(us): P50: 249.11 P90: 349.35 P99: 2452.59 P99.9: 12970.78 P99.99: 66940.13
------------------------------------------------------
[      35,      40 )      17   0.001%   0.001% 
[      40,      45 )     409   0.014%   0.014% 
[      45,      50 )    1119   0.037%   0.052% 
[      50,      60 )    3127   0.104%   0.156% 
[      60,      70 )    5533   0.184%   0.340% 
[      70,      80 )    9648   0.322%   0.662% 
[      80,      90 )   15331   0.511%   1.173% 
[      90,     100 )   23154   0.772%   1.945% 
[     100,     120 )   76307   2.544%   4.488% #
[     120,     140 )  121290   4.043%   8.531% #
[     140,     160 )  167181   5.573%  14.104% #
[     160,     180 )  218588   7.286%  21.390% #
[     180,     200 )  256820   8.561%  29.951% ##
[     200,     250 )  612384  20.413%  50.364% ####
[     250,     300 )  648760  21.625%  71.989% ####
[     300,     350 )  547502  18.250%  90.239% ####
[     350,     400 )  137214   4.574%  94.813% #
[     400,     450 )   19955   0.665%  95.478% 
[     450,     500 )    8033   0.268%  95.746% 
[     500,     600 )   10755   0.359%  96.104% 
[     600,     700 )    6816   0.227%  96.331% 
[     700,     800 )    5663   0.189%  96.520% 
[     800,     900 )    5447   0.182%  96.702% 
[     900,    1000 )    5211   0.174%  96.875% 
[    1000,    1200 )   10191   0.340%  97.215% 
[    1200,    1400 )    9468   0.316%  97.531% 
[    1400,    1600 )    8930   0.298%  97.828% 
[    1600,    1800 )    9359   0.312%  98.140% 
[    1800,    2000 )    9291   0.310%  98.450% 
[    2000,    2500 )   18225   0.608%  99.058% 
[    2500,    3000 )    8420   0.281%  99.338% 
[    3000,    3500 )    3195   0.107%  99.445% 
[    3500,    4000 )    1647   0.055%  99.500% 
[    4000,    4500 )    1623   0.054%  99.554% 
[    4500,    5000 )    1322   0.044%  99.598% 
[    5000,    6000 )    4456   0.149%  99.746% 
[    6000,    7000 )    1072   0.036%  99.782% 
[    7000,    8000 )     894   0.030%  99.812% 
[    8000,    9000 )     885   0.030%  99.841% 
[    9000,   10000 )     566   0.019%  99.860% 
[   10000,   12000 )     893   0.030%  99.890% 
[   12000,   14000 )     616   0.021%  99.911% 
[   14000,   16000 )     356   0.012%  99.922% 
[   16000,   18000 )     136   0.005%  99.927% 
[   18000,   20000 )      89   0.003%  99.930% 
[   20000,   25000 )     362   0.012%  99.942% 
[   25000,   30000 )     140   0.005%  99.947% 
[   30000,   35000 )      39   0.001%  99.948% 
[   35000,   40000 )     159   0.005%  99.953% 
[   40000,   45000 )      46   0.002%  99.955% 
[   45000,   50000 )     149   0.005%  99.960% 
[   50000,   60000 )     594   0.020%  99.980% 
[   60000,   70000 )     451   0.015%  99.995% 
[   70000,   80000 )     130   0.004%  99.999% 
[   80000,   90000 )      14   0.000%  99.999% 
[  100000,  120000 )       1   0.000%  99.999% 
[  120000,  140000 )      17   0.001% 100.000% 


