
nofdb	workloads/workloadg_zipfian.spec	32
# Load duration (sec): 30.6217
# Loading records:	3000000
# Load throughput (KOPS): 97.9699
Count: 3000000  Average: 324.7741  StdDev: 759.94
Percentiles(us): P50: 249.51 P90: 346.30 P99: 2470.48 P99.9: 9141.65 P99.99: 23515.62
------------------------------------------------------
[      35,      40 )      28   0.001%   0.001% 
[      40,      45 )     382   0.013%   0.014% 
[      45,      50 )    1214   0.040%   0.054% 
[      50,      60 )    4568   0.152%   0.206% 
[      60,      70 )    8350   0.278%   0.485% 
[      70,      80 )   13265   0.442%   0.927% 
[      80,      90 )   19845   0.661%   1.588% 
[      90,     100 )   27753   0.925%   2.514% 
[     100,     120 )   86828   2.894%   5.408% #
[     120,     140 )  137009   4.567%   9.975% #
[     140,     160 )  182437   6.081%  16.056% #
[     160,     180 )  209138   6.971%  23.027% #
[     180,     200 )  219478   7.316%  30.343% #
[     200,     250 )  595490  19.850%  50.193% ####
[     250,     300 )  757729  25.258%  75.450% #####
[     300,     350 )  471374  15.712%  91.163% ###
[     350,     400 )  106535   3.551%  94.714% #
[     400,     450 )   22143   0.738%  95.452% 
[     450,     500 )    8702   0.290%  95.742% 
[     500,     600 )   10100   0.337%  96.079% 
[     600,     700 )    7492   0.250%  96.329% 
[     700,     800 )    6645   0.222%  96.550% 
[     800,     900 )    6141   0.205%  96.755% 
[     900,    1000 )    5415   0.181%  96.935% 
[    1000,    1200 )    9621   0.321%  97.256% 
[    1200,    1400 )    8604   0.287%  97.543% 
[    1400,    1600 )    8861   0.295%  97.838% 
[    1600,    1800 )    9004   0.300%  98.138% 
[    1800,    2000 )    9000   0.300%  98.438% 
[    2000,    2500 )   17906   0.597%  99.035% 
[    2500,    3000 )    8864   0.295%  99.331% 
[    3000,    3500 )    3659   0.122%  99.453% 
[    3500,    4000 )    1959   0.065%  99.518% 
[    4000,    4500 )    1584   0.053%  99.571% 
[    4500,    5000 )    1367   0.046%  99.616% 
[    5000,    6000 )    4792   0.160%  99.776% 
[    6000,    7000 )    1637   0.055%  99.831% 
[    7000,    8000 )     771   0.026%  99.856% 
[    8000,    9000 )    1209   0.040%  99.897% 
[    9000,   10000 )     713   0.024%  99.920% 
[   10000,   12000 )    1070   0.036%  99.956% 
[   12000,   14000 )     352   0.012%  99.968% 
[   14000,   16000 )     218   0.007%  99.975% 
[   16000,   18000 )     239   0.008%  99.983% 
[   18000,   20000 )     119   0.004%  99.987% 
[   20000,   25000 )     128   0.004%  99.991% 
[   25000,   30000 )      98   0.003%  99.995% 
[   30000,   35000 )      61   0.002%  99.997% 
[   35000,   40000 )       7   0.000%  99.997% 
[   50000,   60000 )      32   0.001%  99.998% 
[   60000,   70000 )      32   0.001%  99.999% 
[   90000,  100000 )      32   0.001% 100.000% 


# Run duration (sec): 34.6119
# Run operations:	3000000
# Run throughput (KOPS): 86.6754
Count: 3000000  Average: 366.6268  StdDev: 1721.86
Percentiles(us): P50: 245.46 P90: 341.31 P99: 2753.31 P99.9: 16049.63 P99.99: 77438.02
------------------------------------------------------
[      35,      40 )       7   0.000%   0.000% 
[      40,      45 )     237   0.008%   0.008% 
[      45,      50 )    1093   0.036%   0.045% 
[      50,      60 )    4453   0.148%   0.193% 
[      60,      70 )    7989   0.266%   0.459% 
[      70,      80 )   13929   0.464%   0.924% 
[      80,      90 )   21170   0.706%   1.629% 
[      90,     100 )   29606   0.987%   2.616% 
[     100,     120 )   92999   3.100%   5.716% #
[     120,     140 )  145296   4.843%  10.559% #
[     140,     160 )  191907   6.397%  16.956% #
[     160,     180 )  215493   7.183%  24.139% #
[     180,     200 )  220235   7.341%  31.480% #
[     200,     250 )  611096  20.370%  51.850% ####
[     250,     300 )  791101  26.370%  78.220% #####
[     300,     350 )  427713  14.257%  92.477% ###
[     350,     400 )   79512   2.650%  95.128% #
[     400,     450 )   16066   0.536%  95.663% 
[     450,     500 )    5634   0.188%  95.851% 
[     500,     600 )    7633   0.254%  96.106% 
[     600,     700 )    5574   0.186%  96.291% 
[     700,     800 )    5012   0.167%  96.459% 
[     800,     900 )    4882   0.163%  96.621% 
[     900,    1000 )    4696   0.157%  96.778% 
[    1000,    1200 )    9109   0.304%  97.081% 
[    1200,    1400 )    8538   0.285%  97.366% 
[    1400,    1600 )    8618   0.287%  97.653% 
[    1600,    1800 )    8767   0.292%  97.946% 
[    1800,    2000 )    8724   0.291%  98.236% 
[    2000,    2500 )   18203   0.607%  98.843% 
[    2500,    3000 )    9293   0.310%  99.153% 
[    3000,    3500 )    4203   0.140%  99.293% 
[    3500,    4000 )    1986   0.066%  99.359% 
[    4000,    4500 )    1553   0.052%  99.411% 
[    4500,    5000 )    1666   0.056%  99.466% 
[    5000,    6000 )    4820   0.161%  99.627% 
[    6000,    7000 )    2790   0.093%  99.720% 
[    7000,    8000 )     561   0.019%  99.739% 
[    8000,    9000 )    1117   0.037%  99.776% 
[    9000,   10000 )    1020   0.034%  99.810% 
[   10000,   12000 )     853   0.028%  99.838% 
[   12000,   14000 )    1158   0.039%  99.877% 
[   14000,   16000 )     678   0.023%  99.900% 
[   16000,   18000 )     403   0.013%  99.913% 
[   18000,   20000 )     170   0.006%  99.919% 
[   20000,   25000 )     292   0.010%  99.928% 
[   25000,   30000 )     359   0.012%  99.940% 
[   30000,   35000 )     216   0.007%  99.948% 
[   35000,   40000 )      93   0.003%  99.951% 
[   40000,   45000 )      74   0.002%  99.953% 
[   45000,   50000 )      54   0.002%  99.955% 
[   50000,   60000 )     302   0.010%  99.965% 
[   60000,   70000 )     567   0.019%  99.984% 
[   70000,   80000 )     242   0.008%  99.992% 
[   80000,   90000 )     163   0.005%  99.998% 
[   90000,  100000 )      75   0.003% 100.000% 

Read info: 
Count: 0  Average: 0.0000  StdDev: 0.00
Percentiles(us): P50: -nan P90: -nan P99: -nan P99.9: -nan P99.99: -nan
------------------------------------------------------

Write info: 
Count: 3000000  Average: 366.6268  StdDev: 1721.86
Percentiles(us): P50: 245.46 P90: 341.31 P99: 2753.31 P99.9: 16049.63 P99.99: 77438.02
------------------------------------------------------
[      35,      40 )       7   0.000%   0.000% 
[      40,      45 )     237   0.008%   0.008% 
[      45,      50 )    1093   0.036%   0.045% 
[      50,      60 )    4453   0.148%   0.193% 
[      60,      70 )    7989   0.266%   0.459% 
[      70,      80 )   13929   0.464%   0.924% 
[      80,      90 )   21170   0.706%   1.629% 
[      90,     100 )   29606   0.987%   2.616% 
[     100,     120 )   92999   3.100%   5.716% #
[     120,     140 )  145296   4.843%  10.559% #
[     140,     160 )  191907   6.397%  16.956% #
[     160,     180 )  215493   7.183%  24.139% #
[     180,     200 )  220235   7.341%  31.480% #
[     200,     250 )  611096  20.370%  51.850% ####
[     250,     300 )  791101  26.370%  78.220% #####
[     300,     350 )  427713  14.257%  92.477% ###
[     350,     400 )   79512   2.650%  95.128% #
[     400,     450 )   16066   0.536%  95.663% 
[     450,     500 )    5634   0.188%  95.851% 
[     500,     600 )    7633   0.254%  96.106% 
[     600,     700 )    5574   0.186%  96.291% 
[     700,     800 )    5012   0.167%  96.459% 
[     800,     900 )    4882   0.163%  96.621% 
[     900,    1000 )    4696   0.157%  96.778% 
[    1000,    1200 )    9109   0.304%  97.081% 
[    1200,    1400 )    8538   0.285%  97.366% 
[    1400,    1600 )    8618   0.287%  97.653% 
[    1600,    1800 )    8767   0.292%  97.946% 
[    1800,    2000 )    8724   0.291%  98.236% 
[    2000,    2500 )   18203   0.607%  98.843% 
[    2500,    3000 )    9293   0.310%  99.153% 
[    3000,    3500 )    4203   0.140%  99.293% 
[    3500,    4000 )    1986   0.066%  99.359% 
[    4000,    4500 )    1553   0.052%  99.411% 
[    4500,    5000 )    1666   0.056%  99.466% 
[    5000,    6000 )    4820   0.161%  99.627% 
[    6000,    7000 )    2790   0.093%  99.720% 
[    7000,    8000 )     561   0.019%  99.739% 
[    8000,    9000 )    1117   0.037%  99.776% 
[    9000,   10000 )    1020   0.034%  99.810% 
[   10000,   12000 )     853   0.028%  99.838% 
[   12000,   14000 )    1158   0.039%  99.877% 
[   14000,   16000 )     678   0.023%  99.900% 
[   16000,   18000 )     403   0.013%  99.913% 
[   18000,   20000 )     170   0.006%  99.919% 
[   20000,   25000 )     292   0.010%  99.928% 
[   25000,   30000 )     359   0.012%  99.940% 
[   30000,   35000 )     216   0.007%  99.948% 
[   35000,   40000 )      93   0.003%  99.951% 
[   40000,   45000 )      74   0.002%  99.953% 
[   45000,   50000 )      54   0.002%  99.955% 
[   50000,   60000 )     302   0.010%  99.965% 
[   60000,   70000 )     567   0.019%  99.984% 
[   70000,   80000 )     242   0.008%  99.992% 
[   80000,   90000 )     163   0.005%  99.998% 
[   90000,  100000 )      75   0.003% 100.000% 


