
nofdb	workloads/workloadc_uniform.spec	32
# Load duration (sec): 30.8644
# Loading records:	3000000
# Load throughput (KOPS): 97.1993
Count: 3000000  Average: 327.5611  StdDev: 646.06
Percentiles(us): P50: 250.15 P90: 360.28 P99: 2494.59 P99.9: 8940.37 P99.99: 20922.33
------------------------------------------------------
[      35,      40 )      30   0.001%   0.001% 
[      40,      45 )     292   0.010%   0.011% 
[      45,      50 )     991   0.033%   0.044% 
[      50,      60 )    4211   0.140%   0.184% 
[      60,      70 )    7903   0.263%   0.448% 
[      70,      80 )   12499   0.417%   0.864% 
[      80,      90 )   18134   0.604%   1.469% 
[      90,     100 )   24947   0.832%   2.300% 
[     100,     120 )   77226   2.574%   4.874% #
[     120,     140 )  122735   4.091%   8.966% #
[     140,     160 )  171300   5.710%  14.676% #
[     160,     180 )  209734   6.991%  21.667% #
[     180,     200 )  234995   7.833%  29.500% ##
[     200,     250 )  612976  20.433%  49.932% ####
[     250,     300 )  684741  22.825%  72.757% #####
[     300,     350 )  488245  16.275%  89.032% ###
[     350,     400 )  141265   4.709%  93.741% #
[     400,     450 )   41780   1.393%  95.133% 
[     450,     500 )   16999   0.567%  95.700% 
[     500,     600 )   13811   0.460%  96.160% 
[     600,     700 )    6856   0.229%  96.389% 
[     700,     800 )    5838   0.195%  96.584% 
[     800,     900 )    5378   0.179%  96.763% 
[     900,    1000 )    5044   0.168%  96.931% 
[    1000,    1200 )    9551   0.318%  97.249% 
[    1200,    1400 )    8832   0.294%  97.544% 
[    1400,    1600 )    8762   0.292%  97.836% 
[    1600,    1800 )    8739   0.291%  98.127% 
[    1800,    2000 )    8631   0.288%  98.415% 
[    2000,    2500 )   17747   0.592%  99.006% 
[    2500,    3000 )    8779   0.293%  99.299% 
[    3000,    3500 )    3996   0.133%  99.432% 
[    3500,    4000 )    2316   0.077%  99.509% 
[    4000,    4500 )    1865   0.062%  99.572% 
[    4500,    5000 )    1512   0.050%  99.622% 
[    5000,    6000 )    4936   0.165%  99.787% 
[    6000,    7000 )    1657   0.055%  99.842% 
[    7000,    8000 )     375   0.013%  99.854% 
[    8000,    9000 )    1459   0.049%  99.903% 
[    9000,   10000 )     715   0.024%  99.927% 
[   10000,   12000 )     913   0.030%  99.957% 
[   12000,   14000 )     236   0.008%  99.965% 
[   14000,   16000 )     384   0.013%  99.978% 
[   16000,   18000 )     198   0.007%  99.984% 
[   18000,   20000 )     129   0.004%  99.989% 
[   20000,   25000 )     206   0.007%  99.996% 
[   25000,   30000 )      58   0.002%  99.998% 
[   30000,   35000 )      74   0.002% 100.000% 


# Run duration (sec): 93.263
# Run operations:	3000000
# Run throughput (KOPS): 32.1671
Count: 3000000  Average: 992.9067  StdDev: 1241.47
Percentiles(us): P50: 731.54 P90: 2233.07 P99: 3632.25 P99.9: 4458.92 P99.99: 6040.65
------------------------------------------------------
[      25,      30 )       3   0.000%   0.000% 
[      30,      35 )     659   0.022%   0.022% 
[      35,      40 )    1054   0.035%   0.057% 
[      40,      45 )     565   0.019%   0.076% 
[      45,      50 )     210   0.007%   0.083% 
[      50,      60 )     380   0.013%   0.096% 
[      60,      70 )     323   0.011%   0.106% 
[      70,      80 )     416   0.014%   0.120% 
[      80,      90 )     584   0.019%   0.140% 
[      90,     100 )    3162   0.105%   0.245% 
[     100,     120 )   62533   2.084%   2.330% 
[     120,     140 )   85509   2.850%   5.180% #
[     140,     160 )   46902   1.563%   6.743% 
[     160,     180 )   69968   2.332%   9.076% 
[     180,     200 )   82045   2.735%  11.810% #
[     200,     250 )  126405   4.213%  16.024% #
[     250,     300 )  156771   5.226%  21.250% #
[     300,     350 )  111686   3.723%  24.973% #
[     350,     400 )  129364   4.312%  29.285% #
[     400,     450 )  106353   3.545%  32.830% #
[     450,     500 )  106394   3.546%  36.376% #
[     500,     600 )  189966   6.332%  42.708% #
[     600,     700 )  170316   5.677%  48.386% #
[     700,     800 )  153553   5.118%  53.504% #
[     800,     900 )  137623   4.587%  58.091% #
[     900,    1000 )  123161   4.105%  62.197% #
[    1000,    1200 )  212418   7.081%  69.277% #
[    1200,    1400 )  174051   5.802%  75.079% #
[    1400,    1600 )  144163   4.805%  79.885% #
[    1600,    1800 )  119945   3.998%  83.883% #
[    1800,    2000 )   99515   3.317%  87.200% #
[    2000,    2500 )  180207   6.007%  93.207% #
[    2500,    3000 )  107511   3.584%  96.791% #
[    3000,    3500 )   59207   1.974%  98.764% 
[    3500,    4000 )   26760   0.892%  99.656% 
[    4000,    4500 )    7973   0.266%  99.922% 
[    4500,    5000 )    1638   0.055%  99.976% 
[    5000,    6000 )     402   0.013%  99.990% 
[    6000,    7000 )     123   0.004%  99.994% 
[    7000,    8000 )      22   0.001%  99.995% 
[    8000,    9000 )      26   0.001%  99.996% 
[    9000,   10000 )       6   0.000%  99.996% 
[   10000,   12000 )       8   0.000%  99.996% 
[   12000,   14000 )       9   0.000%  99.996% 
[   14000,   16000 )       8   0.000%  99.997% 
[   16000,   18000 )       9   0.000%  99.997% 
[   18000,   20000 )       5   0.000%  99.997% 
[   20000,   25000 )      10   0.000%  99.997% 
[   25000,   30000 )       3   0.000%  99.997% 
[   30000,   35000 )       1   0.000%  99.998% 
[   45000,   50000 )       2   0.000%  99.998% 
[   50000,   60000 )       1   0.000%  99.998% 
[   60000,   70000 )       1   0.000%  99.998% 
[   70000,   80000 )       2   0.000%  99.998% 
[   80000,   90000 )       3   0.000%  99.998% 
[   90000,  100000 )       1   0.000%  99.998% 
[  100000,  120000 )       3   0.000%  99.998% 
[  120000,  140000 )       2   0.000%  99.998% 
[  140000,  160000 )       5   0.000%  99.998% 
[  160000,  180000 )      29   0.001%  99.999% 
[  180000,  200000 )       2   0.000%  99.999% 
[  200000,  250000 )      13   0.000% 100.000% 
[  250000,  300000 )      11   0.000% 100.000% 

Read info: 
Count: 3000000  Average: 992.9067  StdDev: 1241.47
Percentiles(us): P50: 731.54 P90: 2233.07 P99: 3632.25 P99.9: 4458.92 P99.99: 6040.65
------------------------------------------------------
[      25,      30 )       3   0.000%   0.000% 
[      30,      35 )     659   0.022%   0.022% 
[      35,      40 )    1054   0.035%   0.057% 
[      40,      45 )     565   0.019%   0.076% 
[      45,      50 )     210   0.007%   0.083% 
[      50,      60 )     380   0.013%   0.096% 
[      60,      70 )     323   0.011%   0.106% 
[      70,      80 )     416   0.014%   0.120% 
[      80,      90 )     584   0.019%   0.140% 
[      90,     100 )    3162   0.105%   0.245% 
[     100,     120 )   62533   2.084%   2.330% 
[     120,     140 )   85509   2.850%   5.180% #
[     140,     160 )   46902   1.563%   6.743% 
[     160,     180 )   69968   2.332%   9.076% 
[     180,     200 )   82045   2.735%  11.810% #
[     200,     250 )  126405   4.213%  16.024% #
[     250,     300 )  156771   5.226%  21.250% #
[     300,     350 )  111686   3.723%  24.973% #
[     350,     400 )  129364   4.312%  29.285% #
[     400,     450 )  106353   3.545%  32.830% #
[     450,     500 )  106394   3.546%  36.376% #
[     500,     600 )  189966   6.332%  42.708% #
[     600,     700 )  170316   5.677%  48.386% #
[     700,     800 )  153553   5.118%  53.504% #
[     800,     900 )  137623   4.587%  58.091% #
[     900,    1000 )  123161   4.105%  62.197% #
[    1000,    1200 )  212418   7.081%  69.277% #
[    1200,    1400 )  174051   5.802%  75.079% #
[    1400,    1600 )  144163   4.805%  79.885% #
[    1600,    1800 )  119945   3.998%  83.883% #
[    1800,    2000 )   99515   3.317%  87.200% #
[    2000,    2500 )  180207   6.007%  93.207% #
[    2500,    3000 )  107511   3.584%  96.791% #
[    3000,    3500 )   59207   1.974%  98.764% 
[    3500,    4000 )   26760   0.892%  99.656% 
[    4000,    4500 )    7973   0.266%  99.922% 
[    4500,    5000 )    1638   0.055%  99.976% 
[    5000,    6000 )     402   0.013%  99.990% 
[    6000,    7000 )     123   0.004%  99.994% 
[    7000,    8000 )      22   0.001%  99.995% 
[    8000,    9000 )      26   0.001%  99.996% 
[    9000,   10000 )       6   0.000%  99.996% 
[   10000,   12000 )       8   0.000%  99.996% 
[   12000,   14000 )       9   0.000%  99.996% 
[   14000,   16000 )       8   0.000%  99.997% 
[   16000,   18000 )       9   0.000%  99.997% 
[   18000,   20000 )       5   0.000%  99.997% 
[   20000,   25000 )      10   0.000%  99.997% 
[   25000,   30000 )       3   0.000%  99.997% 
[   30000,   35000 )       1   0.000%  99.998% 
[   45000,   50000 )       2   0.000%  99.998% 
[   50000,   60000 )       1   0.000%  99.998% 
[   60000,   70000 )       1   0.000%  99.998% 
[   70000,   80000 )       2   0.000%  99.998% 
[   80000,   90000 )       3   0.000%  99.998% 
[   90000,  100000 )       1   0.000%  99.998% 
[  100000,  120000 )       3   0.000%  99.998% 
[  120000,  140000 )       2   0.000%  99.998% 
[  140000,  160000 )       5   0.000%  99.998% 
[  160000,  180000 )      29   0.001%  99.999% 
[  180000,  200000 )       2   0.000%  99.999% 
[  200000,  250000 )      13   0.000% 100.000% 
[  250000,  300000 )      11   0.000% 100.000% 

Write info: 
Count: 0  Average: 0.0000  StdDev: 0.00
Percentiles(us): P50: -nan P90: -nan P99: -nan P99.9: -nan P99.99: -nan
------------------------------------------------------


