
nofdb	workloads/workloadc_zipfian.spec	32
# Load duration (sec): 54.8465
# Loading records:	3000000
# Load throughput (KOPS): 54.6982
Count: 3000000  Average: 582.2565  StdDev: 2224.61
Percentiles(us): P50: 249.21 P90: 346.62 P99: 16858.20 P99.9: 19569.33 P99.99: 26943.01
------------------------------------------------------
[      35,      40 )      26   0.001%   0.001% 
[      40,      45 )     314   0.010%   0.011% 
[      45,      50 )     858   0.029%   0.040% 
[      50,      60 )    4211   0.140%   0.180% 
[      60,      70 )    7807   0.260%   0.441% 
[      70,      80 )   13170   0.439%   0.880% 
[      80,      90 )   19715   0.657%   1.537% 
[      90,     100 )   28150   0.938%   2.475% 
[     100,     120 )   89818   2.994%   5.469% #
[     120,     140 )  142125   4.737%  10.206% #
[     140,     160 )  186569   6.219%  16.425% #
[     160,     180 )  207882   6.929%  23.355% #
[     180,     200 )  214374   7.146%  30.501% #
[     200,     250 )  594344  19.811%  50.312% ####
[     250,     300 )  763685  25.456%  75.768% #####
[     300,     350 )  457915  15.264%  91.032% ###
[     350,     400 )   96777   3.226%  94.258% #
[     400,     450 )   20134   0.671%  94.929% 
[     450,     500 )    7527   0.251%  95.180% 
[     500,     600 )    8163   0.272%  95.452% 
[     600,     700 )    6164   0.205%  95.658% 
[     700,     800 )    5241   0.175%  95.832% 
[     800,     900 )    4309   0.144%  95.976% 
[     900,    1000 )    3640   0.121%  96.097% 
[    1000,    1200 )    5700   0.190%  96.287% 
[    1200,    1400 )    5098   0.170%  96.457% 
[    1400,    1600 )    5049   0.168%  96.626% 
[    1600,    1800 )    4915   0.164%  96.789% 
[    1800,    2000 )    4962   0.165%  96.955% 
[    2000,    2500 )   14564   0.485%  97.440% 
[    2500,    3000 )   11394   0.380%  97.820% 
[    3000,    3500 )    6769   0.226%  98.046% 
[    3500,    4000 )    1628   0.054%  98.100% 
[    4000,    4500 )     233   0.008%  98.108% 
[    4500,    5000 )     202   0.007%  98.114% 
[    5000,    6000 )     322   0.011%  98.125% 
[    6000,    7000 )     226   0.008%  98.133% 
[    7000,    8000 )    1047   0.035%  98.168% 
[    8000,    9000 )     844   0.028%  98.196% 
[    9000,   10000 )      55   0.002%  98.198% 
[   10000,   12000 )     672   0.022%  98.220% 
[   12000,   14000 )    1371   0.046%  98.266% 
[   14000,   16000 )    6837   0.228%  98.494% 
[   16000,   18000 )   35409   1.180%  99.674% 
[   18000,   20000 )    8647   0.288%  99.962% 
[   20000,   25000 )     763   0.025%  99.988% 
[   25000,   30000 )     193   0.006%  99.994% 
[   30000,   35000 )      54   0.002%  99.996% 
[   35000,   40000 )      33   0.001%  99.997% 
[   40000,   45000 )      32   0.001%  99.998% 
[   45000,   50000 )      34   0.001%  99.999% 
[   50000,   60000 )      29   0.001% 100.000% 


# Run duration (sec): 145.743
# Run operations:	3000000
# Run throughput (KOPS): 20.5842
Count: 3000000  Average: 1551.1225  StdDev: 3344.01
Percentiles(us): P50: 613.58 P90: 2406.46 P99: 17341.92 P99.9: 19303.84 P99.99: 27449.44
------------------------------------------------------
[      25,      30 )       8   0.000%   0.000% 
[      30,      35 )     921   0.031%   0.031% 
[      35,      40 )    1365   0.045%   0.076% 
[      40,      45 )     618   0.021%   0.097% 
[      45,      50 )     236   0.008%   0.105% 
[      50,      60 )     608   0.020%   0.125% 
[      60,      70 )   19091   0.636%   0.762% 
[      70,      80 )   13659   0.455%   1.217% 
[      80,      90 )    5458   0.182%   1.399% 
[      90,     100 )   12049   0.402%   1.800% 
[     100,     120 )  112971   3.766%   5.566% #
[     120,     140 )  128184   4.273%   9.839% #
[     140,     160 )   64754   2.158%  11.997% 
[     160,     180 )   85249   2.842%  14.839% #
[     180,     200 )   84617   2.821%  17.660% #
[     200,     250 )  156635   5.221%  22.881% #
[     250,     300 )  157146   5.238%  28.119% #
[     300,     350 )  126807   4.227%  32.346% #
[     350,     400 )  122693   4.090%  36.436% #
[     400,     450 )  109321   3.644%  40.080% #
[     450,     500 )   99224   3.307%  43.387% #
[     500,     600 )  177632   5.921%  49.308% #
[     600,     700 )  152802   5.093%  54.402% #
[     700,     800 )  133444   4.448%  58.850% #
[     800,     900 )  116950   3.898%  62.748% #
[     900,    1000 )  103540   3.451%  66.199% #
[    1000,    1200 )  174342   5.811%  72.011% #
[    1200,    1400 )  140915   4.697%  76.708% #
[    1400,    1600 )  114725   3.824%  80.532% #
[    1600,    1800 )   94405   3.147%  83.679% #
[    1800,    2000 )   77446   2.582%  86.261% #
[    2000,    2500 )  138002   4.600%  90.861% #
[    2500,    3000 )   80641   2.688%  93.549% #
[    3000,    3500 )   37156   1.239%  94.787% 
[    3500,    4000 )    9699   0.323%  95.110% 
[    4000,    4500 )    1352   0.045%  95.156% 
[    4500,    5000 )     148   0.005%  95.160% 
[    5000,    6000 )     127   0.004%  95.165% 
[    6000,    7000 )      76   0.003%  95.167% 
[    7000,    8000 )      78   0.003%  95.170% 
[    8000,    9000 )     150   0.005%  95.175% 
[    9000,   10000 )     280   0.009%  95.184% 
[   10000,   12000 )    4041   0.135%  95.319% 
[   12000,   14000 )   19765   0.659%  95.978% 
[   14000,   16000 )   44328   1.478%  97.455% 
[   16000,   18000 )   69068   2.302%  99.758% 
[   18000,   20000 )    6556   0.219%  99.976% 
[   20000,   25000 )     200   0.007%  99.983% 
[   25000,   30000 )     445   0.015%  99.998% 
[   30000,   35000 )      41   0.001%  99.999% 
[  140000,  160000 )      12   0.000%  99.999% 
[  160000,  180000 )      20   0.001% 100.000% 

Read info: 
Count: 3000000  Average: 1551.1225  StdDev: 3344.01
Percentiles(us): P50: 613.58 P90: 2406.46 P99: 17341.92 P99.9: 19303.84 P99.99: 27449.44
------------------------------------------------------
[      25,      30 )       8   0.000%   0.000% 
[      30,      35 )     921   0.031%   0.031% 
[      35,      40 )    1365   0.045%   0.076% 
[      40,      45 )     618   0.021%   0.097% 
[      45,      50 )     236   0.008%   0.105% 
[      50,      60 )     608   0.020%   0.125% 
[      60,      70 )   19091   0.636%   0.762% 
[      70,      80 )   13659   0.455%   1.217% 
[      80,      90 )    5458   0.182%   1.399% 
[      90,     100 )   12049   0.402%   1.800% 
[     100,     120 )  112971   3.766%   5.566% #
[     120,     140 )  128184   4.273%   9.839% #
[     140,     160 )   64754   2.158%  11.997% 
[     160,     180 )   85249   2.842%  14.839% #
[     180,     200 )   84617   2.821%  17.660% #
[     200,     250 )  156635   5.221%  22.881% #
[     250,     300 )  157146   5.238%  28.119% #
[     300,     350 )  126807   4.227%  32.346% #
[     350,     400 )  122693   4.090%  36.436% #
[     400,     450 )  109321   3.644%  40.080% #
[     450,     500 )   99224   3.307%  43.387% #
[     500,     600 )  177632   5.921%  49.308% #
[     600,     700 )  152802   5.093%  54.402% #
[     700,     800 )  133444   4.448%  58.850% #
[     800,     900 )  116950   3.898%  62.748% #
[     900,    1000 )  103540   3.451%  66.199% #
[    1000,    1200 )  174342   5.811%  72.011% #
[    1200,    1400 )  140915   4.697%  76.708% #
[    1400,    1600 )  114725   3.824%  80.532% #
[    1600,    1800 )   94405   3.147%  83.679% #
[    1800,    2000 )   77446   2.582%  86.261% #
[    2000,    2500 )  138002   4.600%  90.861% #
[    2500,    3000 )   80641   2.688%  93.549% #
[    3000,    3500 )   37156   1.239%  94.787% 
[    3500,    4000 )    9699   0.323%  95.110% 
[    4000,    4500 )    1352   0.045%  95.156% 
[    4500,    5000 )     148   0.005%  95.160% 
[    5000,    6000 )     127   0.004%  95.165% 
[    6000,    7000 )      76   0.003%  95.167% 
[    7000,    8000 )      78   0.003%  95.170% 
[    8000,    9000 )     150   0.005%  95.175% 
[    9000,   10000 )     280   0.009%  95.184% 
[   10000,   12000 )    4041   0.135%  95.319% 
[   12000,   14000 )   19765   0.659%  95.978% 
[   14000,   16000 )   44328   1.478%  97.455% 
[   16000,   18000 )   69068   2.302%  99.758% 
[   18000,   20000 )    6556   0.219%  99.976% 
[   20000,   25000 )     200   0.007%  99.983% 
[   25000,   30000 )     445   0.015%  99.998% 
[   30000,   35000 )      41   0.001%  99.999% 
[  140000,  160000 )      12   0.000%  99.999% 
[  160000,  180000 )      20   0.001% 100.000% 

Write info: 
Count: 0  Average: 0.0000  StdDev: 0.00
Percentiles(us): P50: -nan P90: -nan P99: -nan P99.9: -nan P99.99: -nan
------------------------------------------------------


